nohup: ignoring input
myrank: 0 local_rank: 0 device_count: 1 world_size: 1
====================================================================================================
        - platform : local
        - local_rank : 0
        - rank : 0
        - device : cuda:0
        - world_size : 1
        - random_seed : 110
        - lr : 0.0001
        - weight_decay : 0.01
        - correct_bias : True
        - adam_epislon : 1e-06
        - no_decay_bias : False
        - adam_beta1 : 0.9
        - adam_beta2 : 0.999
        - scheduler : None
        - max_step : None
        - max_epoch : 5
        - warmup_step : 500
        - i_steps : 0
        - i_lrs : 0.00025
        - train_data : ./data/e2e/train.jsonl
        - valid_data : ./data/e2e/valid.jsonl
        - train_batch_size : 8
        - valid_batch_size : 4
        - grad_acc : 1
        - clip : 0.0
        - seq_len : 512
        - model_card : gpt2.md
        - init_checkpoint : ./pretrained_checkpoints/gpt2-medium-pytorch_model.bin
        - fp16 : False
        - log_interval : 100
        - eval_interval : 2000
        - save_interval : 1000
        - work_dir : ./trained_models/GPT2_M/e2e
        - lora_dim : 4
        - lora_alpha : 32
        - obj : clm
        - lora_dropout : 0.1
        - label_smooth : 0.1
        - roll_interval : -1
        - roll_lr : 1e-05
        - roll_step : 100
        - eval_epoch : 1
        - dist : <module 'torch.distributed' from '/home/ycyh/miniconda3/envs/LoRA/lib/python3.11/site-packages/torch/distributed/__init__.py'>
====================================================================================================
Experiment dir : ./trained_models/GPT2_M/e2e
loading model pretrained weight.
set max_step: 26290
start to train the model................ 1
| epoch   1 step      100 |    100 batches | lr 0.0001 | ms/batch 1572.92 | loss  3.48 | avg loss  3.45 | ppl 31.37
| epoch   1 step      200 |    200 batches | lr 0.0001 | ms/batch 1581.59 | loss  2.81 | avg loss  2.87 | ppl 17.71
| epoch   1 step      300 |    300 batches | lr 0.0001 | ms/batch 1581.16 | loss  2.80 | avg loss  2.81 | ppl 16.53
| epoch   1 step      400 |    400 batches | lr 0.0001 | ms/batch 1578.50 | loss  2.90 | avg loss  2.79 | ppl 16.24
| epoch   1 step      500 |    500 batches | lr 0.0001 | ms/batch 1558.14 | loss  2.63 | avg loss  2.74 | ppl 15.42
| epoch   1 step      600 |    600 batches | lr 0.0001 | ms/batch 1557.08 | loss  2.63 | avg loss  2.70 | ppl 14.85
| epoch   1 step      700 |    700 batches | lr 0.0001 | ms/batch 1549.57 | loss  2.77 | avg loss  2.68 | ppl 14.54
| epoch   1 step      800 |    800 batches | lr 0.0001 | ms/batch 1553.40 | loss  2.40 | avg loss  2.66 | ppl 14.24
| epoch   1 step      900 |    900 batches | lr 0.0001 | ms/batch 1556.13 | loss  2.41 | avg loss  2.65 | ppl 14.18
| epoch   1 step     1000 |   1000 batches | lr 0.0001 | ms/batch 1546.02 | loss  3.18 | avg loss  2.68 | ppl 14.52
saving checkpoint ./trained_models/GPT2_M/e2e/model.1000.pt
/home/ycyh/miniconda3/envs/LoRA/lib/python3.11/site-packages/torch/distributed/distributed_c10d.py:4631: UserWarning: No device id is provided via `init_process_group` or `barrier `. Using the current device set by the user. 
  warnings.warn(  # warn only once
| epoch   1 step     1100 |   1100 batches | lr 0.0001 | ms/batch 1550.26 | loss  2.72 | avg loss  2.68 | ppl 14.61
| epoch   1 step     1200 |   1200 batches | lr 0.0001 | ms/batch 1557.34 | loss  2.51 | avg loss  2.68 | ppl 14.53
| epoch   1 step     1300 |   1300 batches | lr 0.0001 | ms/batch 1546.51 | loss  2.56 | avg loss  2.65 | ppl 14.14
| epoch   1 step     1400 |   1400 batches | lr 0.0001 | ms/batch 1538.38 | loss  2.63 | avg loss  2.64 | ppl 14.07
| epoch   1 step     1500 |   1500 batches | lr 0.0001 | ms/batch 1554.49 | loss  2.57 | avg loss  2.66 | ppl 14.33
| epoch   1 step     1600 |   1600 batches | lr 0.0001 | ms/batch 1554.97 | loss  2.66 | avg loss  2.62 | ppl 13.71
| epoch   1 step     1700 |   1700 batches | lr 0.0001 | ms/batch 1559.17 | loss  2.51 | avg loss  2.63 | ppl 13.90
| epoch   1 step     1800 |   1800 batches | lr 0.0001 | ms/batch 1557.44 | loss  2.56 | avg loss  2.63 | ppl 13.83
| epoch   1 step     1900 |   1900 batches | lr 0.0001 | ms/batch 1559.32 | loss  2.71 | avg loss  2.63 | ppl 13.83
| epoch   1 step     2000 |   2000 batches | lr 0.0001 | ms/batch 1558.48 | loss  2.52 | avg loss  2.62 | ppl 13.68
saving checkpoint ./trained_models/GPT2_M/e2e/model.2000.pt
/home/ycyh/miniconda3/envs/LoRA/lib/python3.11/site-packages/torch/nn/_reduction.py:51: UserWarning: size_average and reduce args will be deprecated, please use reduction='none' instead.
  warnings.warn(warning.format(ret))
eval samples: 0 loss: tensor(1.2866, device='cuda:0')
eval samples: 100 loss: tensor(0.8972, device='cuda:0')
eval samples: 200 loss: tensor(1.3339, device='cuda:0')
eval samples: 300 loss: tensor(1.1640, device='cuda:0')
eval samples: 400 loss: tensor(0.9223, device='cuda:0')
eval samples: 500 loss: tensor(0.5944, device='cuda:0')
eval samples: 600 loss: tensor(1.2949, device='cuda:0')
eval samples: 700 loss: tensor(0.7273, device='cuda:0')
eval samples: 800 loss: tensor(1.1873, device='cuda:0')
eval samples: 900 loss: tensor(1.7648, device='cuda:0')
eval samples: 1000 loss: tensor(1.0289, device='cuda:0')
eval samples: 1100 loss: tensor(1.5154, device='cuda:0')
average loss 1.251441249343222
----------------------------------------------------------------------------------------------------
| Eval   1 at step     2000 | time: 419.39s | valid loss  1.25 | valid ppl  3.50 | best ppl  3.50 
----------------------------------------------------------------------------------------------------
| epoch   1 step     2100 |   2100 batches | lr 0.0001 | ms/batch 5797.49 | loss  2.65 | avg loss  2.61 | ppl 13.64
| epoch   1 step     2200 |   2200 batches | lr 0.0001 | ms/batch 1600.98 | loss  2.90 | avg loss  2.61 | ppl 13.65
| epoch   1 step     2300 |   2300 batches | lr 0.0001 | ms/batch 1604.28 | loss  2.61 | avg loss  2.60 | ppl 13.52
| epoch   1 step     2400 |   2400 batches | lr 0.0001 | ms/batch 1602.17 | loss  2.39 | avg loss  2.61 | ppl 13.60
| epoch   1 step     2500 |   2500 batches | lr 0.0001 | ms/batch 1601.52 | loss  2.84 | avg loss  2.62 | ppl 13.80
| epoch   1 step     2600 |   2600 batches | lr 0.0001 | ms/batch 1603.32 | loss  2.74 | avg loss  2.61 | ppl 13.66
| epoch   1 step     2700 |   2700 batches | lr 0.0001 | ms/batch 1601.43 | loss  2.69 | avg loss  2.60 | ppl 13.45
| epoch   1 step     2800 |   2800 batches | lr 0.0001 | ms/batch 1568.76 | loss  2.29 | avg loss  2.64 | ppl 13.96
| epoch   1 step     2900 |   2900 batches | lr 0.0001 | ms/batch 1609.21 | loss  2.77 | avg loss  2.62 | ppl 13.79
| epoch   1 step     3000 |   3000 batches | lr 0.0001 | ms/batch 1627.26 | loss  2.62 | avg loss  2.59 | ppl 13.29
saving checkpoint ./trained_models/GPT2_M/e2e/model.3000.pt
| epoch   1 step     3100 |   3100 batches | lr 0.0001 | ms/batch 2125.20 | loss  2.83 | avg loss  2.59 | ppl 13.33
| epoch   1 step     3200 |   3200 batches | lr 0.0001 | ms/batch 2156.27 | loss  2.67 | avg loss  2.63 | ppl 13.83
| epoch   1 step     3300 |   3300 batches | lr 0.0001 | ms/batch 2094.89 | loss  2.97 | avg loss  2.58 | ppl 13.19
| epoch   1 step     3400 |   3400 batches | lr 0.0001 | ms/batch 1942.47 | loss  2.59 | avg loss  2.58 | ppl 13.24
| epoch   1 step     3500 |   3500 batches | lr 0.0001 | ms/batch 1578.93 | loss  2.32 | avg loss  2.62 | ppl 13.68
| epoch   1 step     3600 |   3600 batches | lr 0.0001 | ms/batch 1585.31 | loss  2.52 | avg loss  2.62 | ppl 13.71
| epoch   1 step     3700 |   3700 batches | lr 0.0001 | ms/batch 1800.07 | loss  2.56 | avg loss  2.59 | ppl 13.32
| epoch   1 step     3800 |   3800 batches | lr 0.0001 | ms/batch 2038.58 | loss  2.55 | avg loss  2.55 | ppl 12.75
| epoch   1 step     3900 |   3900 batches | lr 0.0001 | ms/batch 2028.98 | loss  2.27 | avg loss  2.62 | ppl 13.78
| epoch   1 step     4000 |   4000 batches | lr 0.0001 | ms/batch 1702.24 | loss  2.64 | avg loss  2.62 | ppl 13.80
saving checkpoint ./trained_models/GPT2_M/e2e/model.4000.pt
eval samples: 0 loss: tensor(1.2319, device='cuda:0')
eval samples: 100 loss: tensor(0.8933, device='cuda:0')
eval samples: 200 loss: tensor(1.3409, device='cuda:0')
eval samples: 300 loss: tensor(1.1480, device='cuda:0')
eval samples: 400 loss: tensor(0.9233, device='cuda:0')
eval samples: 500 loss: tensor(0.5633, device='cuda:0')
eval samples: 600 loss: tensor(1.2506, device='cuda:0')
eval samples: 700 loss: tensor(0.7058, device='cuda:0')
eval samples: 800 loss: tensor(1.1407, device='cuda:0')
eval samples: 900 loss: tensor(1.8302, device='cuda:0')
eval samples: 1000 loss: tensor(0.8988, device='cuda:0')
eval samples: 1100 loss: tensor(1.4572, device='cuda:0')
average loss 1.2324291405663506
----------------------------------------------------------------------------------------------------
| Eval   2 at step     4000 | time: 419.58s | valid loss  1.23 | valid ppl  3.43 | best ppl  3.43 
----------------------------------------------------------------------------------------------------
| epoch   1 step     4100 |   4100 batches | lr 0.0001 | ms/batch 5790.36 | loss  2.75 | avg loss  2.57 | ppl 13.10
| epoch   1 step     4200 |   4200 batches | lr 0.0001 | ms/batch 1604.89 | loss  2.67 | avg loss  2.58 | ppl 13.26
| epoch   1 step     4300 |   4300 batches | lr 0.0001 | ms/batch 1597.69 | loss  2.39 | avg loss  2.54 | ppl 12.70
| epoch   1 step     4400 |   4400 batches | lr 0.0001 | ms/batch 1593.85 | loss  2.60 | avg loss  2.57 | ppl 13.11
| epoch   1 step     4500 |   4500 batches | lr 0.0001 | ms/batch 1598.82 | loss  2.71 | avg loss  2.60 | ppl 13.43
| epoch   1 step     4600 |   4600 batches | lr 0.0001 | ms/batch 1582.21 | loss  2.56 | avg loss  2.60 | ppl 13.47
| epoch   1 step     4700 |   4700 batches | lr 0.0001 | ms/batch 1591.19 | loss  2.38 | avg loss  2.60 | ppl 13.43
| epoch   1 step     4800 |   4800 batches | lr 0.0001 | ms/batch 1597.89 | loss  2.74 | avg loss  2.56 | ppl 12.99
| epoch   1 step     4900 |   4900 batches | lr 0.0001 | ms/batch 1595.41 | loss  2.62 | avg loss  2.58 | ppl 13.22
| epoch   1 step     5000 |   5000 batches | lr 0.0001 | ms/batch 1579.03 | loss  2.34 | avg loss  2.56 | ppl 12.90
saving checkpoint ./trained_models/GPT2_M/e2e/model.5000.pt
| epoch   1 step     5100 |   5100 batches | lr 0.0001 | ms/batch 1589.76 | loss  2.66 | avg loss  2.59 | ppl 13.32
| epoch   1 step     5200 |   5200 batches | lr 0.0001 | ms/batch 1576.01 | loss  2.75 | avg loss  2.58 | ppl 13.23
saving checkpoint ./trained_models/GPT2_M/e2e/model.5258.pt
start to train the model................ 2
| epoch   2 step     5300 |     42 batches | lr 0.0001 | ms/batch 672.47 | loss  2.37 | avg loss  2.52 | ppl 12.40
| epoch   2 step     5400 |    142 batches | lr 0.0001 | ms/batch 1593.27 | loss  2.56 | avg loss  2.58 | ppl 13.16
| epoch   2 step     5500 |    242 batches | lr 0.0001 | ms/batch 1599.45 | loss  2.57 | avg loss  2.56 | ppl 12.91
| epoch   2 step     5600 |    342 batches | lr 0.0001 | ms/batch 1593.51 | loss  2.23 | avg loss  2.58 | ppl 13.19
| epoch   2 step     5700 |    442 batches | lr 0.0001 | ms/batch 1586.60 | loss  2.51 | avg loss  2.57 | ppl 13.12
| epoch   2 step     5800 |    542 batches | lr 0.0001 | ms/batch 1580.72 | loss  2.51 | avg loss  2.55 | ppl 12.76
| epoch   2 step     5900 |    642 batches | lr 0.0001 | ms/batch 1599.46 | loss  2.66 | avg loss  2.58 | ppl 13.14
| epoch   2 step     6000 |    742 batches | lr 0.0001 | ms/batch 1633.95 | loss  2.28 | avg loss  2.54 | ppl 12.69
saving checkpoint ./trained_models/GPT2_M/e2e/model.6000.pt
eval samples: 0 loss: tensor(1.2584, device='cuda:0')
eval samples: 100 loss: tensor(0.8934, device='cuda:0')
eval samples: 200 loss: tensor(1.2673, device='cuda:0')
eval samples: 300 loss: tensor(1.1368, device='cuda:0')
eval samples: 400 loss: tensor(0.8996, device='cuda:0')
eval samples: 500 loss: tensor(0.5697, device='cuda:0')
eval samples: 600 loss: tensor(1.2280, device='cuda:0')
eval samples: 700 loss: tensor(0.7315, device='cuda:0')
eval samples: 800 loss: tensor(1.2480, device='cuda:0')
eval samples: 900 loss: tensor(1.7869, device='cuda:0')
eval samples: 1000 loss: tensor(0.9894, device='cuda:0')
eval samples: 1100 loss: tensor(1.5184, device='cuda:0')
average loss 1.2361250366403225
----------------------------------------------------------------------------------------------------
| Eval   3 at step     6000 | time: 429.29s | valid loss  1.24 | valid ppl  3.44 | best ppl  3.44 
----------------------------------------------------------------------------------------------------
| epoch   2 step     6100 |    842 batches | lr 0.0001 | ms/batch 5870.83 | loss  2.33 | avg loss  2.56 | ppl 12.95
| epoch   2 step     6200 |    942 batches | lr 0.0001 | ms/batch 1598.33 | loss  2.45 | avg loss  2.57 | ppl 13.01
| epoch   2 step     6300 |   1042 batches | lr 0.0001 | ms/batch 1601.65 | loss  2.73 | avg loss  2.57 | ppl 13.10
| epoch   2 step     6400 |   1142 batches | lr 0.0001 | ms/batch 1619.91 | loss  2.41 | avg loss  2.57 | ppl 13.01
| epoch   2 step     6500 |   1242 batches | lr 0.0001 | ms/batch 1587.38 | loss  2.40 | avg loss  2.59 | ppl 13.28
| epoch   2 step     6600 |   1342 batches | lr 0.0001 | ms/batch 1586.15 | loss  2.84 | avg loss  2.56 | ppl 12.91
| epoch   2 step     6700 |   1442 batches | lr 0.0001 | ms/batch 1561.99 | loss  2.56 | avg loss  2.57 | ppl 13.01
| epoch   2 step     6800 |   1542 batches | lr 0.0001 | ms/batch 1609.94 | loss  2.51 | avg loss  2.58 | ppl 13.18
| epoch   2 step     6900 |   1642 batches | lr 0.0001 | ms/batch 1618.82 | loss  2.50 | avg loss  2.52 | ppl 12.38
| epoch   2 step     7000 |   1742 batches | lr 0.0001 | ms/batch 1623.09 | loss  2.69 | avg loss  2.58 | ppl 13.14
saving checkpoint ./trained_models/GPT2_M/e2e/model.7000.pt
| epoch   2 step     7100 |   1842 batches | lr 0.0001 | ms/batch 1622.89 | loss  2.72 | avg loss  2.56 | ppl 12.93
| epoch   2 step     7200 |   1942 batches | lr 0.0001 | ms/batch 1622.41 | loss  2.63 | avg loss  2.56 | ppl 12.97
| epoch   2 step     7300 |   2042 batches | lr 0.0001 | ms/batch 1619.03 | loss  2.43 | avg loss  2.54 | ppl 12.63
| epoch   2 step     7400 |   2142 batches | lr 0.0001 | ms/batch 1620.30 | loss  2.87 | avg loss  2.54 | ppl 12.62
| epoch   2 step     7500 |   2242 batches | lr 0.0001 | ms/batch 1620.97 | loss  2.72 | avg loss  2.59 | ppl 13.30
| epoch   2 step     7600 |   2342 batches | lr 0.0001 | ms/batch 1621.04 | loss  2.34 | avg loss  2.54 | ppl 12.73
| epoch   2 step     7700 |   2442 batches | lr 0.0001 | ms/batch 1621.63 | loss  2.69 | avg loss  2.55 | ppl 12.77
| epoch   2 step     7800 |   2542 batches | lr 0.0001 | ms/batch 1620.65 | loss  2.61 | avg loss  2.54 | ppl 12.63
| epoch   2 step     7900 |   2642 batches | lr 0.0001 | ms/batch 1851.89 | loss  2.88 | avg loss  2.58 | ppl 13.17
| epoch   2 step     8000 |   2742 batches | lr 0.0001 | ms/batch 2095.69 | loss  2.67 | avg loss  2.59 | ppl 13.31
saving checkpoint ./trained_models/GPT2_M/e2e/model.8000.pt
eval samples: 0 loss: tensor(1.1401, device='cuda:0')
eval samples: 100 loss: tensor(0.9431, device='cuda:0')
eval samples: 200 loss: tensor(1.3188, device='cuda:0')
eval samples: 300 loss: tensor(1.1069, device='cuda:0')
eval samples: 400 loss: tensor(0.9097, device='cuda:0')
eval samples: 500 loss: tensor(0.6207, device='cuda:0')
eval samples: 600 loss: tensor(1.1724, device='cuda:0')
eval samples: 700 loss: tensor(0.7281, device='cuda:0')
eval samples: 800 loss: tensor(1.1640, device='cuda:0')
eval samples: 900 loss: tensor(1.6744, device='cuda:0')
eval samples: 1000 loss: tensor(0.9683, device='cuda:0')
eval samples: 1100 loss: tensor(1.4832, device='cuda:0')
average loss 1.2132087078915066
----------------------------------------------------------------------------------------------------
| Eval   4 at step     8000 | time: 493.82s | valid loss  1.21 | valid ppl  3.36 | best ppl  3.36 
----------------------------------------------------------------------------------------------------
| epoch   2 step     8100 |   2842 batches | lr 0.0001 | ms/batch 6539.42 | loss  2.41 | avg loss  2.55 | ppl 12.77
| epoch   2 step     8200 |   2942 batches | lr 0.0001 | ms/batch 1600.36 | loss  2.63 | avg loss  2.60 | ppl 13.50
| epoch   2 step     8300 |   3042 batches | lr 0.0001 | ms/batch 1600.72 | loss  2.49 | avg loss  2.57 | ppl 13.07
| epoch   2 step     8400 |   3142 batches | lr 0.0001 | ms/batch 1601.76 | loss  2.60 | avg loss  2.56 | ppl 12.92
| epoch   2 step     8500 |   3242 batches | lr 0.0001 | ms/batch 1602.15 | loss  2.56 | avg loss  2.56 | ppl 12.97
| epoch   2 step     8600 |   3342 batches | lr 0.0001 | ms/batch 1600.19 | loss  2.52 | avg loss  2.55 | ppl 12.75
| epoch   2 step     8700 |   3442 batches | lr 0.0001 | ms/batch 1602.02 | loss  2.86 | avg loss  2.55 | ppl 12.86
| epoch   2 step     8800 |   3542 batches | lr 0.0001 | ms/batch 1572.88 | loss  2.44 | avg loss  2.55 | ppl 12.84
| epoch   2 step     8900 |   3642 batches | lr 0.0001 | ms/batch 1601.76 | loss  2.67 | avg loss  2.57 | ppl 13.06
| epoch   2 step     9000 |   3742 batches | lr 0.0001 | ms/batch 1589.33 | loss  2.60 | avg loss  2.57 | ppl 13.02
saving checkpoint ./trained_models/GPT2_M/e2e/model.9000.pt
| epoch   2 step     9100 |   3842 batches | lr 0.0001 | ms/batch 1588.38 | loss  2.52 | avg loss  2.56 | ppl 12.95
| epoch   2 step     9200 |   3942 batches | lr 0.0001 | ms/batch 1590.82 | loss  2.74 | avg loss  2.56 | ppl 12.94
| epoch   2 step     9300 |   4042 batches | lr 0.0001 | ms/batch 1590.01 | loss  2.52 | avg loss  2.57 | ppl 13.08
| epoch   2 step     9400 |   4142 batches | lr 0.0001 | ms/batch 1591.41 | loss  2.56 | avg loss  2.56 | ppl 13.00
| epoch   2 step     9500 |   4242 batches | lr 0.0001 | ms/batch 1588.99 | loss  2.55 | avg loss  2.56 | ppl 12.94
| epoch   2 step     9600 |   4342 batches | lr 0.0001 | ms/batch 1590.89 | loss  2.96 | avg loss  2.57 | ppl 13.03
| epoch   2 step     9700 |   4442 batches | lr 0.0001 | ms/batch 1599.45 | loss  2.30 | avg loss  2.55 | ppl 12.84
| epoch   2 step     9800 |   4542 batches | lr 0.0001 | ms/batch 1592.01 | loss  2.57 | avg loss  2.55 | ppl 12.85
| epoch   2 step     9900 |   4642 batches | lr 0.0001 | ms/batch 1603.88 | loss  2.25 | avg loss  2.54 | ppl 12.62
| epoch   2 step    10000 |   4742 batches | lr 0.0001 | ms/batch 1593.76 | loss  2.62 | avg loss  2.57 | ppl 13.11
saving checkpoint ./trained_models/GPT2_M/e2e/model.10000.pt
eval samples: 0 loss: tensor(1.2189, device='cuda:0')
eval samples: 100 loss: tensor(0.9446, device='cuda:0')
eval samples: 200 loss: tensor(1.2793, device='cuda:0')
eval samples: 300 loss: tensor(1.1473, device='cuda:0')
eval samples: 400 loss: tensor(0.9314, device='cuda:0')
eval samples: 500 loss: tensor(0.6226, device='cuda:0')
eval samples: 600 loss: tensor(1.2694, device='cuda:0')
eval samples: 700 loss: tensor(0.7078, device='cuda:0')
eval samples: 800 loss: tensor(1.2099, device='cuda:0')
eval samples: 900 loss: tensor(1.7427, device='cuda:0')
eval samples: 1000 loss: tensor(0.9768, device='cuda:0')
eval samples: 1100 loss: tensor(1.5371, device='cuda:0')
average loss 1.2391408723715234
----------------------------------------------------------------------------------------------------
| Eval   5 at step    10000 | time: 437.31s | valid loss  1.24 | valid ppl  3.45 | best ppl  3.36 
----------------------------------------------------------------------------------------------------
| epoch   2 step    10100 |   4842 batches | lr 0.0001 | ms/batch 5965.50 | loss  2.33 | avg loss  2.56 | ppl 12.96
| epoch   2 step    10200 |   4942 batches | lr 0.0001 | ms/batch 1577.02 | loss  2.49 | avg loss  2.56 | ppl 13.00
| epoch   2 step    10300 |   5042 batches | lr 0.0001 | ms/batch 1577.10 | loss  2.82 | avg loss  2.55 | ppl 12.83
| epoch   2 step    10400 |   5142 batches | lr 0.0001 | ms/batch 1577.71 | loss  2.74 | avg loss  2.55 | ppl 12.79
| epoch   2 step    10500 |   5242 batches | lr 0.0001 | ms/batch 1589.95 | loss  2.47 | avg loss  2.53 | ppl 12.53
saving checkpoint ./trained_models/GPT2_M/e2e/model.10516.pt
start to train the model................ 3
| epoch   3 step    10600 |     84 batches | lr 0.0001 | ms/batch 1338.46 | loss  2.22 | avg loss  2.53 | ppl 12.59
| epoch   3 step    10700 |    184 batches | lr 0.0001 | ms/batch 1594.11 | loss  2.61 | avg loss  2.55 | ppl 12.79
| epoch   3 step    10800 |    284 batches | lr 0.0001 | ms/batch 1605.50 | loss  2.73 | avg loss  2.54 | ppl 12.63
| epoch   3 step    10900 |    384 batches | lr 0.0001 | ms/batch 1608.56 | loss  2.82 | avg loss  2.54 | ppl 12.63
| epoch   3 step    11000 |    484 batches | lr 0.0001 | ms/batch 1602.54 | loss  2.66 | avg loss  2.54 | ppl 12.70
saving checkpoint ./trained_models/GPT2_M/e2e/model.11000.pt
| epoch   3 step    11100 |    584 batches | lr 0.0001 | ms/batch 1605.08 | loss  2.55 | avg loss  2.59 | ppl 13.39
| epoch   3 step    11200 |    684 batches | lr 0.0001 | ms/batch 1602.99 | loss  2.58 | avg loss  2.54 | ppl 12.68
| epoch   3 step    11300 |    784 batches | lr 0.0001 | ms/batch 1605.52 | loss  2.65 | avg loss  2.56 | ppl 12.98
| epoch   3 step    11400 |    884 batches | lr 0.0001 | ms/batch 1607.26 | loss  2.55 | avg loss  2.55 | ppl 12.85
| epoch   3 step    11500 |    984 batches | lr 0.0001 | ms/batch 1600.48 | loss  2.28 | avg loss  2.55 | ppl 12.86
| epoch   3 step    11600 |   1084 batches | lr 0.0001 | ms/batch 1602.82 | loss  2.22 | avg loss  2.51 | ppl 12.35
| epoch   3 step    11700 |   1184 batches | lr 0.0001 | ms/batch 1603.48 | loss  2.41 | avg loss  2.54 | ppl 12.68
| epoch   3 step    11800 |   1284 batches | lr 0.0001 | ms/batch 1606.43 | loss  2.58 | avg loss  2.52 | ppl 12.42
| epoch   3 step    11900 |   1384 batches | lr 0.0001 | ms/batch 1607.14 | loss  2.46 | avg loss  2.53 | ppl 12.51
| epoch   3 step    12000 |   1484 batches | lr 0.0001 | ms/batch 1605.88 | loss  2.63 | avg loss  2.54 | ppl 12.73
saving checkpoint ./trained_models/GPT2_M/e2e/model.12000.pt
eval samples: 0 loss: tensor(1.1882, device='cuda:0')
eval samples: 100 loss: tensor(0.8661, device='cuda:0')
eval samples: 200 loss: tensor(1.3113, device='cuda:0')
eval samples: 300 loss: tensor(1.1316, device='cuda:0')
eval samples: 400 loss: tensor(0.9627, device='cuda:0')
eval samples: 500 loss: tensor(0.6089, device='cuda:0')
eval samples: 600 loss: tensor(1.2336, device='cuda:0')
eval samples: 700 loss: tensor(0.6821, device='cuda:0')
eval samples: 800 loss: tensor(1.1895, device='cuda:0')
eval samples: 900 loss: tensor(1.7516, device='cuda:0')
eval samples: 1000 loss: tensor(0.9834, device='cuda:0')
eval samples: 1100 loss: tensor(1.5996, device='cuda:0')
average loss 1.2144908336029476
----------------------------------------------------------------------------------------------------
| Eval   6 at step    12000 | time: 437.63s | valid loss  1.21 | valid ppl  3.37 | best ppl  3.37 
----------------------------------------------------------------------------------------------------
| epoch   3 step    12100 |   1584 batches | lr 0.0001 | ms/batch 5982.38 | loss  2.54 | avg loss  2.56 | ppl 12.90
| epoch   3 step    12200 |   1684 batches | lr 0.0001 | ms/batch 1605.35 | loss  2.45 | avg loss  2.57 | ppl 13.00
| epoch   3 step    12300 |   1784 batches | lr 0.0001 | ms/batch 1606.75 | loss  2.50 | avg loss  2.55 | ppl 12.84
| epoch   3 step    12400 |   1884 batches | lr 0.0001 | ms/batch 1600.86 | loss  2.59 | avg loss  2.53 | ppl 12.51
| epoch   3 step    12500 |   1984 batches | lr 0.0001 | ms/batch 1593.50 | loss  2.81 | avg loss  2.55 | ppl 12.77
| epoch   3 step    12600 |   2084 batches | lr 0.0001 | ms/batch 1599.63 | loss  2.84 | avg loss  2.49 | ppl 12.05
| epoch   3 step    12700 |   2184 batches | lr 0.0001 | ms/batch 1603.89 | loss  2.38 | avg loss  2.54 | ppl 12.73
| epoch   3 step    12800 |   2284 batches | lr 0.0001 | ms/batch 1609.34 | loss  2.63 | avg loss  2.55 | ppl 12.78
| epoch   3 step    12900 |   2384 batches | lr 0.0001 | ms/batch 1606.99 | loss  2.47 | avg loss  2.55 | ppl 12.81
| epoch   3 step    13000 |   2484 batches | lr 0.0001 | ms/batch 1605.25 | loss  2.99 | avg loss  2.57 | ppl 13.01
saving checkpoint ./trained_models/GPT2_M/e2e/model.13000.pt
| epoch   3 step    13100 |   2584 batches | lr 0.0001 | ms/batch 1605.03 | loss  2.40 | avg loss  2.52 | ppl 12.42
| epoch   3 step    13200 |   2684 batches | lr 0.0001 | ms/batch 1605.80 | loss  2.47 | avg loss  2.58 | ppl 13.16
| epoch   3 step    13300 |   2784 batches | lr 0.0001 | ms/batch 1610.16 | loss  2.50 | avg loss  2.52 | ppl 12.49
| epoch   3 step    13400 |   2884 batches | lr 0.0001 | ms/batch 1614.19 | loss  2.68 | avg loss  2.53 | ppl 12.53
| epoch   3 step    13500 |   2984 batches | lr 0.0001 | ms/batch 1605.81 | loss  2.98 | avg loss  2.56 | ppl 12.99
| epoch   3 step    13600 |   3084 batches | lr 0.0001 | ms/batch 1614.48 | loss  2.30 | avg loss  2.55 | ppl 12.86
| epoch   3 step    13700 |   3184 batches | lr 0.0001 | ms/batch 1621.53 | loss  2.75 | avg loss  2.59 | ppl 13.31
| epoch   3 step    13800 |   3284 batches | lr 0.0001 | ms/batch 1609.42 | loss  2.27 | avg loss  2.52 | ppl 12.49
| epoch   3 step    13900 |   3384 batches | lr 0.0001 | ms/batch 1603.69 | loss  2.96 | avg loss  2.57 | ppl 13.08
| epoch   3 step    14000 |   3484 batches | lr 0.0001 | ms/batch 1603.03 | loss  2.69 | avg loss  2.58 | ppl 13.15
saving checkpoint ./trained_models/GPT2_M/e2e/model.14000.pt
eval samples: 0 loss: tensor(1.1449, device='cuda:0')
eval samples: 100 loss: tensor(0.9234, device='cuda:0')
eval samples: 200 loss: tensor(1.3015, device='cuda:0')
eval samples: 300 loss: tensor(1.1020, device='cuda:0')
eval samples: 400 loss: tensor(0.9428, device='cuda:0')
eval samples: 500 loss: tensor(0.5775, device='cuda:0')
eval samples: 600 loss: tensor(1.2292, device='cuda:0')
eval samples: 700 loss: tensor(0.7153, device='cuda:0')
eval samples: 800 loss: tensor(1.1246, device='cuda:0')
eval samples: 900 loss: tensor(1.7731, device='cuda:0')
eval samples: 1000 loss: tensor(0.9739, device='cuda:0')
eval samples: 1100 loss: tensor(1.5143, device='cuda:0')
average loss 1.2153534844313583
----------------------------------------------------------------------------------------------------
| Eval   7 at step    14000 | time: 430.75s | valid loss  1.22 | valid ppl  3.37 | best ppl  3.37 
----------------------------------------------------------------------------------------------------
| epoch   3 step    14100 |   3584 batches | lr 0.0001 | ms/batch 5908.20 | loss  2.60 | avg loss  2.50 | ppl 12.21
| epoch   3 step    14200 |   3684 batches | lr 0.0001 | ms/batch 1605.40 | loss  2.52 | avg loss  2.53 | ppl 12.52
| epoch   3 step    14300 |   3784 batches | lr 0.0001 | ms/batch 1622.82 | loss  2.76 | avg loss  2.53 | ppl 12.53
| epoch   3 step    14400 |   3884 batches | lr 0.0001 | ms/batch 1606.30 | loss  2.29 | avg loss  2.54 | ppl 12.71
| epoch   3 step    14500 |   3984 batches | lr 0.0001 | ms/batch 1623.51 | loss  2.39 | avg loss  2.55 | ppl 12.85
| epoch   3 step    14600 |   4084 batches | lr 0.0001 | ms/batch 1622.28 | loss  2.53 | avg loss  2.56 | ppl 12.92
| epoch   3 step    14700 |   4184 batches | lr 0.0001 | ms/batch 1582.01 | loss  2.48 | avg loss  2.52 | ppl 12.48
| epoch   3 step    14800 |   4284 batches | lr 0.0001 | ms/batch 1579.29 | loss  2.56 | avg loss  2.57 | ppl 13.03
| epoch   3 step    14900 |   4384 batches | lr 0.0001 | ms/batch 1599.25 | loss  2.48 | avg loss  2.54 | ppl 12.66
| epoch   3 step    15000 |   4484 batches | lr 0.0001 | ms/batch 1624.21 | loss  2.86 | avg loss  2.57 | ppl 13.10
saving checkpoint ./trained_models/GPT2_M/e2e/model.15000.pt
| epoch   3 step    15100 |   4584 batches | lr 0.0001 | ms/batch 1624.00 | loss  2.38 | avg loss  2.54 | ppl 12.67
| epoch   3 step    15200 |   4684 batches | lr 0.0001 | ms/batch 1623.12 | loss  2.56 | avg loss  2.53 | ppl 12.58
| epoch   3 step    15300 |   4784 batches | lr 0.0001 | ms/batch 1624.90 | loss  2.48 | avg loss  2.57 | ppl 13.09
| epoch   3 step    15400 |   4884 batches | lr 0.0001 | ms/batch 1604.63 | loss  2.45 | avg loss  2.55 | ppl 12.80
| epoch   3 step    15500 |   4984 batches | lr 0.0001 | ms/batch 1603.69 | loss  2.49 | avg loss  2.55 | ppl 12.81
| epoch   3 step    15600 |   5084 batches | lr 0.0001 | ms/batch 1603.10 | loss  2.67 | avg loss  2.54 | ppl 12.62
| epoch   3 step    15700 |   5184 batches | lr 0.0001 | ms/batch 1603.02 | loss  2.52 | avg loss  2.52 | ppl 12.37
saving checkpoint ./trained_models/GPT2_M/e2e/model.15774.pt
start to train the model................ 4
| epoch   4 step    15800 |     26 batches | lr 0.0001 | ms/batch 416.81 | loss  2.40 | avg loss  2.51 | ppl 12.30
| epoch   4 step    15900 |    126 batches | lr 0.0001 | ms/batch 1603.75 | loss  2.41 | avg loss  2.53 | ppl 12.51
| epoch   4 step    16000 |    226 batches | lr 0.0001 | ms/batch 1603.47 | loss  2.51 | avg loss  2.55 | ppl 12.79
saving checkpoint ./trained_models/GPT2_M/e2e/model.16000.pt
eval samples: 0 loss: tensor(1.2288, device='cuda:0')
eval samples: 100 loss: tensor(0.8904, device='cuda:0')
eval samples: 200 loss: tensor(1.2571, device='cuda:0')
eval samples: 300 loss: tensor(1.1501, device='cuda:0')
eval samples: 400 loss: tensor(0.9496, device='cuda:0')
eval samples: 500 loss: tensor(0.5621, device='cuda:0')
eval samples: 600 loss: tensor(1.2434, device='cuda:0')
eval samples: 700 loss: tensor(0.6918, device='cuda:0')
eval samples: 800 loss: tensor(1.2494, device='cuda:0')
eval samples: 900 loss: tensor(1.7436, device='cuda:0')
eval samples: 1000 loss: tensor(0.9505, device='cuda:0')
eval samples: 1100 loss: tensor(1.5268, device='cuda:0')
average loss 1.2130915646071303
----------------------------------------------------------------------------------------------------
| Eval   8 at step    16000 | time: 433.43s | valid loss  1.21 | valid ppl  3.36 | best ppl  3.36 
----------------------------------------------------------------------------------------------------
| epoch   4 step    16100 |    326 batches | lr 0.0001 | ms/batch 5936.26 | loss  2.79 | avg loss  2.52 | ppl 12.37
| epoch   4 step    16200 |    426 batches | lr 0.0001 | ms/batch 1604.42 | loss  2.52 | avg loss  2.53 | ppl 12.58
| epoch   4 step    16300 |    526 batches | lr 0.0001 | ms/batch 1602.01 | loss  2.83 | avg loss  2.52 | ppl 12.40
| epoch   4 step    16400 |    626 batches | lr 0.0001 | ms/batch 1602.75 | loss  3.02 | avg loss  2.53 | ppl 12.56
| epoch   4 step    16500 |    726 batches | lr 0.0001 | ms/batch 1601.97 | loss  2.71 | avg loss  2.56 | ppl 12.91
| epoch   4 step    16600 |    826 batches | lr 0.0001 | ms/batch 1603.93 | loss  2.77 | avg loss  2.53 | ppl 12.52
| epoch   4 step    16700 |    926 batches | lr 0.0001 | ms/batch 1603.70 | loss  2.69 | avg loss  2.54 | ppl 12.67
| epoch   4 step    16800 |   1026 batches | lr 0.0001 | ms/batch 1593.13 | loss  2.64 | avg loss  2.54 | ppl 12.70
| epoch   4 step    16900 |   1126 batches | lr 0.0001 | ms/batch 1594.84 | loss  2.23 | avg loss  2.51 | ppl 12.33
| epoch   4 step    17000 |   1226 batches | lr 0.0001 | ms/batch 1590.77 | loss  2.39 | avg loss  2.51 | ppl 12.31
saving checkpoint ./trained_models/GPT2_M/e2e/model.17000.pt
| epoch   4 step    17100 |   1326 batches | lr 0.0001 | ms/batch 1589.80 | loss  2.71 | avg loss  2.56 | ppl 12.97
| epoch   4 step    17200 |   1426 batches | lr 0.0001 | ms/batch 1600.27 | loss  2.46 | avg loss  2.51 | ppl 12.32
| epoch   4 step    17300 |   1526 batches | lr 0.0001 | ms/batch 1605.88 | loss  2.36 | avg loss  2.54 | ppl 12.65
| epoch   4 step    17400 |   1626 batches | lr 0.0001 | ms/batch 1602.43 | loss  2.32 | avg loss  2.54 | ppl 12.72
| epoch   4 step    17500 |   1726 batches | lr 0.0001 | ms/batch 1604.62 | loss  2.81 | avg loss  2.55 | ppl 12.82
| epoch   4 step    17600 |   1826 batches | lr 0.0001 | ms/batch 1602.56 | loss  2.91 | avg loss  2.55 | ppl 12.85
| epoch   4 step    17700 |   1926 batches | lr 0.0001 | ms/batch 1603.33 | loss  2.41 | avg loss  2.53 | ppl 12.53
| epoch   4 step    17800 |   2026 batches | lr 0.0001 | ms/batch 1600.13 | loss  2.83 | avg loss  2.57 | ppl 13.04
| epoch   4 step    17900 |   2126 batches | lr 0.0001 | ms/batch 1601.71 | loss  2.56 | avg loss  2.53 | ppl 12.53
| epoch   4 step    18000 |   2226 batches | lr 0.0001 | ms/batch 1603.44 | loss  3.10 | avg loss  2.53 | ppl 12.59
saving checkpoint ./trained_models/GPT2_M/e2e/model.18000.pt
eval samples: 0 loss: tensor(1.2109, device='cuda:0')
eval samples: 100 loss: tensor(0.9005, device='cuda:0')
eval samples: 200 loss: tensor(1.3025, device='cuda:0')
eval samples: 300 loss: tensor(1.1084, device='cuda:0')
eval samples: 400 loss: tensor(0.9486, device='cuda:0')
eval samples: 500 loss: tensor(0.5976, device='cuda:0')
eval samples: 600 loss: tensor(1.2220, device='cuda:0')
eval samples: 700 loss: tensor(0.6802, device='cuda:0')
eval samples: 800 loss: tensor(1.2040, device='cuda:0')
eval samples: 900 loss: tensor(1.7415, device='cuda:0')
eval samples: 1000 loss: tensor(0.9823, device='cuda:0')
eval samples: 1100 loss: tensor(1.5332, device='cuda:0')
average loss 1.2039639698469067
----------------------------------------------------------------------------------------------------
| Eval   9 at step    18000 | time: 432.27s | valid loss  1.20 | valid ppl  3.33 | best ppl  3.33 
----------------------------------------------------------------------------------------------------
| epoch   4 step    18100 |   2326 batches | lr 0.0001 | ms/batch 5930.78 | loss  2.67 | avg loss  2.53 | ppl 12.54
| epoch   4 step    18200 |   2426 batches | lr 0.0001 | ms/batch 1602.67 | loss  2.37 | avg loss  2.54 | ppl 12.62
| epoch   4 step    18300 |   2526 batches | lr 0.0001 | ms/batch 1596.37 | loss  2.42 | avg loss  2.54 | ppl 12.70
| epoch   4 step    18400 |   2626 batches | lr 0.0001 | ms/batch 1592.67 | loss  2.68 | avg loss  2.52 | ppl 12.46
| epoch   4 step    18500 |   2726 batches | lr 0.0001 | ms/batch 1592.43 | loss  2.52 | avg loss  2.51 | ppl 12.34
| epoch   4 step    18600 |   2826 batches | lr 0.0001 | ms/batch 1595.10 | loss  2.33 | avg loss  2.56 | ppl 12.91
| epoch   4 step    18700 |   2926 batches | lr 0.0001 | ms/batch 1592.17 | loss  2.34 | avg loss  2.52 | ppl 12.47
| epoch   4 step    18800 |   3026 batches | lr 0.0001 | ms/batch 1593.12 | loss  2.32 | avg loss  2.56 | ppl 12.87
| epoch   4 step    18900 |   3126 batches | lr 0.0001 | ms/batch 1592.95 | loss  2.58 | avg loss  2.54 | ppl 12.72
| epoch   4 step    19000 |   3226 batches | lr 0.0001 | ms/batch 1593.04 | loss  2.80 | avg loss  2.54 | ppl 12.73
saving checkpoint ./trained_models/GPT2_M/e2e/model.19000.pt
| epoch   4 step    19100 |   3326 batches | lr 0.0001 | ms/batch 1591.80 | loss  2.74 | avg loss  2.52 | ppl 12.47
| epoch   4 step    19200 |   3426 batches | lr 0.0001 | ms/batch 1584.82 | loss  2.64 | avg loss  2.52 | ppl 12.41
| epoch   4 step    19300 |   3526 batches | lr 0.0001 | ms/batch 1584.97 | loss  2.62 | avg loss  2.55 | ppl 12.86
| epoch   4 step    19400 |   3626 batches | lr 0.0001 | ms/batch 1586.48 | loss  2.71 | avg loss  2.53 | ppl 12.58
| epoch   4 step    19500 |   3726 batches | lr 0.0001 | ms/batch 1593.26 | loss  2.28 | avg loss  2.53 | ppl 12.60
| epoch   4 step    19600 |   3826 batches | lr 0.0001 | ms/batch 1592.11 | loss  2.69 | avg loss  2.54 | ppl 12.66
| epoch   4 step    19700 |   3926 batches | lr 0.0001 | ms/batch 1592.27 | loss  2.65 | avg loss  2.53 | ppl 12.59
| epoch   4 step    19800 |   4026 batches | lr 0.0001 | ms/batch 1592.49 | loss  2.48 | avg loss  2.54 | ppl 12.66
| epoch   4 step    19900 |   4126 batches | lr 0.0001 | ms/batch 1592.50 | loss  2.32 | avg loss  2.57 | ppl 13.05
| epoch   4 step    20000 |   4226 batches | lr 0.0001 | ms/batch 1593.10 | loss  2.42 | avg loss  2.54 | ppl 12.71
saving checkpoint ./trained_models/GPT2_M/e2e/model.20000.pt
eval samples: 0 loss: tensor(1.2435, device='cuda:0')
eval samples: 100 loss: tensor(0.9082, device='cuda:0')
eval samples: 200 loss: tensor(1.2666, device='cuda:0')
eval samples: 300 loss: tensor(1.1250, device='cuda:0')
eval samples: 400 loss: tensor(0.9254, device='cuda:0')
eval samples: 500 loss: tensor(0.5833, device='cuda:0')
eval samples: 600 loss: tensor(1.2495, device='cuda:0')
eval samples: 700 loss: tensor(0.7175, device='cuda:0')
eval samples: 800 loss: tensor(1.1615, device='cuda:0')
eval samples: 900 loss: tensor(1.6970, device='cuda:0')
eval samples: 1000 loss: tensor(0.9973, device='cuda:0')
eval samples: 1100 loss: tensor(1.4833, device='cuda:0')
average loss 1.2084378264844418
----------------------------------------------------------------------------------------------------
| Eval  10 at step    20000 | time: 425.15s | valid loss  1.21 | valid ppl  3.35 | best ppl  3.33 
----------------------------------------------------------------------------------------------------
| epoch   4 step    20100 |   4326 batches | lr 0.0001 | ms/batch 5844.65 | loss  2.41 | avg loss  2.53 | ppl 12.56
| epoch   4 step    20200 |   4426 batches | lr 0.0001 | ms/batch 1591.27 | loss  2.54 | avg loss  2.54 | ppl 12.71
| epoch   4 step    20300 |   4526 batches | lr 0.0001 | ms/batch 1564.65 | loss  2.56 | avg loss  2.56 | ppl 12.96
| epoch   4 step    20400 |   4626 batches | lr 0.0001 | ms/batch 1592.95 | loss  2.52 | avg loss  2.54 | ppl 12.67
| epoch   4 step    20500 |   4726 batches | lr 0.0001 | ms/batch 1592.88 | loss  2.71 | avg loss  2.52 | ppl 12.45
| epoch   4 step    20600 |   4826 batches | lr 0.0001 | ms/batch 1591.28 | loss  2.64 | avg loss  2.57 | ppl 13.04
| epoch   4 step    20700 |   4926 batches | lr 0.0001 | ms/batch 1593.72 | loss  2.61 | avg loss  2.53 | ppl 12.55
| epoch   4 step    20800 |   5026 batches | lr 0.0001 | ms/batch 1594.73 | loss  2.28 | avg loss  2.56 | ppl 12.94
| epoch   4 step    20900 |   5126 batches | lr 0.0001 | ms/batch 1594.50 | loss  2.48 | avg loss  2.53 | ppl 12.52
| epoch   4 step    21000 |   5226 batches | lr 0.0001 | ms/batch 1594.49 | loss  2.33 | avg loss  2.53 | ppl 12.56
saving checkpoint ./trained_models/GPT2_M/e2e/model.21000.pt
saving checkpoint ./trained_models/GPT2_M/e2e/model.21032.pt
start to train the model................ 5
| epoch   5 step    21100 |     68 batches | lr 0.0001 | ms/batch 1083.59 | loss  2.72 | avg loss  2.55 | ppl 12.82
| epoch   5 step    21200 |    168 batches | lr 0.0001 | ms/batch 1593.55 | loss  2.66 | avg loss  2.49 | ppl 12.02
| epoch   5 step    21300 |    268 batches | lr 0.0001 | ms/batch 1594.21 | loss  2.32 | avg loss  2.54 | ppl 12.70
| epoch   5 step    21400 |    368 batches | lr 0.0001 | ms/batch 1607.31 | loss  2.62 | avg loss  2.53 | ppl 12.52
| epoch   5 step    21500 |    468 batches | lr 0.0001 | ms/batch 1588.84 | loss  2.69 | avg loss  2.54 | ppl 12.74
| epoch   5 step    21600 |    568 batches | lr 0.0001 | ms/batch 1586.00 | loss  2.81 | avg loss  2.50 | ppl 12.18
| epoch   5 step    21700 |    668 batches | lr 0.0001 | ms/batch 1595.93 | loss  2.90 | avg loss  2.54 | ppl 12.67
| epoch   5 step    21800 |    768 batches | lr 0.0001 | ms/batch 1611.84 | loss  2.46 | avg loss  2.56 | ppl 12.89
| epoch   5 step    21900 |    868 batches | lr 0.0001 | ms/batch 1615.07 | loss  2.74 | avg loss  2.53 | ppl 12.59
| epoch   5 step    22000 |    968 batches | lr 0.0001 | ms/batch 1614.73 | loss  2.44 | avg loss  2.48 | ppl 11.99
saving checkpoint ./trained_models/GPT2_M/e2e/model.22000.pt
eval samples: 0 loss: tensor(1.1148, device='cuda:0')
eval samples: 100 loss: tensor(0.8941, device='cuda:0')
eval samples: 200 loss: tensor(1.2506, device='cuda:0')
eval samples: 300 loss: tensor(1.1436, device='cuda:0')
eval samples: 400 loss: tensor(0.8397, device='cuda:0')
eval samples: 500 loss: tensor(0.6013, device='cuda:0')
eval samples: 600 loss: tensor(1.1974, device='cuda:0')
eval samples: 700 loss: tensor(0.6846, device='cuda:0')
eval samples: 800 loss: tensor(1.1642, device='cuda:0')
eval samples: 900 loss: tensor(1.7142, device='cuda:0')
eval samples: 1000 loss: tensor(0.9176, device='cuda:0')
eval samples: 1100 loss: tensor(1.5099, device='cuda:0')
average loss 1.196262012503735
----------------------------------------------------------------------------------------------------
| Eval  11 at step    22000 | time: 435.72s | valid loss  1.20 | valid ppl  3.31 | best ppl  3.31 
----------------------------------------------------------------------------------------------------
| epoch   5 step    22100 |   1068 batches | lr 0.0001 | ms/batch 5969.25 | loss  2.65 | avg loss  2.51 | ppl 12.30
| epoch   5 step    22200 |   1168 batches | lr 0.0001 | ms/batch 1613.06 | loss  2.93 | avg loss  2.54 | ppl 12.65
| epoch   5 step    22300 |   1268 batches | lr 0.0001 | ms/batch 1612.49 | loss  2.39 | avg loss  2.55 | ppl 12.74
| epoch   5 step    22400 |   1368 batches | lr 0.0001 | ms/batch 1617.46 | loss  2.31 | avg loss  2.50 | ppl 12.19
| epoch   5 step    22500 |   1468 batches | lr 0.0001 | ms/batch 1610.24 | loss  2.60 | avg loss  2.54 | ppl 12.62
| epoch   5 step    22600 |   1568 batches | lr 0.0001 | ms/batch 1613.92 | loss  2.77 | avg loss  2.54 | ppl 12.72
| epoch   5 step    22700 |   1668 batches | lr 0.0001 | ms/batch 1610.33 | loss  2.43 | avg loss  2.52 | ppl 12.49
| epoch   5 step    22800 |   1768 batches | lr 0.0001 | ms/batch 1614.23 | loss  2.40 | avg loss  2.54 | ppl 12.66
| epoch   5 step    22900 |   1868 batches | lr 0.0001 | ms/batch 1612.56 | loss  2.88 | avg loss  2.57 | ppl 13.13
| epoch   5 step    23000 |   1968 batches | lr 0.0001 | ms/batch 1612.17 | loss  2.45 | avg loss  2.52 | ppl 12.44
saving checkpoint ./trained_models/GPT2_M/e2e/model.23000.pt
| epoch   5 step    23100 |   2068 batches | lr 0.0001 | ms/batch 1613.64 | loss  2.64 | avg loss  2.56 | ppl 12.95
| epoch   5 step    23200 |   2168 batches | lr 0.0001 | ms/batch 1614.89 | loss  2.69 | avg loss  2.52 | ppl 12.47
| epoch   5 step    23300 |   2268 batches | lr 0.0001 | ms/batch 1617.86 | loss  2.37 | avg loss  2.51 | ppl 12.28
| epoch   5 step    23400 |   2368 batches | lr 0.0001 | ms/batch 1624.80 | loss  2.44 | avg loss  2.54 | ppl 12.67
| epoch   5 step    23500 |   2468 batches | lr 0.0001 | ms/batch 1624.29 | loss  2.34 | avg loss  2.51 | ppl 12.33
| epoch   5 step    23600 |   2568 batches | lr 0.0001 | ms/batch 1616.68 | loss  2.21 | avg loss  2.52 | ppl 12.47
| epoch   5 step    23700 |   2668 batches | lr 0.0001 | ms/batch 1590.34 | loss  2.41 | avg loss  2.50 | ppl 12.15
| epoch   5 step    23800 |   2768 batches | lr 0.0001 | ms/batch 1591.05 | loss  2.64 | avg loss  2.54 | ppl 12.67
| epoch   5 step    23900 |   2868 batches | lr 0.0001 | ms/batch 1602.76 | loss  2.58 | avg loss  2.51 | ppl 12.36
| epoch   5 step    24000 |   2968 batches | lr 0.0001 | ms/batch 1625.32 | loss  2.43 | avg loss  2.53 | ppl 12.60
saving checkpoint ./trained_models/GPT2_M/e2e/model.24000.pt
eval samples: 0 loss: tensor(1.2011, device='cuda:0')
eval samples: 100 loss: tensor(0.8835, device='cuda:0')
eval samples: 200 loss: tensor(1.2126, device='cuda:0')
eval samples: 300 loss: tensor(1.0830, device='cuda:0')
eval samples: 400 loss: tensor(0.8400, device='cuda:0')
eval samples: 500 loss: tensor(0.5537, device='cuda:0')
eval samples: 600 loss: tensor(1.2277, device='cuda:0')
eval samples: 700 loss: tensor(0.6552, device='cuda:0')
eval samples: 800 loss: tensor(1.1603, device='cuda:0')
eval samples: 900 loss: tensor(1.6590, device='cuda:0')
eval samples: 1000 loss: tensor(0.9590, device='cuda:0')
eval samples: 1100 loss: tensor(1.5635, device='cuda:0')
average loss 1.19980506619362
----------------------------------------------------------------------------------------------------
| Eval  12 at step    24000 | time: 438.02s | valid loss  1.20 | valid ppl  3.32 | best ppl  3.31 
----------------------------------------------------------------------------------------------------
| epoch   5 step    24100 |   3068 batches | lr 0.0001 | ms/batch 5994.43 | loss  2.72 | avg loss  2.56 | ppl 12.99
| epoch   5 step    24200 |   3168 batches | lr 0.0001 | ms/batch 1625.74 | loss  2.71 | avg loss  2.50 | ppl 12.13
| epoch   5 step    24300 |   3268 batches | lr 0.0001 | ms/batch 1633.30 | loss  2.71 | avg loss  2.55 | ppl 12.75
| epoch   5 step    24400 |   3368 batches | lr 0.0001 | ms/batch 1628.10 | loss  2.69 | avg loss  2.53 | ppl 12.55
| epoch   5 step    24500 |   3468 batches | lr 0.0001 | ms/batch 1628.29 | loss  2.38 | avg loss  2.53 | ppl 12.53
| epoch   5 step    24600 |   3568 batches | lr 0.0001 | ms/batch 1630.75 | loss  2.62 | avg loss  2.53 | ppl 12.54
| epoch   5 step    24700 |   3668 batches | lr 0.0001 | ms/batch 1626.37 | loss  2.92 | avg loss  2.57 | ppl 13.12
| epoch   5 step    24800 |   3768 batches | lr 0.0001 | ms/batch 1628.86 | loss  2.90 | avg loss  2.53 | ppl 12.54
| epoch   5 step    24900 |   3868 batches | lr 0.0001 | ms/batch 1617.39 | loss  2.34 | avg loss  2.53 | ppl 12.57
| epoch   5 step    25000 |   3968 batches | lr 0.0001 | ms/batch 1631.92 | loss  2.45 | avg loss  2.54 | ppl 12.69
saving checkpoint ./trained_models/GPT2_M/e2e/model.25000.pt
| epoch   5 step    25100 |   4068 batches | lr 0.0001 | ms/batch 1615.86 | loss  2.66 | avg loss  2.52 | ppl 12.44
| epoch   5 step    25200 |   4168 batches | lr 0.0001 | ms/batch 1615.99 | loss  2.43 | avg loss  2.54 | ppl 12.74
| epoch   5 step    25300 |   4268 batches | lr 0.0001 | ms/batch 1607.35 | loss  2.44 | avg loss  2.52 | ppl 12.37
| epoch   5 step    25400 |   4368 batches | lr 0.0001 | ms/batch 1599.17 | loss  2.77 | avg loss  2.50 | ppl 12.23
| epoch   5 step    25500 |   4468 batches | lr 0.0001 | ms/batch 1597.04 | loss  2.58 | avg loss  2.54 | ppl 12.65
| epoch   5 step    25600 |   4568 batches | lr 0.0001 | ms/batch 1597.47 | loss  2.75 | avg loss  2.54 | ppl 12.67
| epoch   5 step    25700 |   4668 batches | lr 0.0001 | ms/batch 1601.62 | loss  2.83 | avg loss  2.58 | ppl 13.21
| epoch   5 step    25800 |   4768 batches | lr 0.0001 | ms/batch 1601.34 | loss  2.57 | avg loss  2.55 | ppl 12.82
| epoch   5 step    25900 |   4868 batches | lr 0.0001 | ms/batch 1602.03 | loss  2.35 | avg loss  2.53 | ppl 12.53
| epoch   5 step    26000 |   4968 batches | lr 0.0001 | ms/batch 1600.05 | loss  2.52 | avg loss  2.55 | ppl 12.79
saving checkpoint ./trained_models/GPT2_M/e2e/model.26000.pt
eval samples: 0 loss: tensor(1.1676, device='cuda:0')
eval samples: 100 loss: tensor(0.8476, device='cuda:0')
eval samples: 200 loss: tensor(1.2945, device='cuda:0')
eval samples: 300 loss: tensor(1.0919, device='cuda:0')
eval samples: 400 loss: tensor(0.9654, device='cuda:0')
eval samples: 500 loss: tensor(0.5719, device='cuda:0')
eval samples: 600 loss: tensor(1.2072, device='cuda:0')
eval samples: 700 loss: tensor(0.7191, device='cuda:0')
eval samples: 800 loss: tensor(1.1860, device='cuda:0')
eval samples: 900 loss: tensor(1.6553, device='cuda:0')
eval samples: 1000 loss: tensor(0.9269, device='cuda:0')
eval samples: 1100 loss: tensor(1.5382, device='cuda:0')
average loss 1.2023239465149707
----------------------------------------------------------------------------------------------------
| Eval  13 at step    26000 | time: 434.01s | valid loss  1.20 | valid ppl  3.33 | best ppl  3.31 
----------------------------------------------------------------------------------------------------
| epoch   5 step    26100 |   5068 batches | lr 0.0001 | ms/batch 5936.49 | loss  2.51 | avg loss  2.53 | ppl 12.57
| epoch   5 step    26200 |   5168 batches | lr 0.0001 | ms/batch 957.50 | loss  2.64 | avg loss  2.52 | ppl 12.46
saving checkpoint ./trained_models/GPT2_M/e2e/model.26290.pt
----------------------------------------------------------------------------------------------------
End of training
cleanup dist ...
[rank0]:[W422 14:32:01.355653234 ProcessGroupNCCL.cpp:1479] Warning: WARNING: destroy_process_group() was not called before program exit, which can leak resources. For more info, please see https://pytorch.org/docs/stable/distributed.html#shutdown (function operator())
