nohup: ignoring input
myrank: 0 local_rank: 0 device_count: 1 world_size: 1
====================================================================================================
        - platform : local
        - local_rank : 0
        - rank : 0
        - device : cuda:0
        - world_size : 1
        - random_seed : 110
        - lr : 0.0005
        - weight_decay : 0.01
        - correct_bias : True
        - adam_epislon : 1e-06
        - no_decay_bias : False
        - adam_beta1 : 0.9
        - adam_beta2 : 0.999
        - scheduler : None
        - max_step : None
        - max_epoch : 5
        - warmup_step : 500
        - i_steps : 0
        - i_lrs : 0.00025
        - train_data : ./data/e2e/train.jsonl
        - valid_data : ./data/e2e/valid.jsonl
        - train_batch_size : 8
        - valid_batch_size : 4
        - grad_acc : 1
        - clip : 0.0
        - seq_len : 512
        - model_card : gpt2.md
        - init_checkpoint : ./pretrained_checkpoints/gpt2-medium-pytorch_model.bin
        - fp16 : False
        - log_interval : 100
        - eval_interval : 2000
        - save_interval : 1000
        - work_dir : ./trained_models/GPT2_M/e2e
        - lora_dim : 4
        - lora_alpha : 32
        - obj : clm
        - lora_dropout : 0.1
        - label_smooth : 0.1
        - roll_interval : -1
        - roll_lr : 1e-05
        - roll_step : 100
        - eval_epoch : 1
        - dist : <module 'torch.distributed' from '/home/ycyh/miniconda3/envs/LoRA/lib/python3.11/site-packages/torch/distributed/__init__.py'>
====================================================================================================
Experiment dir : ./trained_models/GPT2_M/e2e
loading model pretrained weight.
set max_step: 26290
start to train the model................ 1
| epoch   1 step      100 |    100 batches | lr 0.0005 | ms/batch 1638.00 | loss  3.37 | avg loss  3.29 | ppl 26.72
| epoch   1 step      200 |    200 batches | lr 0.0005 | ms/batch 1630.72 | loss  2.86 | avg loss  2.87 | ppl 17.55
| epoch   1 step      300 |    300 batches | lr 0.0005 | ms/batch 1631.77 | loss  2.85 | avg loss  2.81 | ppl 16.59
| epoch   1 step      400 |    400 batches | lr 0.0005 | ms/batch 1623.82 | loss  2.91 | avg loss  2.80 | ppl 16.36
| epoch   1 step      500 |    500 batches | lr 0.0005 | ms/batch 1628.11 | loss  2.64 | avg loss  2.75 | ppl 15.64
| epoch   1 step      600 |    600 batches | lr 0.0005 | ms/batch 1625.23 | loss  2.62 | avg loss  2.72 | ppl 15.12
| epoch   1 step      700 |    700 batches | lr 0.0005 | ms/batch 1629.09 | loss  2.84 | avg loss  2.70 | ppl 14.82
| epoch   1 step      800 |    800 batches | lr 0.0005 | ms/batch 1631.96 | loss  2.41 | avg loss  2.68 | ppl 14.57
| epoch   1 step      900 |    900 batches | lr 0.0005 | ms/batch 1632.24 | loss  2.43 | avg loss  2.68 | ppl 14.53
| epoch   1 step     1000 |   1000 batches | lr 0.0005 | ms/batch 1631.35 | loss  3.19 | avg loss  2.70 | ppl 14.85
saving checkpoint ./trained_models/GPT2_M/e2e/model.1000.pt
/home/ycyh/miniconda3/envs/LoRA/lib/python3.11/site-packages/torch/distributed/distributed_c10d.py:4631: UserWarning: No device id is provided via `init_process_group` or `barrier `. Using the current device set by the user. 
  warnings.warn(  # warn only once
| epoch   1 step     1100 |   1100 batches | lr 0.0005 | ms/batch 1633.24 | loss  2.71 | avg loss  2.71 | ppl 14.98
| epoch   1 step     1200 |   1200 batches | lr 0.0005 | ms/batch 1635.66 | loss  2.54 | avg loss  2.71 | ppl 14.97
| epoch   1 step     1300 |   1300 batches | lr 0.0005 | ms/batch 1634.90 | loss  2.59 | avg loss  2.68 | ppl 14.52
| epoch   1 step     1400 |   1400 batches | lr 0.0005 | ms/batch 1635.30 | loss  2.65 | avg loss  2.67 | ppl 14.42
| epoch   1 step     1500 |   1500 batches | lr 0.0005 | ms/batch 1632.66 | loss  2.64 | avg loss  2.69 | ppl 14.74
| epoch   1 step     1600 |   1600 batches | lr 0.0005 | ms/batch 1632.09 | loss  2.76 | avg loss  2.65 | ppl 14.14
| epoch   1 step     1700 |   1700 batches | lr 0.0005 | ms/batch 1632.88 | loss  2.48 | avg loss  2.66 | ppl 14.33
| epoch   1 step     1800 |   1800 batches | lr 0.0005 | ms/batch 1632.98 | loss  2.59 | avg loss  2.67 | ppl 14.39
| epoch   1 step     1900 |   1900 batches | lr 0.0005 | ms/batch 1575.08 | loss  2.72 | avg loss  2.66 | ppl 14.31
| epoch   1 step     2000 |   2000 batches | lr 0.0005 | ms/batch 1543.26 | loss  2.55 | avg loss  2.66 | ppl 14.27
saving checkpoint ./trained_models/GPT2_M/e2e/model.2000.pt
/home/ycyh/miniconda3/envs/LoRA/lib/python3.11/site-packages/torch/nn/_reduction.py:51: UserWarning: size_average and reduce args will be deprecated, please use reduction='none' instead.
  warnings.warn(warning.format(ret))
eval samples: 0 loss: tensor(1.2832, device='cuda:0')
eval samples: 100 loss: tensor(0.8843, device='cuda:0')
eval samples: 200 loss: tensor(1.3161, device='cuda:0')
eval samples: 300 loss: tensor(1.1897, device='cuda:0')
eval samples: 400 loss: tensor(1.0215, device='cuda:0')
eval samples: 500 loss: tensor(0.6052, device='cuda:0')
eval samples: 600 loss: tensor(1.2690, device='cuda:0')
eval samples: 700 loss: tensor(0.8244, device='cuda:0')
eval samples: 800 loss: tensor(1.2231, device='cuda:0')
eval samples: 900 loss: tensor(1.8233, device='cuda:0')
eval samples: 1000 loss: tensor(1.0229, device='cuda:0')
eval samples: 1100 loss: tensor(1.5629, device='cuda:0')
average loss 1.2759636280267206
----------------------------------------------------------------------------------------------------
| Eval   1 at step     2000 | time: 442.96s | valid loss  1.28 | valid ppl  3.58 | best ppl  3.58 
----------------------------------------------------------------------------------------------------
| epoch   1 step     2100 |   2100 batches | lr 0.0005 | ms/batch 6054.42 | loss  2.69 | avg loss  2.65 | ppl 14.12
| epoch   1 step     2200 |   2200 batches | lr 0.0005 | ms/batch 2149.12 | loss  2.96 | avg loss  2.65 | ppl 14.14
| epoch   1 step     2300 |   2300 batches | lr 0.0005 | ms/batch 2171.40 | loss  2.66 | avg loss  2.64 | ppl 14.00
| epoch   1 step     2400 |   2400 batches | lr 0.0005 | ms/batch 2193.20 | loss  2.42 | avg loss  2.65 | ppl 14.18
| epoch   1 step     2500 |   2500 batches | lr 0.0005 | ms/batch 2167.88 | loss  2.99 | avg loss  2.67 | ppl 14.47
| epoch   1 step     2600 |   2600 batches | lr 0.0005 | ms/batch 2204.34 | loss  2.84 | avg loss  2.66 | ppl 14.27
| epoch   1 step     2700 |   2700 batches | lr 0.0005 | ms/batch 2171.76 | loss  2.76 | avg loss  2.64 | ppl 14.05
| epoch   1 step     2800 |   2800 batches | lr 0.0005 | ms/batch 2195.83 | loss  2.36 | avg loss  2.67 | ppl 14.51
| epoch   1 step     2900 |   2900 batches | lr 0.0005 | ms/batch 2172.63 | loss  2.83 | avg loss  2.66 | ppl 14.37
| epoch   1 step     3000 |   3000 batches | lr 0.0005 | ms/batch 2198.18 | loss  2.68 | avg loss  2.63 | ppl 13.87
saving checkpoint ./trained_models/GPT2_M/e2e/model.3000.pt
| epoch   1 step     3100 |   3100 batches | lr 0.0005 | ms/batch 2177.69 | loss  2.86 | avg loss  2.63 | ppl 13.89
| epoch   1 step     3200 |   3200 batches | lr 0.0005 | ms/batch 2197.15 | loss  2.70 | avg loss  2.67 | ppl 14.43
| epoch   1 step     3300 |   3300 batches | lr 0.0005 | ms/batch 2186.93 | loss  3.05 | avg loss  2.63 | ppl 13.84
| epoch   1 step     3400 |   3400 batches | lr 0.0005 | ms/batch 2201.43 | loss  2.61 | avg loss  2.63 | ppl 13.88
| epoch   1 step     3500 |   3500 batches | lr 0.0005 | ms/batch 2190.07 | loss  2.36 | avg loss  2.66 | ppl 14.34
| epoch   1 step     3600 |   3600 batches | lr 0.0005 | ms/batch 2194.86 | loss  2.54 | avg loss  2.66 | ppl 14.32
| epoch   1 step     3700 |   3700 batches | lr 0.0005 | ms/batch 2190.73 | loss  2.58 | avg loss  2.64 | ppl 13.97
| epoch   1 step     3800 |   3800 batches | lr 0.0005 | ms/batch 2183.78 | loss  2.57 | avg loss  2.59 | ppl 13.37
| epoch   1 step     3900 |   3900 batches | lr 0.0005 | ms/batch 2130.33 | loss  2.27 | avg loss  2.67 | ppl 14.46
| epoch   1 step     4000 |   4000 batches | lr 0.0005 | ms/batch 2064.14 | loss  2.67 | avg loss  2.67 | ppl 14.46
saving checkpoint ./trained_models/GPT2_M/e2e/model.4000.pt
eval samples: 0 loss: tensor(1.2674, device='cuda:0')
eval samples: 100 loss: tensor(0.8591, device='cuda:0')
eval samples: 200 loss: tensor(1.3803, device='cuda:0')
eval samples: 300 loss: tensor(1.2223, device='cuda:0')
eval samples: 400 loss: tensor(0.9666, device='cuda:0')
eval samples: 500 loss: tensor(0.6151, device='cuda:0')
eval samples: 600 loss: tensor(1.2766, device='cuda:0')
eval samples: 700 loss: tensor(0.7452, device='cuda:0')
eval samples: 800 loss: tensor(1.2028, device='cuda:0')
eval samples: 900 loss: tensor(1.8512, device='cuda:0')
eval samples: 1000 loss: tensor(0.9699, device='cuda:0')
eval samples: 1100 loss: tensor(1.5258, device='cuda:0')
average loss 1.2733841520568279
----------------------------------------------------------------------------------------------------
| Eval   2 at step     4000 | time: 612.34s | valid loss  1.27 | valid ppl  3.57 | best ppl  3.57 
----------------------------------------------------------------------------------------------------
| epoch   1 step     4100 |   4100 batches | lr 0.0005 | ms/batch 8317.89 | loss  2.78 | avg loss  2.62 | ppl 13.78
| epoch   1 step     4200 |   4200 batches | lr 0.0005 | ms/batch 2192.17 | loss  2.71 | avg loss  2.63 | ppl 13.94
| epoch   1 step     4300 |   4300 batches | lr 0.0005 | ms/batch 2198.82 | loss  2.43 | avg loss  2.59 | ppl 13.36
| epoch   1 step     4400 |   4400 batches | lr 0.0005 | ms/batch 2189.31 | loss  2.65 | avg loss  2.62 | ppl 13.80
| epoch   1 step     4500 |   4500 batches | lr 0.0005 | ms/batch 2181.97 | loss  2.79 | avg loss  2.65 | ppl 14.11
| epoch   1 step     4600 |   4600 batches | lr 0.0005 | ms/batch 2177.52 | loss  2.60 | avg loss  2.66 | ppl 14.28
| epoch   1 step     4700 |   4700 batches | lr 0.0005 | ms/batch 2193.47 | loss  2.42 | avg loss  2.65 | ppl 14.13
| epoch   1 step     4800 |   4800 batches | lr 0.0005 | ms/batch 2182.43 | loss  2.87 | avg loss  2.62 | ppl 13.67
| epoch   1 step     4900 |   4900 batches | lr 0.0005 | ms/batch 2200.89 | loss  2.70 | avg loss  2.63 | ppl 13.87
| epoch   1 step     5000 |   5000 batches | lr 0.0005 | ms/batch 2167.31 | loss  2.32 | avg loss  2.60 | ppl 13.51
saving checkpoint ./trained_models/GPT2_M/e2e/model.5000.pt
| epoch   1 step     5100 |   5100 batches | lr 0.0005 | ms/batch 2170.22 | loss  2.71 | avg loss  2.64 | ppl 14.03
| epoch   1 step     5200 |   5200 batches | lr 0.0005 | ms/batch 2184.42 | loss  2.76 | avg loss  2.63 | ppl 13.94
saving checkpoint ./trained_models/GPT2_M/e2e/model.5258.pt
start to train the model................ 2
| epoch   2 step     5300 |     42 batches | lr 0.0005 | ms/batch 933.16 | loss  2.44 | avg loss  2.57 | ppl 13.05
| epoch   2 step     5400 |    142 batches | lr 0.0005 | ms/batch 2169.60 | loss  2.55 | avg loss  2.63 | ppl 13.92
| epoch   2 step     5500 |    242 batches | lr 0.0005 | ms/batch 2038.79 | loss  2.65 | avg loss  2.62 | ppl 13.72
| epoch   2 step     5600 |    342 batches | lr 0.0005 | ms/batch 1626.58 | loss  2.28 | avg loss  2.64 | ppl 14.00
| epoch   2 step     5700 |    442 batches | lr 0.0005 | ms/batch 1629.94 | loss  2.55 | avg loss  2.63 | ppl 13.92
| epoch   2 step     5800 |    542 batches | lr 0.0005 | ms/batch 1636.49 | loss  2.58 | avg loss  2.61 | ppl 13.55
| epoch   2 step     5900 |    642 batches | lr 0.0005 | ms/batch 1571.02 | loss  2.71 | avg loss  2.63 | ppl 13.85
| epoch   2 step     6000 |    742 batches | lr 0.0005 | ms/batch 1535.60 | loss  2.36 | avg loss  2.60 | ppl 13.43
saving checkpoint ./trained_models/GPT2_M/e2e/model.6000.pt
eval samples: 0 loss: tensor(1.2456, device='cuda:0')
eval samples: 100 loss: tensor(0.9029, device='cuda:0')
eval samples: 200 loss: tensor(1.3290, device='cuda:0')
eval samples: 300 loss: tensor(1.2120, device='cuda:0')
eval samples: 400 loss: tensor(1.0556, device='cuda:0')
eval samples: 500 loss: tensor(0.5449, device='cuda:0')
eval samples: 600 loss: tensor(1.2532, device='cuda:0')
eval samples: 700 loss: tensor(0.7881, device='cuda:0')
eval samples: 800 loss: tensor(1.2500, device='cuda:0')
eval samples: 900 loss: tensor(1.8668, device='cuda:0')
eval samples: 1000 loss: tensor(1.0129, device='cuda:0')
eval samples: 1100 loss: tensor(1.5619, device='cuda:0')
average loss 1.2706888288463631
----------------------------------------------------------------------------------------------------
| Eval   3 at step     6000 | time: 443.48s | valid loss  1.27 | valid ppl  3.56 | best ppl  3.56 
----------------------------------------------------------------------------------------------------
| epoch   2 step     6100 |    842 batches | lr 0.0005 | ms/batch 6063.62 | loss  2.37 | avg loss  2.62 | ppl 13.77
| epoch   2 step     6200 |    942 batches | lr 0.0005 | ms/batch 1632.05 | loss  2.48 | avg loss  2.62 | ppl 13.78
| epoch   2 step     6300 |   1042 batches | lr 0.0005 | ms/batch 1631.23 | loss  2.79 | avg loss  2.62 | ppl 13.79
| epoch   2 step     6400 |   1142 batches | lr 0.0005 | ms/batch 1632.04 | loss  2.45 | avg loss  2.63 | ppl 13.84
| epoch   2 step     6500 |   1242 batches | lr 0.0005 | ms/batch 1631.93 | loss  2.39 | avg loss  2.65 | ppl 14.11
| epoch   2 step     6600 |   1342 batches | lr 0.0005 | ms/batch 1632.08 | loss  2.89 | avg loss  2.61 | ppl 13.66
| epoch   2 step     6700 |   1442 batches | lr 0.0005 | ms/batch 1631.95 | loss  2.64 | avg loss  2.63 | ppl 13.84
| epoch   2 step     6800 |   1542 batches | lr 0.0005 | ms/batch 1631.47 | loss  2.60 | avg loss  2.64 | ppl 13.97
| epoch   2 step     6900 |   1642 batches | lr 0.0005 | ms/batch 1633.67 | loss  2.58 | avg loss  2.57 | ppl 13.12
| epoch   2 step     7000 |   1742 batches | lr 0.0005 | ms/batch 1631.93 | loss  2.77 | avg loss  2.63 | ppl 13.89
saving checkpoint ./trained_models/GPT2_M/e2e/model.7000.pt
| epoch   2 step     7100 |   1842 batches | lr 0.0005 | ms/batch 1629.45 | loss  2.77 | avg loss  2.62 | ppl 13.73
| epoch   2 step     7200 |   1942 batches | lr 0.0005 | ms/batch 1633.32 | loss  2.66 | avg loss  2.62 | ppl 13.71
| epoch   2 step     7300 |   2042 batches | lr 0.0005 | ms/batch 1631.70 | loss  2.47 | avg loss  2.59 | ppl 13.38
| epoch   2 step     7400 |   2142 batches | lr 0.0005 | ms/batch 1625.28 | loss  2.95 | avg loss  2.59 | ppl 13.34
| epoch   2 step     7500 |   2242 batches | lr 0.0005 | ms/batch 1630.02 | loss  2.85 | avg loss  2.65 | ppl 14.10
| epoch   2 step     7600 |   2342 batches | lr 0.0005 | ms/batch 1633.91 | loss  2.36 | avg loss  2.60 | ppl 13.45
| epoch   2 step     7700 |   2442 batches | lr 0.0005 | ms/batch 1631.08 | loss  2.77 | avg loss  2.61 | ppl 13.55
| epoch   2 step     7800 |   2542 batches | lr 0.0005 | ms/batch 1631.32 | loss  2.67 | avg loss  2.59 | ppl 13.29
| epoch   2 step     7900 |   2642 batches | lr 0.0005 | ms/batch 1580.96 | loss  2.98 | avg loss  2.64 | ppl 14.04
| epoch   2 step     8000 |   2742 batches | lr 0.0005 | ms/batch 1547.58 | loss  2.69 | avg loss  2.64 | ppl 14.07
saving checkpoint ./trained_models/GPT2_M/e2e/model.8000.pt
eval samples: 0 loss: tensor(1.2951, device='cuda:0')
eval samples: 100 loss: tensor(0.9437, device='cuda:0')
eval samples: 200 loss: tensor(1.4109, device='cuda:0')
eval samples: 300 loss: tensor(1.2023, device='cuda:0')
eval samples: 400 loss: tensor(0.9864, device='cuda:0')
eval samples: 500 loss: tensor(0.5964, device='cuda:0')
eval samples: 600 loss: tensor(1.1559, device='cuda:0')
eval samples: 700 loss: tensor(0.7713, device='cuda:0')
eval samples: 800 loss: tensor(1.1898, device='cuda:0')
eval samples: 900 loss: tensor(1.8506, device='cuda:0')
eval samples: 1000 loss: tensor(1.0454, device='cuda:0')
eval samples: 1100 loss: tensor(1.5056, device='cuda:0')
average loss 1.2652435802331525
----------------------------------------------------------------------------------------------------
| Eval   4 at step     8000 | time: 442.77s | valid loss  1.27 | valid ppl  3.54 | best ppl  3.54 
----------------------------------------------------------------------------------------------------
| epoch   2 step     8100 |   2842 batches | lr 0.0005 | ms/batch 6056.99 | loss  2.51 | avg loss  2.61 | ppl 13.56
| epoch   2 step     8200 |   2942 batches | lr 0.0005 | ms/batch 1630.96 | loss  2.65 | avg loss  2.66 | ppl 14.35
| epoch   2 step     8300 |   3042 batches | lr 0.0005 | ms/batch 1629.34 | loss  2.56 | avg loss  2.63 | ppl 13.85
| epoch   2 step     8400 |   3142 batches | lr 0.0005 | ms/batch 1626.85 | loss  2.74 | avg loss  2.62 | ppl 13.71
| epoch   2 step     8500 |   3242 batches | lr 0.0005 | ms/batch 1624.54 | loss  2.64 | avg loss  2.63 | ppl 13.83
| epoch   2 step     8600 |   3342 batches | lr 0.0005 | ms/batch 1630.66 | loss  2.61 | avg loss  2.60 | ppl 13.51
| epoch   2 step     8700 |   3442 batches | lr 0.0005 | ms/batch 1634.44 | loss  2.96 | avg loss  2.61 | ppl 13.65
| epoch   2 step     8800 |   3542 batches | lr 0.0005 | ms/batch 1631.64 | loss  2.47 | avg loss  2.61 | ppl 13.61
| epoch   2 step     8900 |   3642 batches | lr 0.0005 | ms/batch 1630.24 | loss  2.71 | avg loss  2.63 | ppl 13.89
| epoch   2 step     9000 |   3742 batches | lr 0.0005 | ms/batch 1630.45 | loss  2.64 | avg loss  2.63 | ppl 13.85
saving checkpoint ./trained_models/GPT2_M/e2e/model.9000.pt
| epoch   2 step     9100 |   3842 batches | lr 0.0005 | ms/batch 1635.24 | loss  2.58 | avg loss  2.63 | ppl 13.82
| epoch   2 step     9200 |   3942 batches | lr 0.0005 | ms/batch 1629.90 | loss  2.72 | avg loss  2.62 | ppl 13.77
| epoch   2 step     9300 |   4042 batches | lr 0.0005 | ms/batch 1630.54 | loss  2.56 | avg loss  2.64 | ppl 13.95
| epoch   2 step     9400 |   4142 batches | lr 0.0005 | ms/batch 1633.95 | loss  2.62 | avg loss  2.62 | ppl 13.79
| epoch   2 step     9500 |   4242 batches | lr 0.0005 | ms/batch 1635.29 | loss  2.63 | avg loss  2.62 | ppl 13.72
| epoch   2 step     9600 |   4342 batches | lr 0.0005 | ms/batch 1633.00 | loss  2.95 | avg loss  2.63 | ppl 13.85
| epoch   2 step     9700 |   4442 batches | lr 0.0005 | ms/batch 1633.15 | loss  2.35 | avg loss  2.61 | ppl 13.63
| epoch   2 step     9800 |   4542 batches | lr 0.0005 | ms/batch 1632.90 | loss  2.61 | avg loss  2.61 | ppl 13.63
| epoch   2 step     9900 |   4642 batches | lr 0.0005 | ms/batch 1580.80 | loss  2.30 | avg loss  2.60 | ppl 13.50
| epoch   2 step    10000 |   4742 batches | lr 0.0005 | ms/batch 1542.68 | loss  2.70 | avg loss  2.64 | ppl 14.04
saving checkpoint ./trained_models/GPT2_M/e2e/model.10000.pt
eval samples: 0 loss: tensor(1.2805, device='cuda:0')
eval samples: 100 loss: tensor(0.9522, device='cuda:0')
eval samples: 200 loss: tensor(1.4076, device='cuda:0')
eval samples: 300 loss: tensor(1.1926, device='cuda:0')
eval samples: 400 loss: tensor(0.9827, device='cuda:0')
eval samples: 500 loss: tensor(0.6372, device='cuda:0')
eval samples: 600 loss: tensor(1.2986, device='cuda:0')
eval samples: 700 loss: tensor(0.8071, device='cuda:0')
eval samples: 800 loss: tensor(1.2388, device='cuda:0')
eval samples: 900 loss: tensor(1.7724, device='cuda:0')
eval samples: 1000 loss: tensor(1.1021, device='cuda:0')
eval samples: 1100 loss: tensor(1.5892, device='cuda:0')
average loss 1.2951163058615711
----------------------------------------------------------------------------------------------------
| Eval   5 at step    10000 | time: 445.77s | valid loss  1.30 | valid ppl  3.65 | best ppl  3.54 
----------------------------------------------------------------------------------------------------
| epoch   2 step    10100 |   4842 batches | lr 0.0005 | ms/batch 6091.31 | loss  2.43 | avg loss  2.62 | ppl 13.71
| epoch   2 step    10200 |   4942 batches | lr 0.0005 | ms/batch 1635.92 | loss  2.49 | avg loss  2.63 | ppl 13.91
| epoch   2 step    10300 |   5042 batches | lr 0.0005 | ms/batch 1631.74 | loss  2.95 | avg loss  2.61 | ppl 13.64
| epoch   2 step    10400 |   5142 batches | lr 0.0005 | ms/batch 1598.25 | loss  2.72 | avg loss  2.61 | ppl 13.62
| epoch   2 step    10500 |   5242 batches | lr 0.0005 | ms/batch 1633.25 | loss  2.60 | avg loss  2.59 | ppl 13.36
saving checkpoint ./trained_models/GPT2_M/e2e/model.10516.pt
start to train the model................ 3
| epoch   3 step    10600 |     84 batches | lr 0.0005 | ms/batch 1373.43 | loss  2.27 | avg loss  2.60 | ppl 13.52
| epoch   3 step    10700 |    184 batches | lr 0.0005 | ms/batch 1632.92 | loss  2.76 | avg loss  2.62 | ppl 13.72
| epoch   3 step    10800 |    284 batches | lr 0.0005 | ms/batch 1633.37 | loss  2.86 | avg loss  2.60 | ppl 13.50
| epoch   3 step    10900 |    384 batches | lr 0.0005 | ms/batch 1633.55 | loss  2.89 | avg loss  2.60 | ppl 13.52
| epoch   3 step    11000 |    484 batches | lr 0.0005 | ms/batch 1632.95 | loss  2.77 | avg loss  2.61 | ppl 13.60
saving checkpoint ./trained_models/GPT2_M/e2e/model.11000.pt
| epoch   3 step    11100 |    584 batches | lr 0.0005 | ms/batch 1632.99 | loss  2.73 | avg loss  2.67 | ppl 14.44
| epoch   3 step    11200 |    684 batches | lr 0.0005 | ms/batch 1633.14 | loss  2.63 | avg loss  2.61 | ppl 13.61
| epoch   3 step    11300 |    784 batches | lr 0.0005 | ms/batch 1632.22 | loss  2.68 | avg loss  2.64 | ppl 13.95
| epoch   3 step    11400 |    884 batches | lr 0.0005 | ms/batch 1629.70 | loss  2.62 | avg loss  2.62 | ppl 13.73
| epoch   3 step    11500 |    984 batches | lr 0.0005 | ms/batch 1631.47 | loss  2.37 | avg loss  2.62 | ppl 13.80
| epoch   3 step    11600 |   1084 batches | lr 0.0005 | ms/batch 1631.52 | loss  2.29 | avg loss  2.58 | ppl 13.16
| epoch   3 step    11700 |   1184 batches | lr 0.0005 | ms/batch 1631.84 | loss  2.42 | avg loss  2.60 | ppl 13.48
| epoch   3 step    11800 |   1284 batches | lr 0.0005 | ms/batch 1628.47 | loss  2.61 | avg loss  2.58 | ppl 13.16
| epoch   3 step    11900 |   1384 batches | lr 0.0005 | ms/batch 1573.56 | loss  2.51 | avg loss  2.59 | ppl 13.38
| epoch   3 step    12000 |   1484 batches | lr 0.0005 | ms/batch 1538.02 | loss  2.69 | avg loss  2.61 | ppl 13.58
saving checkpoint ./trained_models/GPT2_M/e2e/model.12000.pt
eval samples: 0 loss: tensor(1.2185, device='cuda:0')
eval samples: 100 loss: tensor(0.8913, device='cuda:0')
eval samples: 200 loss: tensor(1.3342, device='cuda:0')
eval samples: 300 loss: tensor(1.2152, device='cuda:0')
eval samples: 400 loss: tensor(0.9484, device='cuda:0')
eval samples: 500 loss: tensor(0.6089, device='cuda:0')
eval samples: 600 loss: tensor(1.3154, device='cuda:0')
eval samples: 700 loss: tensor(0.7694, device='cuda:0')
eval samples: 800 loss: tensor(1.2393, device='cuda:0')
eval samples: 900 loss: tensor(1.8027, device='cuda:0')
eval samples: 1000 loss: tensor(1.0463, device='cuda:0')
eval samples: 1100 loss: tensor(1.5958, device='cuda:0')
average loss 1.2653472600632334
----------------------------------------------------------------------------------------------------
| Eval   6 at step    12000 | time: 444.57s | valid loss  1.27 | valid ppl  3.54 | best ppl  3.54 
----------------------------------------------------------------------------------------------------
| epoch   3 step    12100 |   1584 batches | lr 0.0005 | ms/batch 6078.27 | loss  2.61 | avg loss  2.63 | ppl 13.82
| epoch   3 step    12200 |   1684 batches | lr 0.0005 | ms/batch 1630.71 | loss  2.52 | avg loss  2.64 | ppl 13.97
| epoch   3 step    12300 |   1784 batches | lr 0.0005 | ms/batch 1631.95 | loss  2.57 | avg loss  2.62 | ppl 13.80
| epoch   3 step    12400 |   1884 batches | lr 0.0005 | ms/batch 1632.56 | loss  2.62 | avg loss  2.59 | ppl 13.29
| epoch   3 step    12500 |   1984 batches | lr 0.0005 | ms/batch 1633.15 | loss  2.91 | avg loss  2.61 | ppl 13.63
| epoch   3 step    12600 |   2084 batches | lr 0.0005 | ms/batch 1632.46 | loss  2.93 | avg loss  2.55 | ppl 12.86
| epoch   3 step    12700 |   2184 batches | lr 0.0005 | ms/batch 1631.17 | loss  2.45 | avg loss  2.61 | ppl 13.61
| epoch   3 step    12800 |   2284 batches | lr 0.0005 | ms/batch 1633.18 | loss  2.73 | avg loss  2.61 | ppl 13.57
| epoch   3 step    12900 |   2384 batches | lr 0.0005 | ms/batch 1632.05 | loss  2.51 | avg loss  2.62 | ppl 13.68
| epoch   3 step    13000 |   2484 batches | lr 0.0005 | ms/batch 1634.73 | loss  3.16 | avg loss  2.64 | ppl 13.98
saving checkpoint ./trained_models/GPT2_M/e2e/model.13000.pt
| epoch   3 step    13100 |   2584 batches | lr 0.0005 | ms/batch 1632.59 | loss  2.43 | avg loss  2.59 | ppl 13.27
| epoch   3 step    13200 |   2684 batches | lr 0.0005 | ms/batch 1632.31 | loss  2.53 | avg loss  2.65 | ppl 14.17
| epoch   3 step    13300 |   2784 batches | lr 0.0005 | ms/batch 1631.95 | loss  2.52 | avg loss  2.59 | ppl 13.29
| epoch   3 step    13400 |   2884 batches | lr 0.0005 | ms/batch 1630.66 | loss  2.75 | avg loss  2.59 | ppl 13.33
| epoch   3 step    13500 |   2984 batches | lr 0.0005 | ms/batch 1629.27 | loss  3.00 | avg loss  2.64 | ppl 13.96
| epoch   3 step    13600 |   3084 batches | lr 0.0005 | ms/batch 1633.42 | loss  2.41 | avg loss  2.62 | ppl 13.79
| epoch   3 step    13700 |   3184 batches | lr 0.0005 | ms/batch 1633.45 | loss  2.76 | avg loss  2.65 | ppl 14.18
| epoch   3 step    13800 |   3284 batches | lr 0.0005 | ms/batch 1634.19 | loss  2.36 | avg loss  2.59 | ppl 13.30
| epoch   3 step    13900 |   3384 batches | lr 0.0005 | ms/batch 1574.32 | loss  3.06 | avg loss  2.64 | ppl 13.98
| epoch   3 step    14000 |   3484 batches | lr 0.0005 | ms/batch 1541.21 | loss  2.81 | avg loss  2.64 | ppl 14.06
saving checkpoint ./trained_models/GPT2_M/e2e/model.14000.pt
eval samples: 0 loss: tensor(1.1799, device='cuda:0')
eval samples: 100 loss: tensor(0.9145, device='cuda:0')
eval samples: 200 loss: tensor(1.3987, device='cuda:0')
eval samples: 300 loss: tensor(1.1095, device='cuda:0')
eval samples: 400 loss: tensor(0.9699, device='cuda:0')
eval samples: 500 loss: tensor(0.5395, device='cuda:0')
eval samples: 600 loss: tensor(1.3154, device='cuda:0')
eval samples: 700 loss: tensor(0.7563, device='cuda:0')
eval samples: 800 loss: tensor(1.1770, device='cuda:0')
eval samples: 900 loss: tensor(1.8975, device='cuda:0')
eval samples: 1000 loss: tensor(1.0276, device='cuda:0')
eval samples: 1100 loss: tensor(1.4726, device='cuda:0')
average loss 1.2378204326872548
----------------------------------------------------------------------------------------------------
| Eval   7 at step    14000 | time: 446.65s | valid loss  1.24 | valid ppl  3.45 | best ppl  3.45 
----------------------------------------------------------------------------------------------------
| epoch   3 step    14100 |   3584 batches | lr 0.0005 | ms/batch 6100.36 | loss  2.64 | avg loss  2.56 | ppl 12.94
| epoch   3 step    14200 |   3684 batches | lr 0.0005 | ms/batch 1633.67 | loss  2.63 | avg loss  2.59 | ppl 13.32
| epoch   3 step    14300 |   3784 batches | lr 0.0005 | ms/batch 1633.87 | loss  2.86 | avg loss  2.59 | ppl 13.36
| epoch   3 step    14400 |   3884 batches | lr 0.0005 | ms/batch 1633.79 | loss  2.39 | avg loss  2.61 | ppl 13.57
| epoch   3 step    14500 |   3984 batches | lr 0.0005 | ms/batch 1633.43 | loss  2.48 | avg loss  2.62 | ppl 13.73
| epoch   3 step    14600 |   4084 batches | lr 0.0005 | ms/batch 1634.68 | loss  2.55 | avg loss  2.63 | ppl 13.82
| epoch   3 step    14700 |   4184 batches | lr 0.0005 | ms/batch 1634.26 | loss  2.53 | avg loss  2.59 | ppl 13.29
| epoch   3 step    14800 |   4284 batches | lr 0.0005 | ms/batch 1633.03 | loss  2.61 | avg loss  2.64 | ppl 13.98
| epoch   3 step    14900 |   4384 batches | lr 0.0005 | ms/batch 1633.85 | loss  2.53 | avg loss  2.61 | ppl 13.54
| epoch   3 step    15000 |   4484 batches | lr 0.0005 | ms/batch 1632.30 | loss  2.95 | avg loss  2.64 | ppl 14.04
saving checkpoint ./trained_models/GPT2_M/e2e/model.15000.pt
| epoch   3 step    15100 |   4584 batches | lr 0.0005 | ms/batch 1632.75 | loss  2.44 | avg loss  2.60 | ppl 13.49
| epoch   3 step    15200 |   4684 batches | lr 0.0005 | ms/batch 1633.57 | loss  2.60 | avg loss  2.59 | ppl 13.37
| epoch   3 step    15300 |   4784 batches | lr 0.0005 | ms/batch 1633.83 | loss  2.59 | avg loss  2.64 | ppl 13.98
| epoch   3 step    15400 |   4884 batches | lr 0.0005 | ms/batch 1633.31 | loss  2.47 | avg loss  2.61 | ppl 13.65
| epoch   3 step    15500 |   4984 batches | lr 0.0005 | ms/batch 1634.10 | loss  2.54 | avg loss  2.62 | ppl 13.70
| epoch   3 step    15600 |   5084 batches | lr 0.0005 | ms/batch 1634.09 | loss  2.67 | avg loss  2.60 | ppl 13.49
| epoch   3 step    15700 |   5184 batches | lr 0.0005 | ms/batch 1603.93 | loss  2.63 | avg loss  2.58 | ppl 13.18
saving checkpoint ./trained_models/GPT2_M/e2e/model.15774.pt
start to train the model................ 4
| epoch   4 step    15800 |     26 batches | lr 0.0005 | ms/batch 424.74 | loss  2.43 | avg loss  2.58 | ppl 13.18
| epoch   4 step    15900 |    126 batches | lr 0.0005 | ms/batch 1571.47 | loss  2.46 | avg loss  2.59 | ppl 13.34
| epoch   4 step    16000 |    226 batches | lr 0.0005 | ms/batch 1542.36 | loss  2.60 | avg loss  2.62 | ppl 13.77
saving checkpoint ./trained_models/GPT2_M/e2e/model.16000.pt
eval samples: 0 loss: tensor(1.2234, device='cuda:0')
eval samples: 100 loss: tensor(0.8558, device='cuda:0')
eval samples: 200 loss: tensor(1.4267, device='cuda:0')
eval samples: 300 loss: tensor(1.1884, device='cuda:0')
eval samples: 400 loss: tensor(0.9382, device='cuda:0')
eval samples: 500 loss: tensor(0.5262, device='cuda:0')
eval samples: 600 loss: tensor(1.2300, device='cuda:0')
eval samples: 700 loss: tensor(0.7310, device='cuda:0')
eval samples: 800 loss: tensor(1.2198, device='cuda:0')
eval samples: 900 loss: tensor(1.8210, device='cuda:0')
eval samples: 1000 loss: tensor(0.9726, device='cuda:0')
eval samples: 1100 loss: tensor(1.5911, device='cuda:0')
average loss 1.2455838395359173
----------------------------------------------------------------------------------------------------
| Eval   8 at step    16000 | time: 445.22s | valid loss  1.25 | valid ppl  3.47 | best ppl  3.47 
----------------------------------------------------------------------------------------------------
| epoch   4 step    16100 |    326 batches | lr 0.0005 | ms/batch 6084.72 | loss  2.82 | avg loss  2.58 | ppl 13.26
| epoch   4 step    16200 |    426 batches | lr 0.0005 | ms/batch 1630.59 | loss  2.56 | avg loss  2.60 | ppl 13.43
| epoch   4 step    16300 |    526 batches | lr 0.0005 | ms/batch 1628.09 | loss  2.95 | avg loss  2.58 | ppl 13.22
| epoch   4 step    16400 |    626 batches | lr 0.0005 | ms/batch 1635.17 | loss  3.00 | avg loss  2.60 | ppl 13.50
| epoch   4 step    16500 |    726 batches | lr 0.0005 | ms/batch 1633.83 | loss  2.79 | avg loss  2.63 | ppl 13.84
| epoch   4 step    16600 |    826 batches | lr 0.0005 | ms/batch 1634.36 | loss  2.79 | avg loss  2.60 | ppl 13.45
| epoch   4 step    16700 |    926 batches | lr 0.0005 | ms/batch 1634.28 | loss  2.78 | avg loss  2.62 | ppl 13.71
| epoch   4 step    16800 |   1026 batches | lr 0.0005 | ms/batch 1678.52 | loss  2.72 | avg loss  2.61 | ppl 13.65
| epoch   4 step    16900 |   1126 batches | lr 0.0005 | ms/batch 2192.24 | loss  2.25 | avg loss  2.58 | ppl 13.21
| epoch   4 step    17000 |   1226 batches | lr 0.0005 | ms/batch 2166.08 | loss  2.49 | avg loss  2.57 | ppl 13.12
saving checkpoint ./trained_models/GPT2_M/e2e/model.17000.pt
| epoch   4 step    17100 |   1326 batches | lr 0.0005 | ms/batch 2213.61 | loss  2.76 | avg loss  2.63 | ppl 13.91
| epoch   4 step    17200 |   1426 batches | lr 0.0005 | ms/batch 2173.11 | loss  2.52 | avg loss  2.58 | ppl 13.14
| epoch   4 step    17300 |   1526 batches | lr 0.0005 | ms/batch 2196.36 | loss  2.45 | avg loss  2.61 | ppl 13.63
| epoch   4 step    17400 |   1626 batches | lr 0.0005 | ms/batch 2181.98 | loss  2.39 | avg loss  2.62 | ppl 13.69
| epoch   4 step    17500 |   1726 batches | lr 0.0005 | ms/batch 2157.50 | loss  2.88 | avg loss  2.62 | ppl 13.80
| epoch   4 step    17600 |   1826 batches | lr 0.0005 | ms/batch 2189.34 | loss  2.99 | avg loss  2.62 | ppl 13.80
| epoch   4 step    17700 |   1926 batches | lr 0.0005 | ms/batch 2185.49 | loss  2.52 | avg loss  2.60 | ppl 13.41
| epoch   4 step    17800 |   2026 batches | lr 0.0005 | ms/batch 2176.49 | loss  2.90 | avg loss  2.64 | ppl 14.01
| epoch   4 step    17900 |   2126 batches | lr 0.0005 | ms/batch 2124.67 | loss  2.61 | avg loss  2.60 | ppl 13.45
| epoch   4 step    18000 |   2226 batches | lr 0.0005 | ms/batch 2051.00 | loss  3.25 | avg loss  2.60 | ppl 13.53
saving checkpoint ./trained_models/GPT2_M/e2e/model.18000.pt
eval samples: 0 loss: tensor(1.2985, device='cuda:0')
eval samples: 100 loss: tensor(0.8819, device='cuda:0')
eval samples: 200 loss: tensor(1.4676, device='cuda:0')
eval samples: 300 loss: tensor(1.1036, device='cuda:0')
eval samples: 400 loss: tensor(0.9632, device='cuda:0')
eval samples: 500 loss: tensor(0.6604, device='cuda:0')
eval samples: 600 loss: tensor(1.2610, device='cuda:0')
eval samples: 700 loss: tensor(0.7996, device='cuda:0')
eval samples: 800 loss: tensor(1.2047, device='cuda:0')
eval samples: 900 loss: tensor(1.7756, device='cuda:0')
eval samples: 1000 loss: tensor(1.0440, device='cuda:0')
eval samples: 1100 loss: tensor(1.5759, device='cuda:0')
average loss 1.2543234468935287
----------------------------------------------------------------------------------------------------
| Eval   9 at step    18000 | time: 612.52s | valid loss  1.25 | valid ppl  3.51 | best ppl  3.47 
----------------------------------------------------------------------------------------------------
| epoch   4 step    18100 |   2326 batches | lr 0.0005 | ms/batch 8324.59 | loss  2.73 | avg loss  2.60 | ppl 13.40
| epoch   4 step    18200 |   2426 batches | lr 0.0005 | ms/batch 2175.43 | loss  2.47 | avg loss  2.60 | ppl 13.49
| epoch   4 step    18300 |   2526 batches | lr 0.0005 | ms/batch 2207.88 | loss  2.45 | avg loss  2.62 | ppl 13.69
| epoch   4 step    18400 |   2626 batches | lr 0.0005 | ms/batch 2169.59 | loss  2.73 | avg loss  2.59 | ppl 13.37
| epoch   4 step    18500 |   2726 batches | lr 0.0005 | ms/batch 2201.50 | loss  2.59 | avg loss  2.58 | ppl 13.21
| epoch   4 step    18600 |   2826 batches | lr 0.0005 | ms/batch 2171.90 | loss  2.34 | avg loss  2.63 | ppl 13.81
| epoch   4 step    18700 |   2926 batches | lr 0.0005 | ms/batch 2197.18 | loss  2.37 | avg loss  2.59 | ppl 13.31
| epoch   4 step    18800 |   3026 batches | lr 0.0005 | ms/batch 2181.69 | loss  2.35 | avg loss  2.62 | ppl 13.74
| epoch   4 step    18900 |   3126 batches | lr 0.0005 | ms/batch 2204.69 | loss  2.56 | avg loss  2.61 | ppl 13.65
| epoch   4 step    19000 |   3226 batches | lr 0.0005 | ms/batch 2181.02 | loss  2.92 | avg loss  2.62 | ppl 13.68
saving checkpoint ./trained_models/GPT2_M/e2e/model.19000.pt
| epoch   4 step    19100 |   3326 batches | lr 0.0005 | ms/batch 2196.15 | loss  2.85 | avg loss  2.60 | ppl 13.43
| epoch   4 step    19200 |   3426 batches | lr 0.0005 | ms/batch 2181.71 | loss  2.70 | avg loss  2.58 | ppl 13.21
| epoch   4 step    19300 |   3526 batches | lr 0.0005 | ms/batch 2197.25 | loss  2.66 | avg loss  2.62 | ppl 13.76
| epoch   4 step    19400 |   3626 batches | lr 0.0005 | ms/batch 2182.75 | loss  2.82 | avg loss  2.61 | ppl 13.57
| epoch   4 step    19500 |   3726 batches | lr 0.0005 | ms/batch 2190.80 | loss  2.34 | avg loss  2.61 | ppl 13.53
| epoch   4 step    19600 |   3826 batches | lr 0.0005 | ms/batch 2188.22 | loss  2.81 | avg loss  2.61 | ppl 13.58
| epoch   4 step    19700 |   3926 batches | lr 0.0005 | ms/batch 2196.17 | loss  2.68 | avg loss  2.60 | ppl 13.47
| epoch   4 step    19800 |   4026 batches | lr 0.0005 | ms/batch 2191.00 | loss  2.57 | avg loss  2.61 | ppl 13.54
| epoch   4 step    19900 |   4126 batches | lr 0.0005 | ms/batch 2116.13 | loss  2.42 | avg loss  2.64 | ppl 14.08
| epoch   4 step    20000 |   4226 batches | lr 0.0005 | ms/batch 2082.88 | loss  2.48 | avg loss  2.60 | ppl 13.51
saving checkpoint ./trained_models/GPT2_M/e2e/model.20000.pt
eval samples: 0 loss: tensor(1.2866, device='cuda:0')
eval samples: 100 loss: tensor(0.9376, device='cuda:0')
eval samples: 200 loss: tensor(1.3838, device='cuda:0')
eval samples: 300 loss: tensor(1.1799, device='cuda:0')
eval samples: 400 loss: tensor(1.0249, device='cuda:0')
eval samples: 500 loss: tensor(0.6183, device='cuda:0')
eval samples: 600 loss: tensor(1.2818, device='cuda:0')
eval samples: 700 loss: tensor(0.8338, device='cuda:0')
eval samples: 800 loss: tensor(1.1633, device='cuda:0')
eval samples: 900 loss: tensor(1.7377, device='cuda:0')
eval samples: 1000 loss: tensor(1.0357, device='cuda:0')
eval samples: 1100 loss: tensor(1.5844, device='cuda:0')
average loss 1.258727547393678
----------------------------------------------------------------------------------------------------
| Eval  10 at step    20000 | time: 536.70s | valid loss  1.26 | valid ppl  3.52 | best ppl  3.47 
----------------------------------------------------------------------------------------------------
| epoch   4 step    20100 |   4326 batches | lr 0.0005 | ms/batch 6998.48 | loss  2.52 | avg loss  2.60 | ppl 13.41
| epoch   4 step    20200 |   4426 batches | lr 0.0005 | ms/batch 1631.63 | loss  2.64 | avg loss  2.61 | ppl 13.65
| epoch   4 step    20300 |   4526 batches | lr 0.0005 | ms/batch 2091.48 | loss  2.64 | avg loss  2.63 | ppl 13.85
| epoch   4 step    20400 |   4626 batches | lr 0.0005 | ms/batch 2181.51 | loss  2.60 | avg loss  2.61 | ppl 13.62
| epoch   4 step    20500 |   4726 batches | lr 0.0005 | ms/batch 2177.96 | loss  2.78 | avg loss  2.59 | ppl 13.39
| epoch   4 step    20600 |   4826 batches | lr 0.0005 | ms/batch 2182.43 | loss  2.76 | avg loss  2.64 | ppl 14.08
| epoch   4 step    20700 |   4926 batches | lr 0.0005 | ms/batch 2192.57 | loss  2.64 | avg loss  2.60 | ppl 13.44
| epoch   4 step    20800 |   5026 batches | lr 0.0005 | ms/batch 2156.38 | loss  2.37 | avg loss  2.63 | ppl 13.93
| epoch   4 step    20900 |   5126 batches | lr 0.0005 | ms/batch 2137.72 | loss  2.56 | avg loss  2.59 | ppl 13.35
| epoch   4 step    21000 |   5226 batches | lr 0.0005 | ms/batch 2168.30 | loss  2.40 | avg loss  2.60 | ppl 13.53
saving checkpoint ./trained_models/GPT2_M/e2e/model.21000.pt
saving checkpoint ./trained_models/GPT2_M/e2e/model.21032.pt
start to train the model................ 5
| epoch   5 step    21100 |     68 batches | lr 0.0005 | ms/batch 1479.97 | loss  2.77 | avg loss  2.62 | ppl 13.78
| epoch   5 step    21200 |    168 batches | lr 0.0005 | ms/batch 2186.92 | loss  2.72 | avg loss  2.56 | ppl 12.94
| epoch   5 step    21300 |    268 batches | lr 0.0005 | ms/batch 2172.91 | loss  2.41 | avg loss  2.62 | ppl 13.72
| epoch   5 step    21400 |    368 batches | lr 0.0005 | ms/batch 2192.58 | loss  2.70 | avg loss  2.60 | ppl 13.43
| epoch   5 step    21500 |    468 batches | lr 0.0005 | ms/batch 2183.37 | loss  2.84 | avg loss  2.62 | ppl 13.72
| epoch   5 step    21600 |    568 batches | lr 0.0005 | ms/batch 2188.32 | loss  2.91 | avg loss  2.57 | ppl 13.05
| epoch   5 step    21700 |    668 batches | lr 0.0005 | ms/batch 2187.42 | loss  2.89 | avg loss  2.61 | ppl 13.64
| epoch   5 step    21800 |    768 batches | lr 0.0005 | ms/batch 2187.40 | loss  2.54 | avg loss  2.63 | ppl 13.87
| epoch   5 step    21900 |    868 batches | lr 0.0005 | ms/batch 2117.23 | loss  2.83 | avg loss  2.61 | ppl 13.61
| epoch   5 step    22000 |    968 batches | lr 0.0005 | ms/batch 2056.08 | loss  2.53 | avg loss  2.56 | ppl 12.91
saving checkpoint ./trained_models/GPT2_M/e2e/model.22000.pt
eval samples: 0 loss: tensor(1.3153, device='cuda:0')
eval samples: 100 loss: tensor(0.9205, device='cuda:0')
eval samples: 200 loss: tensor(1.3755, device='cuda:0')
eval samples: 300 loss: tensor(1.2143, device='cuda:0')
eval samples: 400 loss: tensor(0.9471, device='cuda:0')
eval samples: 500 loss: tensor(0.5785, device='cuda:0')
eval samples: 600 loss: tensor(1.2696, device='cuda:0')
eval samples: 700 loss: tensor(0.8124, device='cuda:0')
eval samples: 800 loss: tensor(1.2097, device='cuda:0')
eval samples: 900 loss: tensor(1.7798, device='cuda:0')
eval samples: 1000 loss: tensor(0.9953, device='cuda:0')
eval samples: 1100 loss: tensor(1.6222, device='cuda:0')
average loss 1.2513739528415138
----------------------------------------------------------------------------------------------------
| Eval  11 at step    22000 | time: 610.70s | valid loss  1.25 | valid ppl  3.50 | best ppl  3.50 
----------------------------------------------------------------------------------------------------
| epoch   5 step    22100 |   1068 batches | lr 0.0005 | ms/batch 8299.39 | loss  2.75 | avg loss  2.58 | ppl 13.25
| epoch   5 step    22200 |   1168 batches | lr 0.0005 | ms/batch 2187.77 | loss  3.03 | avg loss  2.61 | ppl 13.61
| epoch   5 step    22300 |   1268 batches | lr 0.0005 | ms/batch 2187.11 | loss  2.44 | avg loss  2.62 | ppl 13.74
| epoch   5 step    22400 |   1368 batches | lr 0.0005 | ms/batch 2177.18 | loss  2.42 | avg loss  2.57 | ppl 13.04
| epoch   5 step    22500 |   1468 batches | lr 0.0005 | ms/batch 2182.01 | loss  2.69 | avg loss  2.60 | ppl 13.52
| epoch   5 step    22600 |   1568 batches | lr 0.0005 | ms/batch 2194.37 | loss  2.88 | avg loss  2.62 | ppl 13.68
| epoch   5 step    22700 |   1668 batches | lr 0.0005 | ms/batch 2181.65 | loss  2.53 | avg loss  2.60 | ppl 13.42
| epoch   5 step    22800 |   1768 batches | lr 0.0005 | ms/batch 2180.73 | loss  2.40 | avg loss  2.61 | ppl 13.59
| epoch   5 step    22900 |   1868 batches | lr 0.0005 | ms/batch 2181.36 | loss  3.00 | avg loss  2.65 | ppl 14.16
| epoch   5 step    23000 |   1968 batches | lr 0.0005 | ms/batch 2177.53 | loss  2.56 | avg loss  2.59 | ppl 13.38
saving checkpoint ./trained_models/GPT2_M/e2e/model.23000.pt
| epoch   5 step    23100 |   2068 batches | lr 0.0005 | ms/batch 2176.38 | loss  2.70 | avg loss  2.64 | ppl 14.07
| epoch   5 step    23200 |   2168 batches | lr 0.0005 | ms/batch 2181.81 | loss  2.73 | avg loss  2.60 | ppl 13.43
| epoch   5 step    23300 |   2268 batches | lr 0.0005 | ms/batch 2109.32 | loss  2.40 | avg loss  2.58 | ppl 13.18
| epoch   5 step    23400 |   2368 batches | lr 0.0005 | ms/batch 1629.28 | loss  2.50 | avg loss  2.61 | ppl 13.55
| epoch   5 step    23500 |   2468 batches | lr 0.0005 | ms/batch 1627.57 | loss  2.41 | avg loss  2.59 | ppl 13.30
| epoch   5 step    23600 |   2568 batches | lr 0.0005 | ms/batch 1625.42 | loss  2.31 | avg loss  2.60 | ppl 13.45
| epoch   5 step    23700 |   2668 batches | lr 0.0005 | ms/batch 1627.56 | loss  2.48 | avg loss  2.58 | ppl 13.17
| epoch   5 step    23800 |   2768 batches | lr 0.0005 | ms/batch 1627.87 | loss  2.73 | avg loss  2.61 | ppl 13.65
| epoch   5 step    23900 |   2868 batches | lr 0.0005 | ms/batch 1579.44 | loss  2.68 | avg loss  2.59 | ppl 13.31
| epoch   5 step    24000 |   2968 batches | lr 0.0005 | ms/batch 1543.21 | loss  2.47 | avg loss  2.61 | ppl 13.62
saving checkpoint ./trained_models/GPT2_M/e2e/model.24000.pt
eval samples: 0 loss: tensor(1.1532, device='cuda:0')
eval samples: 100 loss: tensor(0.9071, device='cuda:0')
eval samples: 200 loss: tensor(1.3458, device='cuda:0')
eval samples: 300 loss: tensor(1.1329, device='cuda:0')
eval samples: 400 loss: tensor(0.8774, device='cuda:0')
eval samples: 500 loss: tensor(0.5781, device='cuda:0')
eval samples: 600 loss: tensor(1.2992, device='cuda:0')
eval samples: 700 loss: tensor(0.8065, device='cuda:0')
eval samples: 800 loss: tensor(1.2288, device='cuda:0')
eval samples: 900 loss: tensor(1.8111, device='cuda:0')
eval samples: 1000 loss: tensor(1.0208, device='cuda:0')
eval samples: 1100 loss: tensor(1.5910, device='cuda:0')
average loss 1.2564081396550348
----------------------------------------------------------------------------------------------------
| Eval  12 at step    24000 | time: 439.85s | valid loss  1.26 | valid ppl  3.51 | best ppl  3.50 
----------------------------------------------------------------------------------------------------
| epoch   5 step    24100 |   3068 batches | lr 0.0005 | ms/batch 6026.97 | loss  2.83 | avg loss  2.64 | ppl 13.98
| epoch   5 step    24200 |   3168 batches | lr 0.0005 | ms/batch 1627.70 | loss  2.82 | avg loss  2.57 | ppl 13.02
| epoch   5 step    24300 |   3268 batches | lr 0.0005 | ms/batch 1630.62 | loss  2.77 | avg loss  2.62 | ppl 13.71
| epoch   5 step    24400 |   3368 batches | lr 0.0005 | ms/batch 1630.87 | loss  2.78 | avg loss  2.60 | ppl 13.47
| epoch   5 step    24500 |   3468 batches | lr 0.0005 | ms/batch 1631.48 | loss  2.43 | avg loss  2.60 | ppl 13.45
| epoch   5 step    24600 |   3568 batches | lr 0.0005 | ms/batch 1635.09 | loss  2.77 | avg loss  2.61 | ppl 13.55
| epoch   5 step    24700 |   3668 batches | lr 0.0005 | ms/batch 1628.68 | loss  2.96 | avg loss  2.65 | ppl 14.14
| epoch   5 step    24800 |   3768 batches | lr 0.0005 | ms/batch 1631.40 | loss  3.00 | avg loss  2.59 | ppl 13.38
| epoch   5 step    24900 |   3868 batches | lr 0.0005 | ms/batch 1630.04 | loss  2.41 | avg loss  2.60 | ppl 13.44
| epoch   5 step    25000 |   3968 batches | lr 0.0005 | ms/batch 1630.90 | loss  2.48 | avg loss  2.61 | ppl 13.60
saving checkpoint ./trained_models/GPT2_M/e2e/model.25000.pt
| epoch   5 step    25100 |   4068 batches | lr 0.0005 | ms/batch 1630.86 | loss  2.75 | avg loss  2.59 | ppl 13.34
| epoch   5 step    25200 |   4168 batches | lr 0.0005 | ms/batch 1632.59 | loss  2.48 | avg loss  2.62 | ppl 13.72
| epoch   5 step    25300 |   4268 batches | lr 0.0005 | ms/batch 1631.59 | loss  2.49 | avg loss  2.59 | ppl 13.32
| epoch   5 step    25400 |   4368 batches | lr 0.0005 | ms/batch 1630.81 | loss  2.88 | avg loss  2.58 | ppl 13.18
| epoch   5 step    25500 |   4468 batches | lr 0.0005 | ms/batch 1631.00 | loss  2.63 | avg loss  2.60 | ppl 13.49
| epoch   5 step    25600 |   4568 batches | lr 0.0005 | ms/batch 1628.53 | loss  2.83 | avg loss  2.61 | ppl 13.57
| epoch   5 step    25700 |   4668 batches | lr 0.0005 | ms/batch 1631.08 | loss  2.97 | avg loss  2.66 | ppl 14.29
| epoch   5 step    25800 |   4768 batches | lr 0.0005 | ms/batch 1631.79 | loss  2.60 | avg loss  2.63 | ppl 13.87
| epoch   5 step    25900 |   4868 batches | lr 0.0005 | ms/batch 1582.39 | loss  2.45 | avg loss  2.60 | ppl 13.50
| epoch   5 step    26000 |   4968 batches | lr 0.0005 | ms/batch 1550.50 | loss  2.56 | avg loss  2.62 | ppl 13.71
saving checkpoint ./trained_models/GPT2_M/e2e/model.26000.pt
eval samples: 0 loss: tensor(1.2328, device='cuda:0')
eval samples: 100 loss: tensor(0.9064, device='cuda:0')
eval samples: 200 loss: tensor(1.5229, device='cuda:0')
eval samples: 300 loss: tensor(1.1688, device='cuda:0')
eval samples: 400 loss: tensor(1.0090, device='cuda:0')
eval samples: 500 loss: tensor(0.6320, device='cuda:0')
eval samples: 600 loss: tensor(1.2272, device='cuda:0')
eval samples: 700 loss: tensor(0.7464, device='cuda:0')
eval samples: 800 loss: tensor(1.2345, device='cuda:0')
eval samples: 900 loss: tensor(1.7799, device='cuda:0')
eval samples: 1000 loss: tensor(0.9655, device='cuda:0')
eval samples: 1100 loss: tensor(1.5696, device='cuda:0')
average loss 1.2478043769728648
----------------------------------------------------------------------------------------------------
| Eval  13 at step    26000 | time: 439.32s | valid loss  1.25 | valid ppl  3.48 | best ppl  3.48 
----------------------------------------------------------------------------------------------------
| epoch   5 step    26100 |   5068 batches | lr 0.0005 | ms/batch 6018.38 | loss  2.58 | avg loss  2.60 | ppl 13.48
| epoch   5 step    26200 |   5168 batches | lr 0.0005 | ms/batch 1047.34 | loss  2.74 | avg loss  2.59 | ppl 13.35
saving checkpoint ./trained_models/GPT2_M/e2e/model.26290.pt
----------------------------------------------------------------------------------------------------
End of training
cleanup dist ...
[rank0]:[W510 16:50:30.727808791 ProcessGroupNCCL.cpp:1479] Warning: WARNING: destroy_process_group() was not called before program exit, which can leak resources. For more info, please see https://pytorch.org/docs/stable/distributed.html#shutdown (function operator())
