nohup: ignoring input
myrank: 0 local_rank: 0 device_count: 1 world_size: 1
====================================================================================================
        - platform : local
        - local_rank : 0
        - rank : 0
        - device : cuda:0
        - world_size : 1
        - random_seed : 110
        - lr : 0.0003
        - weight_decay : 0.01
        - correct_bias : True
        - adam_epislon : 1e-06
        - no_decay_bias : False
        - adam_beta1 : 0.9
        - adam_beta2 : 0.999
        - scheduler : None
        - max_step : None
        - max_epoch : 5
        - warmup_step : 500
        - i_steps : 0
        - i_lrs : 0.00025
        - galore_rank : 4
        - update_proj_gap : 50
        - galore_scale : 1.0
        - proj_type : std
        - save_gradient_energy_gap : 50
        - train_data : ./data/e2e/train.jsonl
        - valid_data : ./data/e2e/valid.jsonl
        - train_batch_size : 8
        - valid_batch_size : 4
        - grad_acc : 1
        - clip : 0.0
        - seq_len : 512
        - model_card : gpt2.md
        - init_checkpoint : ./pretrained_checkpoints/gpt2-medium-pytorch_model.bin
        - fp16 : False
        - log_interval : 100
        - eval_interval : 2000
        - save_interval : 1000
        - work_dir : ./trained_models/GPT2_M/e2e
        - lora_dim : 0
        - lora_alpha : 32
        - obj : clm
        - lora_dropout : 0.1
        - label_smooth : 0.1
        - roll_interval : -1
        - roll_lr : 1e-05
        - roll_step : 100
        - eval_epoch : 1
        - dist : <module 'torch.distributed' from '/home/ycyh/miniconda3/envs/LoRA/lib/python3.11/site-packages/torch/distributed/__init__.py'>
====================================================================================================
Experiment dir : ./trained_models/GPT2_M/e2e
loading model pretrained weight.
MoFaSGD 2D parameter count: 354.50M
Skipped 1D parameter count : 0.32M
set max_step: 26290
start to train the model................ 1
| epoch   1 step      100 |    100 batches | lr 0.0003 | ms/batch 2715.88 | loss  3.29 | avg loss  3.11 | ppl 22.41
| epoch   1 step      200 |    200 batches | lr 0.0003 | ms/batch 2480.65 | loss  2.79 | avg loss  2.80 | ppl 16.37
| epoch   1 step      300 |    300 batches | lr 0.0003 | ms/batch 2067.01 | loss  2.71 | avg loss  2.73 | ppl 15.27
| epoch   1 step      400 |    400 batches | lr 0.0003 | ms/batch 1289.41 | loss  2.80 | avg loss  2.72 | ppl 15.11
| epoch   1 step      500 |    500 batches | lr 0.0003 | ms/batch 1236.96 | loss  2.55 | avg loss  2.66 | ppl 14.26
| epoch   1 step      600 |    600 batches | lr 0.0003 | ms/batch 1283.51 | loss  2.57 | avg loss  2.62 | ppl 13.79
| epoch   1 step      700 |    700 batches | lr 0.0003 | ms/batch 1233.95 | loss  2.68 | avg loss  2.61 | ppl 13.57
| epoch   1 step      800 |    800 batches | lr 0.0003 | ms/batch 1208.26 | loss  2.30 | avg loss  2.58 | ppl 13.25
| epoch   1 step      900 |    900 batches | lr 0.0003 | ms/batch 1258.88 | loss  2.38 | avg loss  2.58 | ppl 13.17
| epoch   1 step     1000 |   1000 batches | lr 0.0003 | ms/batch 1149.51 | loss  3.00 | avg loss  2.60 | ppl 13.45
saving checkpoint ./trained_models/GPT2_M/e2e/model.1000.pt
/home/ycyh/miniconda3/envs/LoRA/lib/python3.11/site-packages/torch/distributed/distributed_c10d.py:4631: UserWarning: No device id is provided via `init_process_group` or `barrier `. Using the current device set by the user. 
  warnings.warn(  # warn only once
| epoch   1 step     1100 |   1100 batches | lr 0.0003 | ms/batch 1326.09 | loss  2.64 | avg loss  2.60 | ppl 13.49
| epoch   1 step     1200 |   1200 batches | lr 0.0003 | ms/batch 1163.68 | loss  2.46 | avg loss  2.60 | ppl 13.44
| epoch   1 step     1300 |   1300 batches | lr 0.0003 | ms/batch 1264.73 | loss  2.49 | avg loss  2.57 | ppl 13.12
| epoch   1 step     1400 |   1400 batches | lr 0.0003 | ms/batch 1221.97 | loss  2.53 | avg loss  2.57 | ppl 13.05
| epoch   1 step     1500 |   1500 batches | lr 0.0003 | ms/batch 1237.16 | loss  2.54 | avg loss  2.58 | ppl 13.26
| epoch   1 step     1600 |   1600 batches | lr 0.0003 | ms/batch 1215.44 | loss  2.62 | avg loss  2.55 | ppl 12.75
| epoch   1 step     1700 |   1700 batches | lr 0.0003 | ms/batch 1308.36 | loss  2.45 | avg loss  2.55 | ppl 12.84
| epoch   1 step     1800 |   1800 batches | lr 0.0003 | ms/batch 1283.50 | loss  2.42 | avg loss  2.55 | ppl 12.82
| epoch   1 step     1900 |   1900 batches | lr 0.0003 | ms/batch 1232.80 | loss  2.55 | avg loss  2.56 | ppl 12.87
| epoch   1 step     2000 |   2000 batches | lr 0.0003 | ms/batch 1282.43 | loss  2.40 | avg loss  2.54 | ppl 12.68
saving checkpoint ./trained_models/GPT2_M/e2e/model.2000.pt
/home/ycyh/miniconda3/envs/LoRA/lib/python3.11/site-packages/torch/nn/_reduction.py:51: UserWarning: size_average and reduce args will be deprecated, please use reduction='none' instead.
  warnings.warn(warning.format(ret))
eval samples: 0 loss: tensor(1.2357, device='cuda:0')
eval samples: 100 loss: tensor(0.8794, device='cuda:0')
eval samples: 200 loss: tensor(1.3343, device='cuda:0')
eval samples: 300 loss: tensor(1.1280, device='cuda:0')
eval samples: 400 loss: tensor(0.8747, device='cuda:0')
eval samples: 500 loss: tensor(0.7003, device='cuda:0')
eval samples: 600 loss: tensor(1.2598, device='cuda:0')
eval samples: 700 loss: tensor(0.7756, device='cuda:0')
eval samples: 800 loss: tensor(1.2020, device='cuda:0')
eval samples: 900 loss: tensor(1.7235, device='cuda:0')
eval samples: 1000 loss: tensor(1.0938, device='cuda:0')
eval samples: 1100 loss: tensor(1.4823, device='cuda:0')
average loss 1.2449529697123456
----------------------------------------------------------------------------------------------------
| Eval   1 at step     2000 | time: 167.23s | valid loss  1.24 | valid ppl  3.47 | best ppl  3.47 
----------------------------------------------------------------------------------------------------
| epoch   1 step     2100 |   2100 batches | lr 0.0003 | ms/batch 3043.19 | loss  2.56 | avg loss  2.54 | ppl 12.68
| epoch   1 step     2200 |   2200 batches | lr 0.0003 | ms/batch 1224.30 | loss  2.77 | avg loss  2.53 | ppl 12.59
| epoch   1 step     2300 |   2300 batches | lr 0.0003 | ms/batch 1231.96 | loss  2.50 | avg loss  2.53 | ppl 12.50
| epoch   1 step     2400 |   2400 batches | lr 0.0003 | ms/batch 1150.92 | loss  2.32 | avg loss  2.53 | ppl 12.56
| epoch   1 step     2500 |   2500 batches | lr 0.0003 | ms/batch 1194.33 | loss  2.73 | avg loss  2.55 | ppl 12.78
| epoch   1 step     2600 |   2600 batches | lr 0.0003 | ms/batch 1291.17 | loss  2.68 | avg loss  2.53 | ppl 12.58
| epoch   1 step     2700 |   2700 batches | lr 0.0003 | ms/batch 1218.95 | loss  2.59 | avg loss  2.52 | ppl 12.42
| epoch   1 step     2800 |   2800 batches | lr 0.0003 | ms/batch 1306.43 | loss  2.25 | avg loss  2.56 | ppl 12.88
| epoch   1 step     2900 |   2900 batches | lr 0.0003 | ms/batch 1304.82 | loss  2.73 | avg loss  2.54 | ppl 12.66
| epoch   1 step     3000 |   3000 batches | lr 0.0003 | ms/batch 1228.75 | loss  2.53 | avg loss  2.50 | ppl 12.22
saving checkpoint ./trained_models/GPT2_M/e2e/model.3000.pt
| epoch   1 step     3100 |   3100 batches | lr 0.0003 | ms/batch 1360.74 | loss  2.71 | avg loss  2.51 | ppl 12.26
| epoch   1 step     3200 |   3200 batches | lr 0.0003 | ms/batch 1235.31 | loss  2.58 | avg loss  2.54 | ppl 12.66
| epoch   1 step     3300 |   3300 batches | lr 0.0003 | ms/batch 1217.52 | loss  2.89 | avg loss  2.50 | ppl 12.18
| epoch   1 step     3400 |   3400 batches | lr 0.0003 | ms/batch 1282.49 | loss  2.45 | avg loss  2.50 | ppl 12.15
| epoch   1 step     3500 |   3500 batches | lr 0.0003 | ms/batch 1230.15 | loss  2.27 | avg loss  2.53 | ppl 12.58
| epoch   1 step     3600 |   3600 batches | lr 0.0003 | ms/batch 1268.06 | loss  2.42 | avg loss  2.53 | ppl 12.59
| epoch   1 step     3700 |   3700 batches | lr 0.0003 | ms/batch 1292.15 | loss  2.49 | avg loss  2.50 | ppl 12.22
| epoch   1 step     3800 |   3800 batches | lr 0.0003 | ms/batch 1245.53 | loss  2.47 | avg loss  2.46 | ppl 11.73
| epoch   1 step     3900 |   3900 batches | lr 0.0003 | ms/batch 1218.70 | loss  2.22 | avg loss  2.53 | ppl 12.61
| epoch   1 step     4000 |   4000 batches | lr 0.0003 | ms/batch 1162.47 | loss  2.52 | avg loss  2.54 | ppl 12.63
saving checkpoint ./trained_models/GPT2_M/e2e/model.4000.pt
eval samples: 0 loss: tensor(1.2064, device='cuda:0')
eval samples: 100 loss: tensor(0.8925, device='cuda:0')
eval samples: 200 loss: tensor(1.2950, device='cuda:0')
eval samples: 300 loss: tensor(1.1074, device='cuda:0')
eval samples: 400 loss: tensor(0.8974, device='cuda:0')
eval samples: 500 loss: tensor(0.6333, device='cuda:0')
eval samples: 600 loss: tensor(1.2368, device='cuda:0')
eval samples: 700 loss: tensor(0.7233, device='cuda:0')
eval samples: 800 loss: tensor(1.1408, device='cuda:0')
eval samples: 900 loss: tensor(1.7371, device='cuda:0')
eval samples: 1000 loss: tensor(0.9951, device='cuda:0')
eval samples: 1100 loss: tensor(1.4425, device='cuda:0')
average loss 1.2074652896454072
----------------------------------------------------------------------------------------------------
| Eval   2 at step     4000 | time: 166.44s | valid loss  1.21 | valid ppl  3.34 | best ppl  3.34 
----------------------------------------------------------------------------------------------------
| epoch   1 step     4100 |   4100 batches | lr 0.0003 | ms/batch 3084.48 | loss  2.61 | avg loss  2.49 | ppl 12.10
| epoch   1 step     4200 |   4200 batches | lr 0.0003 | ms/batch 1255.88 | loss  2.56 | avg loss  2.50 | ppl 12.20
| epoch   1 step     4300 |   4300 batches | lr 0.0003 | ms/batch 1288.69 | loss  2.32 | avg loss  2.46 | ppl 11.66
| epoch   1 step     4400 |   4400 batches | lr 0.0003 | ms/batch 1316.71 | loss  2.57 | avg loss  2.49 | ppl 12.02
| epoch   1 step     4500 |   4500 batches | lr 0.0003 | ms/batch 1316.91 | loss  2.65 | avg loss  2.51 | ppl 12.32
| epoch   1 step     4600 |   4600 batches | lr 0.0003 | ms/batch 1149.60 | loss  2.46 | avg loss  2.51 | ppl 12.31
| epoch   1 step     4700 |   4700 batches | lr 0.0003 | ms/batch 1300.92 | loss  2.30 | avg loss  2.50 | ppl 12.22
| epoch   1 step     4800 |   4800 batches | lr 0.0003 | ms/batch 1185.12 | loss  2.67 | avg loss  2.47 | ppl 11.87
| epoch   1 step     4900 |   4900 batches | lr 0.0003 | ms/batch 1314.24 | loss  2.57 | avg loss  2.49 | ppl 12.03
| epoch   1 step     5000 |   5000 batches | lr 0.0003 | ms/batch 1273.63 | loss  2.23 | avg loss  2.47 | ppl 11.79
saving checkpoint ./trained_models/GPT2_M/e2e/model.5000.pt
| epoch   1 step     5100 |   5100 batches | lr 0.0003 | ms/batch 1360.96 | loss  2.55 | avg loss  2.50 | ppl 12.20
| epoch   1 step     5200 |   5200 batches | lr 0.0003 | ms/batch 1311.35 | loss  2.68 | avg loss  2.49 | ppl 12.05
saving checkpoint ./trained_models/GPT2_M/e2e/model.5258.pt
start to train the model................ 2
| epoch   2 step     5300 |     42 batches | lr 0.0003 | ms/batch 333.47 | loss  2.36 | avg loss  2.43 | ppl 11.32
| epoch   2 step     5400 |    142 batches | lr 0.0003 | ms/batch 1275.64 | loss  2.46 | avg loss  2.48 | ppl 11.99
| epoch   2 step     5500 |    242 batches | lr 0.0003 | ms/batch 1243.16 | loss  2.48 | avg loss  2.47 | ppl 11.79
| epoch   2 step     5600 |    342 batches | lr 0.0003 | ms/batch 1249.19 | loss  2.15 | avg loss  2.48 | ppl 11.99
| epoch   2 step     5700 |    442 batches | lr 0.0003 | ms/batch 1229.48 | loss  2.43 | avg loss  2.48 | ppl 11.90
| epoch   2 step     5800 |    542 batches | lr 0.0003 | ms/batch 1355.77 | loss  2.49 | avg loss  2.45 | ppl 11.61
| epoch   2 step     5900 |    642 batches | lr 0.0003 | ms/batch 1209.54 | loss  2.56 | avg loss  2.48 | ppl 11.95
| epoch   2 step     6000 |    742 batches | lr 0.0003 | ms/batch 1247.13 | loss  2.24 | avg loss  2.44 | ppl 11.48
saving checkpoint ./trained_models/GPT2_M/e2e/model.6000.pt
eval samples: 0 loss: tensor(1.1735, device='cuda:0')
eval samples: 100 loss: tensor(0.8628, device='cuda:0')
eval samples: 200 loss: tensor(1.1621, device='cuda:0')
eval samples: 300 loss: tensor(1.0830, device='cuda:0')
eval samples: 400 loss: tensor(0.8712, device='cuda:0')
eval samples: 500 loss: tensor(0.5946, device='cuda:0')
eval samples: 600 loss: tensor(1.2283, device='cuda:0')
eval samples: 700 loss: tensor(0.7129, device='cuda:0')
eval samples: 800 loss: tensor(1.1606, device='cuda:0')
eval samples: 900 loss: tensor(1.7176, device='cuda:0')
eval samples: 1000 loss: tensor(0.9642, device='cuda:0')
eval samples: 1100 loss: tensor(1.4304, device='cuda:0')
average loss 1.175875743493846
----------------------------------------------------------------------------------------------------
| Eval   3 at step     6000 | time: 186.99s | valid loss  1.18 | valid ppl  3.24 | best ppl  3.24 
----------------------------------------------------------------------------------------------------
| epoch   2 step     6100 |    842 batches | lr 0.0003 | ms/batch 3414.92 | loss  2.26 | avg loss  2.47 | ppl 11.81
| epoch   2 step     6200 |    942 batches | lr 0.0003 | ms/batch 1528.69 | loss  2.33 | avg loss  2.47 | ppl 11.83
| epoch   2 step     6300 |   1042 batches | lr 0.0003 | ms/batch 1584.50 | loss  2.65 | avg loss  2.47 | ppl 11.81
| epoch   2 step     6400 |   1142 batches | lr 0.0003 | ms/batch 1482.75 | loss  2.27 | avg loss  2.46 | ppl 11.74
| epoch   2 step     6500 |   1242 batches | lr 0.0003 | ms/batch 1502.00 | loss  2.33 | avg loss  2.49 | ppl 12.02
| epoch   2 step     6600 |   1342 batches | lr 0.0003 | ms/batch 1564.69 | loss  2.71 | avg loss  2.46 | ppl 11.73
| epoch   2 step     6700 |   1442 batches | lr 0.0003 | ms/batch 1440.97 | loss  2.41 | avg loss  2.47 | ppl 11.83
| epoch   2 step     6800 |   1542 batches | lr 0.0003 | ms/batch 1482.68 | loss  2.40 | avg loss  2.48 | ppl 11.91
| epoch   2 step     6900 |   1642 batches | lr 0.0003 | ms/batch 1503.78 | loss  2.38 | avg loss  2.42 | ppl 11.22
| epoch   2 step     7000 |   1742 batches | lr 0.0003 | ms/batch 1484.26 | loss  2.59 | avg loss  2.47 | ppl 11.86
saving checkpoint ./trained_models/GPT2_M/e2e/model.7000.pt
| epoch   2 step     7100 |   1842 batches | lr 0.0003 | ms/batch 1654.40 | loss  2.60 | avg loss  2.46 | ppl 11.70
| epoch   2 step     7200 |   1942 batches | lr 0.0003 | ms/batch 1392.89 | loss  2.53 | avg loss  2.46 | ppl 11.68
| epoch   2 step     7300 |   2042 batches | lr 0.0003 | ms/batch 1499.28 | loss  2.32 | avg loss  2.44 | ppl 11.42
| epoch   2 step     7400 |   2142 batches | lr 0.0003 | ms/batch 1579.04 | loss  2.77 | avg loss  2.43 | ppl 11.38
| epoch   2 step     7500 |   2242 batches | lr 0.0003 | ms/batch 1548.65 | loss  2.61 | avg loss  2.48 | ppl 11.99
| epoch   2 step     7600 |   2342 batches | lr 0.0003 | ms/batch 1605.39 | loss  2.24 | avg loss  2.44 | ppl 11.46
| epoch   2 step     7700 |   2442 batches | lr 0.0003 | ms/batch 1522.59 | loss  2.66 | avg loss  2.44 | ppl 11.48
| epoch   2 step     7800 |   2542 batches | lr 0.0003 | ms/batch 1448.43 | loss  2.47 | avg loss  2.43 | ppl 11.35
| epoch   2 step     7900 |   2642 batches | lr 0.0003 | ms/batch 1505.40 | loss  2.74 | avg loss  2.47 | ppl 11.79
| epoch   2 step     8000 |   2742 batches | lr 0.0003 | ms/batch 1493.91 | loss  2.51 | avg loss  2.48 | ppl 11.95
saving checkpoint ./trained_models/GPT2_M/e2e/model.8000.pt
eval samples: 0 loss: tensor(1.1619, device='cuda:0')
eval samples: 100 loss: tensor(0.9024, device='cuda:0')
eval samples: 200 loss: tensor(1.2175, device='cuda:0')
eval samples: 300 loss: tensor(1.0815, device='cuda:0')
eval samples: 400 loss: tensor(0.8713, device='cuda:0')
eval samples: 500 loss: tensor(0.6388, device='cuda:0')
eval samples: 600 loss: tensor(1.2010, device='cuda:0')
eval samples: 700 loss: tensor(0.7149, device='cuda:0')
eval samples: 800 loss: tensor(1.1459, device='cuda:0')
eval samples: 900 loss: tensor(1.6945, device='cuda:0')
eval samples: 1000 loss: tensor(0.9594, device='cuda:0')
eval samples: 1100 loss: tensor(1.3947, device='cuda:0')
average loss 1.1824269891295531
----------------------------------------------------------------------------------------------------
| Eval   4 at step     8000 | time: 206.04s | valid loss  1.18 | valid ppl  3.26 | best ppl  3.24 
----------------------------------------------------------------------------------------------------
| epoch   2 step     8100 |   2842 batches | lr 0.0003 | ms/batch 3759.11 | loss  2.34 | avg loss  2.44 | ppl 11.49
| epoch   2 step     8200 |   2942 batches | lr 0.0003 | ms/batch 1510.98 | loss  2.57 | avg loss  2.49 | ppl 12.11
| epoch   2 step     8300 |   3042 batches | lr 0.0003 | ms/batch 1591.96 | loss  2.35 | avg loss  2.46 | ppl 11.72
| epoch   2 step     8400 |   3142 batches | lr 0.0003 | ms/batch 1474.46 | loss  2.49 | avg loss  2.45 | ppl 11.55
| epoch   2 step     8500 |   3242 batches | lr 0.0003 | ms/batch 1499.18 | loss  2.37 | avg loss  2.45 | ppl 11.65
| epoch   2 step     8600 |   3342 batches | lr 0.0003 | ms/batch 1564.84 | loss  2.40 | avg loss  2.44 | ppl 11.44
| epoch   2 step     8700 |   3442 batches | lr 0.0003 | ms/batch 1549.45 | loss  2.73 | avg loss  2.44 | ppl 11.46
| epoch   2 step     8800 |   3542 batches | lr 0.0003 | ms/batch 1477.59 | loss  2.37 | avg loss  2.44 | ppl 11.50
| epoch   2 step     8900 |   3642 batches | lr 0.0003 | ms/batch 1454.53 | loss  2.51 | avg loss  2.46 | ppl 11.75
| epoch   2 step     9000 |   3742 batches | lr 0.0003 | ms/batch 1498.24 | loss  2.45 | avg loss  2.45 | ppl 11.63
saving checkpoint ./trained_models/GPT2_M/e2e/model.9000.pt
| epoch   2 step     9100 |   3842 batches | lr 0.0003 | ms/batch 1677.19 | loss  2.39 | avg loss  2.45 | ppl 11.57
W0629 10:56:15.984000 1765449 site-packages/torch/distributed/elastic/agent/server/api.py:719] Received 1 death signal, shutting down workers
W0629 10:56:15.987000 1765449 site-packages/torch/distributed/elastic/multiprocessing/api.py:900] Sending process 1765536 closing signal SIGHUP
Traceback (most recent call last):
  File "/home/ycyh/miniconda3/envs/LoRA/bin/torchrun", line 7, in <module>
    sys.exit(main())
             ^^^^^^
  File "/home/ycyh/miniconda3/envs/LoRA/lib/python3.11/site-packages/torch/distributed/elastic/multiprocessing/errors/__init__.py", line 355, in wrapper
    return f(*args, **kwargs)
           ^^^^^^^^^^^^^^^^^^
  File "/home/ycyh/miniconda3/envs/LoRA/lib/python3.11/site-packages/torch/distributed/run.py", line 892, in main
    run(args)
  File "/home/ycyh/miniconda3/envs/LoRA/lib/python3.11/site-packages/torch/distributed/run.py", line 883, in run
    elastic_launch(
  File "/home/ycyh/miniconda3/envs/LoRA/lib/python3.11/site-packages/torch/distributed/launcher/api.py", line 139, in __call__
    return launch_agent(self._config, self._entrypoint, list(args))
           ^^^^^^^^^^^^^^^^^^^^^^^^^^^^^^^^^^^^^^^^^^^^^^^^^^^^^^^^
  File "/home/ycyh/miniconda3/envs/LoRA/lib/python3.11/site-packages/torch/distributed/launcher/api.py", line 261, in launch_agent
    result = agent.run()
             ^^^^^^^^^^^
  File "/home/ycyh/miniconda3/envs/LoRA/lib/python3.11/site-packages/torch/distributed/elastic/metrics/api.py", line 138, in wrapper
    result = f(*args, **kwargs)
             ^^^^^^^^^^^^^^^^^^
  File "/home/ycyh/miniconda3/envs/LoRA/lib/python3.11/site-packages/torch/distributed/elastic/agent/server/api.py", line 711, in run
    result = self._invoke_run(role)
             ^^^^^^^^^^^^^^^^^^^^^^
  File "/home/ycyh/miniconda3/envs/LoRA/lib/python3.11/site-packages/torch/distributed/elastic/agent/server/api.py", line 870, in _invoke_run
    time.sleep(monitor_interval)
  File "/home/ycyh/miniconda3/envs/LoRA/lib/python3.11/site-packages/torch/distributed/elastic/multiprocessing/api.py", line 84, in _terminate_process_handler
    raise SignalException(f"Process {os.getpid()} got signal: {sigval}", sigval=sigval)
torch.distributed.elastic.multiprocessing.api.SignalException: Process 1765449 got signal: 1
