nohup: ignoring input
myrank: 0 local_rank: 0 device_count: 1 world_size: 1
====================================================================================================
        - platform : local
        - local_rank : 0
        - rank : 0
        - device : cuda:0
        - world_size : 1
        - random_seed : 110
        - lr : 0.0001
        - weight_decay : 0.01
        - correct_bias : True
        - adam_epislon : 1e-06
        - no_decay_bias : False
        - adam_beta1 : 0.9
        - adam_beta2 : 0.999
        - scheduler : None
        - max_step : None
        - max_epoch : 5
        - warmup_step : 500
        - i_steps : 0
        - i_lrs : 0.00025
        - train_data : ./data/e2e/train.jsonl
        - valid_data : ./data/e2e/valid.jsonl
        - train_batch_size : 8
        - valid_batch_size : 4
        - grad_acc : 1
        - clip : 0.0
        - seq_len : 512
        - model_card : gpt2.md
        - init_checkpoint : ./pretrained_checkpoints/gpt2-medium-pytorch_model.bin
        - fp16 : False
        - log_interval : 100
        - eval_interval : 2000
        - save_interval : 1000
        - work_dir : ./trained_models/GPT2_M/e2e
        - lora_dim : 4
        - lora_alpha : 32
        - obj : clm
        - lora_dropout : 0.1
        - label_smooth : 0.1
        - roll_interval : -1
        - roll_lr : 1e-05
        - roll_step : 100
        - eval_epoch : 1
        - dist : <module 'torch.distributed' from '/home/ycyh/miniconda3/envs/LoRA/lib/python3.11/site-packages/torch/distributed/__init__.py'>
====================================================================================================
Experiment dir : ./trained_models/GPT2_M/e2e
loading model pretrained weight.
set max_step: 26290
start to train the model................ 1
| epoch   1 step      100 |    100 batches | lr 0.0001 | ms/batch 943.51 | loss  5.15 | avg loss  5.34 | ppl 208.20
| epoch   1 step      200 |    200 batches | lr 0.0001 | ms/batch 945.96 | loss  4.20 | avg loss  4.42 | ppl 82.85
| epoch   1 step      300 |    300 batches | lr 0.0001 | ms/batch 952.01 | loss  3.86 | avg loss  3.97 | ppl 52.93
| epoch   1 step      400 |    400 batches | lr 0.0001 | ms/batch 1000.98 | loss  4.01 | avg loss  3.75 | ppl 42.70
| epoch   1 step      500 |    500 batches | lr 0.0001 | ms/batch 1000.71 | loss  3.61 | avg loss  3.58 | ppl 36.03
| epoch   1 step      600 |    600 batches | lr 0.0001 | ms/batch 1001.01 | loss  3.40 | avg loss  3.48 | ppl 32.43
| epoch   1 step      700 |    700 batches | lr 0.0001 | ms/batch 1000.97 | loss  3.50 | avg loss  3.39 | ppl 29.71
| epoch   1 step      800 |    800 batches | lr 0.0001 | ms/batch 1001.09 | loss  3.03 | avg loss  3.34 | ppl 28.21
| epoch   1 step      900 |    900 batches | lr 0.0001 | ms/batch 1000.95 | loss  3.08 | avg loss  3.30 | ppl 27.06
| epoch   1 step     1000 |   1000 batches | lr 0.0001 | ms/batch 1000.53 | loss  3.63 | avg loss  3.31 | ppl 27.32
saving checkpoint ./trained_models/GPT2_M/e2e/model.1000.pt
/home/ycyh/miniconda3/envs/LoRA/lib/python3.11/site-packages/torch/distributed/distributed_c10d.py:4631: UserWarning: No device id is provided via `init_process_group` or `barrier `. Using the current device set by the user. 
  warnings.warn(  # warn only once
| epoch   1 step     1100 |   1100 batches | lr 0.0001 | ms/batch 1738.45 | loss  3.31 | avg loss  3.31 | ppl 27.30
| epoch   1 step     1200 |   1200 batches | lr 0.0001 | ms/batch 1832.66 | loss  3.05 | avg loss  3.31 | ppl 27.30
| epoch   1 step     1300 |   1300 batches | lr 0.0001 | ms/batch 1832.72 | loss  3.09 | avg loss  3.24 | ppl 25.58
| epoch   1 step     1400 |   1400 batches | lr 0.0001 | ms/batch 1832.62 | loss  3.26 | avg loss  3.24 | ppl 25.59
| epoch   1 step     1500 |   1500 batches | lr 0.0001 | ms/batch 1832.30 | loss  3.18 | avg loss  3.25 | ppl 25.84
| epoch   1 step     1600 |   1600 batches | lr 0.0001 | ms/batch 1832.16 | loss  3.06 | avg loss  3.20 | ppl 24.57
| epoch   1 step     1700 |   1700 batches | lr 0.0001 | ms/batch 1828.89 | loss  3.06 | avg loss  3.21 | ppl 24.77
| epoch   1 step     1800 |   1800 batches | lr 0.0001 | ms/batch 1742.83 | loss  3.11 | avg loss  3.22 | ppl 24.95
| epoch   1 step     1900 |   1900 batches | lr 0.0001 | ms/batch 1681.53 | loss  3.28 | avg loss  3.20 | ppl 24.43
| epoch   1 step     2000 |   2000 batches | lr 0.0001 | ms/batch 1680.45 | loss  2.99 | avg loss  3.18 | ppl 23.98
saving checkpoint ./trained_models/GPT2_M/e2e/model.2000.pt
/home/ycyh/miniconda3/envs/LoRA/lib/python3.11/site-packages/torch/nn/_reduction.py:51: UserWarning: size_average and reduce args will be deprecated, please use reduction='none' instead.
  warnings.warn(warning.format(ret))
eval samples: 0 loss: tensor(1.7622, device='cuda:0')
eval samples: 100 loss: tensor(1.1908, device='cuda:0')
eval samples: 200 loss: tensor(2.0646, device='cuda:0')
eval samples: 300 loss: tensor(1.5734, device='cuda:0')
eval samples: 400 loss: tensor(1.3943, device='cuda:0')
eval samples: 500 loss: tensor(1.1327, device='cuda:0')
eval samples: 600 loss: tensor(1.7485, device='cuda:0')
eval samples: 700 loss: tensor(1.2434, device='cuda:0')
eval samples: 800 loss: tensor(1.5851, device='cuda:0')
eval samples: 900 loss: tensor(2.2613, device='cuda:0')
eval samples: 1000 loss: tensor(1.5378, device='cuda:0')
eval samples: 1100 loss: tensor(1.8142, device='cuda:0')
average loss 1.7036653887225341
----------------------------------------------------------------------------------------------------
| Eval   1 at step     2000 | time: 391.01s | valid loss  1.70 | valid ppl  5.49 | best ppl  5.49 
----------------------------------------------------------------------------------------------------
| epoch   1 step     2100 |   2100 batches | lr 0.0001 | ms/batch 5631.71 | loss  3.16 | avg loss  3.18 | ppl 24.07
| epoch   1 step     2200 |   2200 batches | lr 0.0001 | ms/batch 1729.92 | loss  3.38 | avg loss  3.17 | ppl 23.69
| epoch   1 step     2300 |   2300 batches | lr 0.0001 | ms/batch 1729.70 | loss  3.21 | avg loss  3.16 | ppl 23.61
| epoch   1 step     2400 |   2400 batches | lr 0.0001 | ms/batch 1729.86 | loss  2.89 | avg loss  3.17 | ppl 23.74
| epoch   1 step     2500 |   2500 batches | lr 0.0001 | ms/batch 1729.81 | loss  3.29 | avg loss  3.19 | ppl 24.26
| epoch   1 step     2600 |   2600 batches | lr 0.0001 | ms/batch 1729.98 | loss  3.23 | avg loss  3.16 | ppl 23.47
| epoch   1 step     2700 |   2700 batches | lr 0.0001 | ms/batch 1729.95 | loss  3.13 | avg loss  3.15 | ppl 23.42
| epoch   1 step     2800 |   2800 batches | lr 0.0001 | ms/batch 1733.82 | loss  2.92 | avg loss  3.18 | ppl 23.99
| epoch   1 step     2900 |   2900 batches | lr 0.0001 | ms/batch 1860.29 | loss  3.47 | avg loss  3.18 | ppl 24.01
| epoch   1 step     3000 |   3000 batches | lr 0.0001 | ms/batch 1862.26 | loss  3.29 | avg loss  3.13 | ppl 22.93
saving checkpoint ./trained_models/GPT2_M/e2e/model.3000.pt
| epoch   1 step     3100 |   3100 batches | lr 0.0001 | ms/batch 1750.14 | loss  3.34 | avg loss  3.13 | ppl 22.87
| epoch   1 step     3200 |   3200 batches | lr 0.0001 | ms/batch 1729.31 | loss  3.21 | avg loss  3.16 | ppl 23.62
| epoch   1 step     3300 |   3300 batches | lr 0.0001 | ms/batch 1729.02 | loss  3.60 | avg loss  3.13 | ppl 22.76
| epoch   1 step     3400 |   3400 batches | lr 0.0001 | ms/batch 1728.81 | loss  3.02 | avg loss  3.13 | ppl 22.86
| epoch   1 step     3500 |   3500 batches | lr 0.0001 | ms/batch 1728.66 | loss  2.90 | avg loss  3.15 | ppl 23.41
| epoch   1 step     3600 |   3600 batches | lr 0.0001 | ms/batch 1730.52 | loss  2.99 | avg loss  3.16 | ppl 23.55
| epoch   1 step     3700 |   3700 batches | lr 0.0001 | ms/batch 1721.27 | loss  3.14 | avg loss  3.12 | ppl 22.57
| epoch   1 step     3800 |   3800 batches | lr 0.0001 | ms/batch 1721.53 | loss  3.07 | avg loss  3.08 | ppl 21.85
| epoch   1 step     3900 |   3900 batches | lr 0.0001 | ms/batch 1724.70 | loss  2.83 | avg loss  3.15 | ppl 23.36
| epoch   1 step     4000 |   4000 batches | lr 0.0001 | ms/batch 1724.08 | loss  3.12 | avg loss  3.16 | ppl 23.54
saving checkpoint ./trained_models/GPT2_M/e2e/model.4000.pt
eval samples: 0 loss: tensor(1.6583, device='cuda:0')
eval samples: 100 loss: tensor(1.1252, device='cuda:0')
eval samples: 200 loss: tensor(1.9755, device='cuda:0')
eval samples: 300 loss: tensor(1.4923, device='cuda:0')
eval samples: 400 loss: tensor(1.2520, device='cuda:0')
eval samples: 500 loss: tensor(1.0551, device='cuda:0')
eval samples: 600 loss: tensor(1.6296, device='cuda:0')
eval samples: 700 loss: tensor(1.1491, device='cuda:0')
eval samples: 800 loss: tensor(1.5220, device='cuda:0')
eval samples: 900 loss: tensor(2.1734, device='cuda:0')
eval samples: 1000 loss: tensor(1.4931, device='cuda:0')
eval samples: 1100 loss: tensor(1.7657, device='cuda:0')
average loss 1.6378525644540787
----------------------------------------------------------------------------------------------------
| Eval   2 at step     4000 | time: 395.24s | valid loss  1.64 | valid ppl  5.14 | best ppl  5.14 
----------------------------------------------------------------------------------------------------
| epoch   1 step     4100 |   4100 batches | lr 0.0001 | ms/batch 5674.86 | loss  3.28 | avg loss  3.10 | ppl 22.12
| epoch   1 step     4200 |   4200 batches | lr 0.0001 | ms/batch 1724.43 | loss  3.21 | avg loss  3.11 | ppl 22.42
| epoch   1 step     4300 |   4300 batches | lr 0.0001 | ms/batch 1723.34 | loss  2.93 | avg loss  3.07 | ppl 21.49
| epoch   1 step     4400 |   4400 batches | lr 0.0001 | ms/batch 1723.68 | loss  3.07 | avg loss  3.09 | ppl 21.90
| epoch   1 step     4500 |   4500 batches | lr 0.0001 | ms/batch 1724.08 | loss  3.32 | avg loss  3.12 | ppl 22.69
| epoch   1 step     4600 |   4600 batches | lr 0.0001 | ms/batch 1724.61 | loss  2.91 | avg loss  3.12 | ppl 22.67
| epoch   1 step     4700 |   4700 batches | lr 0.0001 | ms/batch 1723.71 | loss  2.97 | avg loss  3.12 | ppl 22.56
| epoch   1 step     4800 |   4800 batches | lr 0.0001 | ms/batch 1724.14 | loss  3.39 | avg loss  3.08 | ppl 21.76
| epoch   1 step     4900 |   4900 batches | lr 0.0001 | ms/batch 1828.77 | loss  3.13 | avg loss  3.10 | ppl 22.19
| epoch   1 step     5000 |   5000 batches | lr 0.0001 | ms/batch 1839.32 | loss  2.83 | avg loss  3.07 | ppl 21.55
saving checkpoint ./trained_models/GPT2_M/e2e/model.5000.pt
| epoch   1 step     5100 |   5100 batches | lr 0.0001 | ms/batch 1764.27 | loss  3.06 | avg loss  3.10 | ppl 22.30
| epoch   1 step     5200 |   5200 batches | lr 0.0001 | ms/batch 1722.87 | loss  3.22 | avg loss  3.10 | ppl 22.17
saving checkpoint ./trained_models/GPT2_M/e2e/model.5258.pt
start to train the model................ 2
| epoch   2 step     5300 |     42 batches | lr 0.0001 | ms/batch 720.62 | loss  2.92 | avg loss  3.03 | ppl 20.69
| epoch   2 step     5400 |    142 batches | lr 0.0001 | ms/batch 1716.80 | loss  2.93 | avg loss  3.11 | ppl 22.36
| epoch   2 step     5500 |    242 batches | lr 0.0001 | ms/batch 1716.72 | loss  3.09 | avg loss  3.08 | ppl 21.85
| epoch   2 step     5600 |    342 batches | lr 0.0001 | ms/batch 1717.03 | loss  2.74 | avg loss  3.10 | ppl 22.18
| epoch   2 step     5700 |    442 batches | lr 0.0001 | ms/batch 1716.34 | loss  3.07 | avg loss  3.09 | ppl 22.09
| epoch   2 step     5800 |    542 batches | lr 0.0001 | ms/batch 1716.09 | loss  3.22 | avg loss  3.07 | ppl 21.55
| epoch   2 step     5900 |    642 batches | lr 0.0001 | ms/batch 1715.82 | loss  3.09 | avg loss  3.09 | ppl 21.94
| epoch   2 step     6000 |    742 batches | lr 0.0001 | ms/batch 1717.20 | loss  2.76 | avg loss  3.06 | ppl 21.35
saving checkpoint ./trained_models/GPT2_M/e2e/model.6000.pt
eval samples: 0 loss: tensor(1.6203, device='cuda:0')
eval samples: 100 loss: tensor(1.0864, device='cuda:0')
eval samples: 200 loss: tensor(1.9807, device='cuda:0')
eval samples: 300 loss: tensor(1.4621, device='cuda:0')
eval samples: 400 loss: tensor(1.2184, device='cuda:0')
eval samples: 500 loss: tensor(1.0001, device='cuda:0')
eval samples: 600 loss: tensor(1.6216, device='cuda:0')
eval samples: 700 loss: tensor(1.1386, device='cuda:0')
eval samples: 800 loss: tensor(1.4919, device='cuda:0')
eval samples: 900 loss: tensor(2.1257, device='cuda:0')
eval samples: 1000 loss: tensor(1.4815, device='cuda:0')
eval samples: 1100 loss: tensor(1.7439, device='cuda:0')
average loss 1.6096400389422292
----------------------------------------------------------------------------------------------------
| Eval   3 at step     6000 | time: 394.66s | valid loss  1.61 | valid ppl  5.00 | best ppl  5.00 
----------------------------------------------------------------------------------------------------
| epoch   2 step     6100 |    842 batches | lr 0.0001 | ms/batch 5632.66 | loss  2.78 | avg loss  3.09 | ppl 21.89
| epoch   2 step     6200 |    942 batches | lr 0.0001 | ms/batch 1723.17 | loss  3.01 | avg loss  3.09 | ppl 21.88
| epoch   2 step     6300 |   1042 batches | lr 0.0001 | ms/batch 1722.59 | loss  3.24 | avg loss  3.08 | ppl 21.65
| epoch   2 step     6400 |   1142 batches | lr 0.0001 | ms/batch 1722.54 | loss  2.91 | avg loss  3.08 | ppl 21.84
| epoch   2 step     6500 |   1242 batches | lr 0.0001 | ms/batch 1722.67 | loss  2.83 | avg loss  3.11 | ppl 22.31
| epoch   2 step     6600 |   1342 batches | lr 0.0001 | ms/batch 1721.63 | loss  3.27 | avg loss  3.06 | ppl 21.40
| epoch   2 step     6700 |   1442 batches | lr 0.0001 | ms/batch 1721.98 | loss  3.06 | avg loss  3.08 | ppl 21.79
| epoch   2 step     6800 |   1542 batches | lr 0.0001 | ms/batch 1721.84 | loss  3.10 | avg loss  3.08 | ppl 21.82
| epoch   2 step     6900 |   1642 batches | lr 0.0001 | ms/batch 1802.00 | loss  3.08 | avg loss  3.04 | ppl 20.83
| epoch   2 step     7000 |   1742 batches | lr 0.0001 | ms/batch 1841.38 | loss  3.20 | avg loss  3.07 | ppl 21.59
saving checkpoint ./trained_models/GPT2_M/e2e/model.7000.pt
| epoch   2 step     7100 |   1842 batches | lr 0.0001 | ms/batch 1781.38 | loss  3.18 | avg loss  3.07 | ppl 21.62
| epoch   2 step     7200 |   1942 batches | lr 0.0001 | ms/batch 1716.83 | loss  3.04 | avg loss  3.07 | ppl 21.56
| epoch   2 step     7300 |   2042 batches | lr 0.0001 | ms/batch 1716.52 | loss  2.90 | avg loss  3.04 | ppl 20.96
| epoch   2 step     7400 |   2142 batches | lr 0.0001 | ms/batch 1716.56 | loss  3.30 | avg loss  3.04 | ppl 20.81
| epoch   2 step     7500 |   2242 batches | lr 0.0001 | ms/batch 1717.01 | loss  3.20 | avg loss  3.09 | ppl 22.02
| epoch   2 step     7600 |   2342 batches | lr 0.0001 | ms/batch 1715.99 | loss  2.83 | avg loss  3.04 | ppl 20.94
| epoch   2 step     7700 |   2442 batches | lr 0.0001 | ms/batch 1715.17 | loss  3.25 | avg loss  3.06 | ppl 21.28
| epoch   2 step     7800 |   2542 batches | lr 0.0001 | ms/batch 1715.27 | loss  3.10 | avg loss  3.03 | ppl 20.73
| epoch   2 step     7900 |   2642 batches | lr 0.0001 | ms/batch 1715.39 | loss  3.34 | avg loss  3.08 | ppl 21.75
| epoch   2 step     8000 |   2742 batches | lr 0.0001 | ms/batch 1716.16 | loss  3.10 | avg loss  3.10 | ppl 22.12
saving checkpoint ./trained_models/GPT2_M/e2e/model.8000.pt
eval samples: 0 loss: tensor(1.6336, device='cuda:0')
eval samples: 100 loss: tensor(1.0811, device='cuda:0')
eval samples: 200 loss: tensor(1.9664, device='cuda:0')
eval samples: 300 loss: tensor(1.4996, device='cuda:0')
eval samples: 400 loss: tensor(1.2567, device='cuda:0')
eval samples: 500 loss: tensor(1.0311, device='cuda:0')
eval samples: 600 loss: tensor(1.6155, device='cuda:0')
eval samples: 700 loss: tensor(1.1153, device='cuda:0')
eval samples: 800 loss: tensor(1.4737, device='cuda:0')
eval samples: 900 loss: tensor(2.0675, device='cuda:0')
eval samples: 1000 loss: tensor(1.4641, device='cuda:0')
eval samples: 1100 loss: tensor(1.7648, device='cuda:0')
average loss 1.5982799905109895
----------------------------------------------------------------------------------------------------
| Eval   4 at step     8000 | time: 394.66s | valid loss  1.60 | valid ppl  4.94 | best ppl  4.94 
----------------------------------------------------------------------------------------------------
| epoch   2 step     8100 |   2842 batches | lr 0.0001 | ms/batch 5664.34 | loss  2.98 | avg loss  3.05 | ppl 21.07
| epoch   2 step     8200 |   2942 batches | lr 0.0001 | ms/batch 1716.67 | loss  3.09 | avg loss  3.10 | ppl 22.29
| epoch   2 step     8300 |   3042 batches | lr 0.0001 | ms/batch 1716.44 | loss  2.95 | avg loss  3.07 | ppl 21.45
| epoch   2 step     8400 |   3142 batches | lr 0.0001 | ms/batch 1715.84 | loss  3.10 | avg loss  3.06 | ppl 21.39
| epoch   2 step     8500 |   3242 batches | lr 0.0001 | ms/batch 1716.42 | loss  2.99 | avg loss  3.06 | ppl 21.24
| epoch   2 step     8600 |   3342 batches | lr 0.0001 | ms/batch 1714.14 | loss  3.08 | avg loss  3.04 | ppl 20.88
| epoch   2 step     8700 |   3442 batches | lr 0.0001 | ms/batch 1712.82 | loss  3.38 | avg loss  3.05 | ppl 21.11
| epoch   2 step     8800 |   3542 batches | lr 0.0001 | ms/batch 1716.46 | loss  2.95 | avg loss  3.05 | ppl 21.08
| epoch   2 step     8900 |   3642 batches | lr 0.0001 | ms/batch 1786.84 | loss  3.19 | avg loss  3.07 | ppl 21.60
| epoch   2 step     9000 |   3742 batches | lr 0.0001 | ms/batch 1846.74 | loss  3.03 | avg loss  3.06 | ppl 21.30
saving checkpoint ./trained_models/GPT2_M/e2e/model.9000.pt
| epoch   2 step     9100 |   3842 batches | lr 0.0001 | ms/batch 1802.61 | loss  3.00 | avg loss  3.06 | ppl 21.42
| epoch   2 step     9200 |   3942 batches | lr 0.0001 | ms/batch 1722.36 | loss  3.25 | avg loss  3.07 | ppl 21.48
| epoch   2 step     9300 |   4042 batches | lr 0.0001 | ms/batch 1722.05 | loss  2.93 | avg loss  3.08 | ppl 21.68
| epoch   2 step     9400 |   4142 batches | lr 0.0001 | ms/batch 1722.31 | loss  3.08 | avg loss  3.05 | ppl 21.20
| epoch   2 step     9500 |   4242 batches | lr 0.0001 | ms/batch 1723.20 | loss  3.08 | avg loss  3.05 | ppl 21.09
| epoch   2 step     9600 |   4342 batches | lr 0.0001 | ms/batch 1722.39 | loss  3.37 | avg loss  3.07 | ppl 21.53
| epoch   2 step     9700 |   4442 batches | lr 0.0001 | ms/batch 1721.55 | loss  2.77 | avg loss  3.04 | ppl 20.89
| epoch   2 step     9800 |   4542 batches | lr 0.0001 | ms/batch 1721.89 | loss  3.10 | avg loss  3.04 | ppl 20.90
| epoch   2 step     9900 |   4642 batches | lr 0.0001 | ms/batch 1722.50 | loss  2.70 | avg loss  3.03 | ppl 20.77
| epoch   2 step    10000 |   4742 batches | lr 0.0001 | ms/batch 1722.30 | loss  3.10 | avg loss  3.06 | ppl 21.35
saving checkpoint ./trained_models/GPT2_M/e2e/model.10000.pt
eval samples: 0 loss: tensor(1.6329, device='cuda:0')
eval samples: 100 loss: tensor(1.0207, device='cuda:0')
eval samples: 200 loss: tensor(1.9203, device='cuda:0')
eval samples: 300 loss: tensor(1.4476, device='cuda:0')
eval samples: 400 loss: tensor(1.1869, device='cuda:0')
eval samples: 500 loss: tensor(0.9735, device='cuda:0')
eval samples: 600 loss: tensor(1.6272, device='cuda:0')
eval samples: 700 loss: tensor(1.1098, device='cuda:0')
eval samples: 800 loss: tensor(1.4340, device='cuda:0')
eval samples: 900 loss: tensor(2.0759, device='cuda:0')
eval samples: 1000 loss: tensor(1.4552, device='cuda:0')
eval samples: 1100 loss: tensor(1.7314, device='cuda:0')
average loss 1.575060427852281
----------------------------------------------------------------------------------------------------
| Eval   5 at step    10000 | time: 394.44s | valid loss  1.58 | valid ppl  4.83 | best ppl  4.83 
----------------------------------------------------------------------------------------------------
| epoch   2 step    10100 |   4842 batches | lr 0.0001 | ms/batch 5667.86 | loss  2.84 | avg loss  3.04 | ppl 20.87
| epoch   2 step    10200 |   4942 batches | lr 0.0001 | ms/batch 1722.39 | loss  2.88 | avg loss  3.06 | ppl 21.26
| epoch   2 step    10300 |   5042 batches | lr 0.0001 | ms/batch 1722.85 | loss  3.29 | avg loss  3.03 | ppl 20.76
| epoch   2 step    10400 |   5142 batches | lr 0.0001 | ms/batch 1719.44 | loss  3.08 | avg loss  3.03 | ppl 20.71
| epoch   2 step    10500 |   5242 batches | lr 0.0001 | ms/batch 1707.63 | loss  2.92 | avg loss  3.02 | ppl 20.56
saving checkpoint ./trained_models/GPT2_M/e2e/model.10516.pt
start to train the model................ 3
| epoch   3 step    10600 |     84 batches | lr 0.0001 | ms/batch 1439.64 | loss  2.75 | avg loss  3.04 | ppl 20.96
| epoch   3 step    10700 |    184 batches | lr 0.0001 | ms/batch 1724.58 | loss  3.19 | avg loss  3.05 | ppl 21.11
| epoch   3 step    10800 |    284 batches | lr 0.0001 | ms/batch 1724.85 | loss  3.25 | avg loss  3.04 | ppl 20.91
| epoch   3 step    10900 |    384 batches | lr 0.0001 | ms/batch 1775.70 | loss  3.35 | avg loss  3.03 | ppl 20.73
| epoch   3 step    11000 |    484 batches | lr 0.0001 | ms/batch 1852.47 | loss  3.13 | avg loss  3.03 | ppl 20.74
saving checkpoint ./trained_models/GPT2_M/e2e/model.11000.pt
| epoch   3 step    11100 |    584 batches | lr 0.0001 | ms/batch 1823.07 | loss  3.15 | avg loss  3.10 | ppl 22.25
| epoch   3 step    11200 |    684 batches | lr 0.0001 | ms/batch 1714.13 | loss  3.10 | avg loss  3.05 | ppl 21.10
| epoch   3 step    11300 |    784 batches | lr 0.0001 | ms/batch 1723.27 | loss  3.22 | avg loss  3.05 | ppl 21.12
| epoch   3 step    11400 |    884 batches | lr 0.0001 | ms/batch 1722.94 | loss  3.08 | avg loss  3.05 | ppl 21.20
| epoch   3 step    11500 |    984 batches | lr 0.0001 | ms/batch 1723.08 | loss  2.76 | avg loss  3.06 | ppl 21.23
| epoch   3 step    11600 |   1084 batches | lr 0.0001 | ms/batch 1690.72 | loss  2.66 | avg loss  3.00 | ppl 20.08
| epoch   3 step    11700 |   1184 batches | lr 0.0001 | ms/batch 1722.79 | loss  2.89 | avg loss  3.04 | ppl 20.81
| epoch   3 step    11800 |   1284 batches | lr 0.0001 | ms/batch 1716.02 | loss  2.93 | avg loss  2.99 | ppl 19.95
| epoch   3 step    11900 |   1384 batches | lr 0.0001 | ms/batch 1713.35 | loss  2.93 | avg loss  3.01 | ppl 20.38
| epoch   3 step    12000 |   1484 batches | lr 0.0001 | ms/batch 1713.11 | loss  3.09 | avg loss  3.04 | ppl 20.85
saving checkpoint ./trained_models/GPT2_M/e2e/model.12000.pt
eval samples: 0 loss: tensor(1.6238, device='cuda:0')
eval samples: 100 loss: tensor(1.0308, device='cuda:0')
eval samples: 200 loss: tensor(1.9120, device='cuda:0')
eval samples: 300 loss: tensor(1.4742, device='cuda:0')
eval samples: 400 loss: tensor(1.2479, device='cuda:0')
eval samples: 500 loss: tensor(0.9642, device='cuda:0')
eval samples: 600 loss: tensor(1.6216, device='cuda:0')
eval samples: 700 loss: tensor(1.0671, device='cuda:0')
eval samples: 800 loss: tensor(1.4388, device='cuda:0')
eval samples: 900 loss: tensor(2.0724, device='cuda:0')
eval samples: 1000 loss: tensor(1.4440, device='cuda:0')
eval samples: 1100 loss: tensor(1.7107, device='cuda:0')
average loss 1.569516267423352
----------------------------------------------------------------------------------------------------
| Eval   6 at step    12000 | time: 398.16s | valid loss  1.57 | valid ppl  4.80 | best ppl  4.80 
----------------------------------------------------------------------------------------------------
| epoch   3 step    12100 |   1584 batches | lr 0.0001 | ms/batch 5698.87 | loss  2.93 | avg loss  3.05 | ppl 21.03
| epoch   3 step    12200 |   1684 batches | lr 0.0001 | ms/batch 1716.81 | loss  2.91 | avg loss  3.04 | ppl 20.97
| epoch   3 step    12300 |   1784 batches | lr 0.0001 | ms/batch 1716.23 | loss  3.05 | avg loss  3.05 | ppl 21.07
| epoch   3 step    12400 |   1884 batches | lr 0.0001 | ms/batch 1717.17 | loss  3.16 | avg loss  3.00 | ppl 20.16
| epoch   3 step    12500 |   1984 batches | lr 0.0001 | ms/batch 1717.04 | loss  3.24 | avg loss  3.04 | ppl 20.94
| epoch   3 step    12600 |   2084 batches | lr 0.0001 | ms/batch 1717.31 | loss  3.26 | avg loss  2.97 | ppl 19.49
| epoch   3 step    12700 |   2184 batches | lr 0.0001 | ms/batch 1716.96 | loss  2.92 | avg loss  3.02 | ppl 20.53
| epoch   3 step    12800 |   2284 batches | lr 0.0001 | ms/batch 1717.33 | loss  3.12 | avg loss  3.04 | ppl 20.84
| epoch   3 step    12900 |   2384 batches | lr 0.0001 | ms/batch 1752.94 | loss  3.00 | avg loss  3.04 | ppl 20.96
| epoch   3 step    13000 |   2484 batches | lr 0.0001 | ms/batch 1851.04 | loss  3.57 | avg loss  3.06 | ppl 21.23
saving checkpoint ./trained_models/GPT2_M/e2e/model.13000.pt
| epoch   3 step    13100 |   2584 batches | lr 0.0001 | ms/batch 1840.08 | loss  2.82 | avg loss  3.01 | ppl 20.23
| epoch   3 step    13200 |   2684 batches | lr 0.0001 | ms/batch 1726.44 | loss  3.04 | avg loss  3.07 | ppl 21.65
| epoch   3 step    13300 |   2784 batches | lr 0.0001 | ms/batch 1722.99 | loss  3.04 | avg loss  3.00 | ppl 20.18
| epoch   3 step    13400 |   2884 batches | lr 0.0001 | ms/batch 1721.41 | loss  3.20 | avg loss  3.01 | ppl 20.21
| epoch   3 step    13500 |   2984 batches | lr 0.0001 | ms/batch 1722.42 | loss  3.38 | avg loss  3.04 | ppl 20.94
| epoch   3 step    13600 |   3084 batches | lr 0.0001 | ms/batch 1722.89 | loss  2.94 | avg loss  3.05 | ppl 21.10
| epoch   3 step    13700 |   3184 batches | lr 0.0001 | ms/batch 1722.49 | loss  3.30 | avg loss  3.07 | ppl 21.52
| epoch   3 step    13800 |   3284 batches | lr 0.0001 | ms/batch 1715.71 | loss  2.64 | avg loss  2.99 | ppl 19.98
| epoch   3 step    13900 |   3384 batches | lr 0.0001 | ms/batch 1723.21 | loss  3.45 | avg loss  3.06 | ppl 21.26
| epoch   3 step    14000 |   3484 batches | lr 0.0001 | ms/batch 1722.96 | loss  3.15 | avg loss  3.05 | ppl 21.21
saving checkpoint ./trained_models/GPT2_M/e2e/model.14000.pt
eval samples: 0 loss: tensor(1.5753, device='cuda:0')
eval samples: 100 loss: tensor(1.0319, device='cuda:0')
eval samples: 200 loss: tensor(1.9132, device='cuda:0')
eval samples: 300 loss: tensor(1.4739, device='cuda:0')
eval samples: 400 loss: tensor(1.1881, device='cuda:0')
eval samples: 500 loss: tensor(0.9432, device='cuda:0')
eval samples: 600 loss: tensor(1.6098, device='cuda:0')
eval samples: 700 loss: tensor(1.0683, device='cuda:0')
eval samples: 800 loss: tensor(1.4155, device='cuda:0')
eval samples: 900 loss: tensor(2.0489, device='cuda:0')
eval samples: 1000 loss: tensor(1.4425, device='cuda:0')
eval samples: 1100 loss: tensor(1.7081, device='cuda:0')
average loss 1.5556271533443504
----------------------------------------------------------------------------------------------------
| Eval   7 at step    14000 | time: 395.10s | valid loss  1.56 | valid ppl  4.74 | best ppl  4.74 
----------------------------------------------------------------------------------------------------
| epoch   3 step    14100 |   3584 batches | lr 0.0001 | ms/batch 5666.94 | loss  3.13 | avg loss  2.98 | ppl 19.74
| epoch   3 step    14200 |   3684 batches | lr 0.0001 | ms/batch 1716.02 | loss  3.06 | avg loss  3.01 | ppl 20.27
| epoch   3 step    14300 |   3784 batches | lr 0.0001 | ms/batch 1716.42 | loss  3.21 | avg loss  3.01 | ppl 20.36
| epoch   3 step    14400 |   3884 batches | lr 0.0001 | ms/batch 1717.00 | loss  2.76 | avg loss  3.02 | ppl 20.50
| epoch   3 step    14500 |   3984 batches | lr 0.0001 | ms/batch 1716.81 | loss  2.88 | avg loss  3.03 | ppl 20.61
| epoch   3 step    14600 |   4084 batches | lr 0.0001 | ms/batch 1716.86 | loss  2.96 | avg loss  3.04 | ppl 20.88
| epoch   3 step    14700 |   4184 batches | lr 0.0001 | ms/batch 1717.43 | loss  3.00 | avg loss  3.00 | ppl 20.05
| epoch   3 step    14800 |   4284 batches | lr 0.0001 | ms/batch 1716.73 | loss  3.06 | avg loss  3.04 | ppl 20.95
| epoch   3 step    14900 |   4384 batches | lr 0.0001 | ms/batch 1737.45 | loss  2.97 | avg loss  3.02 | ppl 20.46
| epoch   3 step    15000 |   4484 batches | lr 0.0001 | ms/batch 1853.90 | loss  3.26 | avg loss  3.06 | ppl 21.34
saving checkpoint ./trained_models/GPT2_M/e2e/model.15000.pt
| epoch   3 step    15100 |   4584 batches | lr 0.0001 | ms/batch 1856.08 | loss  2.87 | avg loss  3.01 | ppl 20.30
| epoch   3 step    15200 |   4684 batches | lr 0.0001 | ms/batch 1719.69 | loss  3.14 | avg loss  3.00 | ppl 20.14
| epoch   3 step    15300 |   4784 batches | lr 0.0001 | ms/batch 1717.27 | loss  3.00 | avg loss  3.05 | ppl 21.13
| epoch   3 step    15400 |   4884 batches | lr 0.0001 | ms/batch 1707.58 | loss  2.93 | avg loss  3.04 | ppl 20.89
| epoch   3 step    15500 |   4984 batches | lr 0.0001 | ms/batch 1721.76 | loss  2.91 | avg loss  3.04 | ppl 20.85
| epoch   3 step    15600 |   5084 batches | lr 0.0001 | ms/batch 1722.65 | loss  3.05 | avg loss  3.01 | ppl 20.30
| epoch   3 step    15700 |   5184 batches | lr 0.0001 | ms/batch 1723.21 | loss  3.00 | avg loss  2.99 | ppl 19.88
saving checkpoint ./trained_models/GPT2_M/e2e/model.15774.pt
start to train the model................ 4
| epoch   4 step    15800 |     26 batches | lr 0.0001 | ms/batch 446.13 | loss  2.82 | avg loss  2.99 | ppl 19.89
| epoch   4 step    15900 |    126 batches | lr 0.0001 | ms/batch 1715.91 | loss  2.91 | avg loss  3.02 | ppl 20.48
| epoch   4 step    16000 |    226 batches | lr 0.0001 | ms/batch 1715.67 | loss  3.01 | avg loss  3.03 | ppl 20.75
saving checkpoint ./trained_models/GPT2_M/e2e/model.16000.pt
eval samples: 0 loss: tensor(1.6417, device='cuda:0')
eval samples: 100 loss: tensor(1.0136, device='cuda:0')
eval samples: 200 loss: tensor(1.8869, device='cuda:0')
eval samples: 300 loss: tensor(1.4332, device='cuda:0')
eval samples: 400 loss: tensor(1.2286, device='cuda:0')
eval samples: 500 loss: tensor(0.9399, device='cuda:0')
eval samples: 600 loss: tensor(1.5843, device='cuda:0')
eval samples: 700 loss: tensor(1.0639, device='cuda:0')
eval samples: 800 loss: tensor(1.4424, device='cuda:0')
eval samples: 900 loss: tensor(2.0746, device='cuda:0')
eval samples: 1000 loss: tensor(1.4337, device='cuda:0')
eval samples: 1100 loss: tensor(1.7235, device='cuda:0')
average loss 1.5588722230024534
----------------------------------------------------------------------------------------------------
| Eval   8 at step    16000 | time: 394.01s | valid loss  1.56 | valid ppl  4.75 | best ppl  4.75 
----------------------------------------------------------------------------------------------------
| epoch   4 step    16100 |    326 batches | lr 0.0001 | ms/batch 5661.30 | loss  3.31 | avg loss  3.01 | ppl 20.27
| epoch   4 step    16200 |    426 batches | lr 0.0001 | ms/batch 1722.47 | loss  2.98 | avg loss  2.99 | ppl 19.96
| epoch   4 step    16300 |    526 batches | lr 0.0001 | ms/batch 1721.87 | loss  3.44 | avg loss  2.99 | ppl 19.89
| epoch   4 step    16400 |    626 batches | lr 0.0001 | ms/batch 1722.37 | loss  3.40 | avg loss  3.02 | ppl 20.50
| epoch   4 step    16500 |    726 batches | lr 0.0001 | ms/batch 1722.15 | loss  3.21 | avg loss  3.03 | ppl 20.79
| epoch   4 step    16600 |    826 batches | lr 0.0001 | ms/batch 1722.44 | loss  3.29 | avg loss  3.01 | ppl 20.20
| epoch   4 step    16700 |    926 batches | lr 0.0001 | ms/batch 1687.89 | loss  3.15 | avg loss  3.03 | ppl 20.67
| epoch   4 step    16800 |   1026 batches | lr 0.0001 | ms/batch 1712.88 | loss  3.11 | avg loss  3.03 | ppl 20.63
| epoch   4 step    16900 |   1126 batches | lr 0.0001 | ms/batch 1715.51 | loss  2.71 | avg loss  2.98 | ppl 19.70
| epoch   4 step    17000 |   1226 batches | lr 0.0001 | ms/batch 1879.64 | loss  2.85 | avg loss  2.99 | ppl 19.85
saving checkpoint ./trained_models/GPT2_M/e2e/model.17000.pt
| epoch   4 step    17100 |   1326 batches | lr 0.0001 | ms/batch 1873.31 | loss  3.10 | avg loss  3.04 | ppl 21.01
| epoch   4 step    17200 |   1426 batches | lr 0.0001 | ms/batch 1735.94 | loss  2.85 | avg loss  2.99 | ppl 19.88
| epoch   4 step    17300 |   1526 batches | lr 0.0001 | ms/batch 1715.58 | loss  2.88 | avg loss  3.01 | ppl 20.37
| epoch   4 step    17400 |   1626 batches | lr 0.0001 | ms/batch 1716.06 | loss  2.80 | avg loss  3.00 | ppl 20.18
| epoch   4 step    17500 |   1726 batches | lr 0.0001 | ms/batch 1715.87 | loss  3.18 | avg loss  3.03 | ppl 20.78
| epoch   4 step    17600 |   1826 batches | lr 0.0001 | ms/batch 1715.41 | loss  3.42 | avg loss  3.04 | ppl 20.95
| epoch   4 step    17700 |   1926 batches | lr 0.0001 | ms/batch 1715.35 | loss  3.03 | avg loss  3.01 | ppl 20.26
| epoch   4 step    17800 |   2026 batches | lr 0.0001 | ms/batch 1714.44 | loss  3.25 | avg loss  3.06 | ppl 21.26
| epoch   4 step    17900 |   2126 batches | lr 0.0001 | ms/batch 1714.51 | loss  3.06 | avg loss  3.00 | ppl 20.12
| epoch   4 step    18000 |   2226 batches | lr 0.0001 | ms/batch 1714.52 | loss  3.64 | avg loss  3.01 | ppl 20.24
saving checkpoint ./trained_models/GPT2_M/e2e/model.18000.pt
eval samples: 0 loss: tensor(1.5990, device='cuda:0')
eval samples: 100 loss: tensor(1.0241, device='cuda:0')
eval samples: 200 loss: tensor(1.8736, device='cuda:0')
eval samples: 300 loss: tensor(1.4661, device='cuda:0')
eval samples: 400 loss: tensor(1.2009, device='cuda:0')
eval samples: 500 loss: tensor(0.9681, device='cuda:0')
eval samples: 600 loss: tensor(1.5851, device='cuda:0')
eval samples: 700 loss: tensor(1.0545, device='cuda:0')
eval samples: 800 loss: tensor(1.4400, device='cuda:0')
eval samples: 900 loss: tensor(2.0623, device='cuda:0')
eval samples: 1000 loss: tensor(1.4403, device='cuda:0')
eval samples: 1100 loss: tensor(1.7217, device='cuda:0')
average loss 1.5541422074686175
----------------------------------------------------------------------------------------------------
| Eval   9 at step    18000 | time: 398.29s | valid loss  1.55 | valid ppl  4.73 | best ppl  4.73 
----------------------------------------------------------------------------------------------------
| epoch   4 step    18100 |   2326 batches | lr 0.0001 | ms/batch 5695.49 | loss  3.21 | avg loss  3.00 | ppl 20.17
| epoch   4 step    18200 |   2426 batches | lr 0.0001 | ms/batch 1712.91 | loss  2.72 | avg loss  3.00 | ppl 20.17
| epoch   4 step    18300 |   2526 batches | lr 0.0001 | ms/batch 1713.19 | loss  2.88 | avg loss  3.02 | ppl 20.49
| epoch   4 step    18400 |   2626 batches | lr 0.0001 | ms/batch 1711.16 | loss  3.12 | avg loss  2.99 | ppl 19.90
| epoch   4 step    18500 |   2726 batches | lr 0.0001 | ms/batch 1715.17 | loss  3.03 | avg loss  2.99 | ppl 19.89
| epoch   4 step    18600 |   2826 batches | lr 0.0001 | ms/batch 1715.58 | loss  2.80 | avg loss  3.03 | ppl 20.75
| epoch   4 step    18700 |   2926 batches | lr 0.0001 | ms/batch 1715.68 | loss  2.87 | avg loss  2.99 | ppl 19.93
| epoch   4 step    18800 |   3026 batches | lr 0.0001 | ms/batch 1713.24 | loss  2.71 | avg loss  3.02 | ppl 20.55
| epoch   4 step    18900 |   3126 batches | lr 0.0001 | ms/batch 1707.02 | loss  3.07 | avg loss  3.02 | ppl 20.49
| epoch   4 step    19000 |   3226 batches | lr 0.0001 | ms/batch 1869.72 | loss  3.30 | avg loss  3.01 | ppl 20.24
saving checkpoint ./trained_models/GPT2_M/e2e/model.19000.pt
| epoch   4 step    19100 |   3326 batches | lr 0.0001 | ms/batch 1883.18 | loss  3.30 | avg loss  3.01 | ppl 20.26
| epoch   4 step    19200 |   3426 batches | lr 0.0001 | ms/batch 1740.46 | loss  3.09 | avg loss  2.99 | ppl 19.87
| epoch   4 step    19300 |   3526 batches | lr 0.0001 | ms/batch 1718.38 | loss  3.10 | avg loss  3.03 | ppl 20.62
| epoch   4 step    19400 |   3626 batches | lr 0.0001 | ms/batch 1718.19 | loss  3.24 | avg loss  3.01 | ppl 20.31
| epoch   4 step    19500 |   3726 batches | lr 0.0001 | ms/batch 1716.27 | loss  2.69 | avg loss  3.01 | ppl 20.23
| epoch   4 step    19600 |   3826 batches | lr 0.0001 | ms/batch 1716.20 | loss  3.17 | avg loss  3.00 | ppl 20.10
| epoch   4 step    19700 |   3926 batches | lr 0.0001 | ms/batch 1716.36 | loss  3.12 | avg loss  3.00 | ppl 20.18
| epoch   4 step    19800 |   4026 batches | lr 0.0001 | ms/batch 1716.00 | loss  2.98 | avg loss  3.02 | ppl 20.49
| epoch   4 step    19900 |   4126 batches | lr 0.0001 | ms/batch 1715.35 | loss  2.82 | avg loss  3.03 | ppl 20.76
| epoch   4 step    20000 |   4226 batches | lr 0.0001 | ms/batch 1715.52 | loss  2.89 | avg loss  3.00 | ppl 20.12
saving checkpoint ./trained_models/GPT2_M/e2e/model.20000.pt
eval samples: 0 loss: tensor(1.6195, device='cuda:0')
eval samples: 100 loss: tensor(1.0057, device='cuda:0')
eval samples: 200 loss: tensor(1.8527, device='cuda:0')
eval samples: 300 loss: tensor(1.4712, device='cuda:0')
eval samples: 400 loss: tensor(1.1953, device='cuda:0')
eval samples: 500 loss: tensor(0.9421, device='cuda:0')
eval samples: 600 loss: tensor(1.5587, device='cuda:0')
eval samples: 700 loss: tensor(1.0483, device='cuda:0')
eval samples: 800 loss: tensor(1.4468, device='cuda:0')
eval samples: 900 loss: tensor(2.0833, device='cuda:0')
eval samples: 1000 loss: tensor(1.4573, device='cuda:0')
eval samples: 1100 loss: tensor(1.7208, device='cuda:0')
average loss 1.5384113516607514
----------------------------------------------------------------------------------------------------
| Eval  10 at step    20000 | time: 398.02s | valid loss  1.54 | valid ppl  4.66 | best ppl  4.66 
----------------------------------------------------------------------------------------------------
| epoch   4 step    20100 |   4326 batches | lr 0.0001 | ms/batch 5696.55 | loss  2.94 | avg loss  3.00 | ppl 20.08
| epoch   4 step    20200 |   4426 batches | lr 0.0001 | ms/batch 1716.70 | loss  3.09 | avg loss  3.01 | ppl 20.28
| epoch   4 step    20300 |   4526 batches | lr 0.0001 | ms/batch 1716.65 | loss  3.05 | avg loss  3.03 | ppl 20.68
| epoch   4 step    20400 |   4626 batches | lr 0.0001 | ms/batch 1711.97 | loss  2.98 | avg loss  3.01 | ppl 20.36
| epoch   4 step    20500 |   4726 batches | lr 0.0001 | ms/batch 1717.01 | loss  3.10 | avg loss  2.99 | ppl 19.79
| epoch   4 step    20600 |   4826 batches | lr 0.0001 | ms/batch 1716.59 | loss  3.17 | avg loss  3.04 | ppl 20.86
| epoch   4 step    20700 |   4926 batches | lr 0.0001 | ms/batch 1717.00 | loss  3.06 | avg loss  2.99 | ppl 19.97
| epoch   4 step    20800 |   5026 batches | lr 0.0001 | ms/batch 1716.77 | loss  2.72 | avg loss  3.03 | ppl 20.62
| epoch   4 step    20900 |   5126 batches | lr 0.0001 | ms/batch 1716.57 | loss  2.94 | avg loss  3.00 | ppl 20.00
| epoch   4 step    21000 |   5226 batches | lr 0.0001 | ms/batch 1880.35 | loss  2.82 | avg loss  3.00 | ppl 20.09
saving checkpoint ./trained_models/GPT2_M/e2e/model.21000.pt
saving checkpoint ./trained_models/GPT2_M/e2e/model.21032.pt
start to train the model................ 5
| epoch   5 step    21100 |     68 batches | lr 0.0001 | ms/batch 1286.52 | loss  3.13 | avg loss  3.03 | ppl 20.72
| epoch   5 step    21200 |    168 batches | lr 0.0001 | ms/batch 1736.66 | loss  3.15 | avg loss  2.96 | ppl 19.36
| epoch   5 step    21300 |    268 batches | lr 0.0001 | ms/batch 1717.09 | loss  2.75 | avg loss  3.03 | ppl 20.67
| epoch   5 step    21400 |    368 batches | lr 0.0001 | ms/batch 1716.51 | loss  3.16 | avg loss  3.01 | ppl 20.19
| epoch   5 step    21500 |    468 batches | lr 0.0001 | ms/batch 1720.35 | loss  3.23 | avg loss  3.02 | ppl 20.48
| epoch   5 step    21600 |    568 batches | lr 0.0001 | ms/batch 1715.97 | loss  3.25 | avg loss  2.97 | ppl 19.53
| epoch   5 step    21700 |    668 batches | lr 0.0001 | ms/batch 1708.86 | loss  3.37 | avg loss  3.01 | ppl 20.38
| epoch   5 step    21800 |    768 batches | lr 0.0001 | ms/batch 1696.04 | loss  2.88 | avg loss  3.04 | ppl 20.83
| epoch   5 step    21900 |    868 batches | lr 0.0001 | ms/batch 1720.05 | loss  3.25 | avg loss  3.01 | ppl 20.24
| epoch   5 step    22000 |    968 batches | lr 0.0001 | ms/batch 1723.16 | loss  2.88 | avg loss  2.96 | ppl 19.29
saving checkpoint ./trained_models/GPT2_M/e2e/model.22000.pt
eval samples: 0 loss: tensor(1.6121, device='cuda:0')
eval samples: 100 loss: tensor(1.0199, device='cuda:0')
eval samples: 200 loss: tensor(1.8600, device='cuda:0')
eval samples: 300 loss: tensor(1.4542, device='cuda:0')
eval samples: 400 loss: tensor(1.1867, device='cuda:0')
eval samples: 500 loss: tensor(0.9229, device='cuda:0')
eval samples: 600 loss: tensor(1.5703, device='cuda:0')
eval samples: 700 loss: tensor(1.0268, device='cuda:0')
eval samples: 800 loss: tensor(1.4307, device='cuda:0')
eval samples: 900 loss: tensor(2.0916, device='cuda:0')
eval samples: 1000 loss: tensor(1.4448, device='cuda:0')
eval samples: 1100 loss: tensor(1.6876, device='cuda:0')
average loss 1.5421417381053102
----------------------------------------------------------------------------------------------------
| Eval  11 at step    22000 | time: 398.02s | valid loss  1.54 | valid ppl  4.67 | best ppl  4.67 
----------------------------------------------------------------------------------------------------
| epoch   5 step    22100 |   1068 batches | lr 0.0001 | ms/batch 5661.09 | loss  3.12 | avg loss  2.99 | ppl 19.99
| epoch   5 step    22200 |   1168 batches | lr 0.0001 | ms/batch 1672.58 | loss  3.39 | avg loss  3.02 | ppl 20.52
| epoch   5 step    22300 |   1268 batches | lr 0.0001 | ms/batch 1666.86 | loss  2.84 | avg loss  3.02 | ppl 20.58
| epoch   5 step    22400 |   1368 batches | lr 0.0001 | ms/batch 1666.46 | loss  2.83 | avg loss  2.96 | ppl 19.36
| epoch   5 step    22500 |   1468 batches | lr 0.0001 | ms/batch 1666.94 | loss  2.93 | avg loss  3.00 | ppl 20.13
| epoch   5 step    22600 |   1568 batches | lr 0.0001 | ms/batch 1666.38 | loss  3.35 | avg loss  3.02 | ppl 20.58
| epoch   5 step    22700 |   1668 batches | lr 0.0001 | ms/batch 1674.22 | loss  2.89 | avg loss  2.99 | ppl 19.85
| epoch   5 step    22800 |   1768 batches | lr 0.0001 | ms/batch 1671.68 | loss  2.91 | avg loss  3.01 | ppl 20.37
| epoch   5 step    22900 |   1868 batches | lr 0.0001 | ms/batch 1673.66 | loss  3.48 | avg loss  3.05 | ppl 21.17
| epoch   5 step    23000 |   1968 batches | lr 0.0001 | ms/batch 1892.63 | loss  2.88 | avg loss  2.99 | ppl 19.89
saving checkpoint ./trained_models/GPT2_M/e2e/model.23000.pt
| epoch   5 step    23100 |   2068 batches | lr 0.0001 | ms/batch 1888.01 | loss  3.12 | avg loss  3.03 | ppl 20.78
| epoch   5 step    23200 |   2168 batches | lr 0.0001 | ms/batch 1732.32 | loss  3.20 | avg loss  2.99 | ppl 19.83
| epoch   5 step    23300 |   2268 batches | lr 0.0001 | ms/batch 1716.12 | loss  2.78 | avg loss  2.97 | ppl 19.52
| epoch   5 step    23400 |   2368 batches | lr 0.0001 | ms/batch 1675.57 | loss  2.91 | avg loss  3.01 | ppl 20.30
| epoch   5 step    23500 |   2468 batches | lr 0.0001 | ms/batch 1672.45 | loss  2.83 | avg loss  2.97 | ppl 19.58
| epoch   5 step    23600 |   2568 batches | lr 0.0001 | ms/batch 1680.06 | loss  2.74 | avg loss  2.99 | ppl 19.97
| epoch   5 step    23700 |   2668 batches | lr 0.0001 | ms/batch 1715.82 | loss  3.00 | avg loss  2.97 | ppl 19.50
| epoch   5 step    23800 |   2768 batches | lr 0.0001 | ms/batch 1708.10 | loss  3.04 | avg loss  3.01 | ppl 20.36
| epoch   5 step    23900 |   2868 batches | lr 0.0001 | ms/batch 1705.96 | loss  3.10 | avg loss  2.98 | ppl 19.78
| epoch   5 step    24000 |   2968 batches | lr 0.0001 | ms/batch 1707.84 | loss  2.87 | avg loss  3.00 | ppl 20.09
saving checkpoint ./trained_models/GPT2_M/e2e/model.24000.pt
eval samples: 0 loss: tensor(1.6185, device='cuda:0')
eval samples: 100 loss: tensor(0.9783, device='cuda:0')
eval samples: 200 loss: tensor(1.8828, device='cuda:0')
eval samples: 300 loss: tensor(1.4188, device='cuda:0')
eval samples: 400 loss: tensor(1.1772, device='cuda:0')
eval samples: 500 loss: tensor(0.9621, device='cuda:0')
eval samples: 600 loss: tensor(1.6042, device='cuda:0')
eval samples: 700 loss: tensor(1.0497, device='cuda:0')
eval samples: 800 loss: tensor(1.4147, device='cuda:0')
eval samples: 900 loss: tensor(2.0767, device='cuda:0')
eval samples: 1000 loss: tensor(1.4587, device='cuda:0')
eval samples: 1100 loss: tensor(1.7328, device='cuda:0')
average loss 1.536949950742395
----------------------------------------------------------------------------------------------------
| Eval  12 at step    24000 | time: 396.90s | valid loss  1.54 | valid ppl  4.65 | best ppl  4.65 
----------------------------------------------------------------------------------------------------
| epoch   5 step    24100 |   3068 batches | lr 0.0001 | ms/batch 5686.77 | loss  3.09 | avg loss  3.03 | ppl 20.68
| epoch   5 step    24200 |   3168 batches | lr 0.0001 | ms/batch 1709.24 | loss  3.26 | avg loss  2.96 | ppl 19.26
| epoch   5 step    24300 |   3268 batches | lr 0.0001 | ms/batch 1713.62 | loss  3.12 | avg loss  3.00 | ppl 20.00
| epoch   5 step    24400 |   3368 batches | lr 0.0001 | ms/batch 1748.67 | loss  3.16 | avg loss  3.00 | ppl 20.10
| epoch   5 step    24500 |   3468 batches | lr 0.0001 | ms/batch 1762.59 | loss  2.93 | avg loss  2.99 | ppl 19.84
| epoch   5 step    24600 |   3568 batches | lr 0.0001 | ms/batch 1788.95 | loss  3.27 | avg loss  3.00 | ppl 20.06
| epoch   5 step    24700 |   3668 batches | lr 0.0001 | ms/batch 1816.77 | loss  3.47 | avg loss  3.04 | ppl 20.96
| epoch   5 step    24800 |   3768 batches | lr 0.0001 | ms/batch 1811.19 | loss  3.35 | avg loss  2.98 | ppl 19.76
| epoch   5 step    24900 |   3868 batches | lr 0.0001 | ms/batch 1823.56 | loss  2.76 | avg loss  2.99 | ppl 19.96
| epoch   5 step    25000 |   3968 batches | lr 0.0001 | ms/batch 2040.72 | loss  2.93 | avg loss  3.01 | ppl 20.21
saving checkpoint ./trained_models/GPT2_M/e2e/model.25000.pt
| epoch   5 step    25100 |   4068 batches | lr 0.0001 | ms/batch 2026.98 | loss  3.17 | avg loss  2.99 | ppl 19.81
| epoch   5 step    25200 |   4168 batches | lr 0.0001 | ms/batch 1806.52 | loss  2.92 | avg loss  3.02 | ppl 20.49
| epoch   5 step    25300 |   4268 batches | lr 0.0001 | ms/batch 1807.43 | loss  2.95 | avg loss  2.99 | ppl 19.94
| epoch   5 step    25400 |   4368 batches | lr 0.0001 | ms/batch 1807.44 | loss  3.21 | avg loss  2.96 | ppl 19.38
| epoch   5 step    25500 |   4468 batches | lr 0.0001 | ms/batch 1797.04 | loss  2.99 | avg loss  2.99 | ppl 19.82
| epoch   5 step    25600 |   4568 batches | lr 0.0001 | ms/batch 1762.86 | loss  3.09 | avg loss  2.99 | ppl 19.98
| epoch   5 step    25700 |   4668 batches | lr 0.0001 | ms/batch 1766.54 | loss  3.32 | avg loss  3.03 | ppl 20.65
| epoch   5 step    25800 |   4768 batches | lr 0.0001 | ms/batch 1767.29 | loss  2.95 | avg loss  3.02 | ppl 20.45
| epoch   5 step    25900 |   4868 batches | lr 0.0001 | ms/batch 1771.52 | loss  2.84 | avg loss  2.99 | ppl 19.87
| epoch   5 step    26000 |   4968 batches | lr 0.0001 | ms/batch 1768.83 | loss  2.88 | avg loss  3.00 | ppl 20.12
saving checkpoint ./trained_models/GPT2_M/e2e/model.26000.pt
eval samples: 0 loss: tensor(1.6178, device='cuda:0')
eval samples: 100 loss: tensor(0.9579, device='cuda:0')
eval samples: 200 loss: tensor(1.8383, device='cuda:0')
eval samples: 300 loss: tensor(1.4335, device='cuda:0')
eval samples: 400 loss: tensor(1.1834, device='cuda:0')
eval samples: 500 loss: tensor(0.9310, device='cuda:0')
eval samples: 600 loss: tensor(1.6019, device='cuda:0')
eval samples: 700 loss: tensor(1.0227, device='cuda:0')
eval samples: 800 loss: tensor(1.4248, device='cuda:0')
eval samples: 900 loss: tensor(2.0892, device='cuda:0')
eval samples: 1000 loss: tensor(1.4690, device='cuda:0')
eval samples: 1100 loss: tensor(1.7354, device='cuda:0')
average loss 1.532538424922179
----------------------------------------------------------------------------------------------------
| Eval  13 at step    26000 | time: 398.65s | valid loss  1.53 | valid ppl  4.63 | best ppl  4.63 
----------------------------------------------------------------------------------------------------
| epoch   5 step    26100 |   5068 batches | lr 0.0001 | ms/batch 5758.04 | loss  3.01 | avg loss  2.98 | ppl 19.64
| epoch   5 step    26200 |   5168 batches | lr 0.0001 | ms/batch 1767.09 | loss  3.17 | avg loss  2.98 | ppl 19.71
saving checkpoint ./trained_models/GPT2_M/e2e/model.26290.pt
----------------------------------------------------------------------------------------------------
End of training
cleanup dist ...
[rank0]:[W507 04:16:59.059900035 ProcessGroupNCCL.cpp:1479] Warning: WARNING: destroy_process_group() was not called before program exit, which can leak resources. For more info, please see https://pytorch.org/docs/stable/distributed.html#shutdown (function operator())
