nohup: ignoring input
myrank: 0 local_rank: 0 device_count: 1 world_size: 1
====================================================================================================
        - platform : local
        - local_rank : 0
        - rank : 0
        - device : cuda:0
        - world_size : 1
        - random_seed : 110
        - lr : 0.0005
        - weight_decay : 0.01
        - correct_bias : True
        - adam_epislon : 1e-06
        - no_decay_bias : False
        - adam_beta1 : 0.9
        - adam_beta2 : 0.999
        - scheduler : linear
        - max_step : None
        - max_epoch : 5
        - warmup_step : 500
        - i_steps : 0
        - i_lrs : 0.00025
        - train_data : ./data/e2e/train.jsonl
        - valid_data : ./data/e2e/valid.jsonl
        - train_batch_size : 8
        - valid_batch_size : 4
        - grad_acc : 1
        - clip : 0.0
        - seq_len : 512
        - model_card : gpt2.md
        - init_checkpoint : ./pretrained_checkpoints/gpt2-medium-pytorch_model.bin
        - fp16 : False
        - log_interval : 100
        - eval_interval : 2000
        - save_interval : 1000
        - work_dir : ./trained_models/GPT2_M/e2e
        - lora_dim : 0
        - lora_alpha : 32
        - obj : clm
        - lora_dropout : 0.1
        - label_smooth : 0.1
        - roll_interval : -1
        - roll_lr : 1e-05
        - roll_step : 100
        - eval_epoch : 1
        - dist : <module 'torch.distributed' from '/home/ycyh/miniconda3/envs/LoRA/lib/python3.11/site-packages/torch/distributed/__init__.py'>
====================================================================================================
Experiment dir : ./trained_models/GPT2_M/e2e
loading model pretrained weight.
MoFaSGD 2D parameter count: 354.50M
Skipped 1D parameter count : 0.32M
set max_step: 26290
start to train the model................ 1
| epoch   1 step      100 |    100 batches | lr 0.0001 | ms/batch 851.85 | loss  3.39 | avg loss  3.31 | ppl 27.46
| epoch   1 step      200 |    200 batches | lr 0.0002 | ms/batch 856.19 | loss  2.98 | avg loss  2.90 | ppl 18.18
| epoch   1 step      300 |    300 batches | lr 0.0003 | ms/batch 858.60 | loss  2.95 | avg loss  2.94 | ppl 18.86
| epoch   1 step      400 |    400 batches | lr 0.0004 | ms/batch 858.92 | loss  2.99 | avg loss  3.00 | ppl 20.11
| epoch   1 step      500 |    500 batches | lr 0.0005 | ms/batch 858.74 | loss  2.82 | avg loss  3.01 | ppl 20.36
| epoch   1 step      600 |    600 batches | lr 0.000498 | ms/batch 857.96 | loss  2.77 | avg loss  2.99 | ppl 19.82
| epoch   1 step      700 |    700 batches | lr 0.000496 | ms/batch 857.50 | loss  3.10 | avg loss  2.95 | ppl 19.19
| epoch   1 step      800 |    800 batches | lr 0.000494 | ms/batch 857.22 | loss  2.62 | avg loss  2.93 | ppl 18.74
| epoch   1 step      900 |    900 batches | lr 0.000492 | ms/batch 857.46 | loss  2.75 | avg loss  2.92 | ppl 18.61
| epoch   1 step     1000 |   1000 batches | lr 0.00049 | ms/batch 857.03 | loss  3.37 | avg loss  2.92 | ppl 18.57
saving checkpoint ./trained_models/GPT2_M/e2e/model.1000.pt
/home/ycyh/miniconda3/envs/LoRA/lib/python3.11/site-packages/torch/distributed/distributed_c10d.py:4631: UserWarning: No device id is provided via `init_process_group` or `barrier `. Using the current device set by the user. 
  warnings.warn(  # warn only once
| epoch   1 step     1100 |   1100 batches | lr 0.000488 | ms/batch 966.39 | loss  2.89 | avg loss  2.95 | ppl 19.15
| epoch   1 step     1200 |   1200 batches | lr 0.000486 | ms/batch 857.19 | loss  2.62 | avg loss  2.92 | ppl 18.60
| epoch   1 step     1300 |   1300 batches | lr 0.000484 | ms/batch 857.47 | loss  2.68 | avg loss  2.88 | ppl 17.80
| epoch   1 step     1400 |   1400 batches | lr 0.000483 | ms/batch 857.57 | loss  2.79 | avg loss  2.87 | ppl 17.61
| epoch   1 step     1500 |   1500 batches | lr 0.000481 | ms/batch 857.94 | loss  2.84 | avg loss  2.88 | ppl 17.86
| epoch   1 step     1600 |   1600 batches | lr 0.000479 | ms/batch 858.49 | loss  2.88 | avg loss  2.85 | ppl 17.27
| epoch   1 step     1700 |   1700 batches | lr 0.000477 | ms/batch 859.16 | loss  2.63 | avg loss  2.83 | ppl 17.01
| epoch   1 step     1800 |   1800 batches | lr 0.000475 | ms/batch 858.95 | loss  2.73 | avg loss  2.85 | ppl 17.33
| epoch   1 step     1900 |   1900 batches | lr 0.000473 | ms/batch 859.23 | loss  2.87 | avg loss  2.85 | ppl 17.27
| epoch   1 step     2000 |   2000 batches | lr 0.000471 | ms/batch 858.47 | loss  2.74 | avg loss  2.83 | ppl 16.92
saving checkpoint ./trained_models/GPT2_M/e2e/model.2000.pt
/home/ycyh/miniconda3/envs/LoRA/lib/python3.11/site-packages/torch/nn/_reduction.py:51: UserWarning: size_average and reduce args will be deprecated, please use reduction='none' instead.
  warnings.warn(warning.format(ret))
eval samples: 0 loss: tensor(1.6043, device='cuda:0')
eval samples: 100 loss: tensor(0.9584, device='cuda:0')
eval samples: 200 loss: tensor(1.9658, device='cuda:0')
eval samples: 300 loss: tensor(1.4461, device='cuda:0')
eval samples: 400 loss: tensor(1.0586, device='cuda:0')
eval samples: 500 loss: tensor(0.7189, device='cuda:0')
eval samples: 600 loss: tensor(1.9921, device='cuda:0')
eval samples: 700 loss: tensor(0.9758, device='cuda:0')
eval samples: 800 loss: tensor(1.4983, device='cuda:0')
eval samples: 900 loss: tensor(2.0766, device='cuda:0')
eval samples: 1000 loss: tensor(1.2171, device='cuda:0')
eval samples: 1100 loss: tensor(2.2033, device='cuda:0')
average loss 1.5279068097166002
----------------------------------------------------------------------------------------------------
| Eval   1 at step     2000 | time: 167.43s | valid loss  1.53 | valid ppl  4.61 | best ppl  4.61 
----------------------------------------------------------------------------------------------------
| epoch   1 step     2100 |   2100 batches | lr 0.000469 | ms/batch 2652.52 | loss  2.86 | avg loss  2.81 | ppl 16.64
| epoch   1 step     2200 |   2200 batches | lr 0.000467 | ms/batch 859.67 | loss  3.09 | avg loss  2.80 | ppl 16.47
| epoch   1 step     2300 |   2300 batches | lr 0.000465 | ms/batch 858.03 | loss  2.71 | avg loss  2.80 | ppl 16.45
| epoch   1 step     2400 |   2400 batches | lr 0.000463 | ms/batch 858.53 | loss  2.54 | avg loss  2.80 | ppl 16.51
| epoch   1 step     2500 |   2500 batches | lr 0.000461 | ms/batch 858.31 | loss  3.03 | avg loss  2.82 | ppl 16.78
| epoch   1 step     2600 |   2600 batches | lr 0.000459 | ms/batch 859.47 | loss  3.09 | avg loss  2.81 | ppl 16.58
| epoch   1 step     2700 |   2700 batches | lr 0.000457 | ms/batch 859.65 | loss  2.94 | avg loss  2.80 | ppl 16.37
| epoch   1 step     2800 |   2800 batches | lr 0.000455 | ms/batch 858.99 | loss  2.26 | avg loss  2.83 | ppl 17.02
| epoch   1 step     2900 |   2900 batches | lr 0.000453 | ms/batch 859.36 | loss  3.07 | avg loss  2.81 | ppl 16.66
| epoch   1 step     3000 |   3000 batches | lr 0.000452 | ms/batch 859.31 | loss  2.91 | avg loss  2.76 | ppl 15.80
saving checkpoint ./trained_models/GPT2_M/e2e/model.3000.pt
| epoch   1 step     3100 |   3100 batches | lr 0.00045 | ms/batch 972.62 | loss  3.15 | avg loss  2.76 | ppl 15.82
| epoch   1 step     3200 |   3200 batches | lr 0.000448 | ms/batch 859.63 | loss  2.90 | avg loss  2.81 | ppl 16.58
| epoch   1 step     3300 |   3300 batches | lr 0.000446 | ms/batch 859.78 | loss  3.31 | avg loss  2.74 | ppl 15.45
| epoch   1 step     3400 |   3400 batches | lr 0.000444 | ms/batch 858.81 | loss  2.79 | avg loss  2.74 | ppl 15.51
| epoch   1 step     3500 |   3500 batches | lr 0.000442 | ms/batch 859.41 | loss  2.53 | avg loss  2.79 | ppl 16.30
| epoch   1 step     3600 |   3600 batches | lr 0.00044 | ms/batch 859.37 | loss  2.69 | avg loss  2.78 | ppl 16.13
| epoch   1 step     3700 |   3700 batches | lr 0.000438 | ms/batch 859.68 | loss  2.88 | avg loss  2.73 | ppl 15.38
| epoch   1 step     3800 |   3800 batches | lr 0.000436 | ms/batch 857.79 | loss  2.69 | avg loss  2.68 | ppl 14.61
| epoch   1 step     3900 |   3900 batches | lr 0.000434 | ms/batch 858.16 | loss  2.28 | avg loss  2.78 | ppl 16.08
| epoch   1 step     4000 |   4000 batches | lr 0.000432 | ms/batch 859.46 | loss  2.87 | avg loss  2.78 | ppl 16.10
saving checkpoint ./trained_models/GPT2_M/e2e/model.4000.pt
eval samples: 0 loss: tensor(1.4277, device='cuda:0')
eval samples: 100 loss: tensor(0.9581, device='cuda:0')
eval samples: 200 loss: tensor(1.7536, device='cuda:0')
eval samples: 300 loss: tensor(1.3912, device='cuda:0')
eval samples: 400 loss: tensor(1.0771, device='cuda:0')
eval samples: 500 loss: tensor(0.7058, device='cuda:0')
eval samples: 600 loss: tensor(1.8123, device='cuda:0')
eval samples: 700 loss: tensor(0.8423, device='cuda:0')
eval samples: 800 loss: tensor(1.2819, device='cuda:0')
eval samples: 900 loss: tensor(2.1300, device='cuda:0')
eval samples: 1000 loss: tensor(1.1216, device='cuda:0')
eval samples: 1100 loss: tensor(2.1729, device='cuda:0')
average loss 1.4766852071840468
----------------------------------------------------------------------------------------------------
| Eval   2 at step     4000 | time: 167.15s | valid loss  1.48 | valid ppl  4.38 | best ppl  4.38 
----------------------------------------------------------------------------------------------------
| epoch   1 step     4100 |   4100 batches | lr 0.00043 | ms/batch 2665.11 | loss  2.77 | avg loss  2.73 | ppl 15.32
| epoch   1 step     4200 |   4200 batches | lr 0.000428 | ms/batch 858.59 | loss  2.71 | avg loss  2.73 | ppl 15.32
| epoch   1 step     4300 |   4300 batches | lr 0.000426 | ms/batch 858.94 | loss  2.54 | avg loss  2.67 | ppl 14.48
| epoch   1 step     4400 |   4400 batches | lr 0.000424 | ms/batch 858.50 | loss  2.90 | avg loss  2.71 | ppl 15.03
| epoch   1 step     4500 |   4500 batches | lr 0.000422 | ms/batch 858.69 | loss  2.94 | avg loss  2.75 | ppl 15.63
| epoch   1 step     4600 |   4600 batches | lr 0.000421 | ms/batch 859.59 | loss  2.65 | avg loss  2.74 | ppl 15.50
| epoch   1 step     4700 |   4700 batches | lr 0.000419 | ms/batch 859.15 | loss  2.54 | avg loss  2.72 | ppl 15.25
| epoch   1 step     4800 |   4800 batches | lr 0.000417 | ms/batch 858.67 | loss  2.93 | avg loss  2.69 | ppl 14.72
| epoch   1 step     4900 |   4900 batches | lr 0.000415 | ms/batch 858.67 | loss  2.79 | avg loss  2.71 | ppl 15.02
| epoch   1 step     5000 |   5000 batches | lr 0.000413 | ms/batch 859.24 | loss  2.27 | avg loss  2.70 | ppl 14.81
saving checkpoint ./trained_models/GPT2_M/e2e/model.5000.pt
| epoch   1 step     5100 |   5100 batches | lr 0.000411 | ms/batch 988.69 | loss  2.79 | avg loss  2.72 | ppl 15.16
| epoch   1 step     5200 |   5200 batches | lr 0.000409 | ms/batch 858.96 | loss  3.05 | avg loss  2.71 | ppl 15.03
saving checkpoint ./trained_models/GPT2_M/e2e/model.5258.pt
start to train the model................ 2
| epoch   2 step     5300 |     42 batches | lr 0.000407 | ms/batch 359.09 | loss  2.42 | avg loss  2.64 | ppl 14.00
| epoch   2 step     5400 |    142 batches | lr 0.000405 | ms/batch 858.68 | loss  2.61 | avg loss  2.69 | ppl 14.71
| epoch   2 step     5500 |    242 batches | lr 0.000403 | ms/batch 859.86 | loss  2.71 | avg loss  2.69 | ppl 14.74
| epoch   2 step     5600 |    342 batches | lr 0.000401 | ms/batch 860.01 | loss  2.29 | avg loss  2.69 | ppl 14.80
| epoch   2 step     5700 |    442 batches | lr 0.000399 | ms/batch 858.90 | loss  2.54 | avg loss  2.70 | ppl 14.83
| epoch   2 step     5800 |    542 batches | lr 0.000397 | ms/batch 858.64 | loss  2.60 | avg loss  2.66 | ppl 14.23
| epoch   2 step     5900 |    642 batches | lr 0.000395 | ms/batch 859.04 | loss  2.92 | avg loss  2.70 | ppl 14.83
| epoch   2 step     6000 |    742 batches | lr 0.000393 | ms/batch 859.16 | loss  2.32 | avg loss  2.64 | ppl 14.08
saving checkpoint ./trained_models/GPT2_M/e2e/model.6000.pt
eval samples: 0 loss: tensor(1.3220, device='cuda:0')
eval samples: 100 loss: tensor(0.9084, device='cuda:0')
eval samples: 200 loss: tensor(1.6453, device='cuda:0')
eval samples: 300 loss: tensor(1.3969, device='cuda:0')
eval samples: 400 loss: tensor(1.0393, device='cuda:0')
eval samples: 500 loss: tensor(0.6095, device='cuda:0')
eval samples: 600 loss: tensor(1.8103, device='cuda:0')
eval samples: 700 loss: tensor(0.7580, device='cuda:0')
eval samples: 800 loss: tensor(1.3552, device='cuda:0')
eval samples: 900 loss: tensor(2.0564, device='cuda:0')
eval samples: 1000 loss: tensor(1.0037, device='cuda:0')
eval samples: 1100 loss: tensor(2.1489, device='cuda:0')
average loss 1.4033032952718538
----------------------------------------------------------------------------------------------------
| Eval   3 at step     6000 | time: 166.30s | valid loss  1.40 | valid ppl  4.07 | best ppl  4.07 
----------------------------------------------------------------------------------------------------
| epoch   2 step     6100 |    842 batches | lr 0.000391 | ms/batch 2647.98 | loss  2.48 | avg loss  2.68 | ppl 14.55
| epoch   2 step     6200 |    942 batches | lr 0.000389 | ms/batch 859.47 | loss  2.54 | avg loss  2.67 | ppl 14.42
| epoch   2 step     6300 |   1042 batches | lr 0.000388 | ms/batch 858.79 | loss  3.03 | avg loss  2.68 | ppl 14.66
| epoch   2 step     6400 |   1142 batches | lr 0.000386 | ms/batch 858.97 | loss  2.33 | avg loss  2.68 | ppl 14.63
| epoch   2 step     6500 |   1242 batches | lr 0.000384 | ms/batch 859.31 | loss  2.44 | avg loss  2.71 | ppl 15.03
| epoch   2 step     6600 |   1342 batches | lr 0.000382 | ms/batch 859.60 | loss  3.04 | avg loss  2.66 | ppl 14.24
| epoch   2 step     6700 |   1442 batches | lr 0.00038 | ms/batch 858.18 | loss  2.70 | avg loss  2.68 | ppl 14.52
| epoch   2 step     6800 |   1542 batches | lr 0.000378 | ms/batch 858.81 | loss  2.44 | avg loss  2.69 | ppl 14.70
| epoch   2 step     6900 |   1642 batches | lr 0.000376 | ms/batch 859.53 | loss  2.65 | avg loss  2.60 | ppl 13.41
| epoch   2 step     7000 |   1742 batches | lr 0.000374 | ms/batch 859.53 | loss  2.68 | avg loss  2.68 | ppl 14.58
saving checkpoint ./trained_models/GPT2_M/e2e/model.7000.pt
| epoch   2 step     7100 |   1842 batches | lr 0.000372 | ms/batch 989.95 | loss  2.78 | avg loss  2.65 | ppl 14.20
| epoch   2 step     7200 |   1942 batches | lr 0.00037 | ms/batch 858.48 | loss  2.62 | avg loss  2.66 | ppl 14.29
| epoch   2 step     7300 |   2042 batches | lr 0.000368 | ms/batch 859.75 | loss  2.49 | avg loss  2.64 | ppl 13.95
| epoch   2 step     7400 |   2142 batches | lr 0.000366 | ms/batch 859.31 | loss  3.03 | avg loss  2.62 | ppl 13.73
| epoch   2 step     7500 |   2242 batches | lr 0.000364 | ms/batch 859.32 | loss  2.92 | avg loss  2.70 | ppl 14.82
| epoch   2 step     7600 |   2342 batches | lr 0.000362 | ms/batch 858.35 | loss  2.30 | avg loss  2.63 | ppl 13.88
| epoch   2 step     7700 |   2442 batches | lr 0.00036 | ms/batch 858.27 | loss  3.09 | avg loss  2.62 | ppl 13.80
| epoch   2 step     7800 |   2542 batches | lr 0.000358 | ms/batch 859.20 | loss  2.84 | avg loss  2.62 | ppl 13.69
| epoch   2 step     7900 |   2642 batches | lr 0.000357 | ms/batch 857.99 | loss  2.95 | avg loss  2.68 | ppl 14.54
| epoch   2 step     8000 |   2742 batches | lr 0.000355 | ms/batch 858.41 | loss  2.79 | avg loss  2.68 | ppl 14.63
saving checkpoint ./trained_models/GPT2_M/e2e/model.8000.pt
eval samples: 0 loss: tensor(1.5318, device='cuda:0')
eval samples: 100 loss: tensor(0.9736, device='cuda:0')
eval samples: 200 loss: tensor(1.6513, device='cuda:0')
eval samples: 300 loss: tensor(1.2208, device='cuda:0')
eval samples: 400 loss: tensor(1.0493, device='cuda:0')
eval samples: 500 loss: tensor(0.7218, device='cuda:0')
eval samples: 600 loss: tensor(1.7420, device='cuda:0')
eval samples: 700 loss: tensor(0.7747, device='cuda:0')
eval samples: 800 loss: tensor(1.3476, device='cuda:0')
eval samples: 900 loss: tensor(1.9920, device='cuda:0')
eval samples: 1000 loss: tensor(1.0233, device='cuda:0')
eval samples: 1100 loss: tensor(2.0140, device='cuda:0')
average loss 1.4266531166862952
----------------------------------------------------------------------------------------------------
| Eval   4 at step     8000 | time: 166.47s | valid loss  1.43 | valid ppl  4.16 | best ppl  4.07 
----------------------------------------------------------------------------------------------------
| epoch   2 step     8100 |   2842 batches | lr 0.000353 | ms/batch 2652.55 | loss  2.50 | avg loss  2.63 | ppl 13.84
| epoch   2 step     8200 |   2942 batches | lr 0.000351 | ms/batch 857.93 | loss  2.81 | avg loss  2.71 | ppl 15.08
| epoch   2 step     8300 |   3042 batches | lr 0.000349 | ms/batch 859.73 | loss  2.52 | avg loss  2.65 | ppl 14.14
| epoch   2 step     8400 |   3142 batches | lr 0.000347 | ms/batch 859.52 | loss  2.57 | avg loss  2.62 | ppl 13.72
| epoch   2 step     8500 |   3242 batches | lr 0.000345 | ms/batch 858.94 | loss  2.50 | avg loss  2.64 | ppl 13.98
| epoch   2 step     8600 |   3342 batches | lr 0.000343 | ms/batch 858.32 | loss  2.48 | avg loss  2.62 | ppl 13.77
| epoch   2 step     8700 |   3442 batches | lr 0.000341 | ms/batch 857.53 | loss  3.19 | avg loss  2.61 | ppl 13.63
| epoch   2 step     8800 |   3542 batches | lr 0.000339 | ms/batch 859.53 | loss  2.45 | avg loss  2.61 | ppl 13.59
| epoch   2 step     8900 |   3642 batches | lr 0.000337 | ms/batch 859.53 | loss  2.87 | avg loss  2.66 | ppl 14.27
| epoch   2 step     9000 |   3742 batches | lr 0.000335 | ms/batch 859.77 | loss  2.54 | avg loss  2.64 | ppl 14.00
saving checkpoint ./trained_models/GPT2_M/e2e/model.9000.pt
| epoch   2 step     9100 |   3842 batches | lr 0.000333 | ms/batch 968.87 | loss  2.57 | avg loss  2.63 | ppl 13.91
| epoch   2 step     9200 |   3942 batches | lr 0.000331 | ms/batch 859.01 | loss  2.74 | avg loss  2.64 | ppl 13.97
| epoch   2 step     9300 |   4042 batches | lr 0.000329 | ms/batch 859.26 | loss  2.66 | avg loss  2.65 | ppl 14.17
| epoch   2 step     9400 |   4142 batches | lr 0.000327 | ms/batch 858.90 | loss  2.60 | avg loss  2.63 | ppl 13.85
| epoch   2 step     9500 |   4242 batches | lr 0.000326 | ms/batch 858.65 | loss  2.54 | avg loss  2.63 | ppl 13.87
| epoch   2 step     9600 |   4342 batches | lr 0.000324 | ms/batch 857.75 | loss  3.08 | avg loss  2.65 | ppl 14.15
| epoch   2 step     9700 |   4442 batches | lr 0.000322 | ms/batch 858.83 | loss  2.29 | avg loss  2.62 | ppl 13.67
| epoch   2 step     9800 |   4542 batches | lr 0.00032 | ms/batch 859.68 | loss  2.49 | avg loss  2.60 | ppl 13.52
| epoch   2 step     9900 |   4642 batches | lr 0.000318 | ms/batch 859.31 | loss  2.16 | avg loss  2.60 | ppl 13.43
| epoch   2 step    10000 |   4742 batches | lr 0.000316 | ms/batch 858.64 | loss  2.70 | avg loss  2.64 | ppl 13.95
saving checkpoint ./trained_models/GPT2_M/e2e/model.10000.pt
eval samples: 0 loss: tensor(1.3501, device='cuda:0')
eval samples: 100 loss: tensor(0.8984, device='cuda:0')
eval samples: 200 loss: tensor(1.5195, device='cuda:0')
eval samples: 300 loss: tensor(1.1950, device='cuda:0')
eval samples: 400 loss: tensor(0.9379, device='cuda:0')
eval samples: 500 loss: tensor(0.6605, device='cuda:0')
eval samples: 600 loss: tensor(1.6841, device='cuda:0')
eval samples: 700 loss: tensor(0.7318, device='cuda:0')
eval samples: 800 loss: tensor(1.3866, device='cuda:0')
eval samples: 900 loss: tensor(1.9692, device='cuda:0')
eval samples: 1000 loss: tensor(0.9922, device='cuda:0')
eval samples: 1100 loss: tensor(2.0994, device='cuda:0')
average loss 1.3892231586657158
----------------------------------------------------------------------------------------------------
| Eval   5 at step    10000 | time: 167.40s | valid loss  1.39 | valid ppl  4.01 | best ppl  4.01 
----------------------------------------------------------------------------------------------------
| epoch   2 step    10100 |   4842 batches | lr 0.000314 | ms/batch 2658.89 | loss  2.40 | avg loss  2.62 | ppl 13.74
| epoch   2 step    10200 |   4942 batches | lr 0.000312 | ms/batch 858.55 | loss  2.44 | avg loss  2.63 | ppl 13.90
| epoch   2 step    10300 |   5042 batches | lr 0.00031 | ms/batch 858.19 | loss  2.86 | avg loss  2.60 | ppl 13.48
| epoch   2 step    10400 |   5142 batches | lr 0.000308 | ms/batch 858.46 | loss  2.77 | avg loss  2.60 | ppl 13.46
| epoch   2 step    10500 |   5242 batches | lr 0.000306 | ms/batch 858.71 | loss  2.46 | avg loss  2.59 | ppl 13.33
saving checkpoint ./trained_models/GPT2_M/e2e/model.10516.pt
start to train the model................ 3
| epoch   3 step    10600 |     84 batches | lr 0.000304 | ms/batch 719.67 | loss  2.19 | avg loss  2.58 | ppl 13.18
| epoch   3 step    10700 |    184 batches | lr 0.000302 | ms/batch 858.60 | loss  2.63 | avg loss  2.59 | ppl 13.29
| epoch   3 step    10800 |    284 batches | lr 0.0003 | ms/batch 858.91 | loss  2.75 | avg loss  2.57 | ppl 13.09
| epoch   3 step    10900 |    384 batches | lr 0.000298 | ms/batch 858.47 | loss  2.95 | avg loss  2.59 | ppl 13.31
| epoch   3 step    11000 |    484 batches | lr 0.000296 | ms/batch 859.01 | loss  2.80 | avg loss  2.58 | ppl 13.25
saving checkpoint ./trained_models/GPT2_M/e2e/model.11000.pt
| epoch   3 step    11100 |    584 batches | lr 0.000294 | ms/batch 994.06 | loss  2.70 | avg loss  2.65 | ppl 14.15
| epoch   3 step    11200 |    684 batches | lr 0.000293 | ms/batch 858.21 | loss  2.72 | avg loss  2.60 | ppl 13.50
| epoch   3 step    11300 |    784 batches | lr 0.000291 | ms/batch 857.05 | loss  2.59 | avg loss  2.61 | ppl 13.61
| epoch   3 step    11400 |    884 batches | lr 0.000289 | ms/batch 857.99 | loss  2.48 | avg loss  2.59 | ppl 13.28
| epoch   3 step    11500 |    984 batches | lr 0.000287 | ms/batch 858.86 | loss  2.20 | avg loss  2.59 | ppl 13.35
| epoch   3 step    11600 |   1084 batches | lr 0.000285 | ms/batch 859.01 | loss  2.15 | avg loss  2.55 | ppl 12.77
| epoch   3 step    11700 |   1184 batches | lr 0.000283 | ms/batch 858.59 | loss  2.44 | avg loss  2.56 | ppl 12.98
| epoch   3 step    11800 |   1284 batches | lr 0.000281 | ms/batch 859.46 | loss  2.57 | avg loss  2.54 | ppl 12.64
| epoch   3 step    11900 |   1384 batches | lr 0.000279 | ms/batch 859.42 | loss  2.48 | avg loss  2.56 | ppl 12.91
| epoch   3 step    12000 |   1484 batches | lr 0.000277 | ms/batch 858.39 | loss  2.77 | avg loss  2.57 | ppl 13.10
saving checkpoint ./trained_models/GPT2_M/e2e/model.12000.pt
eval samples: 0 loss: tensor(1.3745, device='cuda:0')
eval samples: 100 loss: tensor(0.8698, device='cuda:0')
eval samples: 200 loss: tensor(1.5587, device='cuda:0')
eval samples: 300 loss: tensor(1.2713, device='cuda:0')
eval samples: 400 loss: tensor(0.9723, device='cuda:0')
eval samples: 500 loss: tensor(0.7058, device='cuda:0')
eval samples: 600 loss: tensor(1.6321, device='cuda:0')
eval samples: 700 loss: tensor(0.7164, device='cuda:0')
eval samples: 800 loss: tensor(1.3886, device='cuda:0')
eval samples: 900 loss: tensor(1.9422, device='cuda:0')
eval samples: 1000 loss: tensor(1.0403, device='cuda:0')
eval samples: 1100 loss: tensor(1.9324, device='cuda:0')
average loss 1.356111238978497
----------------------------------------------------------------------------------------------------
| Eval   6 at step    12000 | time: 166.55s | valid loss  1.36 | valid ppl  3.88 | best ppl  3.88 
----------------------------------------------------------------------------------------------------
| epoch   3 step    12100 |   1584 batches | lr 0.000275 | ms/batch 2645.44 | loss  2.55 | avg loss  2.59 | ppl 13.38
| epoch   3 step    12200 |   1684 batches | lr 0.000273 | ms/batch 858.75 | loss  2.38 | avg loss  2.61 | ppl 13.65
| epoch   3 step    12300 |   1784 batches | lr 0.000271 | ms/batch 858.74 | loss  2.57 | avg loss  2.58 | ppl 13.22
| epoch   3 step    12400 |   1884 batches | lr 0.000269 | ms/batch 858.93 | loss  2.62 | avg loss  2.53 | ppl 12.59
| epoch   3 step    12500 |   1984 batches | lr 0.000267 | ms/batch 857.32 | loss  2.94 | avg loss  2.58 | ppl 13.16
| epoch   3 step    12600 |   2084 batches | lr 0.000265 | ms/batch 858.76 | loss  2.86 | avg loss  2.50 | ppl 12.16
| epoch   3 step    12700 |   2184 batches | lr 0.000263 | ms/batch 859.72 | loss  2.28 | avg loss  2.56 | ppl 12.88
| epoch   3 step    12800 |   2284 batches | lr 0.000262 | ms/batch 859.49 | loss  2.73 | avg loss  2.58 | ppl 13.21
| epoch   3 step    12900 |   2384 batches | lr 0.00026 | ms/batch 858.83 | loss  2.41 | avg loss  2.56 | ppl 12.98
| epoch   3 step    13000 |   2484 batches | lr 0.000258 | ms/batch 859.70 | loss  3.07 | avg loss  2.61 | ppl 13.63
saving checkpoint ./trained_models/GPT2_M/e2e/model.13000.pt
| epoch   3 step    13100 |   2584 batches | lr 0.000256 | ms/batch 1034.69 | loss  2.35 | avg loss  2.54 | ppl 12.69
| epoch   3 step    13200 |   2684 batches | lr 0.000254 | ms/batch 858.34 | loss  2.45 | avg loss  2.62 | ppl 13.75
| epoch   3 step    13300 |   2784 batches | lr 0.000252 | ms/batch 859.55 | loss  2.44 | avg loss  2.54 | ppl 12.66
| epoch   3 step    13400 |   2884 batches | lr 0.00025 | ms/batch 859.71 | loss  2.74 | avg loss  2.54 | ppl 12.66
| epoch   3 step    13500 |   2984 batches | lr 0.000248 | ms/batch 859.55 | loss  2.94 | avg loss  2.59 | ppl 13.30
| epoch   3 step    13600 |   3084 batches | lr 0.000246 | ms/batch 860.11 | loss  2.23 | avg loss  2.57 | ppl 13.10
| epoch   3 step    13700 |   3184 batches | lr 0.000244 | ms/batch 859.72 | loss  2.63 | avg loss  2.62 | ppl 13.67
| epoch   3 step    13800 |   3284 batches | lr 0.000242 | ms/batch 859.52 | loss  2.31 | avg loss  2.53 | ppl 12.58
| epoch   3 step    13900 |   3384 batches | lr 0.00024 | ms/batch 859.73 | loss  2.96 | avg loss  2.59 | ppl 13.29
| epoch   3 step    14000 |   3484 batches | lr 0.000238 | ms/batch 858.51 | loss  2.69 | avg loss  2.60 | ppl 13.41
saving checkpoint ./trained_models/GPT2_M/e2e/model.14000.pt
eval samples: 0 loss: tensor(1.3282, device='cuda:0')
eval samples: 100 loss: tensor(0.8381, device='cuda:0')
eval samples: 200 loss: tensor(1.6485, device='cuda:0')
eval samples: 300 loss: tensor(1.2577, device='cuda:0')
eval samples: 400 loss: tensor(0.9644, device='cuda:0')
eval samples: 500 loss: tensor(0.6135, device='cuda:0')
eval samples: 600 loss: tensor(1.5789, device='cuda:0')
eval samples: 700 loss: tensor(0.7405, device='cuda:0')
eval samples: 800 loss: tensor(1.3415, device='cuda:0')
eval samples: 900 loss: tensor(2.0691, device='cuda:0')
eval samples: 1000 loss: tensor(1.0348, device='cuda:0')
eval samples: 1100 loss: tensor(2.0066, device='cuda:0')
average loss 1.3355811375563276
----------------------------------------------------------------------------------------------------
| Eval   7 at step    14000 | time: 166.44s | valid loss  1.34 | valid ppl  3.80 | best ppl  3.80 
----------------------------------------------------------------------------------------------------
| epoch   3 step    14100 |   3584 batches | lr 0.000236 | ms/batch 2640.15 | loss  2.63 | avg loss  2.50 | ppl 12.21
| epoch   3 step    14200 |   3684 batches | lr 0.000234 | ms/batch 858.89 | loss  2.54 | avg loss  2.54 | ppl 12.65
| epoch   3 step    14300 |   3784 batches | lr 0.000232 | ms/batch 859.35 | loss  2.94 | avg loss  2.53 | ppl 12.57
| epoch   3 step    14400 |   3884 batches | lr 0.000231 | ms/batch 859.74 | loss  2.23 | avg loss  2.55 | ppl 12.76
| epoch   3 step    14500 |   3984 batches | lr 0.000229 | ms/batch 859.38 | loss  2.35 | avg loss  2.56 | ppl 12.96
| epoch   3 step    14600 |   4084 batches | lr 0.000227 | ms/batch 858.48 | loss  2.48 | avg loss  2.56 | ppl 12.92
| epoch   3 step    14700 |   4184 batches | lr 0.000225 | ms/batch 859.31 | loss  2.49 | avg loss  2.53 | ppl 12.50
| epoch   3 step    14800 |   4284 batches | lr 0.000223 | ms/batch 859.73 | loss  2.58 | avg loss  2.57 | ppl 13.09
| epoch   3 step    14900 |   4384 batches | lr 0.000221 | ms/batch 859.10 | loss  2.43 | avg loss  2.54 | ppl 12.72
| epoch   3 step    15000 |   4484 batches | lr 0.000219 | ms/batch 859.35 | loss  2.88 | avg loss  2.57 | ppl 13.05
saving checkpoint ./trained_models/GPT2_M/e2e/model.15000.pt
| epoch   3 step    15100 |   4584 batches | lr 0.000217 | ms/batch 989.52 | loss  2.30 | avg loss  2.54 | ppl 12.68
| epoch   3 step    15200 |   4684 batches | lr 0.000215 | ms/batch 859.27 | loss  2.57 | avg loss  2.53 | ppl 12.59
| epoch   3 step    15300 |   4784 batches | lr 0.000213 | ms/batch 858.10 | loss  2.59 | avg loss  2.57 | ppl 13.08
| epoch   3 step    15400 |   4884 batches | lr 0.000211 | ms/batch 858.81 | loss  2.33 | avg loss  2.53 | ppl 12.60
| epoch   3 step    15500 |   4984 batches | lr 0.000209 | ms/batch 859.70 | loss  2.49 | avg loss  2.55 | ppl 12.82
| epoch   3 step    15600 |   5084 batches | lr 0.000207 | ms/batch 859.44 | loss  2.49 | avg loss  2.54 | ppl 12.64
| epoch   3 step    15700 |   5184 batches | lr 0.000205 | ms/batch 859.28 | loss  2.50 | avg loss  2.51 | ppl 12.29
saving checkpoint ./trained_models/GPT2_M/e2e/model.15774.pt
start to train the model................ 4
| epoch   4 step    15800 |     26 batches | lr 0.000203 | ms/batch 222.71 | loss  2.27 | avg loss  2.48 | ppl 11.92
| epoch   4 step    15900 |    126 batches | lr 0.000201 | ms/batch 858.45 | loss  2.35 | avg loss  2.49 | ppl 12.01
| epoch   4 step    16000 |    226 batches | lr 0.000199 | ms/batch 859.55 | loss  2.48 | avg loss  2.53 | ppl 12.61
saving checkpoint ./trained_models/GPT2_M/e2e/model.16000.pt
eval samples: 0 loss: tensor(1.3465, device='cuda:0')
eval samples: 100 loss: tensor(0.8494, device='cuda:0')
eval samples: 200 loss: tensor(1.3622, device='cuda:0')
eval samples: 300 loss: tensor(1.2687, device='cuda:0')
eval samples: 400 loss: tensor(0.8826, device='cuda:0')
eval samples: 500 loss: tensor(0.5708, device='cuda:0')
eval samples: 600 loss: tensor(1.5493, device='cuda:0')
eval samples: 700 loss: tensor(0.6690, device='cuda:0')
eval samples: 800 loss: tensor(1.3346, device='cuda:0')
eval samples: 900 loss: tensor(1.9335, device='cuda:0')
eval samples: 1000 loss: tensor(0.9443, device='cuda:0')
eval samples: 1100 loss: tensor(1.9974, device='cuda:0')
average loss 1.3065059115880564
----------------------------------------------------------------------------------------------------
| Eval   8 at step    16000 | time: 166.44s | valid loss  1.31 | valid ppl  3.69 | best ppl  3.69 
----------------------------------------------------------------------------------------------------
| epoch   4 step    16100 |    326 batches | lr 0.000198 | ms/batch 2635.98 | loss  2.77 | avg loss  2.49 | ppl 12.08
| epoch   4 step    16200 |    426 batches | lr 0.000196 | ms/batch 859.71 | loss  2.43 | avg loss  2.50 | ppl 12.24
| epoch   4 step    16300 |    526 batches | lr 0.000194 | ms/batch 858.84 | loss  2.97 | avg loss  2.48 | ppl 11.99
| epoch   4 step    16400 |    626 batches | lr 0.000192 | ms/batch 859.65 | loss  2.98 | avg loss  2.50 | ppl 12.21
| epoch   4 step    16500 |    726 batches | lr 0.00019 | ms/batch 859.53 | loss  2.72 | avg loss  2.53 | ppl 12.53
| epoch   4 step    16600 |    826 batches | lr 0.000188 | ms/batch 859.73 | loss  2.67 | avg loss  2.50 | ppl 12.24
| epoch   4 step    16700 |    926 batches | lr 0.000186 | ms/batch 859.72 | loss  2.62 | avg loss  2.51 | ppl 12.26
| epoch   4 step    16800 |   1026 batches | lr 0.000184 | ms/batch 859.39 | loss  2.66 | avg loss  2.51 | ppl 12.32
| epoch   4 step    16900 |   1126 batches | lr 0.000182 | ms/batch 859.32 | loss  2.16 | avg loss  2.47 | ppl 11.83
| epoch   4 step    17000 |   1226 batches | lr 0.00018 | ms/batch 858.54 | loss  2.38 | avg loss  2.48 | ppl 11.90
saving checkpoint ./trained_models/GPT2_M/e2e/model.17000.pt
| epoch   4 step    17100 |   1326 batches | lr 0.000178 | ms/batch 990.02 | loss  2.68 | avg loss  2.53 | ppl 12.60
| epoch   4 step    17200 |   1426 batches | lr 0.000176 | ms/batch 859.20 | loss  2.51 | avg loss  2.47 | ppl 11.79
| epoch   4 step    17300 |   1526 batches | lr 0.000174 | ms/batch 859.53 | loss  2.26 | avg loss  2.51 | ppl 12.31
| epoch   4 step    17400 |   1626 batches | lr 0.000172 | ms/batch 858.84 | loss  2.31 | avg loss  2.51 | ppl 12.28
| epoch   4 step    17500 |   1726 batches | lr 0.00017 | ms/batch 860.24 | loss  2.92 | avg loss  2.49 | ppl 12.10
| epoch   4 step    17600 |   1826 batches | lr 0.000168 | ms/batch 859.73 | loss  2.96 | avg loss  2.51 | ppl 12.37
| epoch   4 step    17700 |   1926 batches | lr 0.000167 | ms/batch 859.12 | loss  2.41 | avg loss  2.48 | ppl 11.91
| epoch   4 step    17800 |   2026 batches | lr 0.000165 | ms/batch 859.06 | loss  2.68 | avg loss  2.53 | ppl 12.51
| epoch   4 step    17900 |   2126 batches | lr 0.000163 | ms/batch 859.77 | loss  2.58 | avg loss  2.49 | ppl 12.10
| epoch   4 step    18000 |   2226 batches | lr 0.000161 | ms/batch 859.30 | loss  3.13 | avg loss  2.49 | ppl 12.01
saving checkpoint ./trained_models/GPT2_M/e2e/model.18000.pt
eval samples: 0 loss: tensor(1.2707, device='cuda:0')
eval samples: 100 loss: tensor(0.8917, device='cuda:0')
eval samples: 200 loss: tensor(1.4308, device='cuda:0')
eval samples: 300 loss: tensor(1.1448, device='cuda:0')
eval samples: 400 loss: tensor(0.9275, device='cuda:0')
eval samples: 500 loss: tensor(0.6220, device='cuda:0')
eval samples: 600 loss: tensor(1.4248, device='cuda:0')
eval samples: 700 loss: tensor(0.6905, device='cuda:0')
eval samples: 800 loss: tensor(1.2298, device='cuda:0')
eval samples: 900 loss: tensor(1.9828, device='cuda:0')
eval samples: 1000 loss: tensor(0.9187, device='cuda:0')
eval samples: 1100 loss: tensor(1.9288, device='cuda:0')
average loss 1.2959596375896507
----------------------------------------------------------------------------------------------------
| Eval   9 at step    18000 | time: 167.24s | valid loss  1.30 | valid ppl  3.65 | best ppl  3.65 
----------------------------------------------------------------------------------------------------
| epoch   4 step    18100 |   2326 batches | lr 0.000159 | ms/batch 2649.40 | loss  2.63 | avg loss  2.48 | ppl 11.90
| epoch   4 step    18200 |   2426 batches | lr 0.000157 | ms/batch 858.95 | loss  2.47 | avg loss  2.51 | ppl 12.31
| epoch   4 step    18300 |   2526 batches | lr 0.000155 | ms/batch 859.36 | loss  2.31 | avg loss  2.50 | ppl 12.22
| epoch   4 step    18400 |   2626 batches | lr 0.000153 | ms/batch 859.36 | loss  2.87 | avg loss  2.47 | ppl 11.84
| epoch   4 step    18500 |   2726 batches | lr 0.000151 | ms/batch 859.10 | loss  2.54 | avg loss  2.46 | ppl 11.75
| epoch   4 step    18600 |   2826 batches | lr 0.000149 | ms/batch 859.46 | loss  2.25 | avg loss  2.50 | ppl 12.23
| epoch   4 step    18700 |   2926 batches | lr 0.000147 | ms/batch 859.98 | loss  2.21 | avg loss  2.46 | ppl 11.70
| epoch   4 step    18800 |   3026 batches | lr 0.000145 | ms/batch 859.49 | loss  2.18 | avg loss  2.51 | ppl 12.27
| epoch   4 step    18900 |   3126 batches | lr 0.000143 | ms/batch 858.78 | loss  2.45 | avg loss  2.50 | ppl 12.19
| epoch   4 step    19000 |   3226 batches | lr 0.000141 | ms/batch 859.22 | loss  2.99 | avg loss  2.50 | ppl 12.21
saving checkpoint ./trained_models/GPT2_M/e2e/model.19000.pt
| epoch   4 step    19100 |   3326 batches | lr 0.000139 | ms/batch 980.20 | loss  2.84 | avg loss  2.46 | ppl 11.72
| epoch   4 step    19200 |   3426 batches | lr 0.000137 | ms/batch 860.83 | loss  2.57 | avg loss  2.46 | ppl 11.66
| epoch   4 step    19300 |   3526 batches | lr 0.000136 | ms/batch 861.06 | loss  2.60 | avg loss  2.50 | ppl 12.22
| epoch   4 step    19400 |   3626 batches | lr 0.000134 | ms/batch 859.65 | loss  2.79 | avg loss  2.49 | ppl 12.01
| epoch   4 step    19500 |   3726 batches | lr 0.000132 | ms/batch 859.70 | loss  2.23 | avg loss  2.47 | ppl 11.84
| epoch   4 step    19600 |   3826 batches | lr 0.00013 | ms/batch 859.94 | loss  2.78 | avg loss  2.49 | ppl 12.08
| epoch   4 step    19700 |   3926 batches | lr 0.000128 | ms/batch 860.08 | loss  2.64 | avg loss  2.48 | ppl 11.99
| epoch   4 step    19800 |   4026 batches | lr 0.000126 | ms/batch 860.13 | loss  2.42 | avg loss  2.48 | ppl 11.92
| epoch   4 step    19900 |   4126 batches | lr 0.000124 | ms/batch 859.94 | loss  2.31 | avg loss  2.53 | ppl 12.57
| epoch   4 step    20000 |   4226 batches | lr 0.000122 | ms/batch 860.33 | loss  2.43 | avg loss  2.49 | ppl 12.02
saving checkpoint ./trained_models/GPT2_M/e2e/model.20000.pt
eval samples: 0 loss: tensor(1.3070, device='cuda:0')
eval samples: 100 loss: tensor(0.8795, device='cuda:0')
eval samples: 200 loss: tensor(1.4535, device='cuda:0')
eval samples: 300 loss: tensor(1.2101, device='cuda:0')
eval samples: 400 loss: tensor(0.8678, device='cuda:0')
eval samples: 500 loss: tensor(0.5808, device='cuda:0')
eval samples: 600 loss: tensor(1.4856, device='cuda:0')
eval samples: 700 loss: tensor(0.7118, device='cuda:0')
eval samples: 800 loss: tensor(1.2759, device='cuda:0')
eval samples: 900 loss: tensor(1.8012, device='cuda:0')
eval samples: 1000 loss: tensor(0.8952, device='cuda:0')
eval samples: 1100 loss: tensor(1.9519, device='cuda:0')
average loss 1.2855119092823708
----------------------------------------------------------------------------------------------------
| Eval  10 at step    20000 | time: 166.77s | valid loss  1.29 | valid ppl  3.62 | best ppl  3.62 
----------------------------------------------------------------------------------------------------
| epoch   4 step    20100 |   4326 batches | lr 0.00012 | ms/batch 2644.07 | loss  2.34 | avg loss  2.46 | ppl 11.73
| epoch   4 step    20200 |   4426 batches | lr 0.000118 | ms/batch 859.45 | loss  2.56 | avg loss  2.48 | ppl 11.89
| epoch   4 step    20300 |   4526 batches | lr 0.000116 | ms/batch 860.21 | loss  2.49 | avg loss  2.50 | ppl 12.15
| epoch   4 step    20400 |   4626 batches | lr 0.000114 | ms/batch 860.07 | loss  2.38 | avg loss  2.46 | ppl 11.75
| epoch   4 step    20500 |   4726 batches | lr 0.000112 | ms/batch 859.74 | loss  2.81 | avg loss  2.45 | ppl 11.57
| epoch   4 step    20600 |   4826 batches | lr 0.00011 | ms/batch 859.51 | loss  2.72 | avg loss  2.50 | ppl 12.14
| epoch   4 step    20700 |   4926 batches | lr 0.000108 | ms/batch 862.93 | loss  2.58 | avg loss  2.46 | ppl 11.75
| epoch   4 step    20800 |   5026 batches | lr 0.000106 | ms/batch 872.33 | loss  2.34 | avg loss  2.49 | ppl 12.03
| epoch   4 step    20900 |   5126 batches | lr 0.000104 | ms/batch 870.93 | loss  2.41 | avg loss  2.45 | ppl 11.55
| epoch   4 step    21000 |   5226 batches | lr 0.000103 | ms/batch 874.53 | loss  2.21 | avg loss  2.47 | ppl 11.79
saving checkpoint ./trained_models/GPT2_M/e2e/model.21000.pt
saving checkpoint ./trained_models/GPT2_M/e2e/model.21032.pt
start to train the model................ 5
| epoch   5 step    21100 |     68 batches | lr 0.000101 | ms/batch 886.79 | loss  2.53 | avg loss  2.44 | ppl 11.48
| epoch   5 step    21200 |    168 batches | lr 9.87e-05 | ms/batch 1326.11 | loss  2.53 | avg loss  2.38 | ppl 10.80
| epoch   5 step    21300 |    268 batches | lr 9.67e-05 | ms/batch 1308.45 | loss  2.15 | avg loss  2.45 | ppl 11.54
| epoch   5 step    21400 |    368 batches | lr 9.48e-05 | ms/batch 1307.97 | loss  2.56 | avg loss  2.43 | ppl 11.34
| epoch   5 step    21500 |    468 batches | lr 9.29e-05 | ms/batch 1301.06 | loss  2.72 | avg loss  2.44 | ppl 11.50
| epoch   5 step    21600 |    568 batches | lr 9.09e-05 | ms/batch 1181.59 | loss  2.87 | avg loss  2.39 | ppl 10.94
| epoch   5 step    21700 |    668 batches | lr 8.9e-05 | ms/batch 1179.81 | loss  2.68 | avg loss  2.44 | ppl 11.47
| epoch   5 step    21800 |    768 batches | lr 8.7e-05 | ms/batch 1156.44 | loss  2.36 | avg loss  2.45 | ppl 11.56
| epoch   5 step    21900 |    868 batches | lr 8.51e-05 | ms/batch 1107.78 | loss  2.84 | avg loss  2.42 | ppl 11.26
| epoch   5 step    22000 |    968 batches | lr 8.32e-05 | ms/batch 1142.52 | loss  2.31 | avg loss  2.37 | ppl 10.66
saving checkpoint ./trained_models/GPT2_M/e2e/model.22000.pt
eval samples: 0 loss: tensor(1.2640, device='cuda:0')
eval samples: 100 loss: tensor(0.8534, device='cuda:0')
eval samples: 200 loss: tensor(1.3051, device='cuda:0')
eval samples: 300 loss: tensor(1.2041, device='cuda:0')
eval samples: 400 loss: tensor(0.8077, device='cuda:0')
eval samples: 500 loss: tensor(0.5822, device='cuda:0')
eval samples: 600 loss: tensor(1.3740, device='cuda:0')
eval samples: 700 loss: tensor(0.6970, device='cuda:0')
eval samples: 800 loss: tensor(1.2741, device='cuda:0')
eval samples: 900 loss: tensor(1.8651, device='cuda:0')
eval samples: 1000 loss: tensor(0.9181, device='cuda:0')
eval samples: 1100 loss: tensor(1.9675, device='cuda:0')
average loss 1.267297929433519
----------------------------------------------------------------------------------------------------
| Eval  11 at step    22000 | time: 219.99s | valid loss  1.27 | valid ppl  3.55 | best ppl  3.55 
----------------------------------------------------------------------------------------------------
| epoch   5 step    22100 |   1068 batches | lr 8.12e-05 | ms/batch 3482.64 | loss  2.58 | avg loss  2.41 | ppl 11.12
| epoch   5 step    22200 |   1168 batches | lr 7.93e-05 | ms/batch 1189.49 | loss  2.80 | avg loss  2.42 | ppl 11.28
| epoch   5 step    22300 |   1268 batches | lr 7.74e-05 | ms/batch 1164.27 | loss  2.26 | avg loss  2.45 | ppl 11.56
| epoch   5 step    22400 |   1368 batches | lr 7.54e-05 | ms/batch 1184.05 | loss  2.19 | avg loss  2.38 | ppl 10.78
| epoch   5 step    22500 |   1468 batches | lr 7.35e-05 | ms/batch 1154.89 | loss  2.68 | avg loss  2.43 | ppl 11.32
| epoch   5 step    22600 |   1568 batches | lr 7.15e-05 | ms/batch 1146.67 | loss  2.60 | avg loss  2.41 | ppl 11.17
| epoch   5 step    22700 |   1668 batches | lr 6.96e-05 | ms/batch 1169.55 | loss  2.24 | avg loss  2.41 | ppl 11.19
| epoch   5 step    22800 |   1768 batches | lr 6.77e-05 | ms/batch 1147.63 | loss  2.26 | avg loss  2.42 | ppl 11.22
| epoch   5 step    22900 |   1868 batches | lr 6.57e-05 | ms/batch 1174.56 | loss  2.83 | avg loss  2.46 | ppl 11.73
| epoch   5 step    23000 |   1968 batches | lr 6.38e-05 | ms/batch 1170.34 | loss  2.32 | avg loss  2.41 | ppl 11.14
saving checkpoint ./trained_models/GPT2_M/e2e/model.23000.pt
| epoch   5 step    23100 |   2068 batches | lr 6.18e-05 | ms/batch 1192.85 | loss  2.52 | avg loss  2.44 | ppl 11.46
| epoch   5 step    23200 |   2168 batches | lr 5.99e-05 | ms/batch 994.32 | loss  2.49 | avg loss  2.40 | ppl 11.00
| epoch   5 step    23300 |   2268 batches | lr 5.8e-05 | ms/batch 1014.53 | loss  2.16 | avg loss  2.38 | ppl 10.81
| epoch   5 step    23400 |   2368 batches | lr 5.6e-05 | ms/batch 1017.16 | loss  2.35 | avg loss  2.41 | ppl 11.15
| epoch   5 step    23500 |   2468 batches | lr 5.41e-05 | ms/batch 1009.25 | loss  2.20 | avg loss  2.38 | ppl 10.81
| epoch   5 step    23600 |   2568 batches | lr 5.22e-05 | ms/batch 1026.70 | loss  2.10 | avg loss  2.39 | ppl 10.96
| epoch   5 step    23700 |   2668 batches | lr 5.02e-05 | ms/batch 1012.52 | loss  2.33 | avg loss  2.37 | ppl 10.74
| epoch   5 step    23800 |   2768 batches | lr 4.83e-05 | ms/batch 1019.27 | loss  2.49 | avg loss  2.42 | ppl 11.19
| epoch   5 step    23900 |   2868 batches | lr 4.63e-05 | ms/batch 1035.80 | loss  2.43 | avg loss  2.38 | ppl 10.83
| epoch   5 step    24000 |   2968 batches | lr 4.44e-05 | ms/batch 997.53 | loss  2.32 | avg loss  2.41 | ppl 11.15
saving checkpoint ./trained_models/GPT2_M/e2e/model.24000.pt
eval samples: 0 loss: tensor(1.2225, device='cuda:0')
eval samples: 100 loss: tensor(0.8404, device='cuda:0')
eval samples: 200 loss: tensor(1.2251, device='cuda:0')
eval samples: 300 loss: tensor(1.1498, device='cuda:0')
eval samples: 400 loss: tensor(0.8020, device='cuda:0')
eval samples: 500 loss: tensor(0.5930, device='cuda:0')
eval samples: 600 loss: tensor(1.4223, device='cuda:0')
eval samples: 700 loss: tensor(0.6849, device='cuda:0')
eval samples: 800 loss: tensor(1.2543, device='cuda:0')
eval samples: 900 loss: tensor(1.8225, device='cuda:0')
eval samples: 1000 loss: tensor(0.8793, device='cuda:0')
eval samples: 1100 loss: tensor(1.8752, device='cuda:0')
average loss 1.2418915596471665
----------------------------------------------------------------------------------------------------
| Eval  12 at step    24000 | time: 195.21s | valid loss  1.24 | valid ppl  3.46 | best ppl  3.46 
----------------------------------------------------------------------------------------------------
| epoch   5 step    24100 |   3068 batches | lr 4.25e-05 | ms/batch 3116.69 | loss  2.49 | avg loss  2.43 | ppl 11.40
| epoch   5 step    24200 |   3168 batches | lr 4.05e-05 | ms/batch 991.96 | loss  2.59 | avg loss  2.36 | ppl 10.60
| epoch   5 step    24300 |   3268 batches | lr 3.86e-05 | ms/batch 1038.37 | loss  2.61 | avg loss  2.42 | ppl 11.29
| epoch   5 step    24400 |   3368 batches | lr 3.66e-05 | ms/batch 992.53 | loss  2.53 | avg loss  2.39 | ppl 10.87
| epoch   5 step    24500 |   3468 batches | lr 3.47e-05 | ms/batch 1041.08 | loss  2.16 | avg loss  2.40 | ppl 10.97
| epoch   5 step    24600 |   3568 batches | lr 3.28e-05 | ms/batch 993.72 | loss  2.48 | avg loss  2.39 | ppl 10.97
| epoch   5 step    24700 |   3668 batches | lr 3.08e-05 | ms/batch 1039.54 | loss  2.63 | avg loss  2.42 | ppl 11.30
| epoch   5 step    24800 |   3768 batches | lr 2.89e-05 | ms/batch 995.08 | loss  2.88 | avg loss  2.39 | ppl 10.96
| epoch   5 step    24900 |   3868 batches | lr 2.69e-05 | ms/batch 1037.61 | loss  2.20 | avg loss  2.39 | ppl 10.93
| epoch   5 step    25000 |   3968 batches | lr 2.5e-05 | ms/batch 1006.60 | loss  2.29 | avg loss  2.39 | ppl 10.92
saving checkpoint ./trained_models/GPT2_M/e2e/model.25000.pt
| epoch   5 step    25100 |   4068 batches | lr 2.31e-05 | ms/batch 1115.47 | loss  2.55 | avg loss  2.37 | ppl 10.71
| epoch   5 step    25200 |   4168 batches | lr 2.11e-05 | ms/batch 1041.47 | loss  2.23 | avg loss  2.41 | ppl 11.08
| epoch   5 step    25300 |   4268 batches | lr 1.92e-05 | ms/batch 995.36 | loss  2.27 | avg loss  2.36 | ppl 10.62
| epoch   5 step    25400 |   4368 batches | lr 1.73e-05 | ms/batch 1032.46 | loss  2.68 | avg loss  2.35 | ppl 10.46
| epoch   5 step    25500 |   4468 batches | lr 1.53e-05 | ms/batch 998.12 | loss  2.36 | avg loss  2.39 | ppl 10.87
| epoch   5 step    25600 |   4568 batches | lr 1.34e-05 | ms/batch 1038.74 | loss  2.65 | avg loss  2.39 | ppl 10.92
| epoch   5 step    25700 |   4668 batches | lr 1.14e-05 | ms/batch 996.82 | loss  2.91 | avg loss  2.44 | ppl 11.53
| epoch   5 step    25800 |   4768 batches | lr 9.5e-06 | ms/batch 1038.09 | loss  2.41 | avg loss  2.40 | ppl 11.04
| epoch   5 step    25900 |   4868 batches | lr 7.56e-06 | ms/batch 990.57 | loss  2.24 | avg loss  2.37 | ppl 10.69
| epoch   5 step    26000 |   4968 batches | lr 5.62e-06 | ms/batch 1036.97 | loss  2.29 | avg loss  2.40 | ppl 11.04
saving checkpoint ./trained_models/GPT2_M/e2e/model.26000.pt
eval samples: 0 loss: tensor(1.2245, device='cuda:0')
eval samples: 100 loss: tensor(0.8244, device='cuda:0')
eval samples: 200 loss: tensor(1.2000, device='cuda:0')
eval samples: 300 loss: tensor(1.1383, device='cuda:0')
eval samples: 400 loss: tensor(0.8164, device='cuda:0')
eval samples: 500 loss: tensor(0.5766, device='cuda:0')
eval samples: 600 loss: tensor(1.3493, device='cuda:0')
eval samples: 700 loss: tensor(0.6765, device='cuda:0')
eval samples: 800 loss: tensor(1.2182, device='cuda:0')
eval samples: 900 loss: tensor(1.7553, device='cuda:0')
eval samples: 1000 loss: tensor(0.8661, device='cuda:0')
eval samples: 1100 loss: tensor(1.8999, device='cuda:0')
average loss 1.2241149614628863
----------------------------------------------------------------------------------------------------
| Eval  13 at step    26000 | time: 200.41s | valid loss  1.22 | valid ppl  3.40 | best ppl  3.40 
----------------------------------------------------------------------------------------------------
| epoch   5 step    26100 |   5068 batches | lr 3.68e-06 | ms/batch 3134.80 | loss  2.29 | avg loss  2.38 | ppl 10.75
| epoch   5 step    26200 |   5168 batches | lr 1.74e-06 | ms/batch 1033.58 | loss  2.45 | avg loss  2.36 | ppl 10.63
saving checkpoint ./trained_models/GPT2_M/e2e/model.26290.pt
----------------------------------------------------------------------------------------------------
End of training
cleanup dist ...
[rank0]:[W723 16:53:19.466696275 ProcessGroupNCCL.cpp:1479] Warning: WARNING: destroy_process_group() was not called before program exit, which can leak resources. For more info, please see https://pytorch.org/docs/stable/distributed.html#shutdown (function operator())
