nohup: ignoring input
myrank: 0 local_rank: 0 device_count: 1 world_size: 1
====================================================================================================
        - platform : local
        - local_rank : 0
        - rank : 0
        - device : cuda:0
        - world_size : 1
        - random_seed : 110
        - lr : 0.0004
        - weight_decay : 0.01
        - correct_bias : True
        - adam_epislon : 1e-06
        - no_decay_bias : False
        - adam_beta1 : 0.9
        - adam_beta2 : 0.999
        - scheduler : None
        - max_step : None
        - max_epoch : 5
        - warmup_step : 500
        - i_steps : 0
        - i_lrs : 0.00025
        - galore_rank : 4
        - update_proj_gap : 50
        - galore_scale : 1.0
        - proj_type : std
        - train_data : ./data/e2e/train.jsonl
        - valid_data : ./data/e2e/valid.jsonl
        - train_batch_size : 8
        - valid_batch_size : 4
        - grad_acc : 1
        - clip : 0.0
        - seq_len : 512
        - model_card : gpt2.md
        - init_checkpoint : ./pretrained_checkpoints/gpt2-medium-pytorch_model.bin
        - fp16 : False
        - log_interval : 100
        - eval_interval : 2000
        - save_interval : 1000
        - work_dir : ./trained_models/GPT2_M/e2e
        - lora_dim : 0
        - lora_alpha : 32
        - obj : clm
        - lora_dropout : 0.1
        - label_smooth : 0.1
        - roll_interval : -1
        - roll_lr : 1e-05
        - roll_step : 100
        - eval_epoch : 1
        - dist : <module 'torch.distributed' from '/home/ycyh/miniconda3/envs/LoRA/lib/python3.11/site-packages/torch/distributed/__init__.py'>
====================================================================================================
Experiment dir : ./trained_models/GPT2_M/e2e
loading model pretrained weight.
MoFaSGD 2D parameter count: 354.50M
Skipped 1D parameter count : 0.32M
set max_step: 26290
start to train the model................ 1
| epoch   1 step      100 |    100 batches | lr 0.0004 | ms/batch 804.15 | loss  3.26 | avg loss  3.03 | ppl 20.72
| epoch   1 step      200 |    200 batches | lr 0.0004 | ms/batch 806.82 | loss  2.77 | avg loss  2.75 | ppl 15.71
| epoch   1 step      300 |    300 batches | lr 0.0004 | ms/batch 809.46 | loss  2.72 | avg loss  2.69 | ppl 14.79
| epoch   1 step      400 |    400 batches | lr 0.0004 | ms/batch 809.11 | loss  2.75 | avg loss  2.68 | ppl 14.65
| epoch   1 step      500 |    500 batches | lr 0.0004 | ms/batch 809.29 | loss  2.55 | avg loss  2.63 | ppl 13.85
| epoch   1 step      600 |    600 batches | lr 0.0004 | ms/batch 809.93 | loss  2.53 | avg loss  2.60 | ppl 13.45
| epoch   1 step      700 |    700 batches | lr 0.0004 | ms/batch 809.80 | loss  2.70 | avg loss  2.59 | ppl 13.28
| epoch   1 step      800 |    800 batches | lr 0.0004 | ms/batch 809.87 | loss  2.32 | avg loss  2.57 | ppl 13.04
| epoch   1 step      900 |    900 batches | lr 0.0004 | ms/batch 813.01 | loss  2.34 | avg loss  2.56 | ppl 12.96
| epoch   1 step     1000 |   1000 batches | lr 0.0004 | ms/batch 813.33 | loss  2.99 | avg loss  2.58 | ppl 13.21
saving checkpoint ./trained_models/GPT2_M/e2e/model.1000.pt
/home/ycyh/miniconda3/envs/LoRA/lib/python3.11/site-packages/torch/distributed/distributed_c10d.py:4631: UserWarning: No device id is provided via `init_process_group` or `barrier `. Using the current device set by the user. 
  warnings.warn(  # warn only once
| epoch   1 step     1100 |   1100 batches | lr 0.0004 | ms/batch 914.90 | loss  2.64 | avg loss  2.59 | ppl 13.30
| epoch   1 step     1200 |   1200 batches | lr 0.0004 | ms/batch 810.03 | loss  2.42 | avg loss  2.59 | ppl 13.34
| epoch   1 step     1300 |   1300 batches | lr 0.0004 | ms/batch 809.30 | loss  2.44 | avg loss  2.56 | ppl 12.93
| epoch   1 step     1400 |   1400 batches | lr 0.0004 | ms/batch 809.86 | loss  2.50 | avg loss  2.55 | ppl 12.83
| epoch   1 step     1500 |   1500 batches | lr 0.0004 | ms/batch 810.49 | loss  2.52 | avg loss  2.57 | ppl 13.06
| epoch   1 step     1600 |   1600 batches | lr 0.0004 | ms/batch 811.41 | loss  2.58 | avg loss  2.53 | ppl 12.55
| epoch   1 step     1700 |   1700 batches | lr 0.0004 | ms/batch 810.14 | loss  2.38 | avg loss  2.54 | ppl 12.64
| epoch   1 step     1800 |   1800 batches | lr 0.0004 | ms/batch 810.01 | loss  2.41 | avg loss  2.54 | ppl 12.69
| epoch   1 step     1900 |   1900 batches | lr 0.0004 | ms/batch 810.49 | loss  2.56 | avg loss  2.54 | ppl 12.72
| epoch   1 step     2000 |   2000 batches | lr 0.0004 | ms/batch 810.27 | loss  2.42 | avg loss  2.53 | ppl 12.60
saving checkpoint ./trained_models/GPT2_M/e2e/model.2000.pt
/home/ycyh/miniconda3/envs/LoRA/lib/python3.11/site-packages/torch/nn/_reduction.py:51: UserWarning: size_average and reduce args will be deprecated, please use reduction='none' instead.
  warnings.warn(warning.format(ret))
eval samples: 0 loss: tensor(1.2408, device='cuda:0')
eval samples: 100 loss: tensor(0.8573, device='cuda:0')
eval samples: 200 loss: tensor(1.2873, device='cuda:0')
eval samples: 300 loss: tensor(1.1169, device='cuda:0')
eval samples: 400 loss: tensor(0.8720, device='cuda:0')
eval samples: 500 loss: tensor(0.6584, device='cuda:0')
eval samples: 600 loss: tensor(1.2958, device='cuda:0')
eval samples: 700 loss: tensor(0.7376, device='cuda:0')
eval samples: 800 loss: tensor(1.1798, device='cuda:0')
eval samples: 900 loss: tensor(1.6897, device='cuda:0')
eval samples: 1000 loss: tensor(1.0522, device='cuda:0')
eval samples: 1100 loss: tensor(1.5086, device='cuda:0')
average loss 1.2376287262121293
----------------------------------------------------------------------------------------------------
| Eval   1 at step     2000 | time: 165.96s | valid loss  1.24 | valid ppl  3.45 | best ppl  3.45 
----------------------------------------------------------------------------------------------------
| epoch   1 step     2100 |   2100 batches | lr 0.0004 | ms/batch 2579.27 | loss  2.54 | avg loss  2.53 | ppl 12.58
| epoch   1 step     2200 |   2200 batches | lr 0.0004 | ms/batch 812.12 | loss  2.80 | avg loss  2.52 | ppl 12.46
| epoch   1 step     2300 |   2300 batches | lr 0.0004 | ms/batch 812.64 | loss  2.47 | avg loss  2.52 | ppl 12.41
| epoch   1 step     2400 |   2400 batches | lr 0.0004 | ms/batch 812.39 | loss  2.33 | avg loss  2.52 | ppl 12.46
| epoch   1 step     2500 |   2500 batches | lr 0.0004 | ms/batch 812.84 | loss  2.75 | avg loss  2.54 | ppl 12.73
| epoch   1 step     2600 |   2600 batches | lr 0.0004 | ms/batch 812.22 | loss  2.69 | avg loss  2.53 | ppl 12.55
| epoch   1 step     2700 |   2700 batches | lr 0.0004 | ms/batch 811.87 | loss  2.58 | avg loss  2.51 | ppl 12.33
| epoch   1 step     2800 |   2800 batches | lr 0.0004 | ms/batch 812.18 | loss  2.20 | avg loss  2.55 | ppl 12.83
| epoch   1 step     2900 |   2900 batches | lr 0.0004 | ms/batch 812.22 | loss  2.74 | avg loss  2.53 | ppl 12.55
| epoch   1 step     3000 |   3000 batches | lr 0.0004 | ms/batch 812.25 | loss  2.52 | avg loss  2.50 | ppl 12.13
saving checkpoint ./trained_models/GPT2_M/e2e/model.3000.pt
| epoch   1 step     3100 |   3100 batches | lr 0.0004 | ms/batch 914.41 | loss  2.71 | avg loss  2.50 | ppl 12.18
| epoch   1 step     3200 |   3200 batches | lr 0.0004 | ms/batch 812.60 | loss  2.58 | avg loss  2.54 | ppl 12.63
| epoch   1 step     3300 |   3300 batches | lr 0.0004 | ms/batch 812.30 | loss  2.87 | avg loss  2.49 | ppl 12.07
| epoch   1 step     3400 |   3400 batches | lr 0.0004 | ms/batch 812.69 | loss  2.48 | avg loss  2.50 | ppl 12.13
| epoch   1 step     3500 |   3500 batches | lr 0.0004 | ms/batch 813.17 | loss  2.24 | avg loss  2.53 | ppl 12.58
| epoch   1 step     3600 |   3600 batches | lr 0.0004 | ms/batch 812.58 | loss  2.44 | avg loss  2.53 | ppl 12.54
| epoch   1 step     3700 |   3700 batches | lr 0.0004 | ms/batch 811.96 | loss  2.49 | avg loss  2.50 | ppl 12.14
| epoch   1 step     3800 |   3800 batches | lr 0.0004 | ms/batch 812.41 | loss  2.49 | avg loss  2.46 | ppl 11.70
| epoch   1 step     3900 |   3900 batches | lr 0.0004 | ms/batch 812.71 | loss  2.18 | avg loss  2.54 | ppl 12.63
| epoch   1 step     4000 |   4000 batches | lr 0.0004 | ms/batch 812.27 | loss  2.55 | avg loss  2.53 | ppl 12.61
saving checkpoint ./trained_models/GPT2_M/e2e/model.4000.pt
eval samples: 0 loss: tensor(1.2162, device='cuda:0')
eval samples: 100 loss: tensor(0.8178, device='cuda:0')
eval samples: 200 loss: tensor(1.2764, device='cuda:0')
eval samples: 300 loss: tensor(1.0796, device='cuda:0')
eval samples: 400 loss: tensor(0.8701, device='cuda:0')
eval samples: 500 loss: tensor(0.5792, device='cuda:0')
eval samples: 600 loss: tensor(1.2312, device='cuda:0')
eval samples: 700 loss: tensor(0.6713, device='cuda:0')
eval samples: 800 loss: tensor(1.1479, device='cuda:0')
eval samples: 900 loss: tensor(1.6474, device='cuda:0')
eval samples: 1000 loss: tensor(0.8878, device='cuda:0')
eval samples: 1100 loss: tensor(1.4969, device='cuda:0')
average loss 1.1947452614262497
----------------------------------------------------------------------------------------------------
| Eval   2 at step     4000 | time: 166.01s | valid loss  1.19 | valid ppl  3.30 | best ppl  3.30 
----------------------------------------------------------------------------------------------------
| epoch   1 step     4100 |   4100 batches | lr 0.0004 | ms/batch 2577.42 | loss  2.67 | avg loss  2.50 | ppl 12.14
| epoch   1 step     4200 |   4200 batches | lr 0.0004 | ms/batch 809.94 | loss  2.50 | avg loss  2.50 | ppl 12.16
| epoch   1 step     4300 |   4300 batches | lr 0.0004 | ms/batch 806.79 | loss  2.35 | avg loss  2.45 | ppl 11.62
| epoch   1 step     4400 |   4400 batches | lr 0.0004 | ms/batch 807.33 | loss  2.59 | avg loss  2.48 | ppl 12.00
| epoch   1 step     4500 |   4500 batches | lr 0.0004 | ms/batch 809.14 | loss  2.63 | avg loss  2.52 | ppl 12.38
| epoch   1 step     4600 |   4600 batches | lr 0.0004 | ms/batch 812.66 | loss  2.47 | avg loss  2.52 | ppl 12.39
| epoch   1 step     4700 |   4700 batches | lr 0.0004 | ms/batch 814.02 | loss  2.31 | avg loss  2.50 | ppl 12.19
| epoch   1 step     4800 |   4800 batches | lr 0.0004 | ms/batch 814.00 | loss  2.64 | avg loss  2.47 | ppl 11.86
| epoch   1 step     4900 |   4900 batches | lr 0.0004 | ms/batch 813.95 | loss  2.55 | avg loss  2.49 | ppl 12.03
| epoch   1 step     5000 |   5000 batches | lr 0.0004 | ms/batch 809.00 | loss  2.20 | avg loss  2.47 | ppl 11.78
saving checkpoint ./trained_models/GPT2_M/e2e/model.5000.pt
| epoch   1 step     5100 |   5100 batches | lr 0.0004 | ms/batch 910.18 | loss  2.57 | avg loss  2.50 | ppl 12.21
| epoch   1 step     5200 |   5200 batches | lr 0.0004 | ms/batch 810.30 | loss  2.68 | avg loss  2.50 | ppl 12.13
saving checkpoint ./trained_models/GPT2_M/e2e/model.5258.pt
start to train the model................ 2
| epoch   2 step     5300 |     42 batches | lr 0.0004 | ms/batch 338.57 | loss  2.34 | avg loss  2.43 | ppl 11.32
| epoch   2 step     5400 |    142 batches | lr 0.0004 | ms/batch 809.60 | loss  2.41 | avg loss  2.47 | ppl 11.88
| epoch   2 step     5500 |    242 batches | lr 0.0004 | ms/batch 813.50 | loss  2.46 | avg loss  2.46 | ppl 11.71
| epoch   2 step     5600 |    342 batches | lr 0.0004 | ms/batch 814.20 | loss  2.16 | avg loss  2.48 | ppl 11.99
| epoch   2 step     5700 |    442 batches | lr 0.0004 | ms/batch 814.20 | loss  2.42 | avg loss  2.47 | ppl 11.84
| epoch   2 step     5800 |    542 batches | lr 0.0004 | ms/batch 812.87 | loss  2.45 | avg loss  2.45 | ppl 11.59
| epoch   2 step     5900 |    642 batches | lr 0.0004 | ms/batch 814.40 | loss  2.59 | avg loss  2.49 | ppl 12.01
| epoch   2 step     6000 |    742 batches | lr 0.0004 | ms/batch 813.68 | loss  2.20 | avg loss  2.44 | ppl 11.52
saving checkpoint ./trained_models/GPT2_M/e2e/model.6000.pt
eval samples: 0 loss: tensor(1.1661, device='cuda:0')
eval samples: 100 loss: tensor(0.8608, device='cuda:0')
eval samples: 200 loss: tensor(1.2162, device='cuda:0')
eval samples: 300 loss: tensor(1.0919, device='cuda:0')
eval samples: 400 loss: tensor(0.9251, device='cuda:0')
eval samples: 500 loss: tensor(0.5731, device='cuda:0')
eval samples: 600 loss: tensor(1.2955, device='cuda:0')
eval samples: 700 loss: tensor(0.6816, device='cuda:0')
eval samples: 800 loss: tensor(1.2101, device='cuda:0')
eval samples: 900 loss: tensor(1.7579, device='cuda:0')
eval samples: 1000 loss: tensor(0.9292, device='cuda:0')
eval samples: 1100 loss: tensor(1.4912, device='cuda:0')
average loss 1.2079534576057571
----------------------------------------------------------------------------------------------------
| Eval   3 at step     6000 | time: 166.03s | valid loss  1.21 | valid ppl  3.35 | best ppl  3.35 
----------------------------------------------------------------------------------------------------
| epoch   2 step     6100 |    842 batches | lr 0.0004 | ms/batch 2576.86 | loss  2.24 | avg loss  2.47 | ppl 11.85
| epoch   2 step     6200 |    942 batches | lr 0.0004 | ms/batch 813.86 | loss  2.31 | avg loss  2.47 | ppl 11.83
| epoch   2 step     6300 |   1042 batches | lr 0.0004 | ms/batch 814.26 | loss  2.64 | avg loss  2.47 | ppl 11.88
| epoch   2 step     6400 |   1142 batches | lr 0.0004 | ms/batch 813.74 | loss  2.25 | avg loss  2.47 | ppl 11.81
| epoch   2 step     6500 |   1242 batches | lr 0.0004 | ms/batch 813.91 | loss  2.33 | avg loss  2.49 | ppl 12.11
| epoch   2 step     6600 |   1342 batches | lr 0.0004 | ms/batch 814.72 | loss  2.72 | avg loss  2.47 | ppl 11.77
| epoch   2 step     6700 |   1442 batches | lr 0.0004 | ms/batch 812.60 | loss  2.43 | avg loss  2.48 | ppl 11.91
| epoch   2 step     6800 |   1542 batches | lr 0.0004 | ms/batch 814.25 | loss  2.39 | avg loss  2.49 | ppl 12.01
| epoch   2 step     6900 |   1642 batches | lr 0.0004 | ms/batch 814.26 | loss  2.36 | avg loss  2.42 | ppl 11.28
| epoch   2 step     7000 |   1742 batches | lr 0.0004 | ms/batch 813.81 | loss  2.59 | avg loss  2.49 | ppl 12.02
saving checkpoint ./trained_models/GPT2_M/e2e/model.7000.pt
| epoch   2 step     7100 |   1842 batches | lr 0.0004 | ms/batch 908.44 | loss  2.64 | avg loss  2.47 | ppl 11.78
| epoch   2 step     7200 |   1942 batches | lr 0.0004 | ms/batch 810.59 | loss  2.56 | avg loss  2.47 | ppl 11.84
| epoch   2 step     7300 |   2042 batches | lr 0.0004 | ms/batch 810.30 | loss  2.34 | avg loss  2.45 | ppl 11.56
| epoch   2 step     7400 |   2142 batches | lr 0.0004 | ms/batch 810.54 | loss  2.81 | avg loss  2.44 | ppl 11.49
| epoch   2 step     7500 |   2242 batches | lr 0.0004 | ms/batch 811.04 | loss  2.68 | avg loss  2.50 | ppl 12.12
| epoch   2 step     7600 |   2342 batches | lr 0.0004 | ms/batch 810.42 | loss  2.23 | avg loss  2.45 | ppl 11.60
| epoch   2 step     7700 |   2442 batches | lr 0.0004 | ms/batch 810.65 | loss  2.75 | avg loss  2.45 | ppl 11.59
| epoch   2 step     7800 |   2542 batches | lr 0.0004 | ms/batch 810.65 | loss  2.50 | avg loss  2.44 | ppl 11.42
| epoch   2 step     7900 |   2642 batches | lr 0.0004 | ms/batch 810.94 | loss  2.78 | avg loss  2.48 | ppl 11.97
| epoch   2 step     8000 |   2742 batches | lr 0.0004 | ms/batch 810.61 | loss  2.54 | avg loss  2.50 | ppl 12.13
saving checkpoint ./trained_models/GPT2_M/e2e/model.8000.pt
eval samples: 0 loss: tensor(1.2154, device='cuda:0')
eval samples: 100 loss: tensor(0.8807, device='cuda:0')
eval samples: 200 loss: tensor(1.2590, device='cuda:0')
eval samples: 300 loss: tensor(1.0982, device='cuda:0')
eval samples: 400 loss: tensor(0.8773, device='cuda:0')
eval samples: 500 loss: tensor(0.6171, device='cuda:0')
eval samples: 600 loss: tensor(1.2357, device='cuda:0')
eval samples: 700 loss: tensor(0.6810, device='cuda:0')
eval samples: 800 loss: tensor(1.1300, device='cuda:0')
eval samples: 900 loss: tensor(1.6580, device='cuda:0')
eval samples: 1000 loss: tensor(0.9625, device='cuda:0')
eval samples: 1100 loss: tensor(1.4939, device='cuda:0')
average loss 1.1959050939711806
----------------------------------------------------------------------------------------------------
| Eval   4 at step     8000 | time: 165.94s | valid loss  1.20 | valid ppl  3.31 | best ppl  3.31 
----------------------------------------------------------------------------------------------------
| epoch   2 step     8100 |   2842 batches | lr 0.0004 | ms/batch 2571.57 | loss  2.33 | avg loss  2.46 | ppl 11.66
| epoch   2 step     8200 |   2942 batches | lr 0.0004 | ms/batch 810.26 | loss  2.54 | avg loss  2.51 | ppl 12.26
| epoch   2 step     8300 |   3042 batches | lr 0.0004 | ms/batch 810.67 | loss  2.36 | avg loss  2.47 | ppl 11.82
| epoch   2 step     8400 |   3142 batches | lr 0.0004 | ms/batch 810.24 | loss  2.47 | avg loss  2.46 | ppl 11.70
| epoch   2 step     8500 |   3242 batches | lr 0.0004 | ms/batch 810.30 | loss  2.37 | avg loss  2.47 | ppl 11.84
| epoch   2 step     8600 |   3342 batches | lr 0.0004 | ms/batch 811.12 | loss  2.36 | avg loss  2.45 | ppl 11.59
| epoch   2 step     8700 |   3442 batches | lr 0.0004 | ms/batch 810.85 | loss  2.78 | avg loss  2.45 | ppl 11.63
| epoch   2 step     8800 |   3542 batches | lr 0.0004 | ms/batch 810.38 | loss  2.36 | avg loss  2.45 | ppl 11.63
| epoch   2 step     8900 |   3642 batches | lr 0.0004 | ms/batch 810.54 | loss  2.51 | avg loss  2.47 | ppl 11.86
| epoch   2 step     9000 |   3742 batches | lr 0.0004 | ms/batch 810.99 | loss  2.45 | avg loss  2.47 | ppl 11.83
saving checkpoint ./trained_models/GPT2_M/e2e/model.9000.pt
| epoch   2 step     9100 |   3842 batches | lr 0.0004 | ms/batch 911.77 | loss  2.42 | avg loss  2.47 | ppl 11.78
| epoch   2 step     9200 |   3942 batches | lr 0.0004 | ms/batch 809.79 | loss  2.59 | avg loss  2.46 | ppl 11.74
| epoch   2 step     9300 |   4042 batches | lr 0.0004 | ms/batch 810.31 | loss  2.45 | avg loss  2.48 | ppl 11.93
| epoch   2 step     9400 |   4142 batches | lr 0.0004 | ms/batch 810.18 | loss  2.54 | avg loss  2.47 | ppl 11.79
| epoch   2 step     9500 |   4242 batches | lr 0.0004 | ms/batch 810.37 | loss  2.45 | avg loss  2.46 | ppl 11.76
| epoch   2 step     9600 |   4342 batches | lr 0.0004 | ms/batch 810.77 | loss  2.81 | avg loss  2.47 | ppl 11.84
| epoch   2 step     9700 |   4442 batches | lr 0.0004 | ms/batch 811.63 | loss  2.21 | avg loss  2.46 | ppl 11.70
| epoch   2 step     9800 |   4542 batches | lr 0.0004 | ms/batch 811.67 | loss  2.45 | avg loss  2.46 | ppl 11.70
| epoch   2 step     9900 |   4642 batches | lr 0.0004 | ms/batch 811.25 | loss  2.14 | avg loss  2.45 | ppl 11.56
| epoch   2 step    10000 |   4742 batches | lr 0.0004 | ms/batch 811.70 | loss  2.51 | avg loss  2.48 | ppl 11.98
saving checkpoint ./trained_models/GPT2_M/e2e/model.10000.pt
eval samples: 0 loss: tensor(1.2123, device='cuda:0')
eval samples: 100 loss: tensor(0.9016, device='cuda:0')
eval samples: 200 loss: tensor(1.2489, device='cuda:0')
eval samples: 300 loss: tensor(1.0901, device='cuda:0')
eval samples: 400 loss: tensor(0.8805, device='cuda:0')
eval samples: 500 loss: tensor(0.6268, device='cuda:0')
eval samples: 600 loss: tensor(1.2376, device='cuda:0')
eval samples: 700 loss: tensor(0.6853, device='cuda:0')
eval samples: 800 loss: tensor(1.2245, device='cuda:0')
eval samples: 900 loss: tensor(1.6155, device='cuda:0')
eval samples: 1000 loss: tensor(0.9617, device='cuda:0')
eval samples: 1100 loss: tensor(1.5840, device='cuda:0')
average loss 1.2040989348435238
----------------------------------------------------------------------------------------------------
| Eval   5 at step    10000 | time: 166.07s | valid loss  1.20 | valid ppl  3.33 | best ppl  3.31 
----------------------------------------------------------------------------------------------------
| epoch   2 step    10100 |   4842 batches | lr 0.0004 | ms/batch 2576.64 | loss  2.28 | avg loss  2.47 | ppl 11.82
| epoch   2 step    10200 |   4942 batches | lr 0.0004 | ms/batch 811.25 | loss  2.41 | avg loss  2.47 | ppl 11.86
| epoch   2 step    10300 |   5042 batches | lr 0.0004 | ms/batch 811.02 | loss  2.74 | avg loss  2.46 | ppl 11.68
| epoch   2 step    10400 |   5142 batches | lr 0.0004 | ms/batch 812.00 | loss  2.66 | avg loss  2.45 | ppl 11.63
| epoch   2 step    10500 |   5242 batches | lr 0.0004 | ms/batch 811.92 | loss  2.38 | avg loss  2.44 | ppl 11.49
saving checkpoint ./trained_models/GPT2_M/e2e/model.10516.pt
start to train the model................ 3
| epoch   3 step    10600 |     84 batches | lr 0.0004 | ms/batch 679.74 | loss  2.12 | avg loss  2.44 | ppl 11.42
| epoch   3 step    10700 |    184 batches | lr 0.0004 | ms/batch 810.85 | loss  2.46 | avg loss  2.44 | ppl 11.50
| epoch   3 step    10800 |    284 batches | lr 0.0004 | ms/batch 811.68 | loss  2.62 | avg loss  2.43 | ppl 11.36
| epoch   3 step    10900 |    384 batches | lr 0.0004 | ms/batch 811.60 | loss  2.76 | avg loss  2.43 | ppl 11.38
| epoch   3 step    11000 |    484 batches | lr 0.0004 | ms/batch 811.21 | loss  2.57 | avg loss  2.44 | ppl 11.44
saving checkpoint ./trained_models/GPT2_M/e2e/model.11000.pt
| epoch   3 step    11100 |    584 batches | lr 0.0004 | ms/batch 913.92 | loss  2.51 | avg loss  2.49 | ppl 12.09
| epoch   3 step    11200 |    684 batches | lr 0.0004 | ms/batch 824.40 | loss  2.42 | avg loss  2.44 | ppl 11.48
| epoch   3 step    11300 |    784 batches | lr 0.0004 | ms/batch 1055.61 | loss  2.45 | avg loss  2.45 | ppl 11.64
| epoch   3 step    11400 |    884 batches | lr 0.0004 | ms/batch 1052.04 | loss  2.32 | avg loss  2.45 | ppl 11.59
| epoch   3 step    11500 |    984 batches | lr 0.0004 | ms/batch 1080.00 | loss  2.20 | avg loss  2.45 | ppl 11.61
| epoch   3 step    11600 |   1084 batches | lr 0.0004 | ms/batch 1059.51 | loss  2.14 | avg loss  2.42 | ppl 11.21
| epoch   3 step    11700 |   1184 batches | lr 0.0004 | ms/batch 1057.99 | loss  2.28 | avg loss  2.43 | ppl 11.40
| epoch   3 step    11800 |   1284 batches | lr 0.0004 | ms/batch 1054.89 | loss  2.44 | avg loss  2.42 | ppl 11.21
| epoch   3 step    11900 |   1384 batches | lr 0.0004 | ms/batch 1059.46 | loss  2.36 | avg loss  2.43 | ppl 11.34
| epoch   3 step    12000 |   1484 batches | lr 0.0004 | ms/batch 1053.54 | loss  2.48 | avg loss  2.43 | ppl 11.38
saving checkpoint ./trained_models/GPT2_M/e2e/model.12000.pt
eval samples: 0 loss: tensor(1.2046, device='cuda:0')
eval samples: 100 loss: tensor(0.8689, device='cuda:0')
eval samples: 200 loss: tensor(1.3128, device='cuda:0')
eval samples: 300 loss: tensor(1.1308, device='cuda:0')
eval samples: 400 loss: tensor(0.9289, device='cuda:0')
eval samples: 500 loss: tensor(0.6104, device='cuda:0')
eval samples: 600 loss: tensor(1.2349, device='cuda:0')
eval samples: 700 loss: tensor(0.6657, device='cuda:0')
eval samples: 800 loss: tensor(1.1840, device='cuda:0')
eval samples: 900 loss: tensor(1.7006, device='cuda:0')
eval samples: 1000 loss: tensor(0.9916, device='cuda:0')
eval samples: 1100 loss: tensor(1.5435, device='cuda:0')
average loss 1.1930002800303778
----------------------------------------------------------------------------------------------------
| Eval   6 at step    12000 | time: 228.30s | valid loss  1.19 | valid ppl  3.30 | best ppl  3.30 
----------------------------------------------------------------------------------------------------
| epoch   3 step    12100 |   1584 batches | lr 0.0004 | ms/batch 3480.53 | loss  2.41 | avg loss  2.46 | ppl 11.67
| epoch   3 step    12200 |   1684 batches | lr 0.0004 | ms/batch 1064.91 | loss  2.34 | avg loss  2.47 | ppl 11.81
| epoch   3 step    12300 |   1784 batches | lr 0.0004 | ms/batch 1062.26 | loss  2.40 | avg loss  2.45 | ppl 11.60
| epoch   3 step    12400 |   1884 batches | lr 0.0004 | ms/batch 1056.60 | loss  2.49 | avg loss  2.42 | ppl 11.27
| epoch   3 step    12500 |   1984 batches | lr 0.0004 | ms/batch 1060.39 | loss  2.67 | avg loss  2.44 | ppl 11.52
| epoch   3 step    12600 |   2084 batches | lr 0.0004 | ms/batch 1060.21 | loss  2.73 | avg loss  2.39 | ppl 10.89
| epoch   3 step    12700 |   2184 batches | lr 0.0004 | ms/batch 1054.14 | loss  2.25 | avg loss  2.44 | ppl 11.44
| epoch   3 step    12800 |   2284 batches | lr 0.0004 | ms/batch 1083.44 | loss  2.54 | avg loss  2.45 | ppl 11.60
| epoch   3 step    12900 |   2384 batches | lr 0.0004 | ms/batch 1215.63 | loss  2.33 | avg loss  2.44 | ppl 11.49
| epoch   3 step    13000 |   2484 batches | lr 0.0004 | ms/batch 1107.05 | loss  2.86 | avg loss  2.47 | ppl 11.81
saving checkpoint ./trained_models/GPT2_M/e2e/model.13000.pt
| epoch   3 step    13100 |   2584 batches | lr 0.0004 | ms/batch 1166.92 | loss  2.31 | avg loss  2.42 | ppl 11.27
| epoch   3 step    13200 |   2684 batches | lr 0.0004 | ms/batch 1059.91 | loss  2.34 | avg loss  2.47 | ppl 11.87
| epoch   3 step    13300 |   2784 batches | lr 0.0004 | ms/batch 1178.81 | loss  2.35 | avg loss  2.42 | ppl 11.28
| epoch   3 step    13400 |   2884 batches | lr 0.0004 | ms/batch 1179.43 | loss  2.55 | avg loss  2.43 | ppl 11.30
| epoch   3 step    13500 |   2984 batches | lr 0.0004 | ms/batch 840.41 | loss  2.84 | avg loss  2.47 | ppl 11.76
| epoch   3 step    13600 |   3084 batches | lr 0.0004 | ms/batch 1054.77 | loss  2.23 | avg loss  2.45 | ppl 11.63
| epoch   3 step    13700 |   3184 batches | lr 0.0004 | ms/batch 1054.49 | loss  2.61 | avg loss  2.50 | ppl 12.17
| epoch   3 step    13800 |   3284 batches | lr 0.0004 | ms/batch 1054.74 | loss  2.21 | avg loss  2.42 | ppl 11.24
| epoch   3 step    13900 |   3384 batches | lr 0.0004 | ms/batch 1055.74 | loss  2.76 | avg loss  2.47 | ppl 11.78
| epoch   3 step    14000 |   3484 batches | lr 0.0004 | ms/batch 1056.83 | loss  2.57 | avg loss  2.47 | ppl 11.87
saving checkpoint ./trained_models/GPT2_M/e2e/model.14000.pt
eval samples: 0 loss: tensor(1.0640, device='cuda:0')
eval samples: 100 loss: tensor(0.8439, device='cuda:0')
eval samples: 200 loss: tensor(1.2961, device='cuda:0')
eval samples: 300 loss: tensor(1.0352, device='cuda:0')
eval samples: 400 loss: tensor(0.9452, device='cuda:0')
eval samples: 500 loss: tensor(0.6007, device='cuda:0')
eval samples: 600 loss: tensor(1.2540, device='cuda:0')
eval samples: 700 loss: tensor(0.6837, device='cuda:0')
eval samples: 800 loss: tensor(1.1413, device='cuda:0')
eval samples: 900 loss: tensor(1.6864, device='cuda:0')
eval samples: 1000 loss: tensor(0.9477, device='cuda:0')
eval samples: 1100 loss: tensor(1.5770, device='cuda:0')
average loss 1.188674227832115
----------------------------------------------------------------------------------------------------
| Eval   7 at step    14000 | time: 215.55s | valid loss  1.19 | valid ppl  3.28 | best ppl  3.28 
----------------------------------------------------------------------------------------------------
| epoch   3 step    14100 |   3584 batches | lr 0.0004 | ms/batch 3321.85 | loss  2.54 | avg loss  2.41 | ppl 11.09
| epoch   3 step    14200 |   3684 batches | lr 0.0004 | ms/batch 1055.48 | loss  2.38 | avg loss  2.42 | ppl 11.25
| epoch   3 step    14300 |   3784 batches | lr 0.0004 | ms/batch 1075.12 | loss  2.71 | avg loss  2.43 | ppl 11.33
| epoch   3 step    14400 |   3884 batches | lr 0.0004 | ms/batch 1057.00 | loss  2.18 | avg loss  2.44 | ppl 11.48
| epoch   3 step    14500 |   3984 batches | lr 0.0004 | ms/batch 1053.77 | loss  2.30 | avg loss  2.46 | ppl 11.65
| epoch   3 step    14600 |   4084 batches | lr 0.0004 | ms/batch 1055.19 | loss  2.47 | avg loss  2.46 | ppl 11.76
| epoch   3 step    14700 |   4184 batches | lr 0.0004 | ms/batch 1051.17 | loss  2.41 | avg loss  2.43 | ppl 11.37
| epoch   3 step    14800 |   4284 batches | lr 0.0004 | ms/batch 1050.21 | loss  2.45 | avg loss  2.46 | ppl 11.76
| epoch   3 step    14900 |   4384 batches | lr 0.0004 | ms/batch 858.25 | loss  2.41 | avg loss  2.44 | ppl 11.48
| epoch   3 step    15000 |   4484 batches | lr 0.0004 | ms/batch 1050.57 | loss  2.78 | avg loss  2.47 | ppl 11.82
saving checkpoint ./trained_models/GPT2_M/e2e/model.15000.pt
| epoch   3 step    15100 |   4584 batches | lr 0.0004 | ms/batch 1157.11 | loss  2.27 | avg loss  2.44 | ppl 11.42
| epoch   3 step    15200 |   4684 batches | lr 0.0004 | ms/batch 1050.91 | loss  2.44 | avg loss  2.43 | ppl 11.40
| epoch   3 step    15300 |   4784 batches | lr 0.0004 | ms/batch 1053.73 | loss  2.40 | avg loss  2.48 | ppl 11.91
| epoch   3 step    15400 |   4884 batches | lr 0.0004 | ms/batch 1009.62 | loss  2.29 | avg loss  2.45 | ppl 11.61
| epoch   3 step    15500 |   4984 batches | lr 0.0004 | ms/batch 899.18 | loss  2.38 | avg loss  2.45 | ppl 11.61
| epoch   3 step    15600 |   5084 batches | lr 0.0004 | ms/batch 1051.65 | loss  2.51 | avg loss  2.44 | ppl 11.47
| epoch   3 step    15700 |   5184 batches | lr 0.0004 | ms/batch 1047.01 | loss  2.39 | avg loss  2.42 | ppl 11.25
saving checkpoint ./trained_models/GPT2_M/e2e/model.15774.pt
start to train the model................ 4
| epoch   4 step    15800 |     26 batches | lr 0.0004 | ms/batch 209.41 | loss  2.26 | avg loss  2.40 | ppl 10.99
| epoch   4 step    15900 |    126 batches | lr 0.0004 | ms/batch 1048.65 | loss  2.30 | avg loss  2.41 | ppl 11.17
| epoch   4 step    16000 |    226 batches | lr 0.0004 | ms/batch 1043.64 | loss  2.44 | avg loss  2.43 | ppl 11.41
saving checkpoint ./trained_models/GPT2_M/e2e/model.16000.pt
eval samples: 0 loss: tensor(1.1403, device='cuda:0')
eval samples: 100 loss: tensor(0.8686, device='cuda:0')
eval samples: 200 loss: tensor(1.1929, device='cuda:0')
eval samples: 300 loss: tensor(1.0831, device='cuda:0')
eval samples: 400 loss: tensor(0.8827, device='cuda:0')
eval samples: 500 loss: tensor(0.5872, device='cuda:0')
eval samples: 600 loss: tensor(1.3220, device='cuda:0')
eval samples: 700 loss: tensor(0.6569, device='cuda:0')
eval samples: 800 loss: tensor(1.2143, device='cuda:0')
eval samples: 900 loss: tensor(1.6766, device='cuda:0')
eval samples: 1000 loss: tensor(0.9579, device='cuda:0')
eval samples: 1100 loss: tensor(1.5390, device='cuda:0')
average loss 1.1881076240121093
----------------------------------------------------------------------------------------------------
| Eval   8 at step    16000 | time: 215.19s | valid loss  1.19 | valid ppl  3.28 | best ppl  3.28 
----------------------------------------------------------------------------------------------------
| epoch   4 step    16100 |    326 batches | lr 0.0004 | ms/batch 3315.47 | loss  2.61 | avg loss  2.41 | ppl 11.09
| epoch   4 step    16200 |    426 batches | lr 0.0004 | ms/batch 1060.84 | loss  2.40 | avg loss  2.42 | ppl 11.27
| epoch   4 step    16300 |    526 batches | lr 0.0004 | ms/batch 1050.12 | loss  2.74 | avg loss  2.41 | ppl 11.09
| epoch   4 step    16400 |    626 batches | lr 0.0004 | ms/batch 1067.57 | loss  2.85 | avg loss  2.42 | ppl 11.26
| epoch   4 step    16500 |    726 batches | lr 0.0004 | ms/batch 1114.57 | loss  2.61 | avg loss  2.45 | ppl 11.54
| epoch   4 step    16600 |    826 batches | lr 0.0004 | ms/batch 975.52 | loss  2.61 | avg loss  2.42 | ppl 11.27
| epoch   4 step    16700 |    926 batches | lr 0.0004 | ms/batch 1056.07 | loss  2.61 | avg loss  2.43 | ppl 11.33
| epoch   4 step    16800 |   1026 batches | lr 0.0004 | ms/batch 1049.53 | loss  2.43 | avg loss  2.43 | ppl 11.36
| epoch   4 step    16900 |   1126 batches | lr 0.0004 | ms/batch 1112.46 | loss  2.12 | avg loss  2.40 | ppl 11.02
| epoch   4 step    17000 |   1226 batches | lr 0.0004 | ms/batch 1053.95 | loss  2.27 | avg loss  2.41 | ppl 11.11
saving checkpoint ./trained_models/GPT2_M/e2e/model.17000.pt
| epoch   4 step    17100 |   1326 batches | lr 0.0004 | ms/batch 1124.61 | loss  2.60 | avg loss  2.45 | ppl 11.63
| epoch   4 step    17200 |   1426 batches | lr 0.0004 | ms/batch 959.29 | loss  2.37 | avg loss  2.41 | ppl 11.08
| epoch   4 step    17300 |   1526 batches | lr 0.0004 | ms/batch 907.87 | loss  2.28 | avg loss  2.44 | ppl 11.44
| epoch   4 step    17400 |   1626 batches | lr 0.0004 | ms/batch 1089.25 | loss  2.24 | avg loss  2.44 | ppl 11.50
| epoch   4 step    17500 |   1726 batches | lr 0.0004 | ms/batch 977.76 | loss  2.69 | avg loss  2.44 | ppl 11.47
| epoch   4 step    17600 |   1826 batches | lr 0.0004 | ms/batch 1034.10 | loss  2.75 | avg loss  2.45 | ppl 11.57
| epoch   4 step    17700 |   1926 batches | lr 0.0004 | ms/batch 1040.91 | loss  2.35 | avg loss  2.42 | ppl 11.26
| epoch   4 step    17800 |   2026 batches | lr 0.0004 | ms/batch 1017.37 | loss  2.60 | avg loss  2.45 | ppl 11.64
| epoch   4 step    17900 |   2126 batches | lr 0.0004 | ms/batch 853.68 | loss  2.41 | avg loss  2.42 | ppl 11.27
| epoch   4 step    18000 |   2226 batches | lr 0.0004 | ms/batch 1112.86 | loss  2.95 | avg loss  2.43 | ppl 11.34
saving checkpoint ./trained_models/GPT2_M/e2e/model.18000.pt
eval samples: 0 loss: tensor(1.0987, device='cuda:0')
eval samples: 100 loss: tensor(0.8336, device='cuda:0')
eval samples: 200 loss: tensor(1.2596, device='cuda:0')
eval samples: 300 loss: tensor(1.0604, device='cuda:0')
eval samples: 400 loss: tensor(0.8727, device='cuda:0')
eval samples: 500 loss: tensor(0.6268, device='cuda:0')
eval samples: 600 loss: tensor(1.3235, device='cuda:0')
eval samples: 700 loss: tensor(0.6897, device='cuda:0')
eval samples: 800 loss: tensor(1.1776, device='cuda:0')
eval samples: 900 loss: tensor(1.7161, device='cuda:0')
eval samples: 1000 loss: tensor(0.9470, device='cuda:0')
eval samples: 1100 loss: tensor(1.6035, device='cuda:0')
average loss 1.2061888743957427
----------------------------------------------------------------------------------------------------
| Eval   9 at step    18000 | time: 216.68s | valid loss  1.21 | valid ppl  3.34 | best ppl  3.28 
----------------------------------------------------------------------------------------------------
| epoch   4 step    18100 |   2326 batches | lr 0.0004 | ms/batch 3317.16 | loss  2.56 | avg loss  2.42 | ppl 11.22
| epoch   4 step    18200 |   2426 batches | lr 0.0004 | ms/batch 1043.03 | loss  2.36 | avg loss  2.44 | ppl 11.43
| epoch   4 step    18300 |   2526 batches | lr 0.0004 | ms/batch 1045.94 | loss  2.34 | avg loss  2.44 | ppl 11.48
| epoch   4 step    18400 |   2626 batches | lr 0.0004 | ms/batch 1054.71 | loss  2.62 | avg loss  2.42 | ppl 11.23
| epoch   4 step    18500 |   2726 batches | lr 0.0004 | ms/batch 1043.14 | loss  2.49 | avg loss  2.41 | ppl 11.11
| epoch   4 step    18600 |   2826 batches | lr 0.0004 | ms/batch 1042.45 | loss  2.22 | avg loss  2.45 | ppl 11.55
| epoch   4 step    18700 |   2926 batches | lr 0.0004 | ms/batch 1041.58 | loss  2.22 | avg loss  2.41 | ppl 11.17
| epoch   4 step    18800 |   3026 batches | lr 0.0004 | ms/batch 864.00 | loss  2.21 | avg loss  2.44 | ppl 11.50
| epoch   4 step    18900 |   3126 batches | lr 0.0004 | ms/batch 1045.43 | loss  2.39 | avg loss  2.43 | ppl 11.38
| epoch   4 step    19000 |   3226 batches | lr 0.0004 | ms/batch 1035.33 | loss  2.76 | avg loss  2.44 | ppl 11.47
saving checkpoint ./trained_models/GPT2_M/e2e/model.19000.pt
| epoch   4 step    19100 |   3326 batches | lr 0.0004 | ms/batch 1155.75 | loss  2.65 | avg loss  2.42 | ppl 11.22
| epoch   4 step    19200 |   3426 batches | lr 0.0004 | ms/batch 1044.76 | loss  2.56 | avg loss  2.41 | ppl 11.13
| epoch   4 step    19300 |   3526 batches | lr 0.0004 | ms/batch 1049.43 | loss  2.50 | avg loss  2.45 | ppl 11.55
| epoch   4 step    19400 |   3626 batches | lr 0.0004 | ms/batch 1042.22 | loss  2.47 | avg loss  2.43 | ppl 11.39
| epoch   4 step    19500 |   3726 batches | lr 0.0004 | ms/batch 1067.57 | loss  2.19 | avg loss  2.43 | ppl 11.36
| epoch   4 step    19600 |   3826 batches | lr 0.0004 | ms/batch 1046.16 | loss  2.65 | avg loss  2.44 | ppl 11.46
| epoch   4 step    19700 |   3926 batches | lr 0.0004 | ms/batch 1042.84 | loss  2.55 | avg loss  2.44 | ppl 11.43
| epoch   4 step    19800 |   4026 batches | lr 0.0004 | ms/batch 1041.43 | loss  2.46 | avg loss  2.43 | ppl 11.41
| epoch   4 step    19900 |   4126 batches | lr 0.0004 | ms/batch 840.37 | loss  2.27 | avg loss  2.47 | ppl 11.81
| epoch   4 step    20000 |   4226 batches | lr 0.0004 | ms/batch 1041.09 | loss  2.37 | avg loss  2.44 | ppl 11.49
saving checkpoint ./trained_models/GPT2_M/e2e/model.20000.pt
eval samples: 0 loss: tensor(1.2314, device='cuda:0')
eval samples: 100 loss: tensor(0.8727, device='cuda:0')
eval samples: 200 loss: tensor(1.2752, device='cuda:0')
eval samples: 300 loss: tensor(1.0880, device='cuda:0')
eval samples: 400 loss: tensor(0.8639, device='cuda:0')
eval samples: 500 loss: tensor(0.6246, device='cuda:0')
eval samples: 600 loss: tensor(1.2001, device='cuda:0')
eval samples: 700 loss: tensor(0.6820, device='cuda:0')
eval samples: 800 loss: tensor(1.1683, device='cuda:0')
eval samples: 900 loss: tensor(1.6356, device='cuda:0')
eval samples: 1000 loss: tensor(0.9757, device='cuda:0')
eval samples: 1100 loss: tensor(1.5262, device='cuda:0')
average loss 1.1953537554722535
----------------------------------------------------------------------------------------------------
| Eval  10 at step    20000 | time: 214.10s | valid loss  1.20 | valid ppl  3.30 | best ppl  3.28 
----------------------------------------------------------------------------------------------------
| epoch   4 step    20100 |   4326 batches | lr 0.0004 | ms/batch 3286.03 | loss  2.30 | avg loss  2.43 | ppl 11.32
| epoch   4 step    20200 |   4426 batches | lr 0.0004 | ms/batch 1034.47 | loss  2.47 | avg loss  2.44 | ppl 11.49
| epoch   4 step    20300 |   4526 batches | lr 0.0004 | ms/batch 1037.76 | loss  2.48 | avg loss  2.46 | ppl 11.72
| epoch   4 step    20400 |   4626 batches | lr 0.0004 | ms/batch 1035.98 | loss  2.41 | avg loss  2.43 | ppl 11.41
| epoch   4 step    20500 |   4726 batches | lr 0.0004 | ms/batch 1044.12 | loss  2.64 | avg loss  2.41 | ppl 11.19
| epoch   4 step    20600 |   4826 batches | lr 0.0004 | ms/batch 1044.33 | loss  2.61 | avg loss  2.46 | ppl 11.71
| epoch   4 step    20700 |   4926 batches | lr 0.0004 | ms/batch 1046.30 | loss  2.50 | avg loss  2.43 | ppl 11.35
| epoch   4 step    20800 |   5026 batches | lr 0.0004 | ms/batch 1041.10 | loss  2.22 | avg loss  2.45 | ppl 11.61
| epoch   4 step    20900 |   5126 batches | lr 0.0004 | ms/batch 1046.89 | loss  2.37 | avg loss  2.42 | ppl 11.25
| epoch   4 step    21000 |   5226 batches | lr 0.0004 | ms/batch 1045.79 | loss  2.27 | avg loss  2.43 | ppl 11.35
saving checkpoint ./trained_models/GPT2_M/e2e/model.21000.pt
saving checkpoint ./trained_models/GPT2_M/e2e/model.21032.pt
start to train the model................ 5
| epoch   5 step    21100 |     68 batches | lr 0.0004 | ms/batch 549.26 | loss  2.59 | avg loss  2.44 | ppl 11.42
| epoch   5 step    21200 |    168 batches | lr 0.0004 | ms/batch 810.23 | loss  2.51 | avg loss  2.37 | ppl 10.74
| epoch   5 step    21300 |    268 batches | lr 0.0004 | ms/batch 810.84 | loss  2.18 | avg loss  2.42 | ppl 11.29
| epoch   5 step    21400 |    368 batches | lr 0.0004 | ms/batch 811.52 | loss  2.51 | avg loss  2.42 | ppl 11.22
| epoch   5 step    21500 |    468 batches | lr 0.0004 | ms/batch 811.15 | loss  2.62 | avg loss  2.43 | ppl 11.33
| epoch   5 step    21600 |    568 batches | lr 0.0004 | ms/batch 808.17 | loss  2.71 | avg loss  2.39 | ppl 10.91
| epoch   5 step    21700 |    668 batches | lr 0.0004 | ms/batch 811.32 | loss  2.77 | avg loss  2.43 | ppl 11.31
| epoch   5 step    21800 |    768 batches | lr 0.0004 | ms/batch 811.02 | loss  2.36 | avg loss  2.44 | ppl 11.48
| epoch   5 step    21900 |    868 batches | lr 0.0004 | ms/batch 811.24 | loss  2.67 | avg loss  2.42 | ppl 11.21
| epoch   5 step    22000 |    968 batches | lr 0.0004 | ms/batch 810.99 | loss  2.33 | avg loss  2.37 | ppl 10.68
saving checkpoint ./trained_models/GPT2_M/e2e/model.22000.pt
eval samples: 0 loss: tensor(1.1384, device='cuda:0')
eval samples: 100 loss: tensor(0.8979, device='cuda:0')
eval samples: 200 loss: tensor(1.3571, device='cuda:0')
eval samples: 300 loss: tensor(1.0892, device='cuda:0')
eval samples: 400 loss: tensor(0.8284, device='cuda:0')
eval samples: 500 loss: tensor(0.6114, device='cuda:0')
eval samples: 600 loss: tensor(1.2640, device='cuda:0')
eval samples: 700 loss: tensor(0.6590, device='cuda:0')
eval samples: 800 loss: tensor(1.2060, device='cuda:0')
eval samples: 900 loss: tensor(1.6699, device='cuda:0')
eval samples: 1000 loss: tensor(0.9509, device='cuda:0')
eval samples: 1100 loss: tensor(1.6963, device='cuda:0')
average loss 1.1948983627180123
----------------------------------------------------------------------------------------------------
| Eval  11 at step    22000 | time: 166.07s | valid loss  1.19 | valid ppl  3.30 | best ppl  3.30 
----------------------------------------------------------------------------------------------------
| epoch   5 step    22100 |   1068 batches | lr 0.0004 | ms/batch 2580.20 | loss  2.52 | avg loss  2.40 | ppl 11.02
| epoch   5 step    22200 |   1168 batches | lr 0.0004 | ms/batch 810.62 | loss  2.86 | avg loss  2.43 | ppl 11.34
| epoch   5 step    22300 |   1268 batches | lr 0.0004 | ms/batch 810.92 | loss  2.27 | avg loss  2.43 | ppl 11.38
| epoch   5 step    22400 |   1368 batches | lr 0.0004 | ms/batch 810.96 | loss  2.21 | avg loss  2.39 | ppl 10.87
| epoch   5 step    22500 |   1468 batches | lr 0.0004 | ms/batch 811.13 | loss  2.58 | avg loss  2.43 | ppl 11.33
| epoch   5 step    22600 |   1568 batches | lr 0.0004 | ms/batch 811.50 | loss  2.66 | avg loss  2.42 | ppl 11.26
| epoch   5 step    22700 |   1668 batches | lr 0.0004 | ms/batch 811.02 | loss  2.29 | avg loss  2.42 | ppl 11.22
| epoch   5 step    22800 |   1768 batches | lr 0.0004 | ms/batch 811.19 | loss  2.28 | avg loss  2.43 | ppl 11.37
| epoch   5 step    22900 |   1868 batches | lr 0.0004 | ms/batch 810.34 | loss  2.75 | avg loss  2.46 | ppl 11.72
| epoch   5 step    23000 |   1968 batches | lr 0.0004 | ms/batch 810.73 | loss  2.39 | avg loss  2.42 | ppl 11.23
saving checkpoint ./trained_models/GPT2_M/e2e/model.23000.pt
| epoch   5 step    23100 |   2068 batches | lr 0.0004 | ms/batch 919.06 | loss  2.51 | avg loss  2.45 | ppl 11.57
| epoch   5 step    23200 |   2168 batches | lr 0.0004 | ms/batch 810.58 | loss  2.56 | avg loss  2.41 | ppl 11.15
| epoch   5 step    23300 |   2268 batches | lr 0.0004 | ms/batch 811.68 | loss  2.28 | avg loss  2.40 | ppl 11.01
| epoch   5 step    23400 |   2368 batches | lr 0.0004 | ms/batch 811.15 | loss  2.39 | avg loss  2.42 | ppl 11.27
| epoch   5 step    23500 |   2468 batches | lr 0.0004 | ms/batch 810.87 | loss  2.26 | avg loss  2.40 | ppl 11.00
| epoch   5 step    23600 |   2568 batches | lr 0.0004 | ms/batch 810.67 | loss  2.15 | avg loss  2.42 | ppl 11.19
| epoch   5 step    23700 |   2668 batches | lr 0.0004 | ms/batch 811.06 | loss  2.26 | avg loss  2.39 | ppl 10.94
| epoch   5 step    23800 |   2768 batches | lr 0.0004 | ms/batch 810.82 | loss  2.49 | avg loss  2.43 | ppl 11.38
| epoch   5 step    23900 |   2868 batches | lr 0.0004 | ms/batch 810.72 | loss  2.47 | avg loss  2.41 | ppl 11.10
| epoch   5 step    24000 |   2968 batches | lr 0.0004 | ms/batch 810.92 | loss  2.34 | avg loss  2.43 | ppl 11.40
saving checkpoint ./trained_models/GPT2_M/e2e/model.24000.pt
eval samples: 0 loss: tensor(1.1306, device='cuda:0')
eval samples: 100 loss: tensor(0.8711, device='cuda:0')
eval samples: 200 loss: tensor(1.2813, device='cuda:0')
eval samples: 300 loss: tensor(1.0402, device='cuda:0')
eval samples: 400 loss: tensor(0.8746, device='cuda:0')
eval samples: 500 loss: tensor(0.6282, device='cuda:0')
eval samples: 600 loss: tensor(1.2888, device='cuda:0')
eval samples: 700 loss: tensor(0.6845, device='cuda:0')
eval samples: 800 loss: tensor(1.2414, device='cuda:0')
eval samples: 900 loss: tensor(1.6827, device='cuda:0')
eval samples: 1000 loss: tensor(0.9601, device='cuda:0')
eval samples: 1100 loss: tensor(1.5244, device='cuda:0')
average loss 1.2060195410445536
----------------------------------------------------------------------------------------------------
| Eval  12 at step    24000 | time: 166.05s | valid loss  1.21 | valid ppl  3.34 | best ppl  3.30 
----------------------------------------------------------------------------------------------------
| epoch   5 step    24100 |   3068 batches | lr 0.0004 | ms/batch 2574.80 | loss  2.58 | avg loss  2.46 | ppl 11.68
| epoch   5 step    24200 |   3168 batches | lr 0.0004 | ms/batch 810.99 | loss  2.62 | avg loss  2.39 | ppl 10.88
| epoch   5 step    24300 |   3268 batches | lr 0.0004 | ms/batch 810.83 | loss  2.59 | avg loss  2.44 | ppl 11.48
| epoch   5 step    24400 |   3368 batches | lr 0.0004 | ms/batch 811.27 | loss  2.55 | avg loss  2.42 | ppl 11.24
| epoch   5 step    24500 |   3468 batches | lr 0.0004 | ms/batch 810.99 | loss  2.27 | avg loss  2.43 | ppl 11.31
| epoch   5 step    24600 |   3568 batches | lr 0.0004 | ms/batch 811.18 | loss  2.47 | avg loss  2.42 | ppl 11.25
| epoch   5 step    24700 |   3668 batches | lr 0.0004 | ms/batch 811.53 | loss  2.70 | avg loss  2.46 | ppl 11.68
| epoch   5 step    24800 |   3768 batches | lr 0.0004 | ms/batch 811.54 | loss  2.80 | avg loss  2.42 | ppl 11.28
| epoch   5 step    24900 |   3868 batches | lr 0.0004 | ms/batch 811.13 | loss  2.25 | avg loss  2.43 | ppl 11.33
| epoch   5 step    25000 |   3968 batches | lr 0.0004 | ms/batch 810.94 | loss  2.33 | avg loss  2.43 | ppl 11.41
saving checkpoint ./trained_models/GPT2_M/e2e/model.25000.pt
| epoch   5 step    25100 |   4068 batches | lr 0.0004 | ms/batch 915.56 | loss  2.59 | avg loss  2.41 | ppl 11.13
| epoch   5 step    25200 |   4168 batches | lr 0.0004 | ms/batch 811.06 | loss  2.27 | avg loss  2.44 | ppl 11.52
| epoch   5 step    25300 |   4268 batches | lr 0.0004 | ms/batch 811.35 | loss  2.38 | avg loss  2.41 | ppl 11.10
| epoch   5 step    25400 |   4368 batches | lr 0.0004 | ms/batch 811.47 | loss  2.71 | avg loss  2.40 | ppl 11.01
| epoch   5 step    25500 |   4468 batches | lr 0.0004 | ms/batch 811.25 | loss  2.42 | avg loss  2.43 | ppl 11.31
| epoch   5 step    25600 |   4568 batches | lr 0.0004 | ms/batch 811.44 | loss  2.66 | avg loss  2.43 | ppl 11.38
| epoch   5 step    25700 |   4668 batches | lr 0.0004 | ms/batch 811.22 | loss  2.71 | avg loss  2.48 | ppl 11.97
| epoch   5 step    25800 |   4768 batches | lr 0.0004 | ms/batch 811.53 | loss  2.48 | avg loss  2.45 | ppl 11.63
| epoch   5 step    25900 |   4868 batches | lr 0.0004 | ms/batch 810.81 | loss  2.28 | avg loss  2.42 | ppl 11.21
| epoch   5 step    26000 |   4968 batches | lr 0.0004 | ms/batch 811.26 | loss  2.35 | avg loss  2.45 | ppl 11.57
saving checkpoint ./trained_models/GPT2_M/e2e/model.26000.pt
eval samples: 0 loss: tensor(1.1714, device='cuda:0')
eval samples: 100 loss: tensor(0.8222, device='cuda:0')
eval samples: 200 loss: tensor(1.3150, device='cuda:0')
eval samples: 300 loss: tensor(1.0764, device='cuda:0')
eval samples: 400 loss: tensor(0.8637, device='cuda:0')
eval samples: 500 loss: tensor(0.5902, device='cuda:0')
eval samples: 600 loss: tensor(1.2467, device='cuda:0')
eval samples: 700 loss: tensor(0.6550, device='cuda:0')
eval samples: 800 loss: tensor(1.2000, device='cuda:0')
eval samples: 900 loss: tensor(1.7189, device='cuda:0')
eval samples: 1000 loss: tensor(0.9239, device='cuda:0')
eval samples: 1100 loss: tensor(1.5387, device='cuda:0')
average loss 1.1951060558937183
----------------------------------------------------------------------------------------------------
| Eval  13 at step    26000 | time: 166.13s | valid loss  1.20 | valid ppl  3.30 | best ppl  3.30 
----------------------------------------------------------------------------------------------------
| epoch   5 step    26100 |   5068 batches | lr 0.0004 | ms/batch 2578.29 | loss  2.44 | avg loss  2.43 | ppl 11.31
| epoch   5 step    26200 |   5168 batches | lr 0.0004 | ms/batch 810.93 | loss  2.54 | avg loss  2.41 | ppl 11.14
saving checkpoint ./trained_models/GPT2_M/e2e/model.26290.pt
----------------------------------------------------------------------------------------------------
End of training
cleanup dist ...
[rank0]:[W708 08:18:46.425045219 ProcessGroupNCCL.cpp:1479] Warning: WARNING: destroy_process_group() was not called before program exit, which can leak resources. For more info, please see https://pytorch.org/docs/stable/distributed.html#shutdown (function operator())
