nohup: ignoring input
myrank: 0 local_rank: 0 device_count: 1 world_size: 1
====================================================================================================
        - platform : local
        - local_rank : 0
        - rank : 0
        - device : cuda:0
        - world_size : 1
        - random_seed : 110
        - lr : 0.0005
        - weight_decay : 0.01
        - correct_bias : True
        - adam_epislon : 1e-06
        - no_decay_bias : False
        - adam_beta1 : 0.9
        - adam_beta2 : 0.999
        - scheduler : None
        - max_step : None
        - max_epoch : 5
        - warmup_step : 500
        - i_steps : 0
        - i_lrs : 0.00025
        - galore_rank : 4
        - update_proj_gap : 50
        - galore_scale : 1.0
        - proj_type : std
        - gamma : 0.01
        - no_deprecation_warning : True
        - grad_matrix_norm_thresh : 0.001
        - train_data : ./data/e2e/train.jsonl
        - valid_data : ./data/e2e/valid.jsonl
        - train_batch_size : 8
        - valid_batch_size : 4
        - grad_acc : 1
        - clip : 0.0
        - seq_len : 512
        - model_card : gpt2.md
        - init_checkpoint : ./pretrained_checkpoints/gpt2-medium-pytorch_model.bin
        - fp16 : False
        - log_interval : 100
        - eval_interval : 2000
        - save_interval : 1000
        - work_dir : ./trained_models/GPT2_M/e2e
        - lora_dim : 0
        - lora_alpha : 32
        - obj : clm
        - lora_dropout : 0.1
        - label_smooth : 0.1
        - roll_interval : -1
        - roll_lr : 1e-05
        - roll_step : 100
        - eval_epoch : 1
        - dist : <module 'torch.distributed' from '/home/ycyh/miniconda3/envs/LoRA/lib/python3.11/site-packages/torch/distributed/__init__.py'>
====================================================================================================
Experiment dir : ./trained_models/GPT2_M/e2e
loading model pretrained weight.
MoFaSGD 2D parameter count: 354.50M
Skipped 1D parameter count : 0.32M
set max_step: 26290
start to train the model................ 1
| epoch   1 step      100 |    100 batches | lr 0.0005 | ms/batch 801.85 | loss  3.33 | avg loss  3.01 | ppl 20.34
| epoch   1 step      200 |    200 batches | lr 0.0005 | ms/batch 807.16 | loss  2.76 | avg loss  2.78 | ppl 16.17
| epoch   1 step      300 |    300 batches | lr 0.0005 | ms/batch 809.94 | loss  2.71 | avg loss  2.72 | ppl 15.18
| epoch   1 step      400 |    400 batches | lr 0.0005 | ms/batch 810.03 | loss  2.74 | avg loss  2.69 | ppl 14.68
| epoch   1 step      500 |    500 batches | lr 0.0005 | ms/batch 809.92 | loss  2.48 | avg loss  2.64 | ppl 13.98
| epoch   1 step      600 |    600 batches | lr 0.0005 | ms/batch 809.77 | loss  2.45 | avg loss  2.61 | ppl 13.63
| epoch   1 step      700 |    700 batches | lr 0.0005 | ms/batch 809.86 | loss  2.73 | avg loss  2.58 | ppl 13.21
| epoch   1 step      800 |    800 batches | lr 0.0005 | ms/batch 809.40 | loss  2.29 | avg loss  2.56 | ppl 12.90
| epoch   1 step      900 |    900 batches | lr 0.0005 | ms/batch 809.68 | loss  2.33 | avg loss  2.55 | ppl 12.78
| epoch   1 step     1000 |   1000 batches | lr 0.0005 | ms/batch 809.54 | loss  3.03 | avg loss  2.57 | ppl 13.05
saving checkpoint ./trained_models/GPT2_M/e2e/model.1000.pt
/home/ycyh/miniconda3/envs/LoRA/lib/python3.11/site-packages/torch/distributed/distributed_c10d.py:4631: UserWarning: No device id is provided via `init_process_group` or `barrier `. Using the current device set by the user. 
  warnings.warn(  # warn only once
| epoch   1 step     1100 |   1100 batches | lr 0.0005 | ms/batch 913.18 | loss  2.63 | avg loss  2.58 | ppl 13.14
| epoch   1 step     1200 |   1200 batches | lr 0.0005 | ms/batch 808.98 | loss  2.39 | avg loss  2.57 | ppl 13.07
| epoch   1 step     1300 |   1300 batches | lr 0.0005 | ms/batch 809.51 | loss  2.40 | avg loss  2.55 | ppl 12.84
| epoch   1 step     1400 |   1400 batches | lr 0.0005 | ms/batch 809.76 | loss  2.45 | avg loss  2.53 | ppl 12.56
| epoch   1 step     1500 |   1500 batches | lr 0.0005 | ms/batch 809.84 | loss  2.52 | avg loss  2.55 | ppl 12.86
| epoch   1 step     1600 |   1600 batches | lr 0.0005 | ms/batch 809.54 | loss  2.68 | avg loss  2.52 | ppl 12.38
| epoch   1 step     1700 |   1700 batches | lr 0.0005 | ms/batch 809.62 | loss  2.36 | avg loss  2.52 | ppl 12.48
| epoch   1 step     1800 |   1800 batches | lr 0.0005 | ms/batch 809.61 | loss  2.38 | avg loss  2.53 | ppl 12.54
| epoch   1 step     1900 |   1900 batches | lr 0.0005 | ms/batch 809.43 | loss  2.56 | avg loss  2.52 | ppl 12.46
| epoch   1 step     2000 |   2000 batches | lr 0.0005 | ms/batch 809.76 | loss  2.45 | avg loss  2.51 | ppl 12.32
saving checkpoint ./trained_models/GPT2_M/e2e/model.2000.pt
/home/ycyh/miniconda3/envs/LoRA/lib/python3.11/site-packages/torch/nn/_reduction.py:51: UserWarning: size_average and reduce args will be deprecated, please use reduction='none' instead.
  warnings.warn(warning.format(ret))
eval samples: 0 loss: tensor(1.2557, device='cuda:0')
eval samples: 100 loss: tensor(0.8509, device='cuda:0')
eval samples: 200 loss: tensor(1.3347, device='cuda:0')
eval samples: 300 loss: tensor(1.1765, device='cuda:0')
eval samples: 400 loss: tensor(0.9179, device='cuda:0')
eval samples: 500 loss: tensor(0.5906, device='cuda:0')
eval samples: 600 loss: tensor(1.2894, device='cuda:0')
eval samples: 700 loss: tensor(0.7690, device='cuda:0')
eval samples: 800 loss: tensor(1.3473, device='cuda:0')
eval samples: 900 loss: tensor(1.7264, device='cuda:0')
eval samples: 1000 loss: tensor(1.0182, device='cuda:0')
eval samples: 1100 loss: tensor(1.7977, device='cuda:0')
average loss 1.260834941487402
----------------------------------------------------------------------------------------------------
| Eval   1 at step     2000 | time: 165.54s | valid loss  1.26 | valid ppl  3.53 | best ppl  3.53 
----------------------------------------------------------------------------------------------------
| epoch   1 step     2100 |   2100 batches | lr 0.0005 | ms/batch 2569.06 | loss  2.47 | avg loss  2.50 | ppl 12.22
| epoch   1 step     2200 |   2200 batches | lr 0.0005 | ms/batch 808.44 | loss  2.86 | avg loss  2.49 | ppl 12.12
| epoch   1 step     2300 |   2300 batches | lr 0.0005 | ms/batch 808.42 | loss  2.46 | avg loss  2.49 | ppl 12.10
| epoch   1 step     2400 |   2400 batches | lr 0.0005 | ms/batch 808.27 | loss  2.27 | avg loss  2.50 | ppl 12.13
| epoch   1 step     2500 |   2500 batches | lr 0.0005 | ms/batch 808.34 | loss  2.73 | avg loss  2.53 | ppl 12.49
| epoch   1 step     2600 |   2600 batches | lr 0.0005 | ms/batch 808.25 | loss  2.63 | avg loss  2.51 | ppl 12.31
| epoch   1 step     2700 |   2700 batches | lr 0.0005 | ms/batch 808.26 | loss  2.56 | avg loss  2.49 | ppl 12.07
| epoch   1 step     2800 |   2800 batches | lr 0.0005 | ms/batch 808.67 | loss  2.11 | avg loss  2.53 | ppl 12.55
| epoch   1 step     2900 |   2900 batches | lr 0.0005 | ms/batch 808.58 | loss  2.63 | avg loss  2.50 | ppl 12.23
| epoch   1 step     3000 |   3000 batches | lr 0.0005 | ms/batch 808.81 | loss  2.52 | avg loss  2.48 | ppl 11.89
saving checkpoint ./trained_models/GPT2_M/e2e/model.3000.pt
| epoch   1 step     3100 |   3100 batches | lr 0.0005 | ms/batch 911.48 | loss  2.67 | avg loss  2.48 | ppl 11.98
| epoch   1 step     3200 |   3200 batches | lr 0.0005 | ms/batch 808.95 | loss  2.61 | avg loss  2.52 | ppl 12.46
| epoch   1 step     3300 |   3300 batches | lr 0.0005 | ms/batch 809.82 | loss  2.95 | avg loss  2.47 | ppl 11.85
| epoch   1 step     3400 |   3400 batches | lr 0.0005 | ms/batch 809.84 | loss  2.47 | avg loss  2.47 | ppl 11.86
| epoch   1 step     3500 |   3500 batches | lr 0.0005 | ms/batch 809.82 | loss  2.22 | avg loss  2.51 | ppl 12.31
| epoch   1 step     3600 |   3600 batches | lr 0.0005 | ms/batch 809.88 | loss  2.38 | avg loss  2.51 | ppl 12.36
| epoch   1 step     3700 |   3700 batches | lr 0.0005 | ms/batch 809.88 | loss  2.45 | avg loss  2.47 | ppl 11.77
| epoch   1 step     3800 |   3800 batches | lr 0.0005 | ms/batch 809.57 | loss  2.50 | avg loss  2.44 | ppl 11.46
| epoch   1 step     3900 |   3900 batches | lr 0.0005 | ms/batch 809.37 | loss  2.18 | avg loss  2.50 | ppl 12.23
| epoch   1 step     4000 |   4000 batches | lr 0.0005 | ms/batch 809.51 | loss  2.57 | avg loss  2.51 | ppl 12.32
saving checkpoint ./trained_models/GPT2_M/e2e/model.4000.pt
eval samples: 0 loss: tensor(1.2032, device='cuda:0')
eval samples: 100 loss: tensor(0.8374, device='cuda:0')
eval samples: 200 loss: tensor(1.3193, device='cuda:0')
eval samples: 300 loss: tensor(1.1115, device='cuda:0')
eval samples: 400 loss: tensor(0.9440, device='cuda:0')
eval samples: 500 loss: tensor(0.5826, device='cuda:0')
eval samples: 600 loss: tensor(1.3052, device='cuda:0')
eval samples: 700 loss: tensor(0.6908, device='cuda:0')
eval samples: 800 loss: tensor(1.2592, device='cuda:0')
eval samples: 900 loss: tensor(1.7861, device='cuda:0')
eval samples: 1000 loss: tensor(0.8801, device='cuda:0')
eval samples: 1100 loss: tensor(1.7457, device='cuda:0')
average loss 1.2226841893710503
----------------------------------------------------------------------------------------------------
| Eval   2 at step     4000 | time: 165.65s | valid loss  1.22 | valid ppl  3.40 | best ppl  3.40 
----------------------------------------------------------------------------------------------------
| epoch   1 step     4100 |   4100 batches | lr 0.0005 | ms/batch 2573.89 | loss  2.56 | avg loss  2.46 | ppl 11.73
| epoch   1 step     4200 |   4200 batches | lr 0.0005 | ms/batch 808.36 | loss  2.47 | avg loss  2.47 | ppl 11.84
| epoch   1 step     4300 |   4300 batches | lr 0.0005 | ms/batch 808.20 | loss  2.30 | avg loss  2.43 | ppl 11.41
| epoch   1 step     4400 |   4400 batches | lr 0.0005 | ms/batch 807.92 | loss  2.58 | avg loss  2.46 | ppl 11.76
| epoch   1 step     4500 |   4500 batches | lr 0.0005 | ms/batch 808.25 | loss  2.56 | avg loss  2.49 | ppl 12.10
| epoch   1 step     4600 |   4600 batches | lr 0.0005 | ms/batch 808.00 | loss  2.48 | avg loss  2.49 | ppl 12.05
| epoch   1 step     4700 |   4700 batches | lr 0.0005 | ms/batch 807.71 | loss  2.28 | avg loss  2.48 | ppl 11.94
| epoch   1 step     4800 |   4800 batches | lr 0.0005 | ms/batch 808.15 | loss  2.59 | avg loss  2.44 | ppl 11.53
| epoch   1 step     4900 |   4900 batches | lr 0.0005 | ms/batch 808.49 | loss  2.52 | avg loss  2.46 | ppl 11.70
| epoch   1 step     5000 |   5000 batches | lr 0.0005 | ms/batch 808.33 | loss  2.17 | avg loss  2.44 | ppl 11.50
saving checkpoint ./trained_models/GPT2_M/e2e/model.5000.pt
| epoch   1 step     5100 |   5100 batches | lr 0.0005 | ms/batch 911.48 | loss  2.53 | avg loss  2.47 | ppl 11.84
| epoch   1 step     5200 |   5200 batches | lr 0.0005 | ms/batch 808.69 | loss  2.52 | avg loss  2.47 | ppl 11.83
saving checkpoint ./trained_models/GPT2_M/e2e/model.5258.pt
start to train the model................ 2
| epoch   2 step     5300 |     42 batches | lr 0.0005 | ms/batch 338.70 | loss  2.25 | avg loss  2.37 | ppl 10.71
| epoch   2 step     5400 |    142 batches | lr 0.0005 | ms/batch 808.28 | loss  2.44 | avg loss  2.41 | ppl 11.17
| epoch   2 step     5500 |    242 batches | lr 0.0005 | ms/batch 810.15 | loss  2.42 | avg loss  2.41 | ppl 11.10
| epoch   2 step     5600 |    342 batches | lr 0.0005 | ms/batch 810.10 | loss  2.19 | avg loss  2.43 | ppl 11.36
| epoch   2 step     5700 |    442 batches | lr 0.0005 | ms/batch 810.35 | loss  2.37 | avg loss  2.42 | ppl 11.25
| epoch   2 step     5800 |    542 batches | lr 0.0005 | ms/batch 810.27 | loss  2.34 | avg loss  2.39 | ppl 10.88
| epoch   2 step     5900 |    642 batches | lr 0.0005 | ms/batch 809.90 | loss  2.55 | avg loss  2.42 | ppl 11.26
| epoch   2 step     6000 |    742 batches | lr 0.0005 | ms/batch 810.27 | loss  2.16 | avg loss  2.39 | ppl 10.93
saving checkpoint ./trained_models/GPT2_M/e2e/model.6000.pt
eval samples: 0 loss: tensor(1.1522, device='cuda:0')
eval samples: 100 loss: tensor(0.9353, device='cuda:0')
eval samples: 200 loss: tensor(1.1904, device='cuda:0')
eval samples: 300 loss: tensor(1.0797, device='cuda:0')
eval samples: 400 loss: tensor(0.8736, device='cuda:0')
eval samples: 500 loss: tensor(0.6149, device='cuda:0')
eval samples: 600 loss: tensor(1.2454, device='cuda:0')
eval samples: 700 loss: tensor(0.7159, device='cuda:0')
eval samples: 800 loss: tensor(1.2015, device='cuda:0')
eval samples: 900 loss: tensor(1.8622, device='cuda:0')
eval samples: 1000 loss: tensor(0.9160, device='cuda:0')
eval samples: 1100 loss: tensor(1.7147, device='cuda:0')
average loss 1.2077053313283888
----------------------------------------------------------------------------------------------------
| Eval   3 at step     6000 | time: 165.71s | valid loss  1.21 | valid ppl  3.35 | best ppl  3.35 
----------------------------------------------------------------------------------------------------
| epoch   2 step     6100 |    842 batches | lr 0.0005 | ms/batch 2573.34 | loss  2.23 | avg loss  2.42 | ppl 11.25
| epoch   2 step     6200 |    942 batches | lr 0.0005 | ms/batch 808.23 | loss  2.30 | avg loss  2.42 | ppl 11.25
| epoch   2 step     6300 |   1042 batches | lr 0.0005 | ms/batch 808.34 | loss  2.54 | avg loss  2.42 | ppl 11.27
| epoch   2 step     6400 |   1142 batches | lr 0.0005 | ms/batch 808.46 | loss  2.22 | avg loss  2.42 | ppl 11.22
| epoch   2 step     6500 |   1242 batches | lr 0.0005 | ms/batch 808.64 | loss  2.29 | avg loss  2.44 | ppl 11.48
| epoch   2 step     6600 |   1342 batches | lr 0.0005 | ms/batch 808.29 | loss  2.72 | avg loss  2.41 | ppl 11.08
| epoch   2 step     6700 |   1442 batches | lr 0.0005 | ms/batch 808.17 | loss  2.40 | avg loss  2.42 | ppl 11.24
| epoch   2 step     6800 |   1542 batches | lr 0.0005 | ms/batch 808.26 | loss  2.28 | avg loss  2.43 | ppl 11.37
| epoch   2 step     6900 |   1642 batches | lr 0.0005 | ms/batch 808.39 | loss  2.35 | avg loss  2.37 | ppl 10.70
| epoch   2 step     7000 |   1742 batches | lr 0.0005 | ms/batch 808.51 | loss  2.51 | avg loss  2.42 | ppl 11.29
saving checkpoint ./trained_models/GPT2_M/e2e/model.7000.pt
| epoch   2 step     7100 |   1842 batches | lr 0.0005 | ms/batch 910.59 | loss  2.60 | avg loss  2.41 | ppl 11.15
| epoch   2 step     7200 |   1942 batches | lr 0.0005 | ms/batch 806.83 | loss  2.54 | avg loss  2.42 | ppl 11.22
| epoch   2 step     7300 |   2042 batches | lr 0.0005 | ms/batch 810.01 | loss  2.34 | avg loss  2.39 | ppl 10.95
| epoch   2 step     7400 |   2142 batches | lr 0.0005 | ms/batch 809.89 | loss  2.67 | avg loss  2.39 | ppl 10.90
| epoch   2 step     7500 |   2242 batches | lr 0.0005 | ms/batch 809.98 | loss  2.57 | avg loss  2.43 | ppl 11.38
| epoch   2 step     7600 |   2342 batches | lr 0.0005 | ms/batch 809.84 | loss  2.23 | avg loss  2.39 | ppl 10.94
| epoch   2 step     7700 |   2442 batches | lr 0.0005 | ms/batch 810.29 | loss  2.59 | avg loss  2.40 | ppl 11.00
| epoch   2 step     7800 |   2542 batches | lr 0.0005 | ms/batch 809.97 | loss  2.58 | avg loss  2.38 | ppl 10.83
| epoch   2 step     7900 |   2642 batches | lr 0.0005 | ms/batch 809.63 | loss  2.70 | avg loss  2.43 | ppl 11.35
| epoch   2 step     8000 |   2742 batches | lr 0.0005 | ms/batch 809.74 | loss  2.50 | avg loss  2.44 | ppl 11.46
saving checkpoint ./trained_models/GPT2_M/e2e/model.8000.pt
eval samples: 0 loss: tensor(1.1663, device='cuda:0')
eval samples: 100 loss: tensor(0.8609, device='cuda:0')
eval samples: 200 loss: tensor(1.1652, device='cuda:0')
eval samples: 300 loss: tensor(1.0493, device='cuda:0')
eval samples: 400 loss: tensor(0.8888, device='cuda:0')
eval samples: 500 loss: tensor(0.6350, device='cuda:0')
eval samples: 600 loss: tensor(1.2283, device='cuda:0')
eval samples: 700 loss: tensor(0.7203, device='cuda:0')
eval samples: 800 loss: tensor(1.1870, device='cuda:0')
eval samples: 900 loss: tensor(1.6721, device='cuda:0')
eval samples: 1000 loss: tensor(0.9152, device='cuda:0')
eval samples: 1100 loss: tensor(1.6828, device='cuda:0')
average loss 1.1867787989800516
----------------------------------------------------------------------------------------------------
| Eval   4 at step     8000 | time: 165.60s | valid loss  1.19 | valid ppl  3.28 | best ppl  3.28 
----------------------------------------------------------------------------------------------------
| epoch   2 step     8100 |   2842 batches | lr 0.0005 | ms/batch 2566.52 | loss  2.26 | avg loss  2.40 | ppl 11.00
| epoch   2 step     8200 |   2942 batches | lr 0.0005 | ms/batch 805.52 | loss  2.57 | avg loss  2.45 | ppl 11.58
| epoch   2 step     8300 |   3042 batches | lr 0.0005 | ms/batch 805.77 | loss  2.36 | avg loss  2.41 | ppl 11.14
| epoch   2 step     8400 |   3142 batches | lr 0.0005 | ms/batch 805.74 | loss  2.44 | avg loss  2.40 | ppl 11.03
| epoch   2 step     8500 |   3242 batches | lr 0.0005 | ms/batch 805.89 | loss  2.33 | avg loss  2.41 | ppl 11.19
| epoch   2 step     8600 |   3342 batches | lr 0.0005 | ms/batch 805.63 | loss  2.27 | avg loss  2.40 | ppl 10.97
| epoch   2 step     8700 |   3442 batches | lr 0.0005 | ms/batch 805.67 | loss  2.64 | avg loss  2.39 | ppl 10.96
| epoch   2 step     8800 |   3542 batches | lr 0.0005 | ms/batch 805.58 | loss  2.27 | avg loss  2.40 | ppl 11.02
| epoch   2 step     8900 |   3642 batches | lr 0.0005 | ms/batch 806.38 | loss  2.47 | avg loss  2.42 | ppl 11.20
| epoch   2 step     9000 |   3742 batches | lr 0.0005 | ms/batch 806.41 | loss  2.38 | avg loss  2.42 | ppl 11.23
saving checkpoint ./trained_models/GPT2_M/e2e/model.9000.pt
| epoch   2 step     9100 |   3842 batches | lr 0.0005 | ms/batch 914.00 | loss  2.37 | avg loss  2.42 | ppl 11.19
| epoch   2 step     9200 |   3942 batches | lr 0.0005 | ms/batch 806.06 | loss  2.48 | avg loss  2.42 | ppl 11.21
| epoch   2 step     9300 |   4042 batches | lr 0.0005 | ms/batch 806.46 | loss  2.43 | avg loss  2.42 | ppl 11.21
| epoch   2 step     9400 |   4142 batches | lr 0.0005 | ms/batch 806.04 | loss  2.40 | avg loss  2.41 | ppl 11.18
| epoch   2 step     9500 |   4242 batches | lr 0.0005 | ms/batch 806.06 | loss  2.41 | avg loss  2.41 | ppl 11.11
| epoch   2 step     9600 |   4342 batches | lr 0.0005 | ms/batch 806.07 | loss  2.85 | avg loss  2.42 | ppl 11.28
| epoch   2 step     9700 |   4442 batches | lr 0.0005 | ms/batch 806.02 | loss  2.18 | avg loss  2.41 | ppl 11.10
| epoch   2 step     9800 |   4542 batches | lr 0.0005 | ms/batch 806.10 | loss  2.36 | avg loss  2.40 | ppl 11.06
| epoch   2 step     9900 |   4642 batches | lr 0.0005 | ms/batch 805.62 | loss  2.06 | avg loss  2.39 | ppl 10.90
| epoch   2 step    10000 |   4742 batches | lr 0.0005 | ms/batch 805.52 | loss  2.42 | avg loss  2.42 | ppl 11.22
saving checkpoint ./trained_models/GPT2_M/e2e/model.10000.pt
eval samples: 0 loss: tensor(1.1399, device='cuda:0')
eval samples: 100 loss: tensor(0.8641, device='cuda:0')
eval samples: 200 loss: tensor(1.1382, device='cuda:0')
eval samples: 300 loss: tensor(1.0436, device='cuda:0')
eval samples: 400 loss: tensor(0.8658, device='cuda:0')
eval samples: 500 loss: tensor(0.5716, device='cuda:0')
eval samples: 600 loss: tensor(1.1979, device='cuda:0')
eval samples: 700 loss: tensor(0.6504, device='cuda:0')
eval samples: 800 loss: tensor(1.2121, device='cuda:0')
eval samples: 900 loss: tensor(1.7059, device='cuda:0')
eval samples: 1000 loss: tensor(0.9268, device='cuda:0')
eval samples: 1100 loss: tensor(1.7348, device='cuda:0')
average loss 1.1777287403198138
----------------------------------------------------------------------------------------------------
| Eval   5 at step    10000 | time: 165.63s | valid loss  1.18 | valid ppl  3.25 | best ppl  3.25 
----------------------------------------------------------------------------------------------------
| epoch   2 step    10100 |   4842 batches | lr 0.0005 | ms/batch 2569.02 | loss  2.18 | avg loss  2.42 | ppl 11.19
| epoch   2 step    10200 |   4942 batches | lr 0.0005 | ms/batch 806.53 | loss  2.30 | avg loss  2.42 | ppl 11.26
| epoch   2 step    10300 |   5042 batches | lr 0.0005 | ms/batch 806.39 | loss  2.70 | avg loss  2.40 | ppl 11.07
| epoch   2 step    10400 |   5142 batches | lr 0.0005 | ms/batch 806.56 | loss  2.65 | avg loss  2.40 | ppl 11.00
| epoch   2 step    10500 |   5242 batches | lr 0.0005 | ms/batch 806.74 | loss  2.37 | avg loss  2.39 | ppl 10.89
saving checkpoint ./trained_models/GPT2_M/e2e/model.10516.pt
start to train the model................ 3
| epoch   3 step    10600 |     84 batches | lr 0.0005 | ms/batch 675.42 | loss  2.04 | avg loss  2.33 | ppl 10.31
| epoch   3 step    10700 |    184 batches | lr 0.0005 | ms/batch 806.25 | loss  2.34 | avg loss  2.34 | ppl 10.40
| epoch   3 step    10800 |    284 batches | lr 0.0005 | ms/batch 806.85 | loss  2.49 | avg loss  2.34 | ppl 10.39
| epoch   3 step    10900 |    384 batches | lr 0.0005 | ms/batch 807.07 | loss  2.63 | avg loss  2.34 | ppl 10.34
| epoch   3 step    11000 |    484 batches | lr 0.0005 | ms/batch 806.72 | loss  2.48 | avg loss  2.34 | ppl 10.41
saving checkpoint ./trained_models/GPT2_M/e2e/model.11000.pt
| epoch   3 step    11100 |    584 batches | lr 0.0005 | ms/batch 911.31 | loss  2.48 | avg loss  2.39 | ppl 10.92
| epoch   3 step    11200 |    684 batches | lr 0.0005 | ms/batch 808.94 | loss  2.37 | avg loss  2.34 | ppl 10.41
| epoch   3 step    11300 |    784 batches | lr 0.0005 | ms/batch 809.86 | loss  2.36 | avg loss  2.37 | ppl 10.66
| epoch   3 step    11400 |    884 batches | lr 0.0005 | ms/batch 809.75 | loss  2.23 | avg loss  2.35 | ppl 10.53
| epoch   3 step    11500 |    984 batches | lr 0.0005 | ms/batch 809.74 | loss  2.14 | avg loss  2.35 | ppl 10.49
| epoch   3 step    11600 |   1084 batches | lr 0.0005 | ms/batch 809.85 | loss  2.07 | avg loss  2.32 | ppl 10.16
| epoch   3 step    11700 |   1184 batches | lr 0.0005 | ms/batch 810.41 | loss  2.22 | avg loss  2.35 | ppl 10.46
| epoch   3 step    11800 |   1284 batches | lr 0.0005 | ms/batch 809.79 | loss  2.36 | avg loss  2.33 | ppl 10.30
| epoch   3 step    11900 |   1384 batches | lr 0.0005 | ms/batch 809.69 | loss  2.31 | avg loss  2.34 | ppl 10.34
| epoch   3 step    12000 |   1484 batches | lr 0.0005 | ms/batch 809.72 | loss  2.43 | avg loss  2.34 | ppl 10.40
saving checkpoint ./trained_models/GPT2_M/e2e/model.12000.pt
eval samples: 0 loss: tensor(1.2204, device='cuda:0')
eval samples: 100 loss: tensor(0.8952, device='cuda:0')
eval samples: 200 loss: tensor(1.3396, device='cuda:0')
eval samples: 300 loss: tensor(1.0496, device='cuda:0')
eval samples: 400 loss: tensor(0.9212, device='cuda:0')
eval samples: 500 loss: tensor(0.6162, device='cuda:0')
eval samples: 600 loss: tensor(1.2954, device='cuda:0')
eval samples: 700 loss: tensor(0.6586, device='cuda:0')
eval samples: 800 loss: tensor(1.2850, device='cuda:0')
eval samples: 900 loss: tensor(1.7292, device='cuda:0')
eval samples: 1000 loss: tensor(0.9715, device='cuda:0')
eval samples: 1100 loss: tensor(1.6461, device='cuda:0')
average loss 1.1878953642939052
----------------------------------------------------------------------------------------------------
| Eval   6 at step    12000 | time: 165.56s | valid loss  1.19 | valid ppl  3.28 | best ppl  3.28 
----------------------------------------------------------------------------------------------------
| epoch   3 step    12100 |   1584 batches | lr 0.0005 | ms/batch 2571.03 | loss  2.41 | avg loss  2.37 | ppl 10.65
| epoch   3 step    12200 |   1684 batches | lr 0.0005 | ms/batch 806.61 | loss  2.29 | avg loss  2.38 | ppl 10.79
| epoch   3 step    12300 |   1784 batches | lr 0.0005 | ms/batch 806.54 | loss  2.38 | avg loss  2.36 | ppl 10.62
| epoch   3 step    12400 |   1884 batches | lr 0.0005 | ms/batch 806.98 | loss  2.37 | avg loss  2.34 | ppl 10.40
| epoch   3 step    12500 |   1984 batches | lr 0.0005 | ms/batch 806.93 | loss  2.58 | avg loss  2.35 | ppl 10.53
| epoch   3 step    12600 |   2084 batches | lr 0.0005 | ms/batch 806.59 | loss  2.56 | avg loss  2.31 | ppl 10.05
| epoch   3 step    12700 |   2184 batches | lr 0.0005 | ms/batch 806.34 | loss  2.23 | avg loss  2.36 | ppl 10.56
| epoch   3 step    12800 |   2284 batches | lr 0.0005 | ms/batch 806.75 | loss  2.46 | avg loss  2.36 | ppl 10.57
| epoch   3 step    12900 |   2384 batches | lr 0.0005 | ms/batch 806.80 | loss  2.25 | avg loss  2.36 | ppl 10.57
| epoch   3 step    13000 |   2484 batches | lr 0.0005 | ms/batch 806.85 | loss  2.73 | avg loss  2.38 | ppl 10.85
saving checkpoint ./trained_models/GPT2_M/e2e/model.13000.pt
| epoch   3 step    13100 |   2584 batches | lr 0.0005 | ms/batch 911.85 | loss  2.25 | avg loss  2.34 | ppl 10.38
| epoch   3 step    13200 |   2684 batches | lr 0.0005 | ms/batch 807.79 | loss  2.25 | avg loss  2.38 | ppl 10.84
| epoch   3 step    13300 |   2784 batches | lr 0.0005 | ms/batch 807.93 | loss  2.25 | avg loss  2.33 | ppl 10.33
| epoch   3 step    13400 |   2884 batches | lr 0.0005 | ms/batch 807.93 | loss  2.48 | avg loss  2.35 | ppl 10.47
| epoch   3 step    13500 |   2984 batches | lr 0.0005 | ms/batch 807.63 | loss  2.65 | avg loss  2.37 | ppl 10.71
| epoch   3 step    13600 |   3084 batches | lr 0.0005 | ms/batch 807.61 | loss  2.15 | avg loss  2.37 | ppl 10.70
| epoch   3 step    13700 |   3184 batches | lr 0.0005 | ms/batch 807.90 | loss  2.49 | avg loss  2.38 | ppl 10.84
| epoch   3 step    13800 |   3284 batches | lr 0.0005 | ms/batch 808.27 | loss  2.15 | avg loss  2.34 | ppl 10.37
| epoch   3 step    13900 |   3384 batches | lr 0.0005 | ms/batch 807.26 | loss  2.70 | avg loss  2.38 | ppl 10.76
| epoch   3 step    14000 |   3484 batches | lr 0.0005 | ms/batch 807.66 | loss  2.44 | avg loss  2.39 | ppl 10.88
saving checkpoint ./trained_models/GPT2_M/e2e/model.14000.pt
eval samples: 0 loss: tensor(1.1355, device='cuda:0')
eval samples: 100 loss: tensor(0.8697, device='cuda:0')
eval samples: 200 loss: tensor(1.1391, device='cuda:0')
eval samples: 300 loss: tensor(1.0411, device='cuda:0')
eval samples: 400 loss: tensor(0.8718, device='cuda:0')
eval samples: 500 loss: tensor(0.5998, device='cuda:0')
eval samples: 600 loss: tensor(1.2511, device='cuda:0')
eval samples: 700 loss: tensor(0.6658, device='cuda:0')
eval samples: 800 loss: tensor(1.1843, device='cuda:0')
eval samples: 900 loss: tensor(1.7968, device='cuda:0')
eval samples: 1000 loss: tensor(0.9717, device='cuda:0')
eval samples: 1100 loss: tensor(1.7448, device='cuda:0')
average loss 1.1664904828298173
----------------------------------------------------------------------------------------------------
| Eval   7 at step    14000 | time: 165.69s | valid loss  1.17 | valid ppl  3.21 | best ppl  3.21 
----------------------------------------------------------------------------------------------------
| epoch   3 step    14100 |   3584 batches | lr 0.0005 | ms/batch 2566.02 | loss  2.44 | avg loss  2.32 | ppl 10.18
| epoch   3 step    14200 |   3684 batches | lr 0.0005 | ms/batch 806.57 | loss  2.38 | avg loss  2.34 | ppl 10.35
| epoch   3 step    14300 |   3784 batches | lr 0.0005 | ms/batch 806.56 | loss  2.65 | avg loss  2.34 | ppl 10.37
| epoch   3 step    14400 |   3884 batches | lr 0.0005 | ms/batch 806.61 | loss  2.15 | avg loss  2.35 | ppl 10.53
| epoch   3 step    14500 |   3984 batches | lr 0.0005 | ms/batch 807.11 | loss  2.20 | avg loss  2.36 | ppl 10.54
| epoch   3 step    14600 |   4084 batches | lr 0.0005 | ms/batch 806.65 | loss  2.31 | avg loss  2.37 | ppl 10.67
| epoch   3 step    14700 |   4184 batches | lr 0.0005 | ms/batch 806.53 | loss  2.29 | avg loss  2.34 | ppl 10.43
| epoch   3 step    14800 |   4284 batches | lr 0.0005 | ms/batch 806.81 | loss  2.37 | avg loss  2.38 | ppl 10.78
| epoch   3 step    14900 |   4384 batches | lr 0.0005 | ms/batch 807.01 | loss  2.28 | avg loss  2.35 | ppl 10.49
| epoch   3 step    15000 |   4484 batches | lr 0.0005 | ms/batch 807.02 | loss  2.66 | avg loss  2.38 | ppl 10.77
saving checkpoint ./trained_models/GPT2_M/e2e/model.15000.pt
| epoch   3 step    15100 |   4584 batches | lr 0.0005 | ms/batch 912.15 | loss  2.18 | avg loss  2.35 | ppl 10.52
| epoch   3 step    15200 |   4684 batches | lr 0.0005 | ms/batch 807.33 | loss  2.32 | avg loss  2.35 | ppl 10.49
| epoch   3 step    15300 |   4784 batches | lr 0.0005 | ms/batch 807.69 | loss  2.35 | avg loss  2.38 | ppl 10.84
| epoch   3 step    15400 |   4884 batches | lr 0.0005 | ms/batch 807.79 | loss  2.24 | avg loss  2.35 | ppl 10.52
| epoch   3 step    15500 |   4984 batches | lr 0.0005 | ms/batch 807.66 | loss  2.28 | avg loss  2.36 | ppl 10.58
| epoch   3 step    15600 |   5084 batches | lr 0.0005 | ms/batch 807.59 | loss  2.43 | avg loss  2.36 | ppl 10.56
| epoch   3 step    15700 |   5184 batches | lr 0.0005 | ms/batch 808.26 | loss  2.36 | avg loss  2.33 | ppl 10.31
saving checkpoint ./trained_models/GPT2_M/e2e/model.15774.pt
start to train the model................ 4
| epoch   4 step    15800 |     26 batches | lr 0.0005 | ms/batch 208.86 | loss  2.27 | avg loss  2.28 | ppl  9.73
| epoch   4 step    15900 |    126 batches | lr 0.0005 | ms/batch 806.98 | loss  2.21 | avg loss  2.28 | ppl  9.78
| epoch   4 step    16000 |    226 batches | lr 0.0005 | ms/batch 808.23 | loss  2.23 | avg loss  2.29 | ppl  9.90
saving checkpoint ./trained_models/GPT2_M/e2e/model.16000.pt
eval samples: 0 loss: tensor(1.2318, device='cuda:0')
eval samples: 100 loss: tensor(0.8805, device='cuda:0')
eval samples: 200 loss: tensor(1.1908, device='cuda:0')
eval samples: 300 loss: tensor(1.1715, device='cuda:0')
eval samples: 400 loss: tensor(0.8760, device='cuda:0')
eval samples: 500 loss: tensor(0.5487, device='cuda:0')
eval samples: 600 loss: tensor(1.2609, device='cuda:0')
eval samples: 700 loss: tensor(0.6695, device='cuda:0')
eval samples: 800 loss: tensor(1.2698, device='cuda:0')
eval samples: 900 loss: tensor(1.7338, device='cuda:0')
eval samples: 1000 loss: tensor(0.9483, device='cuda:0')
eval samples: 1100 loss: tensor(1.7911, device='cuda:0')
average loss 1.1785465458484545
----------------------------------------------------------------------------------------------------
| Eval   8 at step    16000 | time: 165.71s | valid loss  1.18 | valid ppl  3.25 | best ppl  3.25 
----------------------------------------------------------------------------------------------------
| epoch   4 step    16100 |    326 batches | lr 0.0005 | ms/batch 2569.12 | loss  2.42 | avg loss  2.28 | ppl  9.74
| epoch   4 step    16200 |    426 batches | lr 0.0005 | ms/batch 806.78 | loss  2.25 | avg loss  2.28 | ppl  9.81
| epoch   4 step    16300 |    526 batches | lr 0.0005 | ms/batch 806.90 | loss  2.48 | avg loss  2.28 | ppl  9.74
| epoch   4 step    16400 |    626 batches | lr 0.0005 | ms/batch 806.50 | loss  2.68 | avg loss  2.28 | ppl  9.81
| epoch   4 step    16500 |    726 batches | lr 0.0005 | ms/batch 807.41 | loss  2.43 | avg loss  2.30 | ppl  9.98
| epoch   4 step    16600 |    826 batches | lr 0.0005 | ms/batch 807.01 | loss  2.42 | avg loss  2.29 | ppl  9.91
| epoch   4 step    16700 |    926 batches | lr 0.0005 | ms/batch 806.60 | loss  2.42 | avg loss  2.30 | ppl  9.94
| epoch   4 step    16800 |   1026 batches | lr 0.0005 | ms/batch 807.09 | loss  2.35 | avg loss  2.30 | ppl 10.00
| epoch   4 step    16900 |   1126 batches | lr 0.0005 | ms/batch 807.21 | loss  2.11 | avg loss  2.28 | ppl  9.82
| epoch   4 step    17000 |   1226 batches | lr 0.0005 | ms/batch 807.03 | loss  2.10 | avg loss  2.28 | ppl  9.76
saving checkpoint ./trained_models/GPT2_M/e2e/model.17000.pt
| epoch   4 step    17100 |   1326 batches | lr 0.0005 | ms/batch 909.65 | loss  2.44 | avg loss  2.32 | ppl 10.14
| epoch   4 step    17200 |   1426 batches | lr 0.0005 | ms/batch 807.35 | loss  2.26 | avg loss  2.29 | ppl  9.83
| epoch   4 step    17300 |   1526 batches | lr 0.0005 | ms/batch 807.71 | loss  2.19 | avg loss  2.31 | ppl 10.09
| epoch   4 step    17400 |   1626 batches | lr 0.0005 | ms/batch 807.78 | loss  2.15 | avg loss  2.31 | ppl 10.09
| epoch   4 step    17500 |   1726 batches | lr 0.0005 | ms/batch 808.02 | loss  2.51 | avg loss  2.31 | ppl 10.08
| epoch   4 step    17600 |   1826 batches | lr 0.0005 | ms/batch 808.25 | loss  2.54 | avg loss  2.31 | ppl 10.10
| epoch   4 step    17700 |   1926 batches | lr 0.0005 | ms/batch 808.40 | loss  2.18 | avg loss  2.29 | ppl  9.91
| epoch   4 step    17800 |   2026 batches | lr 0.0005 | ms/batch 808.37 | loss  2.53 | avg loss  2.32 | ppl 10.16
| epoch   4 step    17900 |   2126 batches | lr 0.0005 | ms/batch 808.04 | loss  2.29 | avg loss  2.31 | ppl 10.06
| epoch   4 step    18000 |   2226 batches | lr 0.0005 | ms/batch 807.66 | loss  2.64 | avg loss  2.30 | ppl 10.01
saving checkpoint ./trained_models/GPT2_M/e2e/model.18000.pt
eval samples: 0 loss: tensor(1.0857, device='cuda:0')
eval samples: 100 loss: tensor(0.8988, device='cuda:0')
eval samples: 200 loss: tensor(1.2279, device='cuda:0')
eval samples: 300 loss: tensor(1.0387, device='cuda:0')
eval samples: 400 loss: tensor(0.8790, device='cuda:0')
eval samples: 500 loss: tensor(0.6170, device='cuda:0')
eval samples: 600 loss: tensor(1.2364, device='cuda:0')
eval samples: 700 loss: tensor(0.6587, device='cuda:0')
eval samples: 800 loss: tensor(1.2389, device='cuda:0')
eval samples: 900 loss: tensor(1.8098, device='cuda:0')
eval samples: 1000 loss: tensor(0.9005, device='cuda:0')
eval samples: 1100 loss: tensor(1.8308, device='cuda:0')
average loss 1.181663896199571
----------------------------------------------------------------------------------------------------
| Eval   9 at step    18000 | time: 165.53s | valid loss  1.18 | valid ppl  3.26 | best ppl  3.25 
----------------------------------------------------------------------------------------------------
| epoch   4 step    18100 |   2326 batches | lr 0.0005 | ms/batch 2569.14 | loss  2.38 | avg loss  2.30 | ppl  9.93
| epoch   4 step    18200 |   2426 batches | lr 0.0005 | ms/batch 806.39 | loss  2.23 | avg loss  2.30 | ppl 10.02
| epoch   4 step    18300 |   2526 batches | lr 0.0005 | ms/batch 806.24 | loss  2.24 | avg loss  2.31 | ppl 10.04
| epoch   4 step    18400 |   2626 batches | lr 0.0005 | ms/batch 806.47 | loss  2.45 | avg loss  2.29 | ppl  9.89
| epoch   4 step    18500 |   2726 batches | lr 0.0005 | ms/batch 806.92 | loss  2.30 | avg loss  2.30 | ppl  9.93
| epoch   4 step    18600 |   2826 batches | lr 0.0005 | ms/batch 806.35 | loss  2.14 | avg loss  2.32 | ppl 10.18
| epoch   4 step    18700 |   2926 batches | lr 0.0005 | ms/batch 806.37 | loss  2.19 | avg loss  2.29 | ppl  9.86
| epoch   4 step    18800 |   3026 batches | lr 0.0005 | ms/batch 806.70 | loss  2.14 | avg loss  2.31 | ppl 10.06
| epoch   4 step    18900 |   3126 batches | lr 0.0005 | ms/batch 806.63 | loss  2.31 | avg loss  2.31 | ppl 10.06
| epoch   4 step    19000 |   3226 batches | lr 0.0005 | ms/batch 806.63 | loss  2.66 | avg loss  2.32 | ppl 10.21
saving checkpoint ./trained_models/GPT2_M/e2e/model.19000.pt
| epoch   4 step    19100 |   3326 batches | lr 0.0005 | ms/batch 910.25 | loss  2.39 | avg loss  2.30 | ppl  9.96
| epoch   4 step    19200 |   3426 batches | lr 0.0005 | ms/batch 807.76 | loss  2.44 | avg loss  2.29 | ppl  9.85
| epoch   4 step    19300 |   3526 batches | lr 0.0005 | ms/batch 807.95 | loss  2.45 | avg loss  2.33 | ppl 10.29
| epoch   4 step    19400 |   3626 batches | lr 0.0005 | ms/batch 808.03 | loss  2.41 | avg loss  2.31 | ppl 10.05
| epoch   4 step    19500 |   3726 batches | lr 0.0005 | ms/batch 807.42 | loss  2.14 | avg loss  2.31 | ppl 10.11
| epoch   4 step    19600 |   3826 batches | lr 0.0005 | ms/batch 807.68 | loss  2.42 | avg loss  2.32 | ppl 10.14
| epoch   4 step    19700 |   3926 batches | lr 0.0005 | ms/batch 807.92 | loss  2.38 | avg loss  2.31 | ppl 10.03
| epoch   4 step    19800 |   4026 batches | lr 0.0005 | ms/batch 807.04 | loss  2.36 | avg loss  2.31 | ppl 10.10
| epoch   4 step    19900 |   4126 batches | lr 0.0005 | ms/batch 806.93 | loss  2.21 | avg loss  2.34 | ppl 10.35
| epoch   4 step    20000 |   4226 batches | lr 0.0005 | ms/batch 807.03 | loss  2.20 | avg loss  2.31 | ppl 10.03
saving checkpoint ./trained_models/GPT2_M/e2e/model.20000.pt
eval samples: 0 loss: tensor(1.1539, device='cuda:0')
eval samples: 100 loss: tensor(0.8539, device='cuda:0')
eval samples: 200 loss: tensor(1.1953, device='cuda:0')
eval samples: 300 loss: tensor(1.1163, device='cuda:0')
eval samples: 400 loss: tensor(0.9044, device='cuda:0')
eval samples: 500 loss: tensor(0.6061, device='cuda:0')
eval samples: 600 loss: tensor(1.1840, device='cuda:0')
eval samples: 700 loss: tensor(0.6863, device='cuda:0')
eval samples: 800 loss: tensor(1.2016, device='cuda:0')
eval samples: 900 loss: tensor(1.6229, device='cuda:0')
eval samples: 1000 loss: tensor(0.9239, device='cuda:0')
eval samples: 1100 loss: tensor(1.7482, device='cuda:0')
average loss 1.1771969753636482
----------------------------------------------------------------------------------------------------
| Eval  10 at step    20000 | time: 165.47s | valid loss  1.18 | valid ppl  3.25 | best ppl  3.25 
----------------------------------------------------------------------------------------------------
| epoch   4 step    20100 |   4326 batches | lr 0.0005 | ms/batch 2567.64 | loss  2.22 | avg loss  2.31 | ppl 10.07
| epoch   4 step    20200 |   4426 batches | lr 0.0005 | ms/batch 806.67 | loss  2.23 | avg loss  2.31 | ppl 10.09
| epoch   4 step    20300 |   4526 batches | lr 0.0005 | ms/batch 806.77 | loss  2.39 | avg loss  2.33 | ppl 10.23
| epoch   4 step    20400 |   4626 batches | lr 0.0005 | ms/batch 807.08 | loss  2.28 | avg loss  2.30 | ppl 10.01
| epoch   4 step    20500 |   4726 batches | lr 0.0005 | ms/batch 807.40 | loss  2.52 | avg loss  2.30 | ppl  9.99
| epoch   4 step    20600 |   4826 batches | lr 0.0005 | ms/batch 806.78 | loss  2.43 | avg loss  2.34 | ppl 10.39
| epoch   4 step    20700 |   4926 batches | lr 0.0005 | ms/batch 806.49 | loss  2.46 | avg loss  2.31 | ppl 10.04
| epoch   4 step    20800 |   5026 batches | lr 0.0005 | ms/batch 806.90 | loss  2.13 | avg loss  2.32 | ppl 10.23
| epoch   4 step    20900 |   5126 batches | lr 0.0005 | ms/batch 806.76 | loss  2.22 | avg loss  2.32 | ppl 10.14
| epoch   4 step    21000 |   5226 batches | lr 0.0005 | ms/batch 807.05 | loss  2.16 | avg loss  2.31 | ppl 10.11
saving checkpoint ./trained_models/GPT2_M/e2e/model.21000.pt
saving checkpoint ./trained_models/GPT2_M/e2e/model.21032.pt
start to train the model................ 5
| epoch   5 step    21100 |     68 batches | lr 0.0005 | ms/batch 547.11 | loss  2.29 | avg loss  2.24 | ppl  9.36
| epoch   5 step    21200 |    168 batches | lr 0.0005 | ms/batch 807.18 | loss  2.29 | avg loss  2.20 | ppl  9.01
| epoch   5 step    21300 |    268 batches | lr 0.0005 | ms/batch 807.76 | loss  2.04 | avg loss  2.23 | ppl  9.29
| epoch   5 step    21400 |    368 batches | lr 0.0005 | ms/batch 808.11 | loss  2.28 | avg loss  2.23 | ppl  9.32
| epoch   5 step    21500 |    468 batches | lr 0.0005 | ms/batch 807.79 | loss  2.20 | avg loss  2.25 | ppl  9.48
| epoch   5 step    21600 |    568 batches | lr 0.0005 | ms/batch 808.04 | loss  2.43 | avg loss  2.21 | ppl  9.13
| epoch   5 step    21700 |    668 batches | lr 0.0005 | ms/batch 808.03 | loss  2.47 | avg loss  2.24 | ppl  9.43
| epoch   5 step    21800 |    768 batches | lr 0.0005 | ms/batch 807.88 | loss  2.23 | avg loss  2.24 | ppl  9.37
| epoch   5 step    21900 |    868 batches | lr 0.0005 | ms/batch 807.32 | loss  2.45 | avg loss  2.25 | ppl  9.46
| epoch   5 step    22000 |    968 batches | lr 0.0005 | ms/batch 807.59 | loss  2.22 | avg loss  2.21 | ppl  9.10
saving checkpoint ./trained_models/GPT2_M/e2e/model.22000.pt
eval samples: 0 loss: tensor(1.0619, device='cuda:0')
eval samples: 100 loss: tensor(0.8954, device='cuda:0')
eval samples: 200 loss: tensor(1.1414, device='cuda:0')
eval samples: 300 loss: tensor(1.1012, device='cuda:0')
eval samples: 400 loss: tensor(0.8309, device='cuda:0')
eval samples: 500 loss: tensor(0.5960, device='cuda:0')
eval samples: 600 loss: tensor(1.2097, device='cuda:0')
eval samples: 700 loss: tensor(0.6922, device='cuda:0')
eval samples: 800 loss: tensor(1.2486, device='cuda:0')
eval samples: 900 loss: tensor(1.7376, device='cuda:0')
eval samples: 1000 loss: tensor(0.8898, device='cuda:0')
eval samples: 1100 loss: tensor(1.8693, device='cuda:0')
average loss 1.18210054347164
----------------------------------------------------------------------------------------------------
| Eval  11 at step    22000 | time: 165.74s | valid loss  1.18 | valid ppl  3.26 | best ppl  3.26 
----------------------------------------------------------------------------------------------------
| epoch   5 step    22100 |   1068 batches | lr 0.0005 | ms/batch 2569.64 | loss  2.36 | avg loss  2.23 | ppl  9.32
| epoch   5 step    22200 |   1168 batches | lr 0.0005 | ms/batch 807.09 | loss  2.52 | avg loss  2.25 | ppl  9.46
| epoch   5 step    22300 |   1268 batches | lr 0.0005 | ms/batch 807.18 | loss  2.19 | avg loss  2.25 | ppl  9.53
| epoch   5 step    22400 |   1368 batches | lr 0.0005 | ms/batch 807.19 | loss  2.07 | avg loss  2.23 | ppl  9.26
| epoch   5 step    22500 |   1468 batches | lr 0.0005 | ms/batch 807.63 | loss  2.36 | avg loss  2.25 | ppl  9.45
| epoch   5 step    22600 |   1568 batches | lr 0.0005 | ms/batch 806.84 | loss  2.47 | avg loss  2.24 | ppl  9.44
| epoch   5 step    22700 |   1668 batches | lr 0.0005 | ms/batch 806.78 | loss  2.18 | avg loss  2.25 | ppl  9.46
| epoch   5 step    22800 |   1768 batches | lr 0.0005 | ms/batch 807.11 | loss  2.17 | avg loss  2.25 | ppl  9.47
| epoch   5 step    22900 |   1868 batches | lr 0.0005 | ms/batch 807.13 | loss  2.45 | avg loss  2.28 | ppl  9.78
| epoch   5 step    23000 |   1968 batches | lr 0.0005 | ms/batch 806.80 | loss  2.29 | avg loss  2.25 | ppl  9.50
saving checkpoint ./trained_models/GPT2_M/e2e/model.23000.pt
| epoch   5 step    23100 |   2068 batches | lr 0.0005 | ms/batch 908.47 | loss  2.38 | avg loss  2.28 | ppl  9.74
| epoch   5 step    23200 |   2168 batches | lr 0.0005 | ms/batch 807.81 | loss  2.36 | avg loss  2.24 | ppl  9.44
| epoch   5 step    23300 |   2268 batches | lr 0.0005 | ms/batch 807.75 | loss  2.18 | avg loss  2.24 | ppl  9.38
| epoch   5 step    23400 |   2368 batches | lr 0.0005 | ms/batch 807.89 | loss  2.23 | avg loss  2.26 | ppl  9.57
| epoch   5 step    23500 |   2468 batches | lr 0.0005 | ms/batch 807.86 | loss  2.11 | avg loss  2.24 | ppl  9.38
| epoch   5 step    23600 |   2568 batches | lr 0.0005 | ms/batch 807.70 | loss  2.05 | avg loss  2.25 | ppl  9.47
| epoch   5 step    23700 |   2668 batches | lr 0.0005 | ms/batch 808.02 | loss  2.23 | avg loss  2.24 | ppl  9.42
| epoch   5 step    23800 |   2768 batches | lr 0.0005 | ms/batch 807.56 | loss  2.30 | avg loss  2.26 | ppl  9.57
| epoch   5 step    23900 |   2868 batches | lr 0.0005 | ms/batch 807.66 | loss  2.31 | avg loss  2.25 | ppl  9.52
| epoch   5 step    24000 |   2968 batches | lr 0.0005 | ms/batch 807.66 | loss  2.15 | avg loss  2.26 | ppl  9.55
saving checkpoint ./trained_models/GPT2_M/e2e/model.24000.pt
eval samples: 0 loss: tensor(1.1089, device='cuda:0')
eval samples: 100 loss: tensor(0.8771, device='cuda:0')
eval samples: 200 loss: tensor(1.1556, device='cuda:0')
eval samples: 300 loss: tensor(1.0632, device='cuda:0')
eval samples: 400 loss: tensor(0.8377, device='cuda:0')
eval samples: 500 loss: tensor(0.5703, device='cuda:0')
eval samples: 600 loss: tensor(1.1838, device='cuda:0')
eval samples: 700 loss: tensor(0.6838, device='cuda:0')
eval samples: 800 loss: tensor(1.2701, device='cuda:0')
eval samples: 900 loss: tensor(1.7820, device='cuda:0')
eval samples: 1000 loss: tensor(0.8826, device='cuda:0')
eval samples: 1100 loss: tensor(1.8660, device='cuda:0')
average loss 1.1817167368653703
----------------------------------------------------------------------------------------------------
| Eval  12 at step    24000 | time: 165.64s | valid loss  1.18 | valid ppl  3.26 | best ppl  3.26 
----------------------------------------------------------------------------------------------------
| epoch   5 step    24100 |   3068 batches | lr 0.0005 | ms/batch 2567.26 | loss  2.39 | avg loss  2.28 | ppl  9.79
| epoch   5 step    24200 |   3168 batches | lr 0.0005 | ms/batch 806.88 | loss  2.39 | avg loss  2.24 | ppl  9.40
| epoch   5 step    24300 |   3268 batches | lr 0.0005 | ms/batch 807.00 | loss  2.34 | avg loss  2.27 | ppl  9.68
| epoch   5 step    24400 |   3368 batches | lr 0.0005 | ms/batch 807.24 | loss  2.29 | avg loss  2.25 | ppl  9.50
| epoch   5 step    24500 |   3468 batches | lr 0.0005 | ms/batch 807.27 | loss  2.09 | avg loss  2.27 | ppl  9.65
| epoch   5 step    24600 |   3568 batches | lr 0.0005 | ms/batch 806.79 | loss  2.33 | avg loss  2.26 | ppl  9.61
| epoch   5 step    24700 |   3668 batches | lr 0.0005 | ms/batch 806.49 | loss  2.49 | avg loss  2.28 | ppl  9.81
| epoch   5 step    24800 |   3768 batches | lr 0.0005 | ms/batch 806.71 | loss  2.54 | avg loss  2.26 | ppl  9.61
| epoch   5 step    24900 |   3868 batches | lr 0.0005 | ms/batch 806.90 | loss  2.17 | avg loss  2.27 | ppl  9.70
| epoch   5 step    25000 |   3968 batches | lr 0.0005 | ms/batch 806.99 | loss  2.19 | avg loss  2.27 | ppl  9.67
saving checkpoint ./trained_models/GPT2_M/e2e/model.25000.pt
| epoch   5 step    25100 |   4068 batches | lr 0.0005 | ms/batch 900.74 | loss  2.33 | avg loss  2.26 | ppl  9.58
| epoch   5 step    25200 |   4168 batches | lr 0.0005 | ms/batch 807.69 | loss  2.20 | avg loss  2.28 | ppl  9.73
| epoch   5 step    25300 |   4268 batches | lr 0.0005 | ms/batch 808.19 | loss  2.28 | avg loss  2.25 | ppl  9.51
| epoch   5 step    25400 |   4368 batches | lr 0.0005 | ms/batch 808.03 | loss  2.52 | avg loss  2.24 | ppl  9.44
| epoch   5 step    25500 |   4468 batches | lr 0.0005 | ms/batch 807.69 | loss  2.33 | avg loss  2.27 | ppl  9.64
| epoch   5 step    25600 |   4568 batches | lr 0.0005 | ms/batch 807.61 | loss  2.46 | avg loss  2.27 | ppl  9.71
| epoch   5 step    25700 |   4668 batches | lr 0.0005 | ms/batch 808.10 | loss  2.47 | avg loss  2.31 | ppl 10.06
| epoch   5 step    25800 |   4768 batches | lr 0.0005 | ms/batch 807.87 | loss  2.32 | avg loss  2.29 | ppl  9.86
| epoch   5 step    25900 |   4868 batches | lr 0.0005 | ms/batch 807.36 | loss  2.23 | avg loss  2.26 | ppl  9.59
| epoch   5 step    26000 |   4968 batches | lr 0.0005 | ms/batch 807.71 | loss  2.27 | avg loss  2.28 | ppl  9.81
saving checkpoint ./trained_models/GPT2_M/e2e/model.26000.pt
eval samples: 0 loss: tensor(1.1059, device='cuda:0')
eval samples: 100 loss: tensor(0.8412, device='cuda:0')
eval samples: 200 loss: tensor(1.1787, device='cuda:0')
eval samples: 300 loss: tensor(1.1117, device='cuda:0')
eval samples: 400 loss: tensor(0.8434, device='cuda:0')
eval samples: 500 loss: tensor(0.5930, device='cuda:0')
eval samples: 600 loss: tensor(1.2188, device='cuda:0')
eval samples: 700 loss: tensor(0.6452, device='cuda:0')
eval samples: 800 loss: tensor(1.1901, device='cuda:0')
eval samples: 900 loss: tensor(1.8106, device='cuda:0')
eval samples: 1000 loss: tensor(0.9171, device='cuda:0')
eval samples: 1100 loss: tensor(1.7821, device='cuda:0')
average loss 1.1790761385266095
----------------------------------------------------------------------------------------------------
| Eval  13 at step    26000 | time: 165.70s | valid loss  1.18 | valid ppl  3.25 | best ppl  3.25 
----------------------------------------------------------------------------------------------------
| epoch   5 step    26100 |   5068 batches | lr 0.0005 | ms/batch 2569.01 | loss  2.29 | avg loss  2.27 | ppl  9.64
| epoch   5 step    26200 |   5168 batches | lr 0.0005 | ms/batch 806.65 | loss  2.37 | avg loss  2.26 | ppl  9.58
saving checkpoint ./trained_models/GPT2_M/e2e/model.26290.pt
----------------------------------------------------------------------------------------------------
End of training
cleanup dist ...
[rank0]:[W729 08:32:49.980744124 ProcessGroupNCCL.cpp:1479] Warning: WARNING: destroy_process_group() was not called before program exit, which can leak resources. For more info, please see https://pytorch.org/docs/stable/distributed.html#shutdown (function operator())
