nohup: ignoring input
myrank: 0 local_rank: 0 device_count: 1 world_size: 1
====================================================================================================
        - platform : local
        - local_rank : 0
        - rank : 0
        - device : cuda:0
        - world_size : 1
        - random_seed : 110
        - lr : 0.0005
        - weight_decay : 0.01
        - correct_bias : True
        - adam_epislon : 1e-06
        - no_decay_bias : False
        - adam_beta1 : 0.9
        - adam_beta2 : 0.999
        - scheduler : None
        - max_step : None
        - max_epoch : 5
        - warmup_step : 500
        - i_steps : 0
        - i_lrs : 0.00025
        - galore_rank : 4
        - update_proj_gap : 50
        - galore_scale : 1.0
        - proj_type : std
        - train_data : ./data/e2e/train.jsonl
        - valid_data : ./data/e2e/valid.jsonl
        - train_batch_size : 8
        - valid_batch_size : 4
        - grad_acc : 1
        - clip : 0.0
        - seq_len : 512
        - model_card : gpt2.md
        - init_checkpoint : ./pretrained_checkpoints/gpt2-medium-pytorch_model.bin
        - fp16 : False
        - log_interval : 100
        - eval_interval : 2000
        - save_interval : 1000
        - work_dir : ./trained_models/GPT2_M/e2e
        - lora_dim : 0
        - lora_alpha : 32
        - obj : clm
        - lora_dropout : 0.1
        - label_smooth : 0.1
        - roll_interval : -1
        - roll_lr : 1e-05
        - roll_step : 100
        - eval_epoch : 1
        - dist : <module 'torch.distributed' from '/home/ycyh/miniconda3/envs/LoRA/lib/python3.11/site-packages/torch/distributed/__init__.py'>
====================================================================================================
Experiment dir : ./trained_models/GPT2_M/e2e
loading model pretrained weight.
MoFaSGD 2D parameter count: 354.50M
Skipped 1D parameter count : 0.32M
set max_step: 26290
start to train the model................ 1
| epoch   1 step      100 |    100 batches | lr 0.0005 | ms/batch 1770.38 | loss  3.23 | avg loss  2.99 | ppl 19.94
| epoch   1 step      200 |    200 batches | lr 0.0005 | ms/batch 1656.76 | loss  2.76 | avg loss  2.76 | ppl 15.73
| epoch   1 step      300 |    300 batches | lr 0.0005 | ms/batch 1769.18 | loss  2.71 | avg loss  2.69 | ppl 14.80
| epoch   1 step      400 |    400 batches | lr 0.0005 | ms/batch 1764.85 | loss  2.77 | avg loss  2.69 | ppl 14.70
| epoch   1 step      500 |    500 batches | lr 0.0005 | ms/batch 1771.82 | loss  2.54 | avg loss  2.63 | ppl 13.89
| epoch   1 step      600 |    600 batches | lr 0.0005 | ms/batch 1773.00 | loss  2.52 | avg loss  2.60 | ppl 13.47
| epoch   1 step      700 |    700 batches | lr 0.0005 | ms/batch 1772.57 | loss  2.69 | avg loss  2.58 | ppl 13.23
| epoch   1 step      800 |    800 batches | lr 0.0005 | ms/batch 1777.25 | loss  2.33 | avg loss  2.57 | ppl 13.11
| epoch   1 step      900 |    900 batches | lr 0.0005 | ms/batch 1766.64 | loss  2.33 | avg loss  2.57 | ppl 13.03
| epoch   1 step     1000 |   1000 batches | lr 0.0005 | ms/batch 1675.01 | loss  2.99 | avg loss  2.58 | ppl 13.21
saving checkpoint ./trained_models/GPT2_M/e2e/model.1000.pt
/home/ycyh/miniconda3/envs/LoRA/lib/python3.11/site-packages/torch/distributed/distributed_c10d.py:4631: UserWarning: No device id is provided via `init_process_group` or `barrier `. Using the current device set by the user. 
  warnings.warn(  # warn only once
| epoch   1 step     1100 |   1100 batches | lr 0.0005 | ms/batch 1879.37 | loss  2.65 | avg loss  2.59 | ppl 13.32
| epoch   1 step     1200 |   1200 batches | lr 0.0005 | ms/batch 1772.98 | loss  2.39 | avg loss  2.59 | ppl 13.32
| epoch   1 step     1300 |   1300 batches | lr 0.0005 | ms/batch 1773.03 | loss  2.46 | avg loss  2.56 | ppl 12.95
| epoch   1 step     1400 |   1400 batches | lr 0.0005 | ms/batch 1779.71 | loss  2.49 | avg loss  2.55 | ppl 12.86
| epoch   1 step     1500 |   1500 batches | lr 0.0005 | ms/batch 1771.32 | loss  2.48 | avg loss  2.57 | ppl 13.06
| epoch   1 step     1600 |   1600 batches | lr 0.0005 | ms/batch 1771.63 | loss  2.58 | avg loss  2.53 | ppl 12.56
| epoch   1 step     1700 |   1700 batches | lr 0.0005 | ms/batch 1771.41 | loss  2.37 | avg loss  2.54 | ppl 12.70
| epoch   1 step     1800 |   1800 batches | lr 0.0005 | ms/batch 1766.49 | loss  2.46 | avg loss  2.54 | ppl 12.73
| epoch   1 step     1900 |   1900 batches | lr 0.0005 | ms/batch 1682.41 | loss  2.58 | avg loss  2.55 | ppl 12.81
| epoch   1 step     2000 |   2000 batches | lr 0.0005 | ms/batch 1770.26 | loss  2.42 | avg loss  2.53 | ppl 12.61
saving checkpoint ./trained_models/GPT2_M/e2e/model.2000.pt
/home/ycyh/miniconda3/envs/LoRA/lib/python3.11/site-packages/torch/nn/_reduction.py:51: UserWarning: size_average and reduce args will be deprecated, please use reduction='none' instead.
  warnings.warn(warning.format(ret))
eval samples: 0 loss: tensor(1.2081, device='cuda:0')
eval samples: 100 loss: tensor(0.8823, device='cuda:0')
eval samples: 200 loss: tensor(1.3734, device='cuda:0')
eval samples: 300 loss: tensor(1.1351, device='cuda:0')
eval samples: 400 loss: tensor(0.9471, device='cuda:0')
eval samples: 500 loss: tensor(0.6600, device='cuda:0')
eval samples: 600 loss: tensor(1.3270, device='cuda:0')
eval samples: 700 loss: tensor(0.7546, device='cuda:0')
eval samples: 800 loss: tensor(1.2199, device='cuda:0')
eval samples: 900 loss: tensor(1.6969, device='cuda:0')
eval samples: 1000 loss: tensor(1.0531, device='cuda:0')
eval samples: 1100 loss: tensor(1.5792, device='cuda:0')
average loss 1.2490547648949983
----------------------------------------------------------------------------------------------------
| Eval   1 at step     2000 | time: 364.69s | valid loss  1.25 | valid ppl  3.49 | best ppl  3.49 
----------------------------------------------------------------------------------------------------
| epoch   1 step     2100 |   2100 batches | lr 0.0005 | ms/batch 5521.64 | loss  2.51 | avg loss  2.53 | ppl 12.59
| epoch   1 step     2200 |   2200 batches | lr 0.0005 | ms/batch 1770.52 | loss  2.81 | avg loss  2.53 | ppl 12.54
| epoch   1 step     2300 |   2300 batches | lr 0.0005 | ms/batch 1777.11 | loss  2.52 | avg loss  2.53 | ppl 12.50
| epoch   1 step     2400 |   2400 batches | lr 0.0005 | ms/batch 1770.25 | loss  2.34 | avg loss  2.53 | ppl 12.51
| epoch   1 step     2500 |   2500 batches | lr 0.0005 | ms/batch 1677.77 | loss  2.75 | avg loss  2.55 | ppl 12.83
| epoch   1 step     2600 |   2600 batches | lr 0.0005 | ms/batch 1769.56 | loss  2.68 | avg loss  2.54 | ppl 12.62
| epoch   1 step     2700 |   2700 batches | lr 0.0005 | ms/batch 1778.77 | loss  2.61 | avg loss  2.52 | ppl 12.42
| epoch   1 step     2800 |   2800 batches | lr 0.0005 | ms/batch 1776.24 | loss  2.19 | avg loss  2.56 | ppl 12.89
| epoch   1 step     2900 |   2900 batches | lr 0.0005 | ms/batch 1769.12 | loss  2.72 | avg loss  2.54 | ppl 12.62
| epoch   1 step     3000 |   3000 batches | lr 0.0005 | ms/batch 1756.19 | loss  2.53 | avg loss  2.50 | ppl 12.23
saving checkpoint ./trained_models/GPT2_M/e2e/model.3000.pt
| epoch   1 step     3100 |   3100 batches | lr 0.0005 | ms/batch 1854.52 | loss  2.75 | avg loss  2.51 | ppl 12.25
| epoch   1 step     3200 |   3200 batches | lr 0.0005 | ms/batch 1757.98 | loss  2.61 | avg loss  2.54 | ppl 12.71
| epoch   1 step     3300 |   3300 batches | lr 0.0005 | ms/batch 1732.87 | loss  2.89 | avg loss  2.50 | ppl 12.18
| epoch   1 step     3400 |   3400 batches | lr 0.0005 | ms/batch 1581.37 | loss  2.50 | avg loss  2.51 | ppl 12.25
| epoch   1 step     3500 |   3500 batches | lr 0.0005 | ms/batch 1761.22 | loss  2.24 | avg loss  2.54 | ppl 12.64
| epoch   1 step     3600 |   3600 batches | lr 0.0005 | ms/batch 1763.21 | loss  2.44 | avg loss  2.54 | ppl 12.62
| epoch   1 step     3700 |   3700 batches | lr 0.0005 | ms/batch 1750.43 | loss  2.45 | avg loss  2.50 | ppl 12.17
| epoch   1 step     3800 |   3800 batches | lr 0.0005 | ms/batch 1756.61 | loss  2.49 | avg loss  2.46 | ppl 11.76
| epoch   1 step     3900 |   3900 batches | lr 0.0005 | ms/batch 1763.16 | loss  2.19 | avg loss  2.54 | ppl 12.73
| epoch   1 step     4000 |   4000 batches | lr 0.0005 | ms/batch 1759.97 | loss  2.54 | avg loss  2.55 | ppl 12.75
saving checkpoint ./trained_models/GPT2_M/e2e/model.4000.pt
eval samples: 0 loss: tensor(1.2165, device='cuda:0')
eval samples: 100 loss: tensor(0.8355, device='cuda:0')
eval samples: 200 loss: tensor(1.3026, device='cuda:0')
eval samples: 300 loss: tensor(1.1330, device='cuda:0')
eval samples: 400 loss: tensor(0.8947, device='cuda:0')
eval samples: 500 loss: tensor(0.5711, device='cuda:0')
eval samples: 600 loss: tensor(1.2820, device='cuda:0')
eval samples: 700 loss: tensor(0.6366, device='cuda:0')
eval samples: 800 loss: tensor(1.1882, device='cuda:0')
eval samples: 900 loss: tensor(1.7175, device='cuda:0')
eval samples: 1000 loss: tensor(0.9127, device='cuda:0')
eval samples: 1100 loss: tensor(1.5162, device='cuda:0')
average loss 1.205200638749624
----------------------------------------------------------------------------------------------------
| Eval   2 at step     4000 | time: 340.98s | valid loss  1.21 | valid ppl  3.34 | best ppl  3.34 
----------------------------------------------------------------------------------------------------
| epoch   1 step     4100 |   4100 batches | lr 0.0005 | ms/batch 5286.91 | loss  2.66 | avg loss  2.50 | ppl 12.22
| epoch   1 step     4200 |   4200 batches | lr 0.0005 | ms/batch 1752.68 | loss  2.52 | avg loss  2.51 | ppl 12.27
| epoch   1 step     4300 |   4300 batches | lr 0.0005 | ms/batch 1769.67 | loss  2.34 | avg loss  2.46 | ppl 11.71
| epoch   1 step     4400 |   4400 batches | lr 0.0005 | ms/batch 1769.39 | loss  2.59 | avg loss  2.49 | ppl 12.07
| epoch   1 step     4500 |   4500 batches | lr 0.0005 | ms/batch 1768.50 | loss  2.69 | avg loss  2.52 | ppl 12.44
| epoch   1 step     4600 |   4600 batches | lr 0.0005 | ms/batch 1758.15 | loss  2.46 | avg loss  2.52 | ppl 12.47
| epoch   1 step     4700 |   4700 batches | lr 0.0005 | ms/batch 1773.12 | loss  2.30 | avg loss  2.51 | ppl 12.30
| epoch   1 step     4800 |   4800 batches | lr 0.0005 | ms/batch 1767.25 | loss  2.64 | avg loss  2.48 | ppl 11.95
| epoch   1 step     4900 |   4900 batches | lr 0.0005 | ms/batch 1672.15 | loss  2.54 | avg loss  2.49 | ppl 12.11
| epoch   1 step     5000 |   5000 batches | lr 0.0005 | ms/batch 1761.63 | loss  2.19 | avg loss  2.47 | ppl 11.88
saving checkpoint ./trained_models/GPT2_M/e2e/model.5000.pt
| epoch   1 step     5100 |   5100 batches | lr 0.0005 | ms/batch 1885.68 | loss  2.58 | avg loss  2.52 | ppl 12.37
| epoch   1 step     5200 |   5200 batches | lr 0.0005 | ms/batch 1765.91 | loss  2.69 | avg loss  2.51 | ppl 12.25
saving checkpoint ./trained_models/GPT2_M/e2e/model.5258.pt
start to train the model................ 2
| epoch   2 step     5300 |     42 batches | lr 0.0005 | ms/batch 729.31 | loss  2.33 | avg loss  2.44 | ppl 11.44
| epoch   2 step     5400 |    142 batches | lr 0.0005 | ms/batch 1775.90 | loss  2.44 | avg loss  2.49 | ppl 12.02
| epoch   2 step     5500 |    242 batches | lr 0.0005 | ms/batch 1769.93 | loss  2.45 | avg loss  2.47 | ppl 11.83
| epoch   2 step     5600 |    342 batches | lr 0.0005 | ms/batch 1764.30 | loss  2.17 | avg loss  2.49 | ppl 12.11
| epoch   2 step     5700 |    442 batches | lr 0.0005 | ms/batch 1671.49 | loss  2.42 | avg loss  2.48 | ppl 11.98
| epoch   2 step     5800 |    542 batches | lr 0.0005 | ms/batch 1764.10 | loss  2.43 | avg loss  2.46 | ppl 11.68
| epoch   2 step     5900 |    642 batches | lr 0.0005 | ms/batch 1768.26 | loss  2.56 | avg loss  2.50 | ppl 12.16
| epoch   2 step     6000 |    742 batches | lr 0.0005 | ms/batch 1772.94 | loss  2.17 | avg loss  2.46 | ppl 11.65
saving checkpoint ./trained_models/GPT2_M/e2e/model.6000.pt
eval samples: 0 loss: tensor(1.2244, device='cuda:0')
eval samples: 100 loss: tensor(0.8755, device='cuda:0')
eval samples: 200 loss: tensor(1.2473, device='cuda:0')
eval samples: 300 loss: tensor(1.1015, device='cuda:0')
eval samples: 400 loss: tensor(0.8769, device='cuda:0')
eval samples: 500 loss: tensor(0.5568, device='cuda:0')
eval samples: 600 loss: tensor(1.3001, device='cuda:0')
eval samples: 700 loss: tensor(0.6787, device='cuda:0')
eval samples: 800 loss: tensor(1.2118, device='cuda:0')
eval samples: 900 loss: tensor(1.7791, device='cuda:0')
eval samples: 1000 loss: tensor(0.9353, device='cuda:0')
eval samples: 1100 loss: tensor(1.5320, device='cuda:0')
average loss 1.2116288269729647
----------------------------------------------------------------------------------------------------
| Eval   3 at step     6000 | time: 363.17s | valid loss  1.21 | valid ppl  3.36 | best ppl  3.36 
----------------------------------------------------------------------------------------------------
| epoch   2 step     6100 |    842 batches | lr 0.0005 | ms/batch 5503.57 | loss  2.27 | avg loss  2.48 | ppl 11.99
| epoch   2 step     6200 |    942 batches | lr 0.0005 | ms/batch 1769.95 | loss  2.32 | avg loss  2.48 | ppl 11.95
| epoch   2 step     6300 |   1042 batches | lr 0.0005 | ms/batch 1728.63 | loss  2.67 | avg loss  2.48 | ppl 11.98
| epoch   2 step     6400 |   1142 batches | lr 0.0005 | ms/batch 1681.65 | loss  2.28 | avg loss  2.48 | ppl 11.97
| epoch   2 step     6500 |   1242 batches | lr 0.0005 | ms/batch 1766.92 | loss  2.30 | avg loss  2.50 | ppl 12.21
| epoch   2 step     6600 |   1342 batches | lr 0.0005 | ms/batch 1762.37 | loss  2.73 | avg loss  2.48 | ppl 11.90
| epoch   2 step     6700 |   1442 batches | lr 0.0005 | ms/batch 1755.18 | loss  2.46 | avg loss  2.49 | ppl 12.03
| epoch   2 step     6800 |   1542 batches | lr 0.0005 | ms/batch 1775.05 | loss  2.40 | avg loss  2.50 | ppl 12.18
| epoch   2 step     6900 |   1642 batches | lr 0.0005 | ms/batch 1758.98 | loss  2.36 | avg loss  2.43 | ppl 11.38
| epoch   2 step     7000 |   1742 batches | lr 0.0005 | ms/batch 1763.20 | loss  2.66 | avg loss  2.50 | ppl 12.17
saving checkpoint ./trained_models/GPT2_M/e2e/model.7000.pt
| epoch   2 step     7100 |   1842 batches | lr 0.0005 | ms/batch 1870.32 | loss  2.57 | avg loss  2.48 | ppl 11.90
| epoch   2 step     7200 |   1942 batches | lr 0.0005 | ms/batch 1651.59 | loss  2.54 | avg loss  2.48 | ppl 11.91
| epoch   2 step     7300 |   2042 batches | lr 0.0005 | ms/batch 1775.01 | loss  2.35 | avg loss  2.46 | ppl 11.71
| epoch   2 step     7400 |   2142 batches | lr 0.0005 | ms/batch 1758.63 | loss  2.81 | avg loss  2.45 | ppl 11.61
| epoch   2 step     7500 |   2242 batches | lr 0.0005 | ms/batch 1754.07 | loss  2.67 | avg loss  2.51 | ppl 12.26
| epoch   2 step     7600 |   2342 batches | lr 0.0005 | ms/batch 1751.73 | loss  2.27 | avg loss  2.46 | ppl 11.74
| epoch   2 step     7700 |   2442 batches | lr 0.0005 | ms/batch 1771.81 | loss  2.76 | avg loss  2.46 | ppl 11.69
| epoch   2 step     7800 |   2542 batches | lr 0.0005 | ms/batch 1584.91 | loss  2.58 | avg loss  2.45 | ppl 11.58
| epoch   2 step     7900 |   2642 batches | lr 0.0005 | ms/batch 822.56 | loss  2.78 | avg loss  2.50 | ppl 12.14
| epoch   2 step     8000 |   2742 batches | lr 0.0005 | ms/batch 817.76 | loss  2.53 | avg loss  2.51 | ppl 12.31
saving checkpoint ./trained_models/GPT2_M/e2e/model.8000.pt
eval samples: 0 loss: tensor(1.2078, device='cuda:0')
eval samples: 100 loss: tensor(0.8797, device='cuda:0')
eval samples: 200 loss: tensor(1.2756, device='cuda:0')
eval samples: 300 loss: tensor(1.1228, device='cuda:0')
eval samples: 400 loss: tensor(0.8668, device='cuda:0')
eval samples: 500 loss: tensor(0.5909, device='cuda:0')
eval samples: 600 loss: tensor(1.2440, device='cuda:0')
eval samples: 700 loss: tensor(0.6586, device='cuda:0')
eval samples: 800 loss: tensor(1.1351, device='cuda:0')
eval samples: 900 loss: tensor(1.6993, device='cuda:0')
eval samples: 1000 loss: tensor(0.9104, device='cuda:0')
eval samples: 1100 loss: tensor(1.4919, device='cuda:0')
average loss 1.1996762226144337
----------------------------------------------------------------------------------------------------
| Eval   4 at step     8000 | time: 166.54s | valid loss  1.20 | valid ppl  3.32 | best ppl  3.32 
----------------------------------------------------------------------------------------------------
| epoch   2 step     8100 |   2842 batches | lr 0.0005 | ms/batch 2588.37 | loss  2.36 | avg loss  2.47 | ppl 11.80
| epoch   2 step     8200 |   2942 batches | lr 0.0005 | ms/batch 818.09 | loss  2.56 | avg loss  2.52 | ppl 12.46
| epoch   2 step     8300 |   3042 batches | lr 0.0005 | ms/batch 818.46 | loss  2.36 | avg loss  2.48 | ppl 11.89
| epoch   2 step     8400 |   3142 batches | lr 0.0005 | ms/batch 819.26 | loss  2.45 | avg loss  2.47 | ppl 11.77
| epoch   2 step     8500 |   3242 batches | lr 0.0005 | ms/batch 818.23 | loss  2.37 | avg loss  2.49 | ppl 12.01
| epoch   2 step     8600 |   3342 batches | lr 0.0005 | ms/batch 817.38 | loss  2.39 | avg loss  2.46 | ppl 11.75
| epoch   2 step     8700 |   3442 batches | lr 0.0005 | ms/batch 818.64 | loss  2.78 | avg loss  2.47 | ppl 11.78
| epoch   2 step     8800 |   3542 batches | lr 0.0005 | ms/batch 820.37 | loss  2.37 | avg loss  2.46 | ppl 11.75
| epoch   2 step     8900 |   3642 batches | lr 0.0005 | ms/batch 819.77 | loss  2.52 | avg loss  2.49 | ppl 12.02
| epoch   2 step     9000 |   3742 batches | lr 0.0005 | ms/batch 820.13 | loss  2.45 | avg loss  2.48 | ppl 12.00
saving checkpoint ./trained_models/GPT2_M/e2e/model.9000.pt
| epoch   2 step     9100 |   3842 batches | lr 0.0005 | ms/batch 922.04 | loss  2.41 | avg loss  2.48 | ppl 11.91
| epoch   2 step     9200 |   3942 batches | lr 0.0005 | ms/batch 820.06 | loss  2.58 | avg loss  2.48 | ppl 11.90
| epoch   2 step     9300 |   4042 batches | lr 0.0005 | ms/batch 819.84 | loss  2.46 | avg loss  2.49 | ppl 12.11
| epoch   2 step     9400 |   4142 batches | lr 0.0005 | ms/batch 819.65 | loss  2.51 | avg loss  2.48 | ppl 12.00
| epoch   2 step     9500 |   4242 batches | lr 0.0005 | ms/batch 819.59 | loss  2.48 | avg loss  2.48 | ppl 11.92
| epoch   2 step     9600 |   4342 batches | lr 0.0005 | ms/batch 819.41 | loss  2.88 | avg loss  2.49 | ppl 12.01
| epoch   2 step     9700 |   4442 batches | lr 0.0005 | ms/batch 820.11 | loss  2.19 | avg loss  2.47 | ppl 11.84
| epoch   2 step     9800 |   4542 batches | lr 0.0005 | ms/batch 820.08 | loss  2.45 | avg loss  2.47 | ppl 11.82
| epoch   2 step     9900 |   4642 batches | lr 0.0005 | ms/batch 819.49 | loss  2.14 | avg loss  2.46 | ppl 11.72
| epoch   2 step    10000 |   4742 batches | lr 0.0005 | ms/batch 819.24 | loss  2.61 | avg loss  2.50 | ppl 12.14
saving checkpoint ./trained_models/GPT2_M/e2e/model.10000.pt
eval samples: 0 loss: tensor(1.1931, device='cuda:0')
eval samples: 100 loss: tensor(0.9472, device='cuda:0')
eval samples: 200 loss: tensor(1.2533, device='cuda:0')
eval samples: 300 loss: tensor(1.0895, device='cuda:0')
eval samples: 400 loss: tensor(0.8822, device='cuda:0')
eval samples: 500 loss: tensor(0.6502, device='cuda:0')
eval samples: 600 loss: tensor(1.2800, device='cuda:0')
eval samples: 700 loss: tensor(0.6917, device='cuda:0')
eval samples: 800 loss: tensor(1.2187, device='cuda:0')
eval samples: 900 loss: tensor(1.6535, device='cuda:0')
eval samples: 1000 loss: tensor(0.9448, device='cuda:0')
eval samples: 1100 loss: tensor(1.6341, device='cuda:0')
average loss 1.230595519000741
----------------------------------------------------------------------------------------------------
| Eval   5 at step    10000 | time: 166.32s | valid loss  1.23 | valid ppl  3.42 | best ppl  3.32 
----------------------------------------------------------------------------------------------------
| epoch   2 step    10100 |   4842 batches | lr 0.0005 | ms/batch 2588.38 | loss  2.28 | avg loss  2.48 | ppl 11.99
| epoch   2 step    10200 |   4942 batches | lr 0.0005 | ms/batch 819.08 | loss  2.45 | avg loss  2.48 | ppl 11.99
| epoch   2 step    10300 |   5042 batches | lr 0.0005 | ms/batch 816.47 | loss  2.78 | avg loss  2.47 | ppl 11.84
| epoch   2 step    10400 |   5142 batches | lr 0.0005 | ms/batch 813.01 | loss  2.65 | avg loss  2.47 | ppl 11.77
| epoch   2 step    10500 |   5242 batches | lr 0.0005 | ms/batch 812.40 | loss  2.40 | avg loss  2.45 | ppl 11.61
saving checkpoint ./trained_models/GPT2_M/e2e/model.10516.pt
start to train the model................ 3
| epoch   3 step    10600 |     84 batches | lr 0.0005 | ms/batch 684.91 | loss  2.11 | avg loss  2.45 | ppl 11.54
| epoch   3 step    10700 |    184 batches | lr 0.0005 | ms/batch 818.41 | loss  2.50 | avg loss  2.46 | ppl 11.65
| epoch   3 step    10800 |    284 batches | lr 0.0005 | ms/batch 817.28 | loss  2.59 | avg loss  2.44 | ppl 11.52
| epoch   3 step    10900 |    384 batches | lr 0.0005 | ms/batch 812.59 | loss  2.76 | avg loss  2.45 | ppl 11.56
| epoch   3 step    11000 |    484 batches | lr 0.0005 | ms/batch 816.48 | loss  2.59 | avg loss  2.45 | ppl 11.56
saving checkpoint ./trained_models/GPT2_M/e2e/model.11000.pt
| epoch   3 step    11100 |    584 batches | lr 0.0005 | ms/batch 922.02 | loss  2.55 | avg loss  2.51 | ppl 12.29
| epoch   3 step    11200 |    684 batches | lr 0.0005 | ms/batch 818.93 | loss  2.45 | avg loss  2.45 | ppl 11.64
| epoch   3 step    11300 |    784 batches | lr 0.0005 | ms/batch 819.49 | loss  2.47 | avg loss  2.48 | ppl 11.90
| epoch   3 step    11400 |    884 batches | lr 0.0005 | ms/batch 820.50 | loss  2.32 | avg loss  2.46 | ppl 11.71
| epoch   3 step    11500 |    984 batches | lr 0.0005 | ms/batch 818.73 | loss  2.20 | avg loss  2.47 | ppl 11.81
| epoch   3 step    11600 |   1084 batches | lr 0.0005 | ms/batch 820.61 | loss  2.14 | avg loss  2.43 | ppl 11.35
| epoch   3 step    11700 |   1184 batches | lr 0.0005 | ms/batch 819.00 | loss  2.31 | avg loss  2.45 | ppl 11.62
| epoch   3 step    11800 |   1284 batches | lr 0.0005 | ms/batch 817.97 | loss  2.44 | avg loss  2.43 | ppl 11.33
| epoch   3 step    11900 |   1384 batches | lr 0.0005 | ms/batch 818.80 | loss  2.38 | avg loss  2.44 | ppl 11.46
| epoch   3 step    12000 |   1484 batches | lr 0.0005 | ms/batch 818.09 | loss  2.50 | avg loss  2.45 | ppl 11.61
saving checkpoint ./trained_models/GPT2_M/e2e/model.12000.pt
eval samples: 0 loss: tensor(1.1233, device='cuda:0')
eval samples: 100 loss: tensor(0.8597, device='cuda:0')
eval samples: 200 loss: tensor(1.3223, device='cuda:0')
eval samples: 300 loss: tensor(1.1584, device='cuda:0')
eval samples: 400 loss: tensor(0.8845, device='cuda:0')
eval samples: 500 loss: tensor(0.6001, device='cuda:0')
eval samples: 600 loss: tensor(1.2299, device='cuda:0')
eval samples: 700 loss: tensor(0.6396, device='cuda:0')
eval samples: 800 loss: tensor(1.2062, device='cuda:0')
eval samples: 900 loss: tensor(1.7464, device='cuda:0')
eval samples: 1000 loss: tensor(0.9518, device='cuda:0')
eval samples: 1100 loss: tensor(1.6104, device='cuda:0')
average loss 1.2114017026830617
----------------------------------------------------------------------------------------------------
| Eval   6 at step    12000 | time: 166.62s | valid loss  1.21 | valid ppl  3.36 | best ppl  3.36 
----------------------------------------------------------------------------------------------------
| epoch   3 step    12100 |   1584 batches | lr 0.0005 | ms/batch 2593.40 | loss  2.44 | avg loss  2.47 | ppl 11.87
| epoch   3 step    12200 |   1684 batches | lr 0.0005 | ms/batch 818.24 | loss  2.32 | avg loss  2.48 | ppl 11.96
| epoch   3 step    12300 |   1784 batches | lr 0.0005 | ms/batch 816.85 | loss  2.42 | avg loss  2.47 | ppl 11.78
| epoch   3 step    12400 |   1884 batches | lr 0.0005 | ms/batch 817.02 | loss  2.53 | avg loss  2.43 | ppl 11.40
| epoch   3 step    12500 |   1984 batches | lr 0.0005 | ms/batch 817.34 | loss  2.70 | avg loss  2.46 | ppl 11.71
| epoch   3 step    12600 |   2084 batches | lr 0.0005 | ms/batch 818.23 | loss  2.75 | avg loss  2.40 | ppl 11.02
| epoch   3 step    12700 |   2184 batches | lr 0.0005 | ms/batch 818.65 | loss  2.27 | avg loss  2.45 | ppl 11.63
| epoch   3 step    12800 |   2284 batches | lr 0.0005 | ms/batch 818.81 | loss  2.56 | avg loss  2.47 | ppl 11.81
| epoch   3 step    12900 |   2384 batches | lr 0.0005 | ms/batch 819.23 | loss  2.35 | avg loss  2.46 | ppl 11.69
| epoch   3 step    13000 |   2484 batches | lr 0.0005 | ms/batch 817.68 | loss  2.91 | avg loss  2.48 | ppl 11.99
saving checkpoint ./trained_models/GPT2_M/e2e/model.13000.pt
| epoch   3 step    13100 |   2584 batches | lr 0.0005 | ms/batch 925.27 | loss  2.25 | avg loss  2.43 | ppl 11.41
| epoch   3 step    13200 |   2684 batches | lr 0.0005 | ms/batch 819.11 | loss  2.33 | avg loss  2.49 | ppl 12.11
| epoch   3 step    13300 |   2784 batches | lr 0.0005 | ms/batch 818.93 | loss  2.33 | avg loss  2.44 | ppl 11.45
| epoch   3 step    13400 |   2884 batches | lr 0.0005 | ms/batch 818.59 | loss  2.59 | avg loss  2.44 | ppl 11.52
| epoch   3 step    13500 |   2984 batches | lr 0.0005 | ms/batch 818.28 | loss  2.87 | avg loss  2.48 | ppl 11.96
| epoch   3 step    13600 |   3084 batches | lr 0.0005 | ms/batch 818.56 | loss  2.21 | avg loss  2.47 | ppl 11.80
| epoch   3 step    13700 |   3184 batches | lr 0.0005 | ms/batch 819.39 | loss  2.63 | avg loss  2.51 | ppl 12.35
| epoch   3 step    13800 |   3284 batches | lr 0.0005 | ms/batch 820.07 | loss  2.22 | avg loss  2.43 | ppl 11.39
| epoch   3 step    13900 |   3384 batches | lr 0.0005 | ms/batch 820.04 | loss  2.84 | avg loss  2.49 | ppl 12.00
| epoch   3 step    14000 |   3484 batches | lr 0.0005 | ms/batch 822.69 | loss  2.56 | avg loss  2.49 | ppl 12.09
saving checkpoint ./trained_models/GPT2_M/e2e/model.14000.pt
eval samples: 0 loss: tensor(1.0260, device='cuda:0')
eval samples: 100 loss: tensor(0.8548, device='cuda:0')
eval samples: 200 loss: tensor(1.2921, device='cuda:0')
eval samples: 300 loss: tensor(1.0943, device='cuda:0')
eval samples: 400 loss: tensor(0.9059, device='cuda:0')
eval samples: 500 loss: tensor(0.5641, device='cuda:0')
eval samples: 600 loss: tensor(1.2636, device='cuda:0')
eval samples: 700 loss: tensor(0.7025, device='cuda:0')
eval samples: 800 loss: tensor(1.1495, device='cuda:0')
eval samples: 900 loss: tensor(1.7243, device='cuda:0')
eval samples: 1000 loss: tensor(0.9691, device='cuda:0')
eval samples: 1100 loss: tensor(1.6341, device='cuda:0')
average loss 1.199082218314687
----------------------------------------------------------------------------------------------------
| Eval   7 at step    14000 | time: 166.63s | valid loss  1.20 | valid ppl  3.32 | best ppl  3.32 
----------------------------------------------------------------------------------------------------
| epoch   3 step    14100 |   3584 batches | lr 0.0005 | ms/batch 2599.37 | loss  2.53 | avg loss  2.42 | ppl 11.25
| epoch   3 step    14200 |   3684 batches | lr 0.0005 | ms/batch 818.80 | loss  2.42 | avg loss  2.44 | ppl 11.47
| epoch   3 step    14300 |   3784 batches | lr 0.0005 | ms/batch 821.47 | loss  2.73 | avg loss  2.44 | ppl 11.48
| epoch   3 step    14400 |   3884 batches | lr 0.0005 | ms/batch 827.61 | loss  2.22 | avg loss  2.45 | ppl 11.63
| epoch   3 step    14500 |   3984 batches | lr 0.0005 | ms/batch 826.18 | loss  2.28 | avg loss  2.47 | ppl 11.76
| epoch   3 step    14600 |   4084 batches | lr 0.0005 | ms/batch 812.55 | loss  2.47 | avg loss  2.48 | ppl 11.91
| epoch   3 step    14700 |   4184 batches | lr 0.0005 | ms/batch 817.47 | loss  2.44 | avg loss  2.44 | ppl 11.51
| epoch   3 step    14800 |   4284 batches | lr 0.0005 | ms/batch 822.44 | loss  2.48 | avg loss  2.48 | ppl 11.94
| epoch   3 step    14900 |   4384 batches | lr 0.0005 | ms/batch 827.98 | loss  2.43 | avg loss  2.46 | ppl 11.66
| epoch   3 step    15000 |   4484 batches | lr 0.0005 | ms/batch 827.52 | loss  2.74 | avg loss  2.49 | ppl 12.01
saving checkpoint ./trained_models/GPT2_M/e2e/model.15000.pt
| epoch   3 step    15100 |   4584 batches | lr 0.0005 | ms/batch 931.05 | loss  2.30 | avg loss  2.46 | ppl 11.65
| epoch   3 step    15200 |   4684 batches | lr 0.0005 | ms/batch 824.94 | loss  2.47 | avg loss  2.45 | ppl 11.55
| epoch   3 step    15300 |   4784 batches | lr 0.0005 | ms/batch 824.66 | loss  2.40 | avg loss  2.49 | ppl 12.09
| epoch   3 step    15400 |   4884 batches | lr 0.0005 | ms/batch 825.78 | loss  2.32 | avg loss  2.47 | ppl 11.81
| epoch   3 step    15500 |   4984 batches | lr 0.0005 | ms/batch 818.75 | loss  2.40 | avg loss  2.47 | ppl 11.77
| epoch   3 step    15600 |   5084 batches | lr 0.0005 | ms/batch 824.16 | loss  2.53 | avg loss  2.46 | ppl 11.65
| epoch   3 step    15700 |   5184 batches | lr 0.0005 | ms/batch 819.01 | loss  2.37 | avg loss  2.43 | ppl 11.39
saving checkpoint ./trained_models/GPT2_M/e2e/model.15774.pt
start to train the model................ 4
| epoch   4 step    15800 |     26 batches | lr 0.0005 | ms/batch 209.05 | loss  2.28 | avg loss  2.42 | ppl 11.20
| epoch   4 step    15900 |    126 batches | lr 0.0005 | ms/batch 806.13 | loss  2.30 | avg loss  2.43 | ppl 11.36
| epoch   4 step    16000 |    226 batches | lr 0.0005 | ms/batch 822.79 | loss  2.47 | avg loss  2.46 | ppl 11.65
saving checkpoint ./trained_models/GPT2_M/e2e/model.16000.pt
eval samples: 0 loss: tensor(1.1186, device='cuda:0')
eval samples: 100 loss: tensor(0.8307, device='cuda:0')
eval samples: 200 loss: tensor(1.2425, device='cuda:0')
eval samples: 300 loss: tensor(1.1755, device='cuda:0')
eval samples: 400 loss: tensor(0.8938, device='cuda:0')
eval samples: 500 loss: tensor(0.5655, device='cuda:0')
eval samples: 600 loss: tensor(1.2533, device='cuda:0')
eval samples: 700 loss: tensor(0.6419, device='cuda:0')
eval samples: 800 loss: tensor(1.2770, device='cuda:0')
eval samples: 900 loss: tensor(1.7589, device='cuda:0')
eval samples: 1000 loss: tensor(0.9347, device='cuda:0')
eval samples: 1100 loss: tensor(1.6367, device='cuda:0')
average loss 1.2113883438175672
----------------------------------------------------------------------------------------------------
| Eval   8 at step    16000 | time: 166.79s | valid loss  1.21 | valid ppl  3.36 | best ppl  3.36 
----------------------------------------------------------------------------------------------------
| epoch   4 step    16100 |    326 batches | lr 0.0005 | ms/batch 2600.46 | loss  2.62 | avg loss  2.42 | ppl 11.27
| epoch   4 step    16200 |    426 batches | lr 0.0005 | ms/batch 823.05 | loss  2.39 | avg loss  2.44 | ppl 11.46
| epoch   4 step    16300 |    526 batches | lr 0.0005 | ms/batch 826.53 | loss  2.78 | avg loss  2.42 | ppl 11.28
| epoch   4 step    16400 |    626 batches | lr 0.0005 | ms/batch 826.97 | loss  2.84 | avg loss  2.44 | ppl 11.43
| epoch   4 step    16500 |    726 batches | lr 0.0005 | ms/batch 822.13 | loss  2.61 | avg loss  2.47 | ppl 11.82
| epoch   4 step    16600 |    826 batches | lr 0.0005 | ms/batch 818.09 | loss  2.69 | avg loss  2.44 | ppl 11.43
| epoch   4 step    16700 |    926 batches | lr 0.0005 | ms/batch 816.29 | loss  2.54 | avg loss  2.45 | ppl 11.56
| epoch   4 step    16800 |   1026 batches | lr 0.0005 | ms/batch 816.68 | loss  2.50 | avg loss  2.45 | ppl 11.57
| epoch   4 step    16900 |   1126 batches | lr 0.0005 | ms/batch 817.20 | loss  2.14 | avg loss  2.42 | ppl 11.21
| epoch   4 step    17000 |   1226 batches | lr 0.0005 | ms/batch 817.86 | loss  2.32 | avg loss  2.42 | ppl 11.30
saving checkpoint ./trained_models/GPT2_M/e2e/model.17000.pt
| epoch   4 step    17100 |   1326 batches | lr 0.0005 | ms/batch 923.46 | loss  2.65 | avg loss  2.48 | ppl 11.91
| epoch   4 step    17200 |   1426 batches | lr 0.0005 | ms/batch 816.09 | loss  2.38 | avg loss  2.42 | ppl 11.26
| epoch   4 step    17300 |   1526 batches | lr 0.0005 | ms/batch 821.95 | loss  2.32 | avg loss  2.46 | ppl 11.66
| epoch   4 step    17400 |   1626 batches | lr 0.0005 | ms/batch 816.11 | loss  2.22 | avg loss  2.46 | ppl 11.71
| epoch   4 step    17500 |   1726 batches | lr 0.0005 | ms/batch 821.85 | loss  2.82 | avg loss  2.46 | ppl 11.70
| epoch   4 step    17600 |   1826 batches | lr 0.0005 | ms/batch 821.63 | loss  2.81 | avg loss  2.47 | ppl 11.82
| epoch   4 step    17700 |   1926 batches | lr 0.0005 | ms/batch 825.92 | loss  2.42 | avg loss  2.44 | ppl 11.48
| epoch   4 step    17800 |   2026 batches | lr 0.0005 | ms/batch 816.85 | loss  2.61 | avg loss  2.47 | ppl 11.87
| epoch   4 step    17900 |   2126 batches | lr 0.0005 | ms/batch 819.04 | loss  2.45 | avg loss  2.44 | ppl 11.48
| epoch   4 step    18000 |   2226 batches | lr 0.0005 | ms/batch 820.78 | loss  2.96 | avg loss  2.45 | ppl 11.56
saving checkpoint ./trained_models/GPT2_M/e2e/model.18000.pt
eval samples: 0 loss: tensor(1.1207, device='cuda:0')
eval samples: 100 loss: tensor(0.8786, device='cuda:0')
eval samples: 200 loss: tensor(1.3168, device='cuda:0')
eval samples: 300 loss: tensor(1.1215, device='cuda:0')
eval samples: 400 loss: tensor(0.9160, device='cuda:0')
eval samples: 500 loss: tensor(0.6585, device='cuda:0')
eval samples: 600 loss: tensor(1.2870, device='cuda:0')
eval samples: 700 loss: tensor(0.7074, device='cuda:0')
eval samples: 800 loss: tensor(1.1804, device='cuda:0')
eval samples: 900 loss: tensor(1.7970, device='cuda:0')
eval samples: 1000 loss: tensor(0.9149, device='cuda:0')
eval samples: 1100 loss: tensor(1.6985, device='cuda:0')
average loss 1.233098387360981
----------------------------------------------------------------------------------------------------
| Eval   9 at step    18000 | time: 166.81s | valid loss  1.23 | valid ppl  3.43 | best ppl  3.36 
----------------------------------------------------------------------------------------------------
| epoch   4 step    18100 |   2326 batches | lr 0.0005 | ms/batch 2602.61 | loss  2.59 | avg loss  2.44 | ppl 11.44
| epoch   4 step    18200 |   2426 batches | lr 0.0005 | ms/batch 825.77 | loss  2.35 | avg loss  2.46 | ppl 11.67
| epoch   4 step    18300 |   2526 batches | lr 0.0005 | ms/batch 825.24 | loss  2.32 | avg loss  2.46 | ppl 11.73
| epoch   4 step    18400 |   2626 batches | lr 0.0005 | ms/batch 822.80 | loss  2.61 | avg loss  2.44 | ppl 11.42
| epoch   4 step    18500 |   2726 batches | lr 0.0005 | ms/batch 826.37 | loss  2.46 | avg loss  2.42 | ppl 11.30
| epoch   4 step    18600 |   2826 batches | lr 0.0005 | ms/batch 823.51 | loss  2.24 | avg loss  2.47 | ppl 11.80
| epoch   4 step    18700 |   2926 batches | lr 0.0005 | ms/batch 823.92 | loss  2.23 | avg loss  2.43 | ppl 11.32
| epoch   4 step    18800 |   3026 batches | lr 0.0005 | ms/batch 824.80 | loss  2.22 | avg loss  2.47 | ppl 11.78
| epoch   4 step    18900 |   3126 batches | lr 0.0005 | ms/batch 827.17 | loss  2.43 | avg loss  2.45 | ppl 11.60
| epoch   4 step    19000 |   3226 batches | lr 0.0005 | ms/batch 826.25 | loss  2.87 | avg loss  2.46 | ppl 11.72
saving checkpoint ./trained_models/GPT2_M/e2e/model.19000.pt
| epoch   4 step    19100 |   3326 batches | lr 0.0005 | ms/batch 933.25 | loss  2.68 | avg loss  2.44 | ppl 11.42
| epoch   4 step    19200 |   3426 batches | lr 0.0005 | ms/batch 825.56 | loss  2.52 | avg loss  2.42 | ppl 11.29
| epoch   4 step    19300 |   3526 batches | lr 0.0005 | ms/batch 815.39 | loss  2.51 | avg loss  2.46 | ppl 11.75
| epoch   4 step    19400 |   3626 batches | lr 0.0005 | ms/batch 818.84 | loss  2.49 | avg loss  2.45 | ppl 11.56
| epoch   4 step    19500 |   3726 batches | lr 0.0005 | ms/batch 824.36 | loss  2.18 | avg loss  2.45 | ppl 11.54
| epoch   4 step    19600 |   3826 batches | lr 0.0005 | ms/batch 820.87 | loss  2.72 | avg loss  2.46 | ppl 11.68
| epoch   4 step    19700 |   3926 batches | lr 0.0005 | ms/batch 818.19 | loss  2.59 | avg loss  2.45 | ppl 11.63
| epoch   4 step    19800 |   4026 batches | lr 0.0005 | ms/batch 819.41 | loss  2.45 | avg loss  2.45 | ppl 11.64
| epoch   4 step    19900 |   4126 batches | lr 0.0005 | ms/batch 818.90 | loss  2.28 | avg loss  2.49 | ppl 12.03
| epoch   4 step    20000 |   4226 batches | lr 0.0005 | ms/batch 818.89 | loss  2.38 | avg loss  2.46 | ppl 11.75
saving checkpoint ./trained_models/GPT2_M/e2e/model.20000.pt
eval samples: 0 loss: tensor(1.1726, device='cuda:0')
eval samples: 100 loss: tensor(0.9206, device='cuda:0')
eval samples: 200 loss: tensor(1.3431, device='cuda:0')
eval samples: 300 loss: tensor(1.0938, device='cuda:0')
eval samples: 400 loss: tensor(0.8621, device='cuda:0')
eval samples: 500 loss: tensor(0.5622, device='cuda:0')
eval samples: 600 loss: tensor(1.2421, device='cuda:0')
eval samples: 700 loss: tensor(0.6655, device='cuda:0')
eval samples: 800 loss: tensor(1.1788, device='cuda:0')
eval samples: 900 loss: tensor(1.6564, device='cuda:0')
eval samples: 1000 loss: tensor(0.9102, device='cuda:0')
eval samples: 1100 loss: tensor(1.5129, device='cuda:0')
average loss 1.2006489305361494
----------------------------------------------------------------------------------------------------
| Eval  10 at step    20000 | time: 167.62s | valid loss  1.20 | valid ppl  3.32 | best ppl  3.32 
----------------------------------------------------------------------------------------------------
| epoch   4 step    20100 |   4326 batches | lr 0.0005 | ms/batch 2622.91 | loss  2.34 | avg loss  2.44 | ppl 11.52
| epoch   4 step    20200 |   4426 batches | lr 0.0005 | ms/batch 817.48 | loss  2.53 | avg loss  2.46 | ppl 11.70
| epoch   4 step    20300 |   4526 batches | lr 0.0005 | ms/batch 818.89 | loss  2.48 | avg loss  2.48 | ppl 11.91
| epoch   4 step    20400 |   4626 batches | lr 0.0005 | ms/batch 818.08 | loss  2.41 | avg loss  2.45 | ppl 11.63
| epoch   4 step    20500 |   4726 batches | lr 0.0005 | ms/batch 817.64 | loss  2.68 | avg loss  2.43 | ppl 11.40
| epoch   4 step    20600 |   4826 batches | lr 0.0005 | ms/batch 817.88 | loss  2.61 | avg loss  2.48 | ppl 11.97
| epoch   4 step    20700 |   4926 batches | lr 0.0005 | ms/batch 817.56 | loss  2.52 | avg loss  2.45 | ppl 11.54
| epoch   4 step    20800 |   5026 batches | lr 0.0005 | ms/batch 817.00 | loss  2.24 | avg loss  2.47 | ppl 11.83
| epoch   4 step    20900 |   5126 batches | lr 0.0005 | ms/batch 815.54 | loss  2.34 | avg loss  2.44 | ppl 11.44
| epoch   4 step    21000 |   5226 batches | lr 0.0005 | ms/batch 816.74 | loss  2.28 | avg loss  2.44 | ppl 11.52
saving checkpoint ./trained_models/GPT2_M/e2e/model.21000.pt
saving checkpoint ./trained_models/GPT2_M/e2e/model.21032.pt
start to train the model................ 5
| epoch   5 step    21100 |     68 batches | lr 0.0005 | ms/batch 557.88 | loss  2.58 | avg loss  2.46 | ppl 11.65
| epoch   5 step    21200 |    168 batches | lr 0.0005 | ms/batch 821.67 | loss  2.49 | avg loss  2.39 | ppl 10.94
| epoch   5 step    21300 |    268 batches | lr 0.0005 | ms/batch 822.84 | loss  2.21 | avg loss  2.45 | ppl 11.57
| epoch   5 step    21400 |    368 batches | lr 0.0005 | ms/batch 820.23 | loss  2.55 | avg loss  2.44 | ppl 11.42
| epoch   5 step    21500 |    468 batches | lr 0.0005 | ms/batch 817.72 | loss  2.62 | avg loss  2.45 | ppl 11.55
| epoch   5 step    21600 |    568 batches | lr 0.0005 | ms/batch 818.16 | loss  2.73 | avg loss  2.41 | ppl 11.09
| epoch   5 step    21700 |    668 batches | lr 0.0005 | ms/batch 817.47 | loss  2.75 | avg loss  2.45 | ppl 11.57
| epoch   5 step    21800 |    768 batches | lr 0.0005 | ms/batch 817.87 | loss  2.37 | avg loss  2.46 | ppl 11.69
| epoch   5 step    21900 |    868 batches | lr 0.0005 | ms/batch 817.25 | loss  2.70 | avg loss  2.44 | ppl 11.44
| epoch   5 step    22000 |    968 batches | lr 0.0005 | ms/batch 817.96 | loss  2.33 | avg loss  2.38 | ppl 10.85
saving checkpoint ./trained_models/GPT2_M/e2e/model.22000.pt
eval samples: 0 loss: tensor(1.1744, device='cuda:0')
eval samples: 100 loss: tensor(0.8576, device='cuda:0')
eval samples: 200 loss: tensor(1.3071, device='cuda:0')
eval samples: 300 loss: tensor(1.1440, device='cuda:0')
eval samples: 400 loss: tensor(0.8284, device='cuda:0')
eval samples: 500 loss: tensor(0.5692, device='cuda:0')
eval samples: 600 loss: tensor(1.2322, device='cuda:0')
eval samples: 700 loss: tensor(0.6780, device='cuda:0')
eval samples: 800 loss: tensor(1.2231, device='cuda:0')
eval samples: 900 loss: tensor(1.6932, device='cuda:0')
eval samples: 1000 loss: tensor(0.9197, device='cuda:0')
eval samples: 1100 loss: tensor(1.6857, device='cuda:0')
average loss 1.201657331076591
----------------------------------------------------------------------------------------------------
| Eval  11 at step    22000 | time: 166.12s | valid loss  1.20 | valid ppl  3.33 | best ppl  3.33 
----------------------------------------------------------------------------------------------------
| epoch   5 step    22100 |   1068 batches | lr 0.0005 | ms/batch 2579.42 | loss  2.54 | avg loss  2.42 | ppl 11.23
| epoch   5 step    22200 |   1168 batches | lr 0.0005 | ms/batch 818.20 | loss  2.83 | avg loss  2.45 | ppl 11.53
| epoch   5 step    22300 |   1268 batches | lr 0.0005 | ms/batch 818.04 | loss  2.31 | avg loss  2.45 | ppl 11.63
| epoch   5 step    22400 |   1368 batches | lr 0.0005 | ms/batch 819.08 | loss  2.23 | avg loss  2.40 | ppl 11.03
| epoch   5 step    22500 |   1468 batches | lr 0.0005 | ms/batch 818.02 | loss  2.61 | avg loss  2.45 | ppl 11.56
| epoch   5 step    22600 |   1568 batches | lr 0.0005 | ms/batch 815.08 | loss  2.66 | avg loss  2.45 | ppl 11.54
| epoch   5 step    22700 |   1668 batches | lr 0.0005 | ms/batch 815.32 | loss  2.32 | avg loss  2.44 | ppl 11.47
| epoch   5 step    22800 |   1768 batches | lr 0.0005 | ms/batch 814.89 | loss  2.28 | avg loss  2.45 | ppl 11.60
| epoch   5 step    22900 |   1868 batches | lr 0.0005 | ms/batch 815.01 | loss  2.80 | avg loss  2.48 | ppl 11.97
| epoch   5 step    23000 |   1968 batches | lr 0.0005 | ms/batch 814.57 | loss  2.41 | avg loss  2.44 | ppl 11.43
saving checkpoint ./trained_models/GPT2_M/e2e/model.23000.pt
| epoch   5 step    23100 |   2068 batches | lr 0.0005 | ms/batch 914.79 | loss  2.51 | avg loss  2.47 | ppl 11.88
| epoch   5 step    23200 |   2168 batches | lr 0.0005 | ms/batch 814.81 | loss  2.58 | avg loss  2.44 | ppl 11.42
| epoch   5 step    23300 |   2268 batches | lr 0.0005 | ms/batch 814.74 | loss  2.25 | avg loss  2.42 | ppl 11.25
| epoch   5 step    23400 |   2368 batches | lr 0.0005 | ms/batch 814.70 | loss  2.37 | avg loss  2.44 | ppl 11.52
| epoch   5 step    23500 |   2468 batches | lr 0.0005 | ms/batch 819.55 | loss  2.25 | avg loss  2.42 | ppl 11.25
| epoch   5 step    23600 |   2568 batches | lr 0.0005 | ms/batch 818.81 | loss  2.17 | avg loss  2.44 | ppl 11.43
| epoch   5 step    23700 |   2668 batches | lr 0.0005 | ms/batch 819.52 | loss  2.32 | avg loss  2.41 | ppl 11.15
| epoch   5 step    23800 |   2768 batches | lr 0.0005 | ms/batch 819.46 | loss  2.51 | avg loss  2.46 | ppl 11.67
| epoch   5 step    23900 |   2868 batches | lr 0.0005 | ms/batch 816.55 | loss  2.50 | avg loss  2.42 | ppl 11.26
| epoch   5 step    24000 |   2968 batches | lr 0.0005 | ms/batch 818.54 | loss  2.34 | avg loss  2.45 | ppl 11.59
saving checkpoint ./trained_models/GPT2_M/e2e/model.24000.pt
eval samples: 0 loss: tensor(1.1687, device='cuda:0')
eval samples: 100 loss: tensor(0.9049, device='cuda:0')
eval samples: 200 loss: tensor(1.2847, device='cuda:0')
eval samples: 300 loss: tensor(1.1534, device='cuda:0')
eval samples: 400 loss: tensor(0.8623, device='cuda:0')
eval samples: 500 loss: tensor(0.6161, device='cuda:0')
eval samples: 600 loss: tensor(1.2639, device='cuda:0')
eval samples: 700 loss: tensor(0.7054, device='cuda:0')
eval samples: 800 loss: tensor(1.2752, device='cuda:0')
eval samples: 900 loss: tensor(1.6953, device='cuda:0')
eval samples: 1000 loss: tensor(0.9688, device='cuda:0')
eval samples: 1100 loss: tensor(1.5816, device='cuda:0')
average loss 1.2310022957980225
----------------------------------------------------------------------------------------------------
| Eval  12 at step    24000 | time: 166.64s | valid loss  1.23 | valid ppl  3.42 | best ppl  3.33 
----------------------------------------------------------------------------------------------------
| epoch   5 step    24100 |   3068 batches | lr 0.0005 | ms/batch 2585.18 | loss  2.61 | avg loss  2.48 | ppl 11.94
| epoch   5 step    24200 |   3168 batches | lr 0.0005 | ms/batch 819.76 | loss  2.62 | avg loss  2.41 | ppl 11.13
| epoch   5 step    24300 |   3268 batches | lr 0.0005 | ms/batch 817.78 | loss  2.54 | avg loss  2.46 | ppl 11.71
| epoch   5 step    24400 |   3368 batches | lr 0.0005 | ms/batch 812.62 | loss  2.57 | avg loss  2.44 | ppl 11.42
| epoch   5 step    24500 |   3468 batches | lr 0.0005 | ms/batch 812.33 | loss  2.28 | avg loss  2.45 | ppl 11.56
| epoch   5 step    24600 |   3568 batches | lr 0.0005 | ms/batch 813.28 | loss  2.50 | avg loss  2.44 | ppl 11.49
| epoch   5 step    24700 |   3668 batches | lr 0.0005 | ms/batch 818.10 | loss  2.71 | avg loss  2.48 | ppl 11.92
| epoch   5 step    24800 |   3768 batches | lr 0.0005 | ms/batch 819.32 | loss  2.79 | avg loss  2.44 | ppl 11.48
| epoch   5 step    24900 |   3868 batches | lr 0.0005 | ms/batch 819.66 | loss  2.27 | avg loss  2.45 | ppl 11.58
| epoch   5 step    25000 |   3968 batches | lr 0.0005 | ms/batch 820.46 | loss  2.32 | avg loss  2.46 | ppl 11.66
saving checkpoint ./trained_models/GPT2_M/e2e/model.25000.pt
| epoch   5 step    25100 |   4068 batches | lr 0.0005 | ms/batch 926.50 | loss  2.60 | avg loss  2.44 | ppl 11.42
| epoch   5 step    25200 |   4168 batches | lr 0.0005 | ms/batch 819.10 | loss  2.30 | avg loss  2.46 | ppl 11.68
| epoch   5 step    25300 |   4268 batches | lr 0.0005 | ms/batch 820.32 | loss  2.37 | avg loss  2.42 | ppl 11.27
| epoch   5 step    25400 |   4368 batches | lr 0.0005 | ms/batch 818.44 | loss  2.76 | avg loss  2.42 | ppl 11.22
| epoch   5 step    25500 |   4468 batches | lr 0.0005 | ms/batch 819.83 | loss  2.47 | avg loss  2.45 | ppl 11.61
| epoch   5 step    25600 |   4568 batches | lr 0.0005 | ms/batch 817.35 | loss  2.68 | avg loss  2.45 | ppl 11.60
| epoch   5 step    25700 |   4668 batches | lr 0.0005 | ms/batch 815.76 | loss  2.79 | avg loss  2.51 | ppl 12.30
| epoch   5 step    25800 |   4768 batches | lr 0.0005 | ms/batch 817.23 | loss  2.50 | avg loss  2.47 | ppl 11.87
| epoch   5 step    25900 |   4868 batches | lr 0.0005 | ms/batch 818.19 | loss  2.27 | avg loss  2.44 | ppl 11.48
| epoch   5 step    26000 |   4968 batches | lr 0.0005 | ms/batch 819.20 | loss  2.40 | avg loss  2.47 | ppl 11.84
saving checkpoint ./trained_models/GPT2_M/e2e/model.26000.pt
eval samples: 0 loss: tensor(1.1702, device='cuda:0')
eval samples: 100 loss: tensor(0.8198, device='cuda:0')
eval samples: 200 loss: tensor(1.3478, device='cuda:0')
eval samples: 300 loss: tensor(1.0854, device='cuda:0')
eval samples: 400 loss: tensor(0.9178, device='cuda:0')
eval samples: 500 loss: tensor(0.5638, device='cuda:0')
eval samples: 600 loss: tensor(1.2571, device='cuda:0')
eval samples: 700 loss: tensor(0.6580, device='cuda:0')
eval samples: 800 loss: tensor(1.2114, device='cuda:0')
eval samples: 900 loss: tensor(1.7236, device='cuda:0')
eval samples: 1000 loss: tensor(0.9114, device='cuda:0')
eval samples: 1100 loss: tensor(1.6151, device='cuda:0')
average loss 1.2047120483005291
----------------------------------------------------------------------------------------------------
| Eval  13 at step    26000 | time: 166.79s | valid loss  1.20 | valid ppl  3.34 | best ppl  3.33 
----------------------------------------------------------------------------------------------------
| epoch   5 step    26100 |   5068 batches | lr 0.0005 | ms/batch 2602.62 | loss  2.44 | avg loss  2.45 | ppl 11.55
| epoch   5 step    26200 |   5168 batches | lr 0.0005 | ms/batch 824.63 | loss  2.50 | avg loss  2.43 | ppl 11.38
saving checkpoint ./trained_models/GPT2_M/e2e/model.26290.pt
----------------------------------------------------------------------------------------------------
End of training
cleanup dist ...
[rank0]:[W708 15:41:47.060456597 ProcessGroupNCCL.cpp:1479] Warning: WARNING: destroy_process_group() was not called before program exit, which can leak resources. For more info, please see https://pytorch.org/docs/stable/distributed.html#shutdown (function operator())
