nohup: ignoring input
myrank: 0 local_rank: 0 device_count: 1 world_size: 1
====================================================================================================
        - platform : local
        - local_rank : 0
        - rank : 0
        - device : cuda:0
        - world_size : 1
        - random_seed : 110
        - lr : 0.0005
        - weight_decay : 0.01
        - correct_bias : True
        - adam_epislon : 1e-06
        - no_decay_bias : False
        - adam_beta1 : 0.9
        - adam_beta2 : 0.999
        - scheduler : None
        - max_step : None
        - max_epoch : 5
        - warmup_step : 500
        - i_steps : 0
        - i_lrs : 0.00025
        - galore_rank : 4
        - update_proj_gap : 50
        - galore_scale : 1.0
        - proj_type : std
        - gamma : 0.01
        - train_data : ./data/e2e/train.jsonl
        - valid_data : ./data/e2e/valid.jsonl
        - train_batch_size : 8
        - valid_batch_size : 4
        - grad_acc : 1
        - clip : 0.0
        - seq_len : 512
        - model_card : gpt2.md
        - init_checkpoint : ./pretrained_checkpoints/gpt2-medium-pytorch_model.bin
        - fp16 : False
        - log_interval : 100
        - eval_interval : 2000
        - save_interval : 1000
        - work_dir : ./trained_models/GPT2_M/e2e
        - lora_dim : 0
        - lora_alpha : 32
        - obj : clm
        - lora_dropout : 0.1
        - label_smooth : 0.1
        - roll_interval : -1
        - roll_lr : 1e-05
        - roll_step : 100
        - eval_epoch : 1
        - dist : <module 'torch.distributed' from '/home/ycyh/miniconda3/envs/LoRA/lib/python3.11/site-packages/torch/distributed/__init__.py'>
====================================================================================================
Experiment dir : ./trained_models/GPT2_M/e2e
loading model pretrained weight.
MoFaSGD 2D parameter count: 354.50M
Skipped 1D parameter count : 0.32M
set max_step: 26290
start to train the model................ 1
| epoch   1 step      100 |    100 batches | lr 0.0005 | ms/batch 840.32 | loss  3.26 | avg loss  3.01 | ppl 20.32
| epoch   1 step      200 |    200 batches | lr 0.0005 | ms/batch 839.90 | loss  2.78 | avg loss  2.76 | ppl 15.85
| epoch   1 step      300 |    300 batches | lr 0.0005 | ms/batch 844.93 | loss  2.71 | avg loss  2.70 | ppl 14.94
| epoch   1 step      400 |    400 batches | lr 0.0005 | ms/batch 847.68 | loss  2.78 | avg loss  2.70 | ppl 14.82
| epoch   1 step      500 |    500 batches | lr 0.0005 | ms/batch 845.95 | loss  2.55 | avg loss  2.64 | ppl 14.00
| epoch   1 step      600 |    600 batches | lr 0.0005 | ms/batch 843.12 | loss  2.53 | avg loss  2.61 | ppl 13.55
| epoch   1 step      700 |    700 batches | lr 0.0005 | ms/batch 848.79 | loss  2.68 | avg loss  2.59 | ppl 13.33
| epoch   1 step      800 |    800 batches | lr 0.0005 | ms/batch 845.68 | loss  2.32 | avg loss  2.57 | ppl 13.10
| epoch   1 step      900 |    900 batches | lr 0.0005 | ms/batch 849.09 | loss  2.35 | avg loss  2.57 | ppl 13.06
| epoch   1 step     1000 |   1000 batches | lr 0.0005 | ms/batch 849.46 | loss  3.00 | avg loss  2.58 | ppl 13.25
saving checkpoint ./trained_models/GPT2_M/e2e/model.1000.pt
/home/ycyh/miniconda3/envs/LoRA/lib/python3.11/site-packages/torch/distributed/distributed_c10d.py:4631: UserWarning: No device id is provided via `init_process_group` or `barrier `. Using the current device set by the user. 
  warnings.warn(  # warn only once
| epoch   1 step     1100 |   1100 batches | lr 0.0005 | ms/batch 956.37 | loss  2.64 | avg loss  2.59 | ppl 13.32
| epoch   1 step     1200 |   1200 batches | lr 0.0005 | ms/batch 845.70 | loss  2.39 | avg loss  2.59 | ppl 13.33
| epoch   1 step     1300 |   1300 batches | lr 0.0005 | ms/batch 846.35 | loss  2.45 | avg loss  2.57 | ppl 13.03
| epoch   1 step     1400 |   1400 batches | lr 0.0005 | ms/batch 845.43 | loss  2.50 | avg loss  2.56 | ppl 12.92
| epoch   1 step     1500 |   1500 batches | lr 0.0005 | ms/batch 846.28 | loss  2.56 | avg loss  2.58 | ppl 13.16
| epoch   1 step     1600 |   1600 batches | lr 0.0005 | ms/batch 846.33 | loss  2.57 | avg loss  2.53 | ppl 12.60
| epoch   1 step     1700 |   1700 batches | lr 0.0005 | ms/batch 845.51 | loss  2.41 | avg loss  2.55 | ppl 12.77
| epoch   1 step     1800 |   1800 batches | lr 0.0005 | ms/batch 846.23 | loss  2.41 | avg loss  2.55 | ppl 12.75
| epoch   1 step     1900 |   1900 batches | lr 0.0005 | ms/batch 846.26 | loss  2.54 | avg loss  2.55 | ppl 12.78
| epoch   1 step     2000 |   2000 batches | lr 0.0005 | ms/batch 845.49 | loss  2.44 | avg loss  2.54 | ppl 12.67
saving checkpoint ./trained_models/GPT2_M/e2e/model.2000.pt
/home/ycyh/miniconda3/envs/LoRA/lib/python3.11/site-packages/torch/nn/_reduction.py:51: UserWarning: size_average and reduce args will be deprecated, please use reduction='none' instead.
  warnings.warn(warning.format(ret))
eval samples: 0 loss: tensor(1.2594, device='cuda:0')
eval samples: 100 loss: tensor(0.8891, device='cuda:0')
eval samples: 200 loss: tensor(1.3830, device='cuda:0')
eval samples: 300 loss: tensor(1.1514, device='cuda:0')
eval samples: 400 loss: tensor(0.8923, device='cuda:0')
eval samples: 500 loss: tensor(0.6765, device='cuda:0')
eval samples: 600 loss: tensor(1.3635, device='cuda:0')
eval samples: 700 loss: tensor(0.7829, device='cuda:0')
eval samples: 800 loss: tensor(1.1845, device='cuda:0')
eval samples: 900 loss: tensor(1.7130, device='cuda:0')
eval samples: 1000 loss: tensor(1.0193, device='cuda:0')
eval samples: 1100 loss: tensor(1.5922, device='cuda:0')
average loss 1.2471446401554427
----------------------------------------------------------------------------------------------------
| Eval   1 at step     2000 | time: 168.11s | valid loss  1.25 | valid ppl  3.48 | best ppl  3.48 
----------------------------------------------------------------------------------------------------
| epoch   1 step     2100 |   2100 batches | lr 0.0005 | ms/batch 2639.08 | loss  2.57 | avg loss  2.54 | ppl 12.62
| epoch   1 step     2200 |   2200 batches | lr 0.0005 | ms/batch 846.99 | loss  2.83 | avg loss  2.53 | ppl 12.52
| epoch   1 step     2300 |   2300 batches | lr 0.0005 | ms/batch 848.68 | loss  2.48 | avg loss  2.52 | ppl 12.47
| epoch   1 step     2400 |   2400 batches | lr 0.0005 | ms/batch 847.34 | loss  2.32 | avg loss  2.53 | ppl 12.50
| epoch   1 step     2500 |   2500 batches | lr 0.0005 | ms/batch 847.60 | loss  2.74 | avg loss  2.55 | ppl 12.80
| epoch   1 step     2600 |   2600 batches | lr 0.0005 | ms/batch 847.85 | loss  2.67 | avg loss  2.54 | ppl 12.63
| epoch   1 step     2700 |   2700 batches | lr 0.0005 | ms/batch 847.23 | loss  2.59 | avg loss  2.52 | ppl 12.42
| epoch   1 step     2800 |   2800 batches | lr 0.0005 | ms/batch 847.01 | loss  2.20 | avg loss  2.56 | ppl 12.94
| epoch   1 step     2900 |   2900 batches | lr 0.0005 | ms/batch 846.10 | loss  2.74 | avg loss  2.54 | ppl 12.64
| epoch   1 step     3000 |   3000 batches | lr 0.0005 | ms/batch 846.32 | loss  2.54 | avg loss  2.50 | ppl 12.22
saving checkpoint ./trained_models/GPT2_M/e2e/model.3000.pt
| epoch   1 step     3100 |   3100 batches | lr 0.0005 | ms/batch 950.85 | loss  2.73 | avg loss  2.51 | ppl 12.30
| epoch   1 step     3200 |   3200 batches | lr 0.0005 | ms/batch 846.22 | loss  2.60 | avg loss  2.55 | ppl 12.76
| epoch   1 step     3300 |   3300 batches | lr 0.0005 | ms/batch 847.51 | loss  2.85 | avg loss  2.50 | ppl 12.20
| epoch   1 step     3400 |   3400 batches | lr 0.0005 | ms/batch 848.21 | loss  2.47 | avg loss  2.50 | ppl 12.23
| epoch   1 step     3500 |   3500 batches | lr 0.0005 | ms/batch 847.25 | loss  2.25 | avg loss  2.54 | ppl 12.68
| epoch   1 step     3600 |   3600 batches | lr 0.0005 | ms/batch 844.44 | loss  2.42 | avg loss  2.54 | ppl 12.67
| epoch   1 step     3700 |   3700 batches | lr 0.0005 | ms/batch 845.81 | loss  2.46 | avg loss  2.50 | ppl 12.20
| epoch   1 step     3800 |   3800 batches | lr 0.0005 | ms/batch 844.43 | loss  2.50 | avg loss  2.47 | ppl 11.82
| epoch   1 step     3900 |   3900 batches | lr 0.0005 | ms/batch 844.54 | loss  2.16 | avg loss  2.54 | ppl 12.71
| epoch   1 step     4000 |   4000 batches | lr 0.0005 | ms/batch 836.12 | loss  2.57 | avg loss  2.54 | ppl 12.70
saving checkpoint ./trained_models/GPT2_M/e2e/model.4000.pt
eval samples: 0 loss: tensor(1.1977, device='cuda:0')
eval samples: 100 loss: tensor(0.8405, device='cuda:0')
eval samples: 200 loss: tensor(1.3189, device='cuda:0')
eval samples: 300 loss: tensor(1.0902, device='cuda:0')
eval samples: 400 loss: tensor(0.8478, device='cuda:0')
eval samples: 500 loss: tensor(0.5801, device='cuda:0')
eval samples: 600 loss: tensor(1.2768, device='cuda:0')
eval samples: 700 loss: tensor(0.6473, device='cuda:0')
eval samples: 800 loss: tensor(1.1457, device='cuda:0')
eval samples: 900 loss: tensor(1.7607, device='cuda:0')
eval samples: 1000 loss: tensor(0.9084, device='cuda:0')
eval samples: 1100 loss: tensor(1.5275, device='cuda:0')
average loss 1.2019531114715827
----------------------------------------------------------------------------------------------------
| Eval   2 at step     4000 | time: 167.68s | valid loss  1.20 | valid ppl  3.33 | best ppl  3.33 
----------------------------------------------------------------------------------------------------
| epoch   1 step     4100 |   4100 batches | lr 0.0005 | ms/batch 2625.85 | loss  2.63 | avg loss  2.50 | ppl 12.18
| epoch   1 step     4200 |   4200 batches | lr 0.0005 | ms/batch 846.10 | loss  2.53 | avg loss  2.51 | ppl 12.26
| epoch   1 step     4300 |   4300 batches | lr 0.0005 | ms/batch 846.39 | loss  2.35 | avg loss  2.46 | ppl 11.70
| epoch   1 step     4400 |   4400 batches | lr 0.0005 | ms/batch 844.65 | loss  2.60 | avg loss  2.49 | ppl 12.05
| epoch   1 step     4500 |   4500 batches | lr 0.0005 | ms/batch 846.45 | loss  2.62 | avg loss  2.52 | ppl 12.45
| epoch   1 step     4600 |   4600 batches | lr 0.0005 | ms/batch 846.31 | loss  2.45 | avg loss  2.53 | ppl 12.51
| epoch   1 step     4700 |   4700 batches | lr 0.0005 | ms/batch 847.02 | loss  2.28 | avg loss  2.51 | ppl 12.37
| epoch   1 step     4800 |   4800 batches | lr 0.0005 | ms/batch 847.39 | loss  2.68 | avg loss  2.49 | ppl 12.02
| epoch   1 step     4900 |   4900 batches | lr 0.0005 | ms/batch 846.72 | loss  2.57 | avg loss  2.50 | ppl 12.12
| epoch   1 step     5000 |   5000 batches | lr 0.0005 | ms/batch 846.65 | loss  2.21 | avg loss  2.47 | ppl 11.88
saving checkpoint ./trained_models/GPT2_M/e2e/model.5000.pt
| epoch   1 step     5100 |   5100 batches | lr 0.0005 | ms/batch 948.75 | loss  2.57 | avg loss  2.51 | ppl 12.33
| epoch   1 step     5200 |   5200 batches | lr 0.0005 | ms/batch 847.29 | loss  2.67 | avg loss  2.51 | ppl 12.27
saving checkpoint ./trained_models/GPT2_M/e2e/model.5258.pt
start to train the model................ 2
| epoch   2 step     5300 |     42 batches | lr 0.0005 | ms/batch 352.51 | loss  2.36 | avg loss  2.44 | ppl 11.44
| epoch   2 step     5400 |    142 batches | lr 0.0005 | ms/batch 847.12 | loss  2.43 | avg loss  2.49 | ppl 12.04
| epoch   2 step     5500 |    242 batches | lr 0.0005 | ms/batch 851.04 | loss  2.46 | avg loss  2.47 | ppl 11.86
| epoch   2 step     5600 |    342 batches | lr 0.0005 | ms/batch 852.23 | loss  2.16 | avg loss  2.50 | ppl 12.15
| epoch   2 step     5700 |    442 batches | lr 0.0005 | ms/batch 852.63 | loss  2.43 | avg loss  2.48 | ppl 11.96
| epoch   2 step     5800 |    542 batches | lr 0.0005 | ms/batch 850.55 | loss  2.40 | avg loss  2.46 | ppl 11.69
| epoch   2 step     5900 |    642 batches | lr 0.0005 | ms/batch 847.49 | loss  2.58 | avg loss  2.50 | ppl 12.13
| epoch   2 step     6000 |    742 batches | lr 0.0005 | ms/batch 849.41 | loss  2.19 | avg loss  2.45 | ppl 11.63
saving checkpoint ./trained_models/GPT2_M/e2e/model.6000.pt
eval samples: 0 loss: tensor(1.2005, device='cuda:0')
eval samples: 100 loss: tensor(0.8818, device='cuda:0')
eval samples: 200 loss: tensor(1.2508, device='cuda:0')
eval samples: 300 loss: tensor(1.0948, device='cuda:0')
eval samples: 400 loss: tensor(0.8773, device='cuda:0')
eval samples: 500 loss: tensor(0.5580, device='cuda:0')
eval samples: 600 loss: tensor(1.2991, device='cuda:0')
eval samples: 700 loss: tensor(0.7124, device='cuda:0')
eval samples: 800 loss: tensor(1.1789, device='cuda:0')
eval samples: 900 loss: tensor(1.7194, device='cuda:0')
eval samples: 1000 loss: tensor(0.9201, device='cuda:0')
eval samples: 1100 loss: tensor(1.5842, device='cuda:0')
average loss 1.2008612211538505
----------------------------------------------------------------------------------------------------
| Eval   3 at step     6000 | time: 167.71s | valid loss  1.20 | valid ppl  3.32 | best ppl  3.32 
----------------------------------------------------------------------------------------------------
| epoch   2 step     6100 |    842 batches | lr 0.0005 | ms/batch 2632.71 | loss  2.25 | avg loss  2.48 | ppl 11.93
| epoch   2 step     6200 |    942 batches | lr 0.0005 | ms/batch 848.50 | loss  2.33 | avg loss  2.48 | ppl 11.98
| epoch   2 step     6300 |   1042 batches | lr 0.0005 | ms/batch 848.58 | loss  2.64 | avg loss  2.49 | ppl 12.02
| epoch   2 step     6400 |   1142 batches | lr 0.0005 | ms/batch 847.91 | loss  2.26 | avg loss  2.48 | ppl 11.93
| epoch   2 step     6500 |   1242 batches | lr 0.0005 | ms/batch 845.19 | loss  2.32 | avg loss  2.50 | ppl 12.22
| epoch   2 step     6600 |   1342 batches | lr 0.0005 | ms/batch 846.75 | loss  2.75 | avg loss  2.47 | ppl 11.87
| epoch   2 step     6700 |   1442 batches | lr 0.0005 | ms/batch 843.00 | loss  2.43 | avg loss  2.49 | ppl 12.02
| epoch   2 step     6800 |   1542 batches | lr 0.0005 | ms/batch 845.37 | loss  2.40 | avg loss  2.50 | ppl 12.18
| epoch   2 step     6900 |   1642 batches | lr 0.0005 | ms/batch 845.17 | loss  2.37 | avg loss  2.43 | ppl 11.39
| epoch   2 step     7000 |   1742 batches | lr 0.0005 | ms/batch 846.56 | loss  2.58 | avg loss  2.49 | ppl 12.11
saving checkpoint ./trained_models/GPT2_M/e2e/model.7000.pt
| epoch   2 step     7100 |   1842 batches | lr 0.0005 | ms/batch 946.12 | loss  2.64 | avg loss  2.48 | ppl 11.88
| epoch   2 step     7200 |   1942 batches | lr 0.0005 | ms/batch 844.46 | loss  2.56 | avg loss  2.48 | ppl 11.91
| epoch   2 step     7300 |   2042 batches | lr 0.0005 | ms/batch 844.75 | loss  2.38 | avg loss  2.46 | ppl 11.66
| epoch   2 step     7400 |   2142 batches | lr 0.0005 | ms/batch 847.23 | loss  2.81 | avg loss  2.45 | ppl 11.61
| epoch   2 step     7500 |   2242 batches | lr 0.0005 | ms/batch 847.13 | loss  2.68 | avg loss  2.51 | ppl 12.26
| epoch   2 step     7600 |   2342 batches | lr 0.0005 | ms/batch 846.59 | loss  2.25 | avg loss  2.46 | ppl 11.73
| epoch   2 step     7700 |   2442 batches | lr 0.0005 | ms/batch 848.01 | loss  2.77 | avg loss  2.46 | ppl 11.69
| epoch   2 step     7800 |   2542 batches | lr 0.0005 | ms/batch 845.02 | loss  2.58 | avg loss  2.45 | ppl 11.56
| epoch   2 step     7900 |   2642 batches | lr 0.0005 | ms/batch 847.21 | loss  2.75 | avg loss  2.49 | ppl 12.10
| epoch   2 step     8000 |   2742 batches | lr 0.0005 | ms/batch 847.30 | loss  2.52 | avg loss  2.50 | ppl 12.24
saving checkpoint ./trained_models/GPT2_M/e2e/model.8000.pt
eval samples: 0 loss: tensor(1.2144, device='cuda:0')
eval samples: 100 loss: tensor(0.8830, device='cuda:0')
eval samples: 200 loss: tensor(1.2829, device='cuda:0')
eval samples: 300 loss: tensor(1.0745, device='cuda:0')
eval samples: 400 loss: tensor(0.8165, device='cuda:0')
eval samples: 500 loss: tensor(0.6003, device='cuda:0')
eval samples: 600 loss: tensor(1.2113, device='cuda:0')
eval samples: 700 loss: tensor(0.6617, device='cuda:0')
eval samples: 800 loss: tensor(1.1178, device='cuda:0')
eval samples: 900 loss: tensor(1.6604, device='cuda:0')
eval samples: 1000 loss: tensor(0.9411, device='cuda:0')
eval samples: 1100 loss: tensor(1.5640, device='cuda:0')
average loss 1.1876487054236948
----------------------------------------------------------------------------------------------------
| Eval   4 at step     8000 | time: 167.78s | valid loss  1.19 | valid ppl  3.28 | best ppl  3.28 
----------------------------------------------------------------------------------------------------
| epoch   2 step     8100 |   2842 batches | lr 0.0005 | ms/batch 2627.48 | loss  2.33 | avg loss  2.47 | ppl 11.79
| epoch   2 step     8200 |   2942 batches | lr 0.0005 | ms/batch 844.41 | loss  2.53 | avg loss  2.52 | ppl 12.42
| epoch   2 step     8300 |   3042 batches | lr 0.0005 | ms/batch 841.70 | loss  2.38 | avg loss  2.48 | ppl 11.96
| epoch   2 step     8400 |   3142 batches | lr 0.0005 | ms/batch 838.30 | loss  2.49 | avg loss  2.47 | ppl 11.84
| epoch   2 step     8500 |   3242 batches | lr 0.0005 | ms/batch 841.34 | loss  2.41 | avg loss  2.48 | ppl 11.97
| epoch   2 step     8600 |   3342 batches | lr 0.0005 | ms/batch 842.13 | loss  2.38 | avg loss  2.46 | ppl 11.74
| epoch   2 step     8700 |   3442 batches | lr 0.0005 | ms/batch 837.48 | loss  2.77 | avg loss  2.47 | ppl 11.77
| epoch   2 step     8800 |   3542 batches | lr 0.0005 | ms/batch 827.31 | loss  2.36 | avg loss  2.47 | ppl 11.77
| epoch   2 step     8900 |   3642 batches | lr 0.0005 | ms/batch 835.70 | loss  2.54 | avg loss  2.49 | ppl 12.02
| epoch   2 step     9000 |   3742 batches | lr 0.0005 | ms/batch 842.09 | loss  2.46 | avg loss  2.48 | ppl 11.98
saving checkpoint ./trained_models/GPT2_M/e2e/model.9000.pt
| epoch   2 step     9100 |   3842 batches | lr 0.0005 | ms/batch 949.43 | loss  2.41 | avg loss  2.48 | ppl 11.94
| epoch   2 step     9200 |   3942 batches | lr 0.0005 | ms/batch 848.60 | loss  2.60 | avg loss  2.48 | ppl 11.93
| epoch   2 step     9300 |   4042 batches | lr 0.0005 | ms/batch 847.68 | loss  2.46 | avg loss  2.49 | ppl 12.04
| epoch   2 step     9400 |   4142 batches | lr 0.0005 | ms/batch 846.43 | loss  2.50 | avg loss  2.48 | ppl 11.96
| epoch   2 step     9500 |   4242 batches | lr 0.0005 | ms/batch 846.55 | loss  2.51 | avg loss  2.48 | ppl 11.91
| epoch   2 step     9600 |   4342 batches | lr 0.0005 | ms/batch 839.47 | loss  2.86 | avg loss  2.48 | ppl 11.96
| epoch   2 step     9700 |   4442 batches | lr 0.0005 | ms/batch 847.31 | loss  2.22 | avg loss  2.47 | ppl 11.86
| epoch   2 step     9800 |   4542 batches | lr 0.0005 | ms/batch 847.80 | loss  2.45 | avg loss  2.47 | ppl 11.86
| epoch   2 step     9900 |   4642 batches | lr 0.0005 | ms/batch 845.79 | loss  2.15 | avg loss  2.46 | ppl 11.71
| epoch   2 step    10000 |   4742 batches | lr 0.0005 | ms/batch 847.11 | loss  2.56 | avg loss  2.50 | ppl 12.13
saving checkpoint ./trained_models/GPT2_M/e2e/model.10000.pt
eval samples: 0 loss: tensor(1.2141, device='cuda:0')
eval samples: 100 loss: tensor(0.9313, device='cuda:0')
eval samples: 200 loss: tensor(1.2776, device='cuda:0')
eval samples: 300 loss: tensor(1.0909, device='cuda:0')
eval samples: 400 loss: tensor(0.8878, device='cuda:0')
eval samples: 500 loss: tensor(0.6272, device='cuda:0')
eval samples: 600 loss: tensor(1.2474, device='cuda:0')
eval samples: 700 loss: tensor(0.6882, device='cuda:0')
eval samples: 800 loss: tensor(1.2437, device='cuda:0')
eval samples: 900 loss: tensor(1.7157, device='cuda:0')
eval samples: 1000 loss: tensor(0.9539, device='cuda:0')
eval samples: 1100 loss: tensor(1.6037, device='cuda:0')
average loss 1.2329259310172844
----------------------------------------------------------------------------------------------------
| Eval   5 at step    10000 | time: 167.66s | valid loss  1.23 | valid ppl  3.43 | best ppl  3.28 
----------------------------------------------------------------------------------------------------
| epoch   2 step    10100 |   4842 batches | lr 0.0005 | ms/batch 2625.72 | loss  2.27 | avg loss  2.48 | ppl 11.96
| epoch   2 step    10200 |   4942 batches | lr 0.0005 | ms/batch 841.36 | loss  2.42 | avg loss  2.49 | ppl 12.01
| epoch   2 step    10300 |   5042 batches | lr 0.0005 | ms/batch 840.10 | loss  2.77 | avg loss  2.47 | ppl 11.82
| epoch   2 step    10400 |   5142 batches | lr 0.0005 | ms/batch 842.34 | loss  2.61 | avg loss  2.47 | ppl 11.77
| epoch   2 step    10500 |   5242 batches | lr 0.0005 | ms/batch 842.64 | loss  2.37 | avg loss  2.45 | ppl 11.62
saving checkpoint ./trained_models/GPT2_M/e2e/model.10516.pt
start to train the model................ 3
| epoch   3 step    10600 |     84 batches | lr 0.0005 | ms/batch 703.78 | loss  2.12 | avg loss  2.45 | ppl 11.57
| epoch   3 step    10700 |    184 batches | lr 0.0005 | ms/batch 839.49 | loss  2.49 | avg loss  2.45 | ppl 11.64
| epoch   3 step    10800 |    284 batches | lr 0.0005 | ms/batch 839.29 | loss  2.64 | avg loss  2.44 | ppl 11.48
| epoch   3 step    10900 |    384 batches | lr 0.0005 | ms/batch 841.07 | loss  2.79 | avg loss  2.45 | ppl 11.57
| epoch   3 step    11000 |    484 batches | lr 0.0005 | ms/batch 842.45 | loss  2.57 | avg loss  2.45 | ppl 11.57
saving checkpoint ./trained_models/GPT2_M/e2e/model.11000.pt
| epoch   3 step    11100 |    584 batches | lr 0.0005 | ms/batch 951.12 | loss  2.52 | avg loss  2.51 | ppl 12.26
| epoch   3 step    11200 |    684 batches | lr 0.0005 | ms/batch 843.29 | loss  2.48 | avg loss  2.45 | ppl 11.61
| epoch   3 step    11300 |    784 batches | lr 0.0005 | ms/batch 847.57 | loss  2.48 | avg loss  2.47 | ppl 11.78
| epoch   3 step    11400 |    884 batches | lr 0.0005 | ms/batch 847.29 | loss  2.29 | avg loss  2.46 | ppl 11.69
| epoch   3 step    11500 |    984 batches | lr 0.0005 | ms/batch 847.86 | loss  2.21 | avg loss  2.46 | ppl 11.74
| epoch   3 step    11600 |   1084 batches | lr 0.0005 | ms/batch 847.65 | loss  2.14 | avg loss  2.43 | ppl 11.38
| epoch   3 step    11700 |   1184 batches | lr 0.0005 | ms/batch 848.79 | loss  2.30 | avg loss  2.45 | ppl 11.54
| epoch   3 step    11800 |   1284 batches | lr 0.0005 | ms/batch 846.97 | loss  2.46 | avg loss  2.43 | ppl 11.32
| epoch   3 step    11900 |   1384 batches | lr 0.0005 | ms/batch 847.42 | loss  2.36 | avg loss  2.44 | ppl 11.47
| epoch   3 step    12000 |   1484 batches | lr 0.0005 | ms/batch 845.73 | loss  2.53 | avg loss  2.45 | ppl 11.55
saving checkpoint ./trained_models/GPT2_M/e2e/model.12000.pt
eval samples: 0 loss: tensor(1.1911, device='cuda:0')
eval samples: 100 loss: tensor(0.9280, device='cuda:0')
eval samples: 200 loss: tensor(1.2531, device='cuda:0')
eval samples: 300 loss: tensor(1.1577, device='cuda:0')
eval samples: 400 loss: tensor(0.9143, device='cuda:0')
eval samples: 500 loss: tensor(0.6404, device='cuda:0')
eval samples: 600 loss: tensor(1.2867, device='cuda:0')
eval samples: 700 loss: tensor(0.6845, device='cuda:0')
eval samples: 800 loss: tensor(1.2456, device='cuda:0')
eval samples: 900 loss: tensor(1.7287, device='cuda:0')
eval samples: 1000 loss: tensor(1.0062, device='cuda:0')
eval samples: 1100 loss: tensor(1.5694, device='cuda:0')
average loss 1.230674786671792
----------------------------------------------------------------------------------------------------
| Eval   6 at step    12000 | time: 167.77s | valid loss  1.23 | valid ppl  3.42 | best ppl  3.42 
----------------------------------------------------------------------------------------------------
| epoch   3 step    12100 |   1584 batches | lr 0.0005 | ms/batch 2628.99 | loss  2.43 | avg loss  2.47 | ppl 11.82
| epoch   3 step    12200 |   1684 batches | lr 0.0005 | ms/batch 841.79 | loss  2.36 | avg loss  2.48 | ppl 11.98
| epoch   3 step    12300 |   1784 batches | lr 0.0005 | ms/batch 843.49 | loss  2.43 | avg loss  2.47 | ppl 11.78
| epoch   3 step    12400 |   1884 batches | lr 0.0005 | ms/batch 842.77 | loss  2.53 | avg loss  2.44 | ppl 11.42
| epoch   3 step    12500 |   1984 batches | lr 0.0005 | ms/batch 842.71 | loss  2.73 | avg loss  2.46 | ppl 11.68
| epoch   3 step    12600 |   2084 batches | lr 0.0005 | ms/batch 842.20 | loss  2.75 | avg loss  2.40 | ppl 11.06
| epoch   3 step    12700 |   2184 batches | lr 0.0005 | ms/batch 841.70 | loss  2.27 | avg loss  2.45 | ppl 11.61
| epoch   3 step    12800 |   2284 batches | lr 0.0005 | ms/batch 841.53 | loss  2.59 | avg loss  2.47 | ppl 11.76
| epoch   3 step    12900 |   2384 batches | lr 0.0005 | ms/batch 841.94 | loss  2.34 | avg loss  2.46 | ppl 11.68
| epoch   3 step    13000 |   2484 batches | lr 0.0005 | ms/batch 842.30 | loss  2.88 | avg loss  2.48 | ppl 11.99
saving checkpoint ./trained_models/GPT2_M/e2e/model.13000.pt
| epoch   3 step    13100 |   2584 batches | lr 0.0005 | ms/batch 950.31 | loss  2.26 | avg loss  2.43 | ppl 11.41
| epoch   3 step    13200 |   2684 batches | lr 0.0005 | ms/batch 841.87 | loss  2.35 | avg loss  2.49 | ppl 12.12
| epoch   3 step    13300 |   2784 batches | lr 0.0005 | ms/batch 841.64 | loss  2.37 | avg loss  2.43 | ppl 11.41
| epoch   3 step    13400 |   2884 batches | lr 0.0005 | ms/batch 833.45 | loss  2.56 | avg loss  2.44 | ppl 11.50
| epoch   3 step    13500 |   2984 batches | lr 0.0005 | ms/batch 840.66 | loss  2.87 | avg loss  2.48 | ppl 11.94
| epoch   3 step    13600 |   3084 batches | lr 0.0005 | ms/batch 841.54 | loss  2.20 | avg loss  2.47 | ppl 11.77
| epoch   3 step    13700 |   3184 batches | lr 0.0005 | ms/batch 842.50 | loss  2.63 | avg loss  2.51 | ppl 12.33
| epoch   3 step    13800 |   3284 batches | lr 0.0005 | ms/batch 842.20 | loss  2.23 | avg loss  2.44 | ppl 11.47
| epoch   3 step    13900 |   3384 batches | lr 0.0005 | ms/batch 840.06 | loss  2.81 | avg loss  2.48 | ppl 11.98
| epoch   3 step    14000 |   3484 batches | lr 0.0005 | ms/batch 841.71 | loss  2.56 | avg loss  2.49 | ppl 12.09
saving checkpoint ./trained_models/GPT2_M/e2e/model.14000.pt
eval samples: 0 loss: tensor(1.1178, device='cuda:0')
eval samples: 100 loss: tensor(0.9149, device='cuda:0')
eval samples: 200 loss: tensor(1.2510, device='cuda:0')
eval samples: 300 loss: tensor(1.1067, device='cuda:0')
eval samples: 400 loss: tensor(0.9079, device='cuda:0')
eval samples: 500 loss: tensor(0.6007, device='cuda:0')
eval samples: 600 loss: tensor(1.2333, device='cuda:0')
eval samples: 700 loss: tensor(0.6884, device='cuda:0')
eval samples: 800 loss: tensor(1.1703, device='cuda:0')
eval samples: 900 loss: tensor(1.7107, device='cuda:0')
eval samples: 1000 loss: tensor(0.9470, device='cuda:0')
eval samples: 1100 loss: tensor(1.5960, device='cuda:0')
average loss 1.2083057043436047
----------------------------------------------------------------------------------------------------
| Eval   7 at step    14000 | time: 167.59s | valid loss  1.21 | valid ppl  3.35 | best ppl  3.35 
----------------------------------------------------------------------------------------------------
| epoch   3 step    14100 |   3584 batches | lr 0.0005 | ms/batch 2620.42 | loss  2.55 | avg loss  2.42 | ppl 11.26
| epoch   3 step    14200 |   3684 batches | lr 0.0005 | ms/batch 842.13 | loss  2.43 | avg loss  2.44 | ppl 11.44
| epoch   3 step    14300 |   3784 batches | lr 0.0005 | ms/batch 841.95 | loss  2.71 | avg loss  2.44 | ppl 11.50
| epoch   3 step    14400 |   3884 batches | lr 0.0005 | ms/batch 842.42 | loss  2.20 | avg loss  2.46 | ppl 11.65
| epoch   3 step    14500 |   3984 batches | lr 0.0005 | ms/batch 841.67 | loss  2.27 | avg loss  2.47 | ppl 11.78
| epoch   3 step    14600 |   4084 batches | lr 0.0005 | ms/batch 844.68 | loss  2.47 | avg loss  2.48 | ppl 11.92
| epoch   3 step    14700 |   4184 batches | lr 0.0005 | ms/batch 846.45 | loss  2.42 | avg loss  2.45 | ppl 11.54
| epoch   3 step    14800 |   4284 batches | lr 0.0005 | ms/batch 844.18 | loss  2.52 | avg loss  2.48 | ppl 11.98
| epoch   3 step    14900 |   4384 batches | lr 0.0005 | ms/batch 846.10 | loss  2.38 | avg loss  2.45 | ppl 11.63
| epoch   3 step    15000 |   4484 batches | lr 0.0005 | ms/batch 849.87 | loss  2.78 | avg loss  2.49 | ppl 12.03
saving checkpoint ./trained_models/GPT2_M/e2e/model.15000.pt
| epoch   3 step    15100 |   4584 batches | lr 0.0005 | ms/batch 965.78 | loss  2.29 | avg loss  2.45 | ppl 11.64
| epoch   3 step    15200 |   4684 batches | lr 0.0005 | ms/batch 845.16 | loss  2.46 | avg loss  2.45 | ppl 11.63
| epoch   3 step    15300 |   4784 batches | lr 0.0005 | ms/batch 846.95 | loss  2.46 | avg loss  2.49 | ppl 12.08
| epoch   3 step    15400 |   4884 batches | lr 0.0005 | ms/batch 844.00 | loss  2.31 | avg loss  2.47 | ppl 11.79
| epoch   3 step    15500 |   4984 batches | lr 0.0005 | ms/batch 843.64 | loss  2.40 | avg loss  2.46 | ppl 11.75
| epoch   3 step    15600 |   5084 batches | lr 0.0005 | ms/batch 842.02 | loss  2.53 | avg loss  2.45 | ppl 11.62
| epoch   3 step    15700 |   5184 batches | lr 0.0005 | ms/batch 842.78 | loss  2.37 | avg loss  2.44 | ppl 11.44
saving checkpoint ./trained_models/GPT2_M/e2e/model.15774.pt
start to train the model................ 4
| epoch   4 step    15800 |     26 batches | lr 0.0005 | ms/batch 219.18 | loss  2.26 | avg loss  2.42 | ppl 11.21
| epoch   4 step    15900 |    126 batches | lr 0.0005 | ms/batch 844.78 | loss  2.35 | avg loss  2.43 | ppl 11.32
| epoch   4 step    16000 |    226 batches | lr 0.0005 | ms/batch 842.51 | loss  2.47 | avg loss  2.45 | ppl 11.60
saving checkpoint ./trained_models/GPT2_M/e2e/model.16000.pt
eval samples: 0 loss: tensor(1.2092, device='cuda:0')
eval samples: 100 loss: tensor(0.9114, device='cuda:0')
eval samples: 200 loss: tensor(1.2536, device='cuda:0')
eval samples: 300 loss: tensor(1.1005, device='cuda:0')
eval samples: 400 loss: tensor(0.8966, device='cuda:0')
eval samples: 500 loss: tensor(0.6076, device='cuda:0')
eval samples: 600 loss: tensor(1.2744, device='cuda:0')
eval samples: 700 loss: tensor(0.6569, device='cuda:0')
eval samples: 800 loss: tensor(1.2429, device='cuda:0')
eval samples: 900 loss: tensor(1.6838, device='cuda:0')
eval samples: 1000 loss: tensor(1.0030, device='cuda:0')
eval samples: 1100 loss: tensor(1.5880, device='cuda:0')
average loss 1.2233147534911764
----------------------------------------------------------------------------------------------------
| Eval   8 at step    16000 | time: 167.63s | valid loss  1.22 | valid ppl  3.40 | best ppl  3.40 
----------------------------------------------------------------------------------------------------
| epoch   4 step    16100 |    326 batches | lr 0.0005 | ms/batch 2629.05 | loss  2.63 | avg loss  2.43 | ppl 11.31
| epoch   4 step    16200 |    426 batches | lr 0.0005 | ms/batch 843.61 | loss  2.41 | avg loss  2.44 | ppl 11.48
| epoch   4 step    16300 |    526 batches | lr 0.0005 | ms/batch 843.97 | loss  2.81 | avg loss  2.43 | ppl 11.31
| epoch   4 step    16400 |    626 batches | lr 0.0005 | ms/batch 844.34 | loss  2.91 | avg loss  2.43 | ppl 11.41
| epoch   4 step    16500 |    726 batches | lr 0.0005 | ms/batch 844.62 | loss  2.63 | avg loss  2.46 | ppl 11.75
| epoch   4 step    16600 |    826 batches | lr 0.0005 | ms/batch 843.70 | loss  2.64 | avg loss  2.44 | ppl 11.43
| epoch   4 step    16700 |    926 batches | lr 0.0005 | ms/batch 844.59 | loss  2.63 | avg loss  2.45 | ppl 11.55
| epoch   4 step    16800 |   1026 batches | lr 0.0005 | ms/batch 839.61 | loss  2.47 | avg loss  2.44 | ppl 11.53
| epoch   4 step    16900 |   1126 batches | lr 0.0005 | ms/batch 842.53 | loss  2.14 | avg loss  2.42 | ppl 11.25
| epoch   4 step    17000 |   1226 batches | lr 0.0005 | ms/batch 845.78 | loss  2.31 | avg loss  2.42 | ppl 11.28
saving checkpoint ./trained_models/GPT2_M/e2e/model.17000.pt
| epoch   4 step    17100 |   1326 batches | lr 0.0005 | ms/batch 949.21 | loss  2.59 | avg loss  2.47 | ppl 11.87
| epoch   4 step    17200 |   1426 batches | lr 0.0005 | ms/batch 844.76 | loss  2.38 | avg loss  2.42 | ppl 11.21
| epoch   4 step    17300 |   1526 batches | lr 0.0005 | ms/batch 844.76 | loss  2.30 | avg loss  2.45 | ppl 11.56
| epoch   4 step    17400 |   1626 batches | lr 0.0005 | ms/batch 844.57 | loss  2.27 | avg loss  2.46 | ppl 11.67
| epoch   4 step    17500 |   1726 batches | lr 0.0005 | ms/batch 845.47 | loss  2.74 | avg loss  2.46 | ppl 11.67
| epoch   4 step    17600 |   1826 batches | lr 0.0005 | ms/batch 843.85 | loss  2.80 | avg loss  2.47 | ppl 11.81
| epoch   4 step    17700 |   1926 batches | lr 0.0005 | ms/batch 841.67 | loss  2.36 | avg loss  2.44 | ppl 11.45
| epoch   4 step    17800 |   2026 batches | lr 0.0005 | ms/batch 844.22 | loss  2.68 | avg loss  2.47 | ppl 11.78
| epoch   4 step    17900 |   2126 batches | lr 0.0005 | ms/batch 841.77 | loss  2.42 | avg loss  2.44 | ppl 11.51
| epoch   4 step    18000 |   2226 batches | lr 0.0005 | ms/batch 845.38 | loss  2.94 | avg loss  2.44 | ppl 11.51
saving checkpoint ./trained_models/GPT2_M/e2e/model.18000.pt
eval samples: 0 loss: tensor(1.1535, device='cuda:0')
eval samples: 100 loss: tensor(0.8932, device='cuda:0')
eval samples: 200 loss: tensor(1.2472, device='cuda:0')
eval samples: 300 loss: tensor(1.0544, device='cuda:0')
eval samples: 400 loss: tensor(0.8810, device='cuda:0')
eval samples: 500 loss: tensor(0.6530, device='cuda:0')
eval samples: 600 loss: tensor(1.2418, device='cuda:0')
eval samples: 700 loss: tensor(0.6857, device='cuda:0')
eval samples: 800 loss: tensor(1.1950, device='cuda:0')
eval samples: 900 loss: tensor(1.7379, device='cuda:0')
eval samples: 1000 loss: tensor(0.9531, device='cuda:0')
eval samples: 1100 loss: tensor(1.5874, device='cuda:0')
average loss 1.2086771189758223
----------------------------------------------------------------------------------------------------
| Eval   9 at step    18000 | time: 167.59s | valid loss  1.21 | valid ppl  3.35 | best ppl  3.35 
----------------------------------------------------------------------------------------------------
| epoch   4 step    18100 |   2326 batches | lr 0.0005 | ms/batch 2626.34 | loss  2.57 | avg loss  2.43 | ppl 11.38
| epoch   4 step    18200 |   2426 batches | lr 0.0005 | ms/batch 842.25 | loss  2.42 | avg loss  2.45 | ppl 11.63
| epoch   4 step    18300 |   2526 batches | lr 0.0005 | ms/batch 844.71 | loss  2.35 | avg loss  2.46 | ppl 11.66
| epoch   4 step    18400 |   2626 batches | lr 0.0005 | ms/batch 843.00 | loss  2.67 | avg loss  2.43 | ppl 11.39
| epoch   4 step    18500 |   2726 batches | lr 0.0005 | ms/batch 845.20 | loss  2.45 | avg loss  2.42 | ppl 11.28
| epoch   4 step    18600 |   2826 batches | lr 0.0005 | ms/batch 1765.40 | loss  2.24 | avg loss  2.46 | ppl 11.76
| epoch   4 step    18700 |   2926 batches | lr 0.0005 | ms/batch 974.85 | loss  2.24 | avg loss  2.42 | ppl 11.30
| epoch   4 step    18800 |   3026 batches | lr 0.0005 | ms/batch 842.06 | loss  2.23 | avg loss  2.46 | ppl 11.72
| epoch   4 step    18900 |   3126 batches | lr 0.0005 | ms/batch 843.80 | loss  2.40 | avg loss  2.45 | ppl 11.57
| epoch   4 step    19000 |   3226 batches | lr 0.0005 | ms/batch 840.80 | loss  2.81 | avg loss  2.46 | ppl 11.70
saving checkpoint ./trained_models/GPT2_M/e2e/model.19000.pt
| epoch   4 step    19100 |   3326 batches | lr 0.0005 | ms/batch 948.55 | loss  2.68 | avg loss  2.44 | ppl 11.43
| epoch   4 step    19200 |   3426 batches | lr 0.0005 | ms/batch 844.75 | loss  2.54 | avg loss  2.42 | ppl 11.27
| epoch   4 step    19300 |   3526 batches | lr 0.0005 | ms/batch 844.28 | loss  2.54 | avg loss  2.47 | ppl 11.76
| epoch   4 step    19400 |   3626 batches | lr 0.0005 | ms/batch 844.97 | loss  2.53 | avg loss  2.45 | ppl 11.55
| epoch   4 step    19500 |   3726 batches | lr 0.0005 | ms/batch 844.98 | loss  2.21 | avg loss  2.44 | ppl 11.51
| epoch   4 step    19600 |   3826 batches | lr 0.0005 | ms/batch 846.55 | loss  2.69 | avg loss  2.45 | ppl 11.62
| epoch   4 step    19700 |   3926 batches | lr 0.0005 | ms/batch 845.95 | loss  2.54 | avg loss  2.45 | ppl 11.55
| epoch   4 step    19800 |   4026 batches | lr 0.0005 | ms/batch 845.28 | loss  2.45 | avg loss  2.45 | ppl 11.60
| epoch   4 step    19900 |   4126 batches | lr 0.0005 | ms/batch 843.73 | loss  2.28 | avg loss  2.49 | ppl 12.01
| epoch   4 step    20000 |   4226 batches | lr 0.0005 | ms/batch 842.82 | loss  2.36 | avg loss  2.46 | ppl 11.65
saving checkpoint ./trained_models/GPT2_M/e2e/model.20000.pt
eval samples: 0 loss: tensor(1.2088, device='cuda:0')
eval samples: 100 loss: tensor(0.9262, device='cuda:0')
eval samples: 200 loss: tensor(1.2864, device='cuda:0')
eval samples: 300 loss: tensor(1.0939, device='cuda:0')
eval samples: 400 loss: tensor(0.8353, device='cuda:0')
eval samples: 500 loss: tensor(0.6068, device='cuda:0')
eval samples: 600 loss: tensor(1.2011, device='cuda:0')
eval samples: 700 loss: tensor(0.6457, device='cuda:0')
eval samples: 800 loss: tensor(1.1632, device='cuda:0')
eval samples: 900 loss: tensor(1.7336, device='cuda:0')
eval samples: 1000 loss: tensor(0.9632, device='cuda:0')
eval samples: 1100 loss: tensor(1.4671, device='cuda:0')
average loss 1.1872783667369657
----------------------------------------------------------------------------------------------------
| Eval  10 at step    20000 | time: 167.55s | valid loss  1.19 | valid ppl  3.28 | best ppl  3.28 
----------------------------------------------------------------------------------------------------
| epoch   4 step    20100 |   4326 batches | lr 0.0005 | ms/batch 2626.49 | loss  2.29 | avg loss  2.44 | ppl 11.48
| epoch   4 step    20200 |   4426 batches | lr 0.0005 | ms/batch 842.79 | loss  2.48 | avg loss  2.46 | ppl 11.65
| epoch   4 step    20300 |   4526 batches | lr 0.0005 | ms/batch 841.74 | loss  2.47 | avg loss  2.47 | ppl 11.87
| epoch   4 step    20400 |   4626 batches | lr 0.0005 | ms/batch 842.92 | loss  2.44 | avg loss  2.45 | ppl 11.55
| epoch   4 step    20500 |   4726 batches | lr 0.0005 | ms/batch 843.50 | loss  2.66 | avg loss  2.43 | ppl 11.39
| epoch   4 step    20600 |   4826 batches | lr 0.0005 | ms/batch 846.11 | loss  2.62 | avg loss  2.48 | ppl 11.93
| epoch   4 step    20700 |   4926 batches | lr 0.0005 | ms/batch 845.17 | loss  2.53 | avg loss  2.45 | ppl 11.55
| epoch   4 step    20800 |   5026 batches | lr 0.0005 | ms/batch 844.55 | loss  2.27 | avg loss  2.47 | ppl 11.84
| epoch   4 step    20900 |   5126 batches | lr 0.0005 | ms/batch 844.89 | loss  2.40 | avg loss  2.44 | ppl 11.44
| epoch   4 step    21000 |   5226 batches | lr 0.0005 | ms/batch 846.86 | loss  2.27 | avg loss  2.44 | ppl 11.53
saving checkpoint ./trained_models/GPT2_M/e2e/model.21000.pt
saving checkpoint ./trained_models/GPT2_M/e2e/model.21032.pt
start to train the model................ 5
| epoch   5 step    21100 |     68 batches | lr 0.0005 | ms/batch 572.52 | loss  2.60 | avg loss  2.45 | ppl 11.54
| epoch   5 step    21200 |    168 batches | lr 0.0005 | ms/batch 842.55 | loss  2.50 | avg loss  2.39 | ppl 10.88
| epoch   5 step    21300 |    268 batches | lr 0.0005 | ms/batch 844.69 | loss  2.23 | avg loss  2.44 | ppl 11.52
| epoch   5 step    21400 |    368 batches | lr 0.0005 | ms/batch 844.18 | loss  2.53 | avg loss  2.43 | ppl 11.40
| epoch   5 step    21500 |    468 batches | lr 0.0005 | ms/batch 843.87 | loss  2.68 | avg loss  2.44 | ppl 11.51
| epoch   5 step    21600 |    568 batches | lr 0.0005 | ms/batch 843.99 | loss  2.72 | avg loss  2.40 | ppl 11.06
| epoch   5 step    21700 |    668 batches | lr 0.0005 | ms/batch 844.19 | loss  2.79 | avg loss  2.45 | ppl 11.54
| epoch   5 step    21800 |    768 batches | lr 0.0005 | ms/batch 843.69 | loss  2.36 | avg loss  2.46 | ppl 11.69
| epoch   5 step    21900 |    868 batches | lr 0.0005 | ms/batch 843.66 | loss  2.68 | avg loss  2.43 | ppl 11.39
| epoch   5 step    22000 |    968 batches | lr 0.0005 | ms/batch 842.94 | loss  2.37 | avg loss  2.38 | ppl 10.80
saving checkpoint ./trained_models/GPT2_M/e2e/model.22000.pt
eval samples: 0 loss: tensor(1.1911, device='cuda:0')
eval samples: 100 loss: tensor(0.8995, device='cuda:0')
eval samples: 200 loss: tensor(1.3119, device='cuda:0')
eval samples: 300 loss: tensor(1.1136, device='cuda:0')
eval samples: 400 loss: tensor(0.8141, device='cuda:0')
eval samples: 500 loss: tensor(0.6242, device='cuda:0')
eval samples: 600 loss: tensor(1.2047, device='cuda:0')
eval samples: 700 loss: tensor(0.6963, device='cuda:0')
eval samples: 800 loss: tensor(1.2348, device='cuda:0')
eval samples: 900 loss: tensor(1.7479, device='cuda:0')
eval samples: 1000 loss: tensor(0.9767, device='cuda:0')
eval samples: 1100 loss: tensor(1.6543, device='cuda:0')
average loss 1.208358285642446
----------------------------------------------------------------------------------------------------
| Eval  11 at step    22000 | time: 167.67s | valid loss  1.21 | valid ppl  3.35 | best ppl  3.35 
----------------------------------------------------------------------------------------------------
| epoch   5 step    22100 |   1068 batches | lr 0.0005 | ms/batch 2622.01 | loss  2.54 | avg loss  2.42 | ppl 11.20
| epoch   5 step    22200 |   1168 batches | lr 0.0005 | ms/batch 843.37 | loss  2.84 | avg loss  2.45 | ppl 11.54
| epoch   5 step    22300 |   1268 batches | lr 0.0005 | ms/batch 843.32 | loss  2.30 | avg loss  2.45 | ppl 11.59
| epoch   5 step    22400 |   1368 batches | lr 0.0005 | ms/batch 843.50 | loss  2.21 | avg loss  2.40 | ppl 11.05
| epoch   5 step    22500 |   1468 batches | lr 0.0005 | ms/batch 844.28 | loss  2.59 | avg loss  2.44 | ppl 11.53
| epoch   5 step    22600 |   1568 batches | lr 0.0005 | ms/batch 844.97 | loss  2.64 | avg loss  2.45 | ppl 11.54
| epoch   5 step    22700 |   1668 batches | lr 0.0005 | ms/batch 844.55 | loss  2.34 | avg loss  2.44 | ppl 11.44
| epoch   5 step    22800 |   1768 batches | lr 0.0005 | ms/batch 843.66 | loss  2.32 | avg loss  2.45 | ppl 11.55
| epoch   5 step    22900 |   1868 batches | lr 0.0005 | ms/batch 844.19 | loss  2.78 | avg loss  2.48 | ppl 11.95
| epoch   5 step    23000 |   1968 batches | lr 0.0005 | ms/batch 852.49 | loss  2.34 | avg loss  2.44 | ppl 11.43
saving checkpoint ./trained_models/GPT2_M/e2e/model.23000.pt
| epoch   5 step    23100 |   2068 batches | lr 0.0005 | ms/batch 959.07 | loss  2.54 | avg loss  2.47 | ppl 11.80
| epoch   5 step    23200 |   2168 batches | lr 0.0005 | ms/batch 843.85 | loss  2.61 | avg loss  2.43 | ppl 11.36
| epoch   5 step    23300 |   2268 batches | lr 0.0005 | ms/batch 842.89 | loss  2.25 | avg loss  2.42 | ppl 11.21
| epoch   5 step    23400 |   2368 batches | lr 0.0005 | ms/batch 843.88 | loss  2.38 | avg loss  2.44 | ppl 11.51
| epoch   5 step    23500 |   2468 batches | lr 0.0005 | ms/batch 843.37 | loss  2.24 | avg loss  2.41 | ppl 11.17
| epoch   5 step    23600 |   2568 batches | lr 0.0005 | ms/batch 843.92 | loss  2.13 | avg loss  2.43 | ppl 11.36
| epoch   5 step    23700 |   2668 batches | lr 0.0005 | ms/batch 842.69 | loss  2.32 | avg loss  2.41 | ppl 11.09
| epoch   5 step    23800 |   2768 batches | lr 0.0005 | ms/batch 843.39 | loss  2.47 | avg loss  2.45 | ppl 11.59
| epoch   5 step    23900 |   2868 batches | lr 0.0005 | ms/batch 843.76 | loss  2.49 | avg loss  2.42 | ppl 11.27
| epoch   5 step    24000 |   2968 batches | lr 0.0005 | ms/batch 838.16 | loss  2.33 | avg loss  2.45 | ppl 11.57
saving checkpoint ./trained_models/GPT2_M/e2e/model.24000.pt
eval samples: 0 loss: tensor(1.2033, device='cuda:0')
eval samples: 100 loss: tensor(0.8754, device='cuda:0')
eval samples: 200 loss: tensor(1.2905, device='cuda:0')
eval samples: 300 loss: tensor(1.0535, device='cuda:0')
eval samples: 400 loss: tensor(0.8580, device='cuda:0')
eval samples: 500 loss: tensor(0.6130, device='cuda:0')
eval samples: 600 loss: tensor(1.2700, device='cuda:0')
eval samples: 700 loss: tensor(0.6679, device='cuda:0')
eval samples: 800 loss: tensor(1.2546, device='cuda:0')
eval samples: 900 loss: tensor(1.7065, device='cuda:0')
eval samples: 1000 loss: tensor(0.9395, device='cuda:0')
eval samples: 1100 loss: tensor(1.5409, device='cuda:0')
average loss 1.223183315757611
----------------------------------------------------------------------------------------------------
| Eval  12 at step    24000 | time: 168.62s | valid loss  1.22 | valid ppl  3.40 | best ppl  3.35 
----------------------------------------------------------------------------------------------------
| epoch   5 step    24100 |   3068 batches | lr 0.0005 | ms/batch 2635.53 | loss  2.58 | avg loss  2.47 | ppl 11.86
| epoch   5 step    24200 |   3168 batches | lr 0.0005 | ms/batch 846.98 | loss  2.62 | avg loss  2.41 | ppl 11.09
| epoch   5 step    24300 |   3268 batches | lr 0.0005 | ms/batch 847.55 | loss  2.55 | avg loss  2.46 | ppl 11.67
| epoch   5 step    24400 |   3368 batches | lr 0.0005 | ms/batch 846.84 | loss  2.55 | avg loss  2.43 | ppl 11.40
| epoch   5 step    24500 |   3468 batches | lr 0.0005 | ms/batch 844.76 | loss  2.26 | avg loss  2.44 | ppl 11.50
| epoch   5 step    24600 |   3568 batches | lr 0.0005 | ms/batch 843.15 | loss  2.49 | avg loss  2.44 | ppl 11.42
| epoch   5 step    24700 |   3668 batches | lr 0.0005 | ms/batch 844.35 | loss  2.71 | avg loss  2.48 | ppl 11.93
| epoch   5 step    24800 |   3768 batches | lr 0.0005 | ms/batch 844.71 | loss  2.76 | avg loss  2.44 | ppl 11.42
| epoch   5 step    24900 |   3868 batches | lr 0.0005 | ms/batch 844.09 | loss  2.27 | avg loss  2.44 | ppl 11.49
| epoch   5 step    25000 |   3968 batches | lr 0.0005 | ms/batch 843.12 | loss  2.33 | avg loss  2.45 | ppl 11.61
saving checkpoint ./trained_models/GPT2_M/e2e/model.25000.pt
| epoch   5 step    25100 |   4068 batches | lr 0.0005 | ms/batch 939.30 | loss  2.58 | avg loss  2.42 | ppl 11.30
| epoch   5 step    25200 |   4168 batches | lr 0.0005 | ms/batch 843.92 | loss  2.27 | avg loss  2.46 | ppl 11.66
| epoch   5 step    25300 |   4268 batches | lr 0.0005 | ms/batch 844.43 | loss  2.36 | avg loss  2.43 | ppl 11.31
| epoch   5 step    25400 |   4368 batches | lr 0.0005 | ms/batch 842.63 | loss  2.73 | avg loss  2.41 | ppl 11.19
| epoch   5 step    25500 |   4468 batches | lr 0.0005 | ms/batch 843.59 | loss  2.46 | avg loss  2.44 | ppl 11.52
| epoch   5 step    25600 |   4568 batches | lr 0.0005 | ms/batch 843.70 | loss  2.71 | avg loss  2.45 | ppl 11.58
| epoch   5 step    25700 |   4668 batches | lr 0.0005 | ms/batch 844.28 | loss  2.76 | avg loss  2.50 | ppl 12.21
| epoch   5 step    25800 |   4768 batches | lr 0.0005 | ms/batch 843.42 | loss  2.45 | avg loss  2.47 | ppl 11.83
| epoch   5 step    25900 |   4868 batches | lr 0.0005 | ms/batch 843.91 | loss  2.30 | avg loss  2.44 | ppl 11.45
| epoch   5 step    26000 |   4968 batches | lr 0.0005 | ms/batch 844.98 | loss  2.36 | avg loss  2.46 | ppl 11.72
saving checkpoint ./trained_models/GPT2_M/e2e/model.26000.pt
eval samples: 0 loss: tensor(1.1041, device='cuda:0')
eval samples: 100 loss: tensor(0.8086, device='cuda:0')
eval samples: 200 loss: tensor(1.2458, device='cuda:0')
eval samples: 300 loss: tensor(1.0309, device='cuda:0')
eval samples: 400 loss: tensor(0.8679, device='cuda:0')
eval samples: 500 loss: tensor(0.5968, device='cuda:0')
eval samples: 600 loss: tensor(1.2084, device='cuda:0')
eval samples: 700 loss: tensor(0.6323, device='cuda:0')
eval samples: 800 loss: tensor(1.1772, device='cuda:0')
eval samples: 900 loss: tensor(1.7758, device='cuda:0')
eval samples: 1000 loss: tensor(0.9420, device='cuda:0')
eval samples: 1100 loss: tensor(1.5216, device='cuda:0')
average loss 1.184110248180693
----------------------------------------------------------------------------------------------------
| Eval  13 at step    26000 | time: 167.84s | valid loss  1.18 | valid ppl  3.27 | best ppl  3.27 
----------------------------------------------------------------------------------------------------
| epoch   5 step    26100 |   5068 batches | lr 0.0005 | ms/batch 2631.60 | loss  2.45 | avg loss  2.45 | ppl 11.56
| epoch   5 step    26200 |   5168 batches | lr 0.0005 | ms/batch 846.40 | loss  2.53 | avg loss  2.43 | ppl 11.37
saving checkpoint ./trained_models/GPT2_M/e2e/model.26290.pt
----------------------------------------------------------------------------------------------------
End of training
cleanup dist ...
[rank0]:[W730 08:54:43.001986074 ProcessGroupNCCL.cpp:1479] Warning: WARNING: destroy_process_group() was not called before program exit, which can leak resources. For more info, please see https://pytorch.org/docs/stable/distributed.html#shutdown (function operator())
