nohup: ignoring input
myrank: 0 local_rank: 0 device_count: 1 world_size: 1
====================================================================================================
        - platform : local
        - local_rank : 0
        - rank : 0
        - device : cuda:0
        - world_size : 1
        - random_seed : 110
        - lr : 0.0005
        - weight_decay : 0.01
        - correct_bias : True
        - adam_epislon : 1e-06
        - no_decay_bias : False
        - adam_beta1 : 0.9
        - adam_beta2 : 0.999
        - scheduler : linear
        - max_step : None
        - max_epoch : 5
        - warmup_step : 500
        - i_steps : 0
        - i_lrs : 0.00025
        - galore_rank : 4
        - update_proj_gap : 50
        - galore_scale : 1.0
        - proj_type : std
        - gamma : -0.01
        - train_data : ./data/e2e/train.jsonl
        - valid_data : ./data/e2e/valid.jsonl
        - train_batch_size : 8
        - valid_batch_size : 4
        - grad_acc : 1
        - clip : 0.0
        - seq_len : 512
        - model_card : gpt2.md
        - init_checkpoint : ./pretrained_checkpoints/gpt2-medium-pytorch_model.bin
        - fp16 : False
        - log_interval : 100
        - eval_interval : 2000
        - save_interval : 1000
        - work_dir : ./trained_models/GPT2_M/e2e
        - lora_dim : 0
        - lora_alpha : 32
        - obj : clm
        - lora_dropout : 0.1
        - label_smooth : 0.1
        - roll_interval : -1
        - roll_lr : 1e-05
        - roll_step : 100
        - eval_epoch : 1
        - dist : <module 'torch.distributed' from '/home/ycyh/miniconda3/envs/LoRA/lib/python3.11/site-packages/torch/distributed/__init__.py'>
====================================================================================================
Experiment dir : ./trained_models/GPT2_M/e2e
loading model pretrained weight.
MoFaSGD 2D parameter count: 354.50M
Skipped 1D parameter count : 0.32M
set max_step: 26290
start to train the model................ 1
| epoch   1 step      100 |    100 batches | lr 0.0001 | ms/batch 832.52 | loss  3.50 | avg loss  4.18 | ppl 65.04
| epoch   1 step      200 |    200 batches | lr 0.0002 | ms/batch 836.26 | loss  2.80 | avg loss  2.87 | ppl 17.56
| epoch   1 step      300 |    300 batches | lr 0.0003 | ms/batch 838.80 | loss  2.78 | avg loss  2.76 | ppl 15.77
| epoch   1 step      400 |    400 batches | lr 0.0004 | ms/batch 840.33 | loss  2.90 | avg loss  2.75 | ppl 15.59
| epoch   1 step      500 |    500 batches | lr 0.0005 | ms/batch 840.26 | loss  2.58 | avg loss  2.69 | ppl 14.71
| epoch   1 step      600 |    600 batches | lr 0.000498 | ms/batch 842.72 | loss  2.55 | avg loss  2.65 | ppl 14.16
| epoch   1 step      700 |    700 batches | lr 0.000496 | ms/batch 843.29 | loss  2.76 | avg loss  2.62 | ppl 13.74
| epoch   1 step      800 |    800 batches | lr 0.000494 | ms/batch 843.05 | loss  2.36 | avg loss  2.60 | ppl 13.47
| epoch   1 step      900 |    900 batches | lr 0.000492 | ms/batch 845.73 | loss  2.35 | avg loss  2.59 | ppl 13.31
| epoch   1 step     1000 |   1000 batches | lr 0.00049 | ms/batch 843.53 | loss  3.03 | avg loss  2.60 | ppl 13.51
saving checkpoint ./trained_models/GPT2_M/e2e/model.1000.pt
/home/ycyh/miniconda3/envs/LoRA/lib/python3.11/site-packages/torch/distributed/distributed_c10d.py:4631: UserWarning: No device id is provided via `init_process_group` or `barrier `. Using the current device set by the user. 
  warnings.warn(  # warn only once
| epoch   1 step     1100 |   1100 batches | lr 0.000488 | ms/batch 960.06 | loss  2.66 | avg loss  2.61 | ppl 13.57
| epoch   1 step     1200 |   1200 batches | lr 0.000486 | ms/batch 840.04 | loss  2.41 | avg loss  2.60 | ppl 13.53
| epoch   1 step     1300 |   1300 batches | lr 0.000484 | ms/batch 840.35 | loss  2.45 | avg loss  2.57 | ppl 13.12
| epoch   1 step     1400 |   1400 batches | lr 0.000483 | ms/batch 840.07 | loss  2.51 | avg loss  2.56 | ppl 13.00
| epoch   1 step     1500 |   1500 batches | lr 0.000481 | ms/batch 841.50 | loss  2.52 | avg loss  2.58 | ppl 13.19
| epoch   1 step     1600 |   1600 batches | lr 0.000479 | ms/batch 839.57 | loss  2.59 | avg loss  2.54 | ppl 12.67
| epoch   1 step     1700 |   1700 batches | lr 0.000477 | ms/batch 840.64 | loss  2.41 | avg loss  2.55 | ppl 12.84
| epoch   1 step     1800 |   1800 batches | lr 0.000475 | ms/batch 840.28 | loss  2.41 | avg loss  2.55 | ppl 12.78
| epoch   1 step     1900 |   1900 batches | lr 0.000473 | ms/batch 839.11 | loss  2.59 | avg loss  2.55 | ppl 12.83
| epoch   1 step     2000 |   2000 batches | lr 0.000471 | ms/batch 839.65 | loss  2.44 | avg loss  2.54 | ppl 12.67
saving checkpoint ./trained_models/GPT2_M/e2e/model.2000.pt
/home/ycyh/miniconda3/envs/LoRA/lib/python3.11/site-packages/torch/nn/_reduction.py:51: UserWarning: size_average and reduce args will be deprecated, please use reduction='none' instead.
  warnings.warn(warning.format(ret))
eval samples: 0 loss: tensor(1.2145, device='cuda:0')
eval samples: 100 loss: tensor(0.8652, device='cuda:0')
eval samples: 200 loss: tensor(1.3412, device='cuda:0')
eval samples: 300 loss: tensor(1.1358, device='cuda:0')
eval samples: 400 loss: tensor(0.8995, device='cuda:0')
eval samples: 500 loss: tensor(0.6384, device='cuda:0')
eval samples: 600 loss: tensor(1.3212, device='cuda:0')
eval samples: 700 loss: tensor(0.7758, device='cuda:0')
eval samples: 800 loss: tensor(1.2026, device='cuda:0')
eval samples: 900 loss: tensor(1.6844, device='cuda:0')
eval samples: 1000 loss: tensor(1.0254, device='cuda:0')
eval samples: 1100 loss: tensor(1.5489, device='cuda:0')
average loss 1.2342681432117337
----------------------------------------------------------------------------------------------------
| Eval   1 at step     2000 | time: 166.17s | valid loss  1.23 | valid ppl  3.44 | best ppl  3.44 
----------------------------------------------------------------------------------------------------
| epoch   1 step     2100 |   2100 batches | lr 0.000469 | ms/batch 2612.75 | loss  2.57 | avg loss  2.54 | ppl 12.63
| epoch   1 step     2200 |   2200 batches | lr 0.000467 | ms/batch 840.63 | loss  2.82 | avg loss  2.53 | ppl 12.56
| epoch   1 step     2300 |   2300 batches | lr 0.000465 | ms/batch 840.46 | loss  2.48 | avg loss  2.53 | ppl 12.52
| epoch   1 step     2400 |   2400 batches | lr 0.000463 | ms/batch 839.79 | loss  2.32 | avg loss  2.52 | ppl 12.48
| epoch   1 step     2500 |   2500 batches | lr 0.000461 | ms/batch 839.35 | loss  2.74 | avg loss  2.55 | ppl 12.79
| epoch   1 step     2600 |   2600 batches | lr 0.000459 | ms/batch 840.94 | loss  2.68 | avg loss  2.53 | ppl 12.58
| epoch   1 step     2700 |   2700 batches | lr 0.000457 | ms/batch 839.92 | loss  2.59 | avg loss  2.51 | ppl 12.37
| epoch   1 step     2800 |   2800 batches | lr 0.000455 | ms/batch 842.38 | loss  2.22 | avg loss  2.55 | ppl 12.87
| epoch   1 step     2900 |   2900 batches | lr 0.000453 | ms/batch 840.79 | loss  2.70 | avg loss  2.54 | ppl 12.62
| epoch   1 step     3000 |   3000 batches | lr 0.000452 | ms/batch 837.16 | loss  2.53 | avg loss  2.50 | ppl 12.18
saving checkpoint ./trained_models/GPT2_M/e2e/model.3000.pt
| epoch   1 step     3100 |   3100 batches | lr 0.00045 | ms/batch 946.73 | loss  2.68 | avg loss  2.50 | ppl 12.23
| epoch   1 step     3200 |   3200 batches | lr 0.000448 | ms/batch 838.92 | loss  2.57 | avg loss  2.54 | ppl 12.68
| epoch   1 step     3300 |   3300 batches | lr 0.000446 | ms/batch 839.15 | loss  2.86 | avg loss  2.49 | ppl 12.12
| epoch   1 step     3400 |   3400 batches | lr 0.000444 | ms/batch 838.17 | loss  2.46 | avg loss  2.50 | ppl 12.16
| epoch   1 step     3500 |   3500 batches | lr 0.000442 | ms/batch 841.64 | loss  2.24 | avg loss  2.54 | ppl 12.63
| epoch   1 step     3600 |   3600 batches | lr 0.00044 | ms/batch 841.95 | loss  2.42 | avg loss  2.53 | ppl 12.57
| epoch   1 step     3700 |   3700 batches | lr 0.000438 | ms/batch 839.29 | loss  2.44 | avg loss  2.49 | ppl 12.10
| epoch   1 step     3800 |   3800 batches | lr 0.000436 | ms/batch 838.99 | loss  2.51 | avg loss  2.46 | ppl 11.68
| epoch   1 step     3900 |   3900 batches | lr 0.000434 | ms/batch 838.32 | loss  2.18 | avg loss  2.53 | ppl 12.59
| epoch   1 step     4000 |   4000 batches | lr 0.000432 | ms/batch 839.04 | loss  2.54 | avg loss  2.53 | ppl 12.60
saving checkpoint ./trained_models/GPT2_M/e2e/model.4000.pt
eval samples: 0 loss: tensor(1.1949, device='cuda:0')
eval samples: 100 loss: tensor(0.8689, device='cuda:0')
eval samples: 200 loss: tensor(1.2983, device='cuda:0')
eval samples: 300 loss: tensor(1.0934, device='cuda:0')
eval samples: 400 loss: tensor(0.8764, device='cuda:0')
eval samples: 500 loss: tensor(0.5907, device='cuda:0')
eval samples: 600 loss: tensor(1.2803, device='cuda:0')
eval samples: 700 loss: tensor(0.6947, device='cuda:0')
eval samples: 800 loss: tensor(1.1495, device='cuda:0')
eval samples: 900 loss: tensor(1.7233, device='cuda:0')
eval samples: 1000 loss: tensor(0.9219, device='cuda:0')
eval samples: 1100 loss: tensor(1.5310, device='cuda:0')
average loss 1.2134215261225831
----------------------------------------------------------------------------------------------------
| Eval   2 at step     4000 | time: 166.28s | valid loss  1.21 | valid ppl  3.36 | best ppl  3.36 
----------------------------------------------------------------------------------------------------
| epoch   1 step     4100 |   4100 batches | lr 0.00043 | ms/batch 2590.72 | loss  2.65 | avg loss  2.49 | ppl 12.10
| epoch   1 step     4200 |   4200 batches | lr 0.000428 | ms/batch 838.07 | loss  2.55 | avg loss  2.50 | ppl 12.18
| epoch   1 step     4300 |   4300 batches | lr 0.000426 | ms/batch 837.83 | loss  2.33 | avg loss  2.45 | ppl 11.60
| epoch   1 step     4400 |   4400 batches | lr 0.000424 | ms/batch 839.24 | loss  2.60 | avg loss  2.48 | ppl 11.98
| epoch   1 step     4500 |   4500 batches | lr 0.000422 | ms/batch 838.74 | loss  2.66 | avg loss  2.52 | ppl 12.37
| epoch   1 step     4600 |   4600 batches | lr 0.000421 | ms/batch 839.75 | loss  2.47 | avg loss  2.52 | ppl 12.38
| epoch   1 step     4700 |   4700 batches | lr 0.000419 | ms/batch 839.26 | loss  2.29 | avg loss  2.50 | ppl 12.20
| epoch   1 step     4800 |   4800 batches | lr 0.000417 | ms/batch 839.14 | loss  2.62 | avg loss  2.47 | ppl 11.82
| epoch   1 step     4900 |   4900 batches | lr 0.000415 | ms/batch 838.52 | loss  2.57 | avg loss  2.48 | ppl 11.97
| epoch   1 step     5000 |   5000 batches | lr 0.000413 | ms/batch 838.69 | loss  2.22 | avg loss  2.46 | ppl 11.73
saving checkpoint ./trained_models/GPT2_M/e2e/model.5000.pt
| epoch   1 step     5100 |   5100 batches | lr 0.000411 | ms/batch 944.86 | loss  2.54 | avg loss  2.50 | ppl 12.18
| epoch   1 step     5200 |   5200 batches | lr 0.000409 | ms/batch 839.88 | loss  2.68 | avg loss  2.50 | ppl 12.14
saving checkpoint ./trained_models/GPT2_M/e2e/model.5258.pt
start to train the model................ 2
| epoch   2 step     5300 |     42 batches | lr 0.000407 | ms/batch 352.84 | loss  2.32 | avg loss  2.42 | ppl 11.25
| epoch   2 step     5400 |    142 batches | lr 0.000405 | ms/batch 841.05 | loss  2.42 | avg loss  2.47 | ppl 11.86
| epoch   2 step     5500 |    242 batches | lr 0.000403 | ms/batch 840.71 | loss  2.48 | avg loss  2.46 | ppl 11.68
| epoch   2 step     5600 |    342 batches | lr 0.000401 | ms/batch 841.41 | loss  2.15 | avg loss  2.48 | ppl 11.93
| epoch   2 step     5700 |    442 batches | lr 0.000399 | ms/batch 841.77 | loss  2.41 | avg loss  2.47 | ppl 11.80
| epoch   2 step     5800 |    542 batches | lr 0.000397 | ms/batch 841.90 | loss  2.42 | avg loss  2.44 | ppl 11.50
| epoch   2 step     5900 |    642 batches | lr 0.000395 | ms/batch 841.94 | loss  2.57 | avg loss  2.48 | ppl 11.91
| epoch   2 step     6000 |    742 batches | lr 0.000393 | ms/batch 842.69 | loss  2.21 | avg loss  2.43 | ppl 11.41
saving checkpoint ./trained_models/GPT2_M/e2e/model.6000.pt
eval samples: 0 loss: tensor(1.1377, device='cuda:0')
eval samples: 100 loss: tensor(0.8738, device='cuda:0')
eval samples: 200 loss: tensor(1.1945, device='cuda:0')
eval samples: 300 loss: tensor(1.0759, device='cuda:0')
eval samples: 400 loss: tensor(0.8492, device='cuda:0')
eval samples: 500 loss: tensor(0.5920, device='cuda:0')
eval samples: 600 loss: tensor(1.3155, device='cuda:0')
eval samples: 700 loss: tensor(0.6927, device='cuda:0')
eval samples: 800 loss: tensor(1.1755, device='cuda:0')
eval samples: 900 loss: tensor(1.7148, device='cuda:0')
eval samples: 1000 loss: tensor(0.9620, device='cuda:0')
eval samples: 1100 loss: tensor(1.5476, device='cuda:0')
average loss 1.1962459997006067
----------------------------------------------------------------------------------------------------
| Eval   3 at step     6000 | time: 166.24s | valid loss  1.20 | valid ppl  3.31 | best ppl  3.31 
----------------------------------------------------------------------------------------------------
| epoch   2 step     6100 |    842 batches | lr 0.000391 | ms/batch 2617.80 | loss  2.22 | avg loss  2.46 | ppl 11.71
| epoch   2 step     6200 |    942 batches | lr 0.000389 | ms/batch 839.66 | loss  2.31 | avg loss  2.47 | ppl 11.78
| epoch   2 step     6300 |   1042 batches | lr 0.000388 | ms/batch 838.94 | loss  2.62 | avg loss  2.47 | ppl 11.82
| epoch   2 step     6400 |   1142 batches | lr 0.000386 | ms/batch 843.15 | loss  2.24 | avg loss  2.46 | ppl 11.70
| epoch   2 step     6500 |   1242 batches | lr 0.000384 | ms/batch 843.88 | loss  2.33 | avg loss  2.48 | ppl 11.98
| epoch   2 step     6600 |   1342 batches | lr 0.000382 | ms/batch 840.77 | loss  2.71 | avg loss  2.46 | ppl 11.65
| epoch   2 step     6700 |   1442 batches | lr 0.00038 | ms/batch 839.16 | loss  2.42 | avg loss  2.46 | ppl 11.76
| epoch   2 step     6800 |   1542 batches | lr 0.000378 | ms/batch 837.52 | loss  2.40 | avg loss  2.48 | ppl 11.92
| epoch   2 step     6900 |   1642 batches | lr 0.000376 | ms/batch 828.45 | loss  2.34 | avg loss  2.42 | ppl 11.19
| epoch   2 step     7000 |   1742 batches | lr 0.000374 | ms/batch 836.40 | loss  2.59 | avg loss  2.48 | ppl 11.90
saving checkpoint ./trained_models/GPT2_M/e2e/model.7000.pt
| epoch   2 step     7100 |   1842 batches | lr 0.000372 | ms/batch 942.73 | loss  2.62 | avg loss  2.46 | ppl 11.65
| epoch   2 step     7200 |   1942 batches | lr 0.00037 | ms/batch 840.51 | loss  2.55 | avg loss  2.46 | ppl 11.68
| epoch   2 step     7300 |   2042 batches | lr 0.000368 | ms/batch 838.75 | loss  2.31 | avg loss  2.44 | ppl 11.42
| epoch   2 step     7400 |   2142 batches | lr 0.000366 | ms/batch 831.30 | loss  2.79 | avg loss  2.43 | ppl 11.34
| epoch   2 step     7500 |   2242 batches | lr 0.000364 | ms/batch 829.57 | loss  2.65 | avg loss  2.48 | ppl 11.99
| epoch   2 step     7600 |   2342 batches | lr 0.000362 | ms/batch 838.70 | loss  2.26 | avg loss  2.44 | ppl 11.47
| epoch   2 step     7700 |   2442 batches | lr 0.00036 | ms/batch 840.76 | loss  2.69 | avg loss  2.44 | ppl 11.43
| epoch   2 step     7800 |   2542 batches | lr 0.000358 | ms/batch 839.45 | loss  2.51 | avg loss  2.43 | ppl 11.30
| epoch   2 step     7900 |   2642 batches | lr 0.000357 | ms/batch 838.84 | loss  2.74 | avg loss  2.47 | ppl 11.86
| epoch   2 step     8000 |   2742 batches | lr 0.000355 | ms/batch 838.67 | loss  2.48 | avg loss  2.48 | ppl 12.00
saving checkpoint ./trained_models/GPT2_M/e2e/model.8000.pt
eval samples: 0 loss: tensor(1.1682, device='cuda:0')
eval samples: 100 loss: tensor(0.8424, device='cuda:0')
eval samples: 200 loss: tensor(1.2700, device='cuda:0')
eval samples: 300 loss: tensor(1.0380, device='cuda:0')
eval samples: 400 loss: tensor(0.8530, device='cuda:0')
eval samples: 500 loss: tensor(0.6275, device='cuda:0')
eval samples: 600 loss: tensor(1.2209, device='cuda:0')
eval samples: 700 loss: tensor(0.7134, device='cuda:0')
eval samples: 800 loss: tensor(1.1195, device='cuda:0')
eval samples: 900 loss: tensor(1.6644, device='cuda:0')
eval samples: 1000 loss: tensor(0.9010, device='cuda:0')
eval samples: 1100 loss: tensor(1.5275, device='cuda:0')
average loss 1.1859869045805034
----------------------------------------------------------------------------------------------------
| Eval   4 at step     8000 | time: 166.25s | valid loss  1.19 | valid ppl  3.27 | best ppl  3.27 
----------------------------------------------------------------------------------------------------
| epoch   2 step     8100 |   2842 batches | lr 0.000353 | ms/batch 2607.31 | loss  2.32 | avg loss  2.44 | ppl 11.51
| epoch   2 step     8200 |   2942 batches | lr 0.000351 | ms/batch 838.78 | loss  2.52 | avg loss  2.50 | ppl 12.12
| epoch   2 step     8300 |   3042 batches | lr 0.000349 | ms/batch 845.91 | loss  2.34 | avg loss  2.46 | ppl 11.67
| epoch   2 step     8400 |   3142 batches | lr 0.000347 | ms/batch 836.93 | loss  2.47 | avg loss  2.44 | ppl 11.50
| epoch   2 step     8500 |   3242 batches | lr 0.000345 | ms/batch 838.44 | loss  2.36 | avg loss  2.46 | ppl 11.69
| epoch   2 step     8600 |   3342 batches | lr 0.000343 | ms/batch 839.50 | loss  2.31 | avg loss  2.44 | ppl 11.45
| epoch   2 step     8700 |   3442 batches | lr 0.000341 | ms/batch 841.86 | loss  2.73 | avg loss  2.43 | ppl 11.40
| epoch   2 step     8800 |   3542 batches | lr 0.000339 | ms/batch 839.58 | loss  2.36 | avg loss  2.44 | ppl 11.46
| epoch   2 step     8900 |   3642 batches | lr 0.000337 | ms/batch 839.20 | loss  2.50 | avg loss  2.46 | ppl 11.71
| epoch   2 step     9000 |   3742 batches | lr 0.000335 | ms/batch 839.84 | loss  2.45 | avg loss  2.45 | ppl 11.60
saving checkpoint ./trained_models/GPT2_M/e2e/model.9000.pt
| epoch   2 step     9100 |   3842 batches | lr 0.000333 | ms/batch 945.10 | loss  2.38 | avg loss  2.45 | ppl 11.58
| epoch   2 step     9200 |   3942 batches | lr 0.000331 | ms/batch 839.73 | loss  2.56 | avg loss  2.45 | ppl 11.57
| epoch   2 step     9300 |   4042 batches | lr 0.000329 | ms/batch 839.39 | loss  2.43 | avg loss  2.46 | ppl 11.69
| epoch   2 step     9400 |   4142 batches | lr 0.000327 | ms/batch 839.04 | loss  2.49 | avg loss  2.45 | ppl 11.56
| epoch   2 step     9500 |   4242 batches | lr 0.000326 | ms/batch 839.14 | loss  2.47 | avg loss  2.45 | ppl 11.55
| epoch   2 step     9600 |   4342 batches | lr 0.000324 | ms/batch 840.12 | loss  2.79 | avg loss  2.45 | ppl 11.63
| epoch   2 step     9700 |   4442 batches | lr 0.000322 | ms/batch 840.55 | loss  2.18 | avg loss  2.44 | ppl 11.49
| epoch   2 step     9800 |   4542 batches | lr 0.00032 | ms/batch 839.93 | loss  2.42 | avg loss  2.44 | ppl 11.46
| epoch   2 step     9900 |   4642 batches | lr 0.000318 | ms/batch 839.79 | loss  2.13 | avg loss  2.43 | ppl 11.35
| epoch   2 step    10000 |   4742 batches | lr 0.000316 | ms/batch 840.09 | loss  2.49 | avg loss  2.46 | ppl 11.74
saving checkpoint ./trained_models/GPT2_M/e2e/model.10000.pt
eval samples: 0 loss: tensor(1.1993, device='cuda:0')
eval samples: 100 loss: tensor(0.8757, device='cuda:0')
eval samples: 200 loss: tensor(1.2168, device='cuda:0')
eval samples: 300 loss: tensor(1.0655, device='cuda:0')
eval samples: 400 loss: tensor(0.8656, device='cuda:0')
eval samples: 500 loss: tensor(0.6096, device='cuda:0')
eval samples: 600 loss: tensor(1.2402, device='cuda:0')
eval samples: 700 loss: tensor(0.6872, device='cuda:0')
eval samples: 800 loss: tensor(1.2095, device='cuda:0')
eval samples: 900 loss: tensor(1.6344, device='cuda:0')
eval samples: 1000 loss: tensor(0.9487, device='cuda:0')
eval samples: 1100 loss: tensor(1.5500, device='cuda:0')
average loss 1.1894113749316702
----------------------------------------------------------------------------------------------------
| Eval   5 at step    10000 | time: 166.06s | valid loss  1.19 | valid ppl  3.29 | best ppl  3.27 
----------------------------------------------------------------------------------------------------
| epoch   2 step    10100 |   4842 batches | lr 0.000314 | ms/batch 2604.28 | loss  2.25 | avg loss  2.45 | ppl 11.62
| epoch   2 step    10200 |   4942 batches | lr 0.000312 | ms/batch 838.88 | loss  2.39 | avg loss  2.45 | ppl 11.60
| epoch   2 step    10300 |   5042 batches | lr 0.00031 | ms/batch 839.65 | loss  2.73 | avg loss  2.44 | ppl 11.43
| epoch   2 step    10400 |   5142 batches | lr 0.000308 | ms/batch 838.69 | loss  2.60 | avg loss  2.43 | ppl 11.37
| epoch   2 step    10500 |   5242 batches | lr 0.000306 | ms/batch 837.01 | loss  2.38 | avg loss  2.42 | ppl 11.20
saving checkpoint ./trained_models/GPT2_M/e2e/model.10516.pt
start to train the model................ 3
| epoch   3 step    10600 |     84 batches | lr 0.000304 | ms/batch 701.91 | loss  2.09 | avg loss  2.41 | ppl 11.11
| epoch   3 step    10700 |    184 batches | lr 0.000302 | ms/batch 830.93 | loss  2.45 | avg loss  2.42 | ppl 11.22
| epoch   3 step    10800 |    284 batches | lr 0.0003 | ms/batch 835.72 | loss  2.55 | avg loss  2.41 | ppl 11.10
| epoch   3 step    10900 |    384 batches | lr 0.000298 | ms/batch 840.35 | loss  2.72 | avg loss  2.41 | ppl 11.09
| epoch   3 step    11000 |    484 batches | lr 0.000296 | ms/batch 841.96 | loss  2.53 | avg loss  2.41 | ppl 11.12
saving checkpoint ./trained_models/GPT2_M/e2e/model.11000.pt
| epoch   3 step    11100 |    584 batches | lr 0.000294 | ms/batch 955.64 | loss  2.48 | avg loss  2.46 | ppl 11.73
| epoch   3 step    11200 |    684 batches | lr 0.000293 | ms/batch 842.98 | loss  2.43 | avg loss  2.41 | ppl 11.18
| epoch   3 step    11300 |    784 batches | lr 0.000291 | ms/batch 842.70 | loss  2.43 | avg loss  2.43 | ppl 11.36
| epoch   3 step    11400 |    884 batches | lr 0.000289 | ms/batch 844.08 | loss  2.30 | avg loss  2.42 | ppl 11.24
| epoch   3 step    11500 |    984 batches | lr 0.000287 | ms/batch 843.35 | loss  2.17 | avg loss  2.42 | ppl 11.27
| epoch   3 step    11600 |   1084 batches | lr 0.000285 | ms/batch 847.44 | loss  2.09 | avg loss  2.39 | ppl 10.88
| epoch   3 step    11700 |   1184 batches | lr 0.000283 | ms/batch 850.68 | loss  2.27 | avg loss  2.41 | ppl 11.11
| epoch   3 step    11800 |   1284 batches | lr 0.000281 | ms/batch 847.71 | loss  2.38 | avg loss  2.39 | ppl 10.89
| epoch   3 step    11900 |   1384 batches | lr 0.000279 | ms/batch 847.12 | loss  2.32 | avg loss  2.40 | ppl 11.02
| epoch   3 step    12000 |   1484 batches | lr 0.000277 | ms/batch 844.37 | loss  2.46 | avg loss  2.40 | ppl 11.07
saving checkpoint ./trained_models/GPT2_M/e2e/model.12000.pt
eval samples: 0 loss: tensor(1.1794, device='cuda:0')
eval samples: 100 loss: tensor(0.8486, device='cuda:0')
eval samples: 200 loss: tensor(1.2242, device='cuda:0')
eval samples: 300 loss: tensor(1.0711, device='cuda:0')
eval samples: 400 loss: tensor(0.8621, device='cuda:0')
eval samples: 500 loss: tensor(0.6125, device='cuda:0')
eval samples: 600 loss: tensor(1.2402, device='cuda:0')
eval samples: 700 loss: tensor(0.6576, device='cuda:0')
eval samples: 800 loss: tensor(1.1522, device='cuda:0')
eval samples: 900 loss: tensor(1.6906, device='cuda:0')
eval samples: 1000 loss: tensor(0.9179, device='cuda:0')
eval samples: 1100 loss: tensor(1.5698, device='cuda:0')
average loss 1.1746389708953768
----------------------------------------------------------------------------------------------------
| Eval   6 at step    12000 | time: 166.29s | valid loss  1.17 | valid ppl  3.24 | best ppl  3.24 
----------------------------------------------------------------------------------------------------
| epoch   3 step    12100 |   1584 batches | lr 0.000275 | ms/batch 2608.66 | loss  2.38 | avg loss  2.43 | ppl 11.30
| epoch   3 step    12200 |   1684 batches | lr 0.000273 | ms/batch 839.74 | loss  2.31 | avg loss  2.44 | ppl 11.45
| epoch   3 step    12300 |   1784 batches | lr 0.000271 | ms/batch 842.12 | loss  2.38 | avg loss  2.42 | ppl 11.29
| epoch   3 step    12400 |   1884 batches | lr 0.000269 | ms/batch 841.62 | loss  2.44 | avg loss  2.39 | ppl 10.90
| epoch   3 step    12500 |   1984 batches | lr 0.000267 | ms/batch 841.26 | loss  2.62 | avg loss  2.41 | ppl 11.16
| epoch   3 step    12600 |   2084 batches | lr 0.000265 | ms/batch 841.27 | loss  2.70 | avg loss  2.36 | ppl 10.56
| epoch   3 step    12700 |   2184 batches | lr 0.000263 | ms/batch 841.33 | loss  2.24 | avg loss  2.41 | ppl 11.09
| epoch   3 step    12800 |   2284 batches | lr 0.000262 | ms/batch 842.36 | loss  2.50 | avg loss  2.41 | ppl 11.17
| epoch   3 step    12900 |   2384 batches | lr 0.00026 | ms/batch 842.99 | loss  2.29 | avg loss  2.41 | ppl 11.13
| epoch   3 step    13000 |   2484 batches | lr 0.000258 | ms/batch 841.40 | loss  2.77 | avg loss  2.43 | ppl 11.40
saving checkpoint ./trained_models/GPT2_M/e2e/model.13000.pt
| epoch   3 step    13100 |   2584 batches | lr 0.000256 | ms/batch 946.25 | loss  2.27 | avg loss  2.39 | ppl 10.88
| epoch   3 step    13200 |   2684 batches | lr 0.000254 | ms/batch 843.02 | loss  2.32 | avg loss  2.44 | ppl 11.52
| epoch   3 step    13300 |   2784 batches | lr 0.000252 | ms/batch 842.63 | loss  2.32 | avg loss  2.39 | ppl 10.90
| epoch   3 step    13400 |   2884 batches | lr 0.00025 | ms/batch 842.67 | loss  2.51 | avg loss  2.40 | ppl 10.99
| epoch   3 step    13500 |   2984 batches | lr 0.000248 | ms/batch 844.81 | loss  2.72 | avg loss  2.43 | ppl 11.31
| epoch   3 step    13600 |   3084 batches | lr 0.000246 | ms/batch 843.68 | loss  2.20 | avg loss  2.42 | ppl 11.21
| epoch   3 step    13700 |   3184 batches | lr 0.000244 | ms/batch 845.32 | loss  2.56 | avg loss  2.45 | ppl 11.62
| epoch   3 step    13800 |   3284 batches | lr 0.000242 | ms/batch 842.37 | loss  2.20 | avg loss  2.38 | ppl 10.85
| epoch   3 step    13900 |   3384 batches | lr 0.00024 | ms/batch 840.96 | loss  2.74 | avg loss  2.43 | ppl 11.38
| epoch   3 step    14000 |   3484 batches | lr 0.000238 | ms/batch 843.44 | loss  2.51 | avg loss  2.44 | ppl 11.42
saving checkpoint ./trained_models/GPT2_M/e2e/model.14000.pt
eval samples: 0 loss: tensor(1.0602, device='cuda:0')
eval samples: 100 loss: tensor(0.8429, device='cuda:0')
eval samples: 200 loss: tensor(1.1993, device='cuda:0')
eval samples: 300 loss: tensor(1.0537, device='cuda:0')
eval samples: 400 loss: tensor(0.8406, device='cuda:0')
eval samples: 500 loss: tensor(0.5678, device='cuda:0')
eval samples: 600 loss: tensor(1.2187, device='cuda:0')
eval samples: 700 loss: tensor(0.6669, device='cuda:0')
eval samples: 800 loss: tensor(1.1253, device='cuda:0')
eval samples: 900 loss: tensor(1.6779, device='cuda:0')
eval samples: 1000 loss: tensor(0.9070, device='cuda:0')
eval samples: 1100 loss: tensor(1.5658, device='cuda:0')
average loss 1.1546358797341993
----------------------------------------------------------------------------------------------------
| Eval   7 at step    14000 | time: 166.50s | valid loss  1.15 | valid ppl  3.17 | best ppl  3.17 
----------------------------------------------------------------------------------------------------
| epoch   3 step    14100 |   3584 batches | lr 0.000236 | ms/batch 2614.01 | loss  2.49 | avg loss  2.37 | ppl 10.69
| epoch   3 step    14200 |   3684 batches | lr 0.000234 | ms/batch 844.63 | loss  2.35 | avg loss  2.38 | ppl 10.84
| epoch   3 step    14300 |   3784 batches | lr 0.000232 | ms/batch 845.03 | loss  2.66 | avg loss  2.39 | ppl 10.94
| epoch   3 step    14400 |   3884 batches | lr 0.000231 | ms/batch 842.94 | loss  2.16 | avg loss  2.40 | ppl 11.04
| epoch   3 step    14500 |   3984 batches | lr 0.000229 | ms/batch 843.68 | loss  2.26 | avg loss  2.42 | ppl 11.20
| epoch   3 step    14600 |   4084 batches | lr 0.000227 | ms/batch 841.70 | loss  2.42 | avg loss  2.42 | ppl 11.27
| epoch   3 step    14700 |   4184 batches | lr 0.000225 | ms/batch 842.03 | loss  2.37 | avg loss  2.39 | ppl 10.89
| epoch   3 step    14800 |   4284 batches | lr 0.000223 | ms/batch 842.97 | loss  2.41 | avg loss  2.43 | ppl 11.33
| epoch   3 step    14900 |   4384 batches | lr 0.000221 | ms/batch 843.30 | loss  2.36 | avg loss  2.40 | ppl 11.02
| epoch   3 step    15000 |   4484 batches | lr 0.000219 | ms/batch 844.20 | loss  2.70 | avg loss  2.43 | ppl 11.35
saving checkpoint ./trained_models/GPT2_M/e2e/model.15000.pt
| epoch   3 step    15100 |   4584 batches | lr 0.000217 | ms/batch 946.07 | loss  2.24 | avg loss  2.40 | ppl 11.01
| epoch   3 step    15200 |   4684 batches | lr 0.000215 | ms/batch 844.12 | loss  2.39 | avg loss  2.40 | ppl 10.98
| epoch   3 step    15300 |   4784 batches | lr 0.000213 | ms/batch 848.27 | loss  2.36 | avg loss  2.43 | ppl 11.36
| epoch   3 step    15400 |   4884 batches | lr 0.000211 | ms/batch 847.27 | loss  2.28 | avg loss  2.41 | ppl 11.13
| epoch   3 step    15500 |   4984 batches | lr 0.000209 | ms/batch 846.37 | loss  2.33 | avg loss  2.41 | ppl 11.12
| epoch   3 step    15600 |   5084 batches | lr 0.000207 | ms/batch 847.44 | loss  2.48 | avg loss  2.40 | ppl 11.01
| epoch   3 step    15700 |   5184 batches | lr 0.000205 | ms/batch 846.76 | loss  2.32 | avg loss  2.38 | ppl 10.80
saving checkpoint ./trained_models/GPT2_M/e2e/model.15774.pt
start to train the model................ 4
| epoch   4 step    15800 |     26 batches | lr 0.000203 | ms/batch 218.75 | loss  2.24 | avg loss  2.36 | ppl 10.57
| epoch   4 step    15900 |    126 batches | lr 0.000201 | ms/batch 843.00 | loss  2.26 | avg loss  2.37 | ppl 10.65
| epoch   4 step    16000 |    226 batches | lr 0.000199 | ms/batch 843.06 | loss  2.42 | avg loss  2.39 | ppl 10.88
saving checkpoint ./trained_models/GPT2_M/e2e/model.16000.pt
eval samples: 0 loss: tensor(1.1099, device='cuda:0')
eval samples: 100 loss: tensor(0.8439, device='cuda:0')
eval samples: 200 loss: tensor(1.1344, device='cuda:0')
eval samples: 300 loss: tensor(1.0661, device='cuda:0')
eval samples: 400 loss: tensor(0.8493, device='cuda:0')
eval samples: 500 loss: tensor(0.5746, device='cuda:0')
eval samples: 600 loss: tensor(1.2006, device='cuda:0')
eval samples: 700 loss: tensor(0.6293, device='cuda:0')
eval samples: 800 loss: tensor(1.2184, device='cuda:0')
eval samples: 900 loss: tensor(1.6733, device='cuda:0')
eval samples: 1000 loss: tensor(0.9226, device='cuda:0')
eval samples: 1100 loss: tensor(1.5595, device='cuda:0')
average loss 1.1605971240221638
----------------------------------------------------------------------------------------------------
| Eval   8 at step    16000 | time: 166.34s | valid loss  1.16 | valid ppl  3.19 | best ppl  3.19 
----------------------------------------------------------------------------------------------------
| epoch   4 step    16100 |    326 batches | lr 0.000198 | ms/batch 2609.42 | loss  2.57 | avg loss  2.36 | ppl 10.56
| epoch   4 step    16200 |    426 batches | lr 0.000196 | ms/batch 854.17 | loss  2.34 | avg loss  2.37 | ppl 10.74
| epoch   4 step    16300 |    526 batches | lr 0.000194 | ms/batch 847.29 | loss  2.66 | avg loss  2.36 | ppl 10.61
| epoch   4 step    16400 |    626 batches | lr 0.000192 | ms/batch 845.18 | loss  2.78 | avg loss  2.37 | ppl 10.68
| epoch   4 step    16500 |    726 batches | lr 0.00019 | ms/batch 846.10 | loss  2.53 | avg loss  2.40 | ppl 10.99
| epoch   4 step    16600 |    826 batches | lr 0.000188 | ms/batch 845.53 | loss  2.50 | avg loss  2.37 | ppl 10.70
| epoch   4 step    16700 |    926 batches | lr 0.000186 | ms/batch 846.10 | loss  2.51 | avg loss  2.38 | ppl 10.76
| epoch   4 step    16800 |   1026 batches | lr 0.000184 | ms/batch 846.41 | loss  2.39 | avg loss  2.37 | ppl 10.75
| epoch   4 step    16900 |   1126 batches | lr 0.000182 | ms/batch 845.89 | loss  2.10 | avg loss  2.35 | ppl 10.50
| epoch   4 step    17000 |   1226 batches | lr 0.00018 | ms/batch 845.89 | loss  2.23 | avg loss  2.35 | ppl 10.50
saving checkpoint ./trained_models/GPT2_M/e2e/model.17000.pt
| epoch   4 step    17100 |   1326 batches | lr 0.000178 | ms/batch 955.21 | loss  2.58 | avg loss  2.40 | ppl 11.00
| epoch   4 step    17200 |   1426 batches | lr 0.000176 | ms/batch 845.79 | loss  2.34 | avg loss  2.35 | ppl 10.51
| epoch   4 step    17300 |   1526 batches | lr 0.000174 | ms/batch 845.15 | loss  2.24 | avg loss  2.38 | ppl 10.80
| epoch   4 step    17400 |   1626 batches | lr 0.000172 | ms/batch 845.29 | loss  2.21 | avg loss  2.38 | ppl 10.82
| epoch   4 step    17500 |   1726 batches | lr 0.00017 | ms/batch 845.91 | loss  2.60 | avg loss  2.38 | ppl 10.85
| epoch   4 step    17600 |   1826 batches | lr 0.000168 | ms/batch 844.95 | loss  2.63 | avg loss  2.39 | ppl 10.89
| epoch   4 step    17700 |   1926 batches | lr 0.000167 | ms/batch 843.60 | loss  2.28 | avg loss  2.36 | ppl 10.63
| epoch   4 step    17800 |   2026 batches | lr 0.000165 | ms/batch 830.98 | loss  2.54 | avg loss  2.39 | ppl 10.94
| epoch   4 step    17900 |   2126 batches | lr 0.000163 | ms/batch 841.79 | loss  2.37 | avg loss  2.37 | ppl 10.67
| epoch   4 step    18000 |   2226 batches | lr 0.000161 | ms/batch 845.13 | loss  2.79 | avg loss  2.37 | ppl 10.68
saving checkpoint ./trained_models/GPT2_M/e2e/model.18000.pt
eval samples: 0 loss: tensor(1.0634, device='cuda:0')
eval samples: 100 loss: tensor(0.8551, device='cuda:0')
eval samples: 200 loss: tensor(1.1823, device='cuda:0')
eval samples: 300 loss: tensor(0.9956, device='cuda:0')
eval samples: 400 loss: tensor(0.8206, device='cuda:0')
eval samples: 500 loss: tensor(0.5512, device='cuda:0')
eval samples: 600 loss: tensor(1.2086, device='cuda:0')
eval samples: 700 loss: tensor(0.6233, device='cuda:0')
eval samples: 800 loss: tensor(1.1413, device='cuda:0')
eval samples: 900 loss: tensor(1.6935, device='cuda:0')
eval samples: 1000 loss: tensor(0.8771, device='cuda:0')
eval samples: 1100 loss: tensor(1.5793, device='cuda:0')
average loss 1.1524976790461638
----------------------------------------------------------------------------------------------------
| Eval   9 at step    18000 | time: 167.43s | valid loss  1.15 | valid ppl  3.17 | best ppl  3.17 
----------------------------------------------------------------------------------------------------
| epoch   4 step    18100 |   2326 batches | lr 0.000159 | ms/batch 2631.52 | loss  2.50 | avg loss  2.36 | ppl 10.57
| epoch   4 step    18200 |   2426 batches | lr 0.000157 | ms/batch 844.57 | loss  2.31 | avg loss  2.38 | ppl 10.78
| epoch   4 step    18300 |   2526 batches | lr 0.000155 | ms/batch 841.50 | loss  2.30 | avg loss  2.38 | ppl 10.76
| epoch   4 step    18400 |   2626 batches | lr 0.000153 | ms/batch 841.33 | loss  2.49 | avg loss  2.36 | ppl 10.56
| epoch   4 step    18500 |   2726 batches | lr 0.000151 | ms/batch 841.53 | loss  2.41 | avg loss  2.35 | ppl 10.50
| epoch   4 step    18600 |   2826 batches | lr 0.000149 | ms/batch 840.70 | loss  2.19 | avg loss  2.39 | ppl 10.89
| epoch   4 step    18700 |   2926 batches | lr 0.000147 | ms/batch 832.95 | loss  2.16 | avg loss  2.35 | ppl 10.49
| epoch   4 step    18800 |   3026 batches | lr 0.000145 | ms/batch 842.82 | loss  2.19 | avg loss  2.38 | ppl 10.84
| epoch   4 step    18900 |   3126 batches | lr 0.000143 | ms/batch 842.38 | loss  2.35 | avg loss  2.37 | ppl 10.73
| epoch   4 step    19000 |   3226 batches | lr 0.000141 | ms/batch 842.54 | loss  2.64 | avg loss  2.38 | ppl 10.79
saving checkpoint ./trained_models/GPT2_M/e2e/model.19000.pt
| epoch   4 step    19100 |   3326 batches | lr 0.000139 | ms/batch 943.45 | loss  2.53 | avg loss  2.36 | ppl 10.59
| epoch   4 step    19200 |   3426 batches | lr 0.000137 | ms/batch 841.23 | loss  2.48 | avg loss  2.35 | ppl 10.45
| epoch   4 step    19300 |   3526 batches | lr 0.000136 | ms/batch 841.51 | loss  2.44 | avg loss  2.38 | ppl 10.86
| epoch   4 step    19400 |   3626 batches | lr 0.000134 | ms/batch 843.17 | loss  2.40 | avg loss  2.36 | ppl 10.63
| epoch   4 step    19500 |   3726 batches | lr 0.000132 | ms/batch 841.62 | loss  2.16 | avg loss  2.36 | ppl 10.60
| epoch   4 step    19600 |   3826 batches | lr 0.00013 | ms/batch 841.79 | loss  2.59 | avg loss  2.37 | ppl 10.70
| epoch   4 step    19700 |   3926 batches | lr 0.000128 | ms/batch 842.65 | loss  2.48 | avg loss  2.37 | ppl 10.67
| epoch   4 step    19800 |   4026 batches | lr 0.000126 | ms/batch 841.63 | loss  2.38 | avg loss  2.37 | ppl 10.71
| epoch   4 step    19900 |   4126 batches | lr 0.000124 | ms/batch 842.48 | loss  2.20 | avg loss  2.40 | ppl 10.99
| epoch   4 step    20000 |   4226 batches | lr 0.000122 | ms/batch 841.59 | loss  2.28 | avg loss  2.37 | ppl 10.69
saving checkpoint ./trained_models/GPT2_M/e2e/model.20000.pt
eval samples: 0 loss: tensor(1.1530, device='cuda:0')
eval samples: 100 loss: tensor(0.8924, device='cuda:0')
eval samples: 200 loss: tensor(1.1976, device='cuda:0')
eval samples: 300 loss: tensor(1.0386, device='cuda:0')
eval samples: 400 loss: tensor(0.8301, device='cuda:0')
eval samples: 500 loss: tensor(0.5693, device='cuda:0')
eval samples: 600 loss: tensor(1.1819, device='cuda:0')
eval samples: 700 loss: tensor(0.6573, device='cuda:0')
eval samples: 800 loss: tensor(1.1643, device='cuda:0')
eval samples: 900 loss: tensor(1.6608, device='cuda:0')
eval samples: 1000 loss: tensor(0.9193, device='cuda:0')
eval samples: 1100 loss: tensor(1.5390, device='cuda:0')
average loss 1.158885035025951
----------------------------------------------------------------------------------------------------
| Eval  10 at step    20000 | time: 166.39s | valid loss  1.16 | valid ppl  3.19 | best ppl  3.17 
----------------------------------------------------------------------------------------------------
| epoch   4 step    20100 |   4326 batches | lr 0.00012 | ms/batch 2607.92 | loss  2.25 | avg loss  2.36 | ppl 10.58
| epoch   4 step    20200 |   4426 batches | lr 0.000118 | ms/batch 840.13 | loss  2.32 | avg loss  2.37 | ppl 10.74
| epoch   4 step    20300 |   4526 batches | lr 0.000116 | ms/batch 841.36 | loss  2.41 | avg loss  2.39 | ppl 10.92
| epoch   4 step    20400 |   4626 batches | lr 0.000114 | ms/batch 841.96 | loss  2.36 | avg loss  2.36 | ppl 10.60
| epoch   4 step    20500 |   4726 batches | lr 0.000112 | ms/batch 842.60 | loss  2.56 | avg loss  2.35 | ppl 10.45
| epoch   4 step    20600 |   4826 batches | lr 0.00011 | ms/batch 841.99 | loss  2.50 | avg loss  2.39 | ppl 10.92
| epoch   4 step    20700 |   4926 batches | lr 0.000108 | ms/batch 828.14 | loss  2.47 | avg loss  2.36 | ppl 10.55
| epoch   4 step    20800 |   5026 batches | lr 0.000106 | ms/batch 852.66 | loss  2.18 | avg loss  2.38 | ppl 10.84
| epoch   4 step    20900 |   5126 batches | lr 0.000104 | ms/batch 846.26 | loss  2.32 | avg loss  2.35 | ppl 10.51
| epoch   4 step    21000 |   5226 batches | lr 0.000103 | ms/batch 845.40 | loss  2.19 | avg loss  2.36 | ppl 10.55
saving checkpoint ./trained_models/GPT2_M/e2e/model.21000.pt
saving checkpoint ./trained_models/GPT2_M/e2e/model.21032.pt
start to train the model................ 5
| epoch   5 step    21100 |     68 batches | lr 0.000101 | ms/batch 572.37 | loss  2.46 | avg loss  2.36 | ppl 10.63
| epoch   5 step    21200 |    168 batches | lr 9.87e-05 | ms/batch 841.11 | loss  2.43 | avg loss  2.30 | ppl  9.99
| epoch   5 step    21300 |    268 batches | lr 9.67e-05 | ms/batch 841.96 | loss  2.13 | avg loss  2.35 | ppl 10.51
| epoch   5 step    21400 |    368 batches | lr 9.48e-05 | ms/batch 840.96 | loss  2.43 | avg loss  2.34 | ppl 10.37
| epoch   5 step    21500 |    468 batches | lr 9.29e-05 | ms/batch 841.32 | loss  2.49 | avg loss  2.35 | ppl 10.48
| epoch   5 step    21600 |    568 batches | lr 9.09e-05 | ms/batch 842.81 | loss  2.62 | avg loss  2.31 | ppl 10.08
| epoch   5 step    21700 |    668 batches | lr 8.9e-05 | ms/batch 841.63 | loss  2.65 | avg loss  2.34 | ppl 10.42
| epoch   5 step    21800 |    768 batches | lr 8.7e-05 | ms/batch 841.75 | loss  2.31 | avg loss  2.35 | ppl 10.50
| epoch   5 step    21900 |    868 batches | lr 8.51e-05 | ms/batch 841.79 | loss  2.56 | avg loss  2.34 | ppl 10.34
| epoch   5 step    22000 |    968 batches | lr 8.32e-05 | ms/batch 841.76 | loss  2.25 | avg loss  2.29 | ppl  9.89
saving checkpoint ./trained_models/GPT2_M/e2e/model.22000.pt
eval samples: 0 loss: tensor(1.0893, device='cuda:0')
eval samples: 100 loss: tensor(0.8525, device='cuda:0')
eval samples: 200 loss: tensor(1.1797, device='cuda:0')
eval samples: 300 loss: tensor(1.0558, device='cuda:0')
eval samples: 400 loss: tensor(0.7910, device='cuda:0')
eval samples: 500 loss: tensor(0.5508, device='cuda:0')
eval samples: 600 loss: tensor(1.1344, device='cuda:0')
eval samples: 700 loss: tensor(0.6290, device='cuda:0')
eval samples: 800 loss: tensor(1.1769, device='cuda:0')
eval samples: 900 loss: tensor(1.6917, device='cuda:0')
eval samples: 1000 loss: tensor(0.9046, device='cuda:0')
eval samples: 1100 loss: tensor(1.6049, device='cuda:0')
average loss 1.1437177441197715
----------------------------------------------------------------------------------------------------
| Eval  11 at step    22000 | time: 166.44s | valid loss  1.14 | valid ppl  3.14 | best ppl  3.14 
----------------------------------------------------------------------------------------------------
| epoch   5 step    22100 |   1068 batches | lr 8.12e-05 | ms/batch 2611.30 | loss  2.47 | avg loss  2.31 | ppl 10.12
| epoch   5 step    22200 |   1168 batches | lr 7.93e-05 | ms/batch 844.42 | loss  2.75 | avg loss  2.34 | ppl 10.38
| epoch   5 step    22300 |   1268 batches | lr 7.74e-05 | ms/batch 842.31 | loss  2.23 | avg loss  2.35 | ppl 10.47
| epoch   5 step    22400 |   1368 batches | lr 7.54e-05 | ms/batch 841.16 | loss  2.14 | avg loss  2.30 | ppl  9.98
| epoch   5 step    22500 |   1468 batches | lr 7.35e-05 | ms/batch 843.35 | loss  2.47 | avg loss  2.34 | ppl 10.37
| epoch   5 step    22600 |   1568 batches | lr 7.15e-05 | ms/batch 844.77 | loss  2.56 | avg loss  2.34 | ppl 10.38
| epoch   5 step    22700 |   1668 batches | lr 6.96e-05 | ms/batch 845.96 | loss  2.22 | avg loss  2.33 | ppl 10.25
| epoch   5 step    22800 |   1768 batches | lr 6.77e-05 | ms/batch 843.91 | loss  2.20 | avg loss  2.34 | ppl 10.39
| epoch   5 step    22900 |   1868 batches | lr 6.57e-05 | ms/batch 842.31 | loss  2.61 | avg loss  2.37 | ppl 10.67
| epoch   5 step    23000 |   1968 batches | lr 6.38e-05 | ms/batch 842.47 | loss  2.24 | avg loss  2.33 | ppl 10.25
saving checkpoint ./trained_models/GPT2_M/e2e/model.23000.pt
| epoch   5 step    23100 |   2068 batches | lr 6.18e-05 | ms/batch 946.73 | loss  2.43 | avg loss  2.35 | ppl 10.52
| epoch   5 step    23200 |   2168 batches | lr 5.99e-05 | ms/batch 845.81 | loss  2.53 | avg loss  2.33 | ppl 10.23
| epoch   5 step    23300 |   2268 batches | lr 5.8e-05 | ms/batch 843.83 | loss  2.20 | avg loss  2.31 | ppl 10.06
| epoch   5 step    23400 |   2368 batches | lr 5.6e-05 | ms/batch 842.95 | loss  2.28 | avg loss  2.33 | ppl 10.31
| epoch   5 step    23500 |   2468 batches | lr 5.41e-05 | ms/batch 842.30 | loss  2.22 | avg loss  2.31 | ppl 10.07
| epoch   5 step    23600 |   2568 batches | lr 5.22e-05 | ms/batch 842.75 | loss  2.10 | avg loss  2.32 | ppl 10.18
| epoch   5 step    23700 |   2668 batches | lr 5.02e-05 | ms/batch 841.52 | loss  2.19 | avg loss  2.30 | ppl  9.98
| epoch   5 step    23800 |   2768 batches | lr 4.83e-05 | ms/batch 841.50 | loss  2.40 | avg loss  2.33 | ppl 10.31
| epoch   5 step    23900 |   2868 batches | lr 4.63e-05 | ms/batch 841.73 | loss  2.38 | avg loss  2.31 | ppl 10.09
| epoch   5 step    24000 |   2968 batches | lr 4.44e-05 | ms/batch 842.83 | loss  2.21 | avg loss  2.34 | ppl 10.35
saving checkpoint ./trained_models/GPT2_M/e2e/model.24000.pt
eval samples: 0 loss: tensor(1.0707, device='cuda:0')
eval samples: 100 loss: tensor(0.8285, device='cuda:0')
eval samples: 200 loss: tensor(1.1272, device='cuda:0')
eval samples: 300 loss: tensor(1.0346, device='cuda:0')
eval samples: 400 loss: tensor(0.7874, device='cuda:0')
eval samples: 500 loss: tensor(0.5507, device='cuda:0')
eval samples: 600 loss: tensor(1.1602, device='cuda:0')
eval samples: 700 loss: tensor(0.6265, device='cuda:0')
eval samples: 800 loss: tensor(1.1415, device='cuda:0')
eval samples: 900 loss: tensor(1.6521, device='cuda:0')
eval samples: 1000 loss: tensor(0.8867, device='cuda:0')
eval samples: 1100 loss: tensor(1.5625, device='cuda:0')
average loss 1.131596090603773
----------------------------------------------------------------------------------------------------
| Eval  12 at step    24000 | time: 166.47s | valid loss  1.13 | valid ppl  3.10 | best ppl  3.10 
----------------------------------------------------------------------------------------------------
| epoch   5 step    24100 |   3068 batches | lr 4.25e-05 | ms/batch 2610.76 | loss  2.44 | avg loss  2.36 | ppl 10.54
| epoch   5 step    24200 |   3168 batches | lr 4.05e-05 | ms/batch 843.17 | loss  2.51 | avg loss  2.30 | ppl  9.94
| epoch   5 step    24300 |   3268 batches | lr 3.86e-05 | ms/batch 844.76 | loss  2.41 | avg loss  2.34 | ppl 10.40
| epoch   5 step    24400 |   3368 batches | lr 3.66e-05 | ms/batch 842.76 | loss  2.44 | avg loss  2.32 | ppl 10.15
| epoch   5 step    24500 |   3468 batches | lr 3.47e-05 | ms/batch 841.77 | loss  2.19 | avg loss  2.33 | ppl 10.26
| epoch   5 step    24600 |   3568 batches | lr 3.28e-05 | ms/batch 842.50 | loss  2.39 | avg loss  2.32 | ppl 10.21
| epoch   5 step    24700 |   3668 batches | lr 3.08e-05 | ms/batch 842.79 | loss  2.60 | avg loss  2.35 | ppl 10.54
| epoch   5 step    24800 |   3768 batches | lr 2.89e-05 | ms/batch 845.56 | loss  2.65 | avg loss  2.32 | ppl 10.22
| epoch   5 step    24900 |   3868 batches | lr 2.69e-05 | ms/batch 846.22 | loss  2.18 | avg loss  2.33 | ppl 10.27
| epoch   5 step    25000 |   3968 batches | lr 2.5e-05 | ms/batch 846.48 | loss  2.26 | avg loss  2.33 | ppl 10.25
saving checkpoint ./trained_models/GPT2_M/e2e/model.25000.pt
| epoch   5 step    25100 |   4068 batches | lr 2.31e-05 | ms/batch 958.17 | loss  2.40 | avg loss  2.31 | ppl 10.09
| epoch   5 step    25200 |   4168 batches | lr 2.11e-05 | ms/batch 844.62 | loss  2.19 | avg loss  2.34 | ppl 10.36
| epoch   5 step    25300 |   4268 batches | lr 1.92e-05 | ms/batch 845.73 | loss  2.29 | avg loss  2.30 | ppl 10.02
| epoch   5 step    25400 |   4368 batches | lr 1.73e-05 | ms/batch 844.00 | loss  2.54 | avg loss  2.30 | ppl  9.93
| epoch   5 step    25500 |   4468 batches | lr 1.53e-05 | ms/batch 844.37 | loss  2.32 | avg loss  2.32 | ppl 10.21
| epoch   5 step    25600 |   4568 batches | lr 1.34e-05 | ms/batch 856.07 | loss  2.54 | avg loss  2.33 | ppl 10.26
| epoch   5 step    25700 |   4668 batches | lr 1.14e-05 | ms/batch 844.86 | loss  2.59 | avg loss  2.36 | ppl 10.62
| epoch   5 step    25800 |   4768 batches | lr 9.5e-06 | ms/batch 843.83 | loss  2.36 | avg loss  2.34 | ppl 10.39
| epoch   5 step    25900 |   4868 batches | lr 7.56e-06 | ms/batch 840.20 | loss  2.25 | avg loss  2.31 | ppl 10.12
| epoch   5 step    26000 |   4968 batches | lr 5.62e-06 | ms/batch 838.44 | loss  2.28 | avg loss  2.34 | ppl 10.36
saving checkpoint ./trained_models/GPT2_M/e2e/model.26000.pt
eval samples: 0 loss: tensor(1.0845, device='cuda:0')
eval samples: 100 loss: tensor(0.8494, device='cuda:0')
eval samples: 200 loss: tensor(1.1244, device='cuda:0')
eval samples: 300 loss: tensor(1.0322, device='cuda:0')
eval samples: 400 loss: tensor(0.8091, device='cuda:0')
eval samples: 500 loss: tensor(0.5469, device='cuda:0')
eval samples: 600 loss: tensor(1.1515, device='cuda:0')
eval samples: 700 loss: tensor(0.6254, device='cuda:0')
eval samples: 800 loss: tensor(1.1354, device='cuda:0')
eval samples: 900 loss: tensor(1.6598, device='cuda:0')
eval samples: 1000 loss: tensor(0.8892, device='cuda:0')
eval samples: 1100 loss: tensor(1.5580, device='cuda:0')
average loss 1.1338075501971865
----------------------------------------------------------------------------------------------------
| Eval  13 at step    26000 | time: 166.55s | valid loss  1.13 | valid ppl  3.11 | best ppl  3.10 
----------------------------------------------------------------------------------------------------
| epoch   5 step    26100 |   5068 batches | lr 3.68e-06 | ms/batch 2631.94 | loss  2.29 | avg loss  2.32 | ppl 10.14
| epoch   5 step    26200 |   5168 batches | lr 1.74e-06 | ms/batch 842.44 | loss  2.43 | avg loss  2.31 | ppl 10.03
saving checkpoint ./trained_models/GPT2_M/e2e/model.26290.pt
----------------------------------------------------------------------------------------------------
End of training
cleanup dist ...
[rank0]:[W730 12:43:39.415495096 ProcessGroupNCCL.cpp:1479] Warning: WARNING: destroy_process_group() was not called before program exit, which can leak resources. For more info, please see https://pytorch.org/docs/stable/distributed.html#shutdown (function operator())
