nohup: ignoring input
myrank: 0 local_rank: 0 device_count: 1 world_size: 1
====================================================================================================
        - platform : local
        - local_rank : 0
        - rank : 0
        - device : cuda:0
        - world_size : 1
        - random_seed : 110
        - lr : 0.0004
        - weight_decay : 0.01
        - correct_bias : True
        - adam_epislon : 1e-06
        - no_decay_bias : False
        - adam_beta1 : 0.9
        - adam_beta2 : 0.999
        - scheduler : None
        - max_step : None
        - max_epoch : 5
        - warmup_step : 500
        - i_steps : 0
        - i_lrs : 0.00025
        - train_data : ./data/e2e/train.jsonl
        - valid_data : ./data/e2e/valid.jsonl
        - train_batch_size : 8
        - valid_batch_size : 4
        - grad_acc : 1
        - clip : 0.0
        - seq_len : 512
        - model_card : gpt2.md
        - init_checkpoint : ./pretrained_checkpoints/gpt2-medium-pytorch_model.bin
        - fp16 : False
        - log_interval : 100
        - eval_interval : 2000
        - save_interval : 1000
        - work_dir : ./trained_models/GPT2_M/e2e
        - lora_dim : 4
        - lora_alpha : 32
        - obj : clm
        - lora_dropout : 0.1
        - label_smooth : 0.1
        - roll_interval : -1
        - roll_lr : 1e-05
        - roll_step : 100
        - eval_epoch : 1
        - dist : <module 'torch.distributed' from '/home/ycyh/miniconda3/envs/LoRA/lib/python3.11/site-packages/torch/distributed/__init__.py'>
====================================================================================================
Experiment dir : ./trained_models/GPT2_M/e2e
loading model pretrained weight.
set max_step: 26290
start to train the model................ 1
| epoch   1 step      100 |    100 batches | lr 0.0004 | ms/batch 779.68 | loss  3.41 | avg loss  3.35 | ppl 28.44
| epoch   1 step      200 |    200 batches | lr 0.0004 | ms/batch 1097.01 | loss  2.85 | avg loss  2.86 | ppl 17.53
| epoch   1 step      300 |    300 batches | lr 0.0004 | ms/batch 1639.39 | loss  2.83 | avg loss  2.80 | ppl 16.46
| epoch   1 step      400 |    400 batches | lr 0.0004 | ms/batch 1636.94 | loss  2.90 | avg loss  2.79 | ppl 16.25
| epoch   1 step      500 |    500 batches | lr 0.0004 | ms/batch 1633.73 | loss  2.66 | avg loss  2.74 | ppl 15.47
| epoch   1 step      600 |    600 batches | lr 0.0004 | ms/batch 1635.36 | loss  2.65 | avg loss  2.70 | ppl 14.91
| epoch   1 step      700 |    700 batches | lr 0.0004 | ms/batch 1633.33 | loss  2.81 | avg loss  2.68 | ppl 14.58
| epoch   1 step      800 |    800 batches | lr 0.0004 | ms/batch 1634.80 | loss  2.39 | avg loss  2.67 | ppl 14.37
| epoch   1 step      900 |    900 batches | lr 0.0004 | ms/batch 1632.44 | loss  2.42 | avg loss  2.66 | ppl 14.25
| epoch   1 step     1000 |   1000 batches | lr 0.0004 | ms/batch 1631.99 | loss  3.14 | avg loss  2.69 | ppl 14.67
saving checkpoint ./trained_models/GPT2_M/e2e/model.1000.pt
/home/ycyh/miniconda3/envs/LoRA/lib/python3.11/site-packages/torch/distributed/distributed_c10d.py:4631: UserWarning: No device id is provided via `init_process_group` or `barrier `. Using the current device set by the user. 
  warnings.warn(  # warn only once
| epoch   1 step     1100 |   1100 batches | lr 0.0004 | ms/batch 1633.44 | loss  2.75 | avg loss  2.69 | ppl 14.77
| epoch   1 step     1200 |   1200 batches | lr 0.0004 | ms/batch 1632.49 | loss  2.52 | avg loss  2.68 | ppl 14.65
| epoch   1 step     1300 |   1300 batches | lr 0.0004 | ms/batch 1632.16 | loss  2.56 | avg loss  2.66 | ppl 14.23
| epoch   1 step     1400 |   1400 batches | lr 0.0004 | ms/batch 1626.09 | loss  2.60 | avg loss  2.66 | ppl 14.24
| epoch   1 step     1500 |   1500 batches | lr 0.0004 | ms/batch 1626.57 | loss  2.59 | avg loss  2.67 | ppl 14.49
| epoch   1 step     1600 |   1600 batches | lr 0.0004 | ms/batch 1623.74 | loss  2.68 | avg loss  2.63 | ppl 13.83
| epoch   1 step     1700 |   1700 batches | lr 0.0004 | ms/batch 1628.87 | loss  2.47 | avg loss  2.64 | ppl 14.06
| epoch   1 step     1800 |   1800 batches | lr 0.0004 | ms/batch 1630.84 | loss  2.56 | avg loss  2.65 | ppl 14.14
| epoch   1 step     1900 |   1900 batches | lr 0.0004 | ms/batch 1628.94 | loss  2.70 | avg loss  2.64 | ppl 14.05
| epoch   1 step     2000 |   2000 batches | lr 0.0004 | ms/batch 1628.31 | loss  2.54 | avg loss  2.64 | ppl 13.99
saving checkpoint ./trained_models/GPT2_M/e2e/model.2000.pt
/home/ycyh/miniconda3/envs/LoRA/lib/python3.11/site-packages/torch/nn/_reduction.py:51: UserWarning: size_average and reduce args will be deprecated, please use reduction='none' instead.
  warnings.warn(warning.format(ret))
eval samples: 0 loss: tensor(1.3470, device='cuda:0')
eval samples: 100 loss: tensor(0.9177, device='cuda:0')
eval samples: 200 loss: tensor(1.3608, device='cuda:0')
eval samples: 300 loss: tensor(1.1874, device='cuda:0')
eval samples: 400 loss: tensor(0.9446, device='cuda:0')
eval samples: 500 loss: tensor(0.6322, device='cuda:0')
eval samples: 600 loss: tensor(1.2892, device='cuda:0')
eval samples: 700 loss: tensor(0.7913, device='cuda:0')
eval samples: 800 loss: tensor(1.2298, device='cuda:0')
eval samples: 900 loss: tensor(1.7417, device='cuda:0')
eval samples: 1000 loss: tensor(1.0633, device='cuda:0')
eval samples: 1100 loss: tensor(1.5063, device='cuda:0')
average loss 1.2768087696335086
----------------------------------------------------------------------------------------------------
| Eval   1 at step     2000 | time: 443.75s | valid loss  1.28 | valid ppl  3.59 | best ppl  3.59 
----------------------------------------------------------------------------------------------------
| epoch   1 step     2100 |   2100 batches | lr 0.0004 | ms/batch 5981.67 | loss  2.66 | avg loss  2.62 | ppl 13.79
| epoch   1 step     2200 |   2200 batches | lr 0.0004 | ms/batch 1578.35 | loss  2.93 | avg loss  2.63 | ppl 13.86
| epoch   1 step     2300 |   2300 batches | lr 0.0004 | ms/batch 1830.69 | loss  2.66 | avg loss  2.62 | ppl 13.73
| epoch   1 step     2400 |   2400 batches | lr 0.0004 | ms/batch 2168.10 | loss  2.42 | avg loss  2.63 | ppl 13.84
| epoch   1 step     2500 |   2500 batches | lr 0.0004 | ms/batch 2174.50 | loss  2.86 | avg loss  2.65 | ppl 14.19
| epoch   1 step     2600 |   2600 batches | lr 0.0004 | ms/batch 2192.66 | loss  2.81 | avg loss  2.63 | ppl 13.89
| epoch   1 step     2700 |   2700 batches | lr 0.0004 | ms/batch 2182.63 | loss  2.69 | avg loss  2.61 | ppl 13.65
| epoch   1 step     2800 |   2800 batches | lr 0.0004 | ms/batch 2202.70 | loss  2.35 | avg loss  2.65 | ppl 14.20
| epoch   1 step     2900 |   2900 batches | lr 0.0004 | ms/batch 2184.76 | loss  2.79 | avg loss  2.64 | ppl 13.99
| epoch   1 step     3000 |   3000 batches | lr 0.0004 | ms/batch 2198.36 | loss  2.64 | avg loss  2.61 | ppl 13.59
saving checkpoint ./trained_models/GPT2_M/e2e/model.3000.pt
| epoch   1 step     3100 |   3100 batches | lr 0.0004 | ms/batch 2174.78 | loss  2.84 | avg loss  2.61 | ppl 13.55
| epoch   1 step     3200 |   3200 batches | lr 0.0004 | ms/batch 2196.66 | loss  2.66 | avg loss  2.65 | ppl 14.13
| epoch   1 step     3300 |   3300 batches | lr 0.0004 | ms/batch 2173.46 | loss  3.08 | avg loss  2.60 | ppl 13.49
| epoch   1 step     3400 |   3400 batches | lr 0.0004 | ms/batch 2191.46 | loss  2.57 | avg loss  2.60 | ppl 13.49
| epoch   1 step     3500 |   3500 batches | lr 0.0004 | ms/batch 2188.07 | loss  2.35 | avg loss  2.64 | ppl 13.99
| epoch   1 step     3600 |   3600 batches | lr 0.0004 | ms/batch 2198.12 | loss  2.57 | avg loss  2.64 | ppl 14.03
| epoch   1 step     3700 |   3700 batches | lr 0.0004 | ms/batch 2173.83 | loss  2.56 | avg loss  2.61 | ppl 13.54
| epoch   1 step     3800 |   3800 batches | lr 0.0004 | ms/batch 2194.94 | loss  2.58 | avg loss  2.57 | ppl 13.08
| epoch   1 step     3900 |   3900 batches | lr 0.0004 | ms/batch 2179.54 | loss  2.29 | avg loss  2.65 | ppl 14.11
| epoch   1 step     4000 |   4000 batches | lr 0.0004 | ms/batch 2190.24 | loss  2.68 | avg loss  2.65 | ppl 14.11
saving checkpoint ./trained_models/GPT2_M/e2e/model.4000.pt
eval samples: 0 loss: tensor(1.3044, device='cuda:0')
eval samples: 100 loss: tensor(0.9305, device='cuda:0')
eval samples: 200 loss: tensor(1.3305, device='cuda:0')
eval samples: 300 loss: tensor(1.1878, device='cuda:0')
eval samples: 400 loss: tensor(0.9198, device='cuda:0')
eval samples: 500 loss: tensor(0.5463, device='cuda:0')
eval samples: 600 loss: tensor(1.2665, device='cuda:0')
eval samples: 700 loss: tensor(0.7097, device='cuda:0')
eval samples: 800 loss: tensor(1.1632, device='cuda:0')
eval samples: 900 loss: tensor(1.8195, device='cuda:0')
eval samples: 1000 loss: tensor(0.9059, device='cuda:0')
eval samples: 1100 loss: tensor(1.4346, device='cuda:0')
average loss 1.249477036960729
----------------------------------------------------------------------------------------------------
| Eval   2 at step     4000 | time: 612.76s | valid loss  1.25 | valid ppl  3.49 | best ppl  3.49 
----------------------------------------------------------------------------------------------------
| epoch   1 step     4100 |   4100 batches | lr 0.0004 | ms/batch 8183.17 | loss  2.75 | avg loss  2.60 | ppl 13.41
| epoch   1 step     4200 |   4200 batches | lr 0.0004 | ms/batch 2123.34 | loss  2.65 | avg loss  2.61 | ppl 13.54
| epoch   1 step     4300 |   4300 batches | lr 0.0004 | ms/batch 2188.87 | loss  2.42 | avg loss  2.56 | ppl 12.99
| epoch   1 step     4400 |   4400 batches | lr 0.0004 | ms/batch 2202.12 | loss  2.61 | avg loss  2.60 | ppl 13.42
| epoch   1 step     4500 |   4500 batches | lr 0.0004 | ms/batch 2182.00 | loss  2.74 | avg loss  2.62 | ppl 13.74
| epoch   1 step     4600 |   4600 batches | lr 0.0004 | ms/batch 2185.47 | loss  2.57 | avg loss  2.63 | ppl 13.85
| epoch   1 step     4700 |   4700 batches | lr 0.0004 | ms/batch 2196.17 | loss  2.43 | avg loss  2.62 | ppl 13.76
| epoch   1 step     4800 |   4800 batches | lr 0.0004 | ms/batch 2182.91 | loss  2.74 | avg loss  2.59 | ppl 13.32
| epoch   1 step     4900 |   4900 batches | lr 0.0004 | ms/batch 2206.72 | loss  2.61 | avg loss  2.61 | ppl 13.55
| epoch   1 step     5000 |   5000 batches | lr 0.0004 | ms/batch 2181.73 | loss  2.32 | avg loss  2.57 | ppl 13.13
saving checkpoint ./trained_models/GPT2_M/e2e/model.5000.pt
| epoch   1 step     5100 |   5100 batches | lr 0.0004 | ms/batch 2205.48 | loss  2.68 | avg loss  2.61 | ppl 13.64
| epoch   1 step     5200 |   5200 batches | lr 0.0004 | ms/batch 2172.14 | loss  2.71 | avg loss  2.61 | ppl 13.54
saving checkpoint ./trained_models/GPT2_M/e2e/model.5258.pt
start to train the model................ 2
| epoch   2 step     5300 |     42 batches | lr 0.0004 | ms/batch 926.43 | loss  2.43 | avg loss  2.54 | ppl 12.73
| epoch   2 step     5400 |    142 batches | lr 0.0004 | ms/batch 2175.24 | loss  2.53 | avg loss  2.60 | ppl 13.45
| epoch   2 step     5500 |    242 batches | lr 0.0004 | ms/batch 2185.38 | loss  2.62 | avg loss  2.58 | ppl 13.26
| epoch   2 step     5600 |    342 batches | lr 0.0004 | ms/batch 2164.66 | loss  2.24 | avg loss  2.61 | ppl 13.56
| epoch   2 step     5700 |    442 batches | lr 0.0004 | ms/batch 1823.87 | loss  2.53 | avg loss  2.60 | ppl 13.49
| epoch   2 step     5800 |    542 batches | lr 0.0004 | ms/batch 1633.14 | loss  2.55 | avg loss  2.57 | ppl 13.10
| epoch   2 step     5900 |    642 batches | lr 0.0004 | ms/batch 1631.96 | loss  2.72 | avg loss  2.61 | ppl 13.57
| epoch   2 step     6000 |    742 batches | lr 0.0004 | ms/batch 1626.86 | loss  2.31 | avg loss  2.57 | ppl 13.05
saving checkpoint ./trained_models/GPT2_M/e2e/model.6000.pt
eval samples: 0 loss: tensor(1.1718, device='cuda:0')
eval samples: 100 loss: tensor(0.9230, device='cuda:0')
eval samples: 200 loss: tensor(1.2998, device='cuda:0')
eval samples: 300 loss: tensor(1.1702, device='cuda:0')
eval samples: 400 loss: tensor(0.9760, device='cuda:0')
eval samples: 500 loss: tensor(0.5957, device='cuda:0')
eval samples: 600 loss: tensor(1.2282, device='cuda:0')
eval samples: 700 loss: tensor(0.7468, device='cuda:0')
eval samples: 800 loss: tensor(1.2433, device='cuda:0')
eval samples: 900 loss: tensor(1.7852, device='cuda:0')
eval samples: 1000 loss: tensor(0.9664, device='cuda:0')
eval samples: 1100 loss: tensor(1.5139, device='cuda:0')
average loss 1.245034030090048
----------------------------------------------------------------------------------------------------
| Eval   3 at step     6000 | time: 444.92s | valid loss  1.25 | valid ppl  3.47 | best ppl  3.47 
----------------------------------------------------------------------------------------------------
| epoch   2 step     6100 |    842 batches | lr 0.0004 | ms/batch 5991.92 | loss  2.32 | avg loss  2.59 | ppl 13.32
| epoch   2 step     6200 |    942 batches | lr 0.0004 | ms/batch 1579.53 | loss  2.45 | avg loss  2.59 | ppl 13.37
| epoch   2 step     6300 |   1042 batches | lr 0.0004 | ms/batch 1630.78 | loss  2.79 | avg loss  2.60 | ppl 13.42
| epoch   2 step     6400 |   1142 batches | lr 0.0004 | ms/batch 1629.84 | loss  2.40 | avg loss  2.59 | ppl 13.39
| epoch   2 step     6500 |   1242 batches | lr 0.0004 | ms/batch 1630.71 | loss  2.43 | avg loss  2.61 | ppl 13.63
| epoch   2 step     6600 |   1342 batches | lr 0.0004 | ms/batch 1630.66 | loss  2.91 | avg loss  2.59 | ppl 13.30
| epoch   2 step     6700 |   1442 batches | lr 0.0004 | ms/batch 1631.25 | loss  2.55 | avg loss  2.59 | ppl 13.36
| epoch   2 step     6800 |   1542 batches | lr 0.0004 | ms/batch 1631.75 | loss  2.55 | avg loss  2.61 | ppl 13.55
| epoch   2 step     6900 |   1642 batches | lr 0.0004 | ms/batch 1632.10 | loss  2.53 | avg loss  2.54 | ppl 12.72
| epoch   2 step     7000 |   1742 batches | lr 0.0004 | ms/batch 1631.83 | loss  2.76 | avg loss  2.61 | ppl 13.56
saving checkpoint ./trained_models/GPT2_M/e2e/model.7000.pt
| epoch   2 step     7100 |   1842 batches | lr 0.0004 | ms/batch 1630.35 | loss  2.73 | avg loss  2.58 | ppl 13.26
| epoch   2 step     7200 |   1942 batches | lr 0.0004 | ms/batch 1633.46 | loss  2.67 | avg loss  2.59 | ppl 13.38
| epoch   2 step     7300 |   2042 batches | lr 0.0004 | ms/batch 1631.11 | loss  2.44 | avg loss  2.56 | ppl 12.99
| epoch   2 step     7400 |   2142 batches | lr 0.0004 | ms/batch 1631.44 | loss  2.90 | avg loss  2.56 | ppl 12.97
| epoch   2 step     7500 |   2242 batches | lr 0.0004 | ms/batch 1633.81 | loss  2.75 | avg loss  2.62 | ppl 13.68
| epoch   2 step     7600 |   2342 batches | lr 0.0004 | ms/batch 1637.93 | loss  2.35 | avg loss  2.57 | ppl 13.11
| epoch   2 step     7700 |   2442 batches | lr 0.0004 | ms/batch 1633.97 | loss  2.81 | avg loss  2.57 | ppl 13.10
| epoch   2 step     7800 |   2542 batches | lr 0.0004 | ms/batch 1632.90 | loss  2.64 | avg loss  2.56 | ppl 12.90
| epoch   2 step     7900 |   2642 batches | lr 0.0004 | ms/batch 1635.11 | loss  2.90 | avg loss  2.61 | ppl 13.55
| epoch   2 step     8000 |   2742 batches | lr 0.0004 | ms/batch 1632.88 | loss  2.64 | avg loss  2.61 | ppl 13.64
saving checkpoint ./trained_models/GPT2_M/e2e/model.8000.pt
eval samples: 0 loss: tensor(1.2413, device='cuda:0')
eval samples: 100 loss: tensor(0.9562, device='cuda:0')
eval samples: 200 loss: tensor(1.3429, device='cuda:0')
eval samples: 300 loss: tensor(1.1669, device='cuda:0')
eval samples: 400 loss: tensor(0.9497, device='cuda:0')
eval samples: 500 loss: tensor(0.6395, device='cuda:0')
eval samples: 600 loss: tensor(1.1430, device='cuda:0')
eval samples: 700 loss: tensor(0.8041, device='cuda:0')
eval samples: 800 loss: tensor(1.2370, device='cuda:0')
eval samples: 900 loss: tensor(1.7421, device='cuda:0')
eval samples: 1000 loss: tensor(1.0662, device='cuda:0')
eval samples: 1100 loss: tensor(1.4854, device='cuda:0')
average loss 1.2461408766573423
----------------------------------------------------------------------------------------------------
| Eval   4 at step     8000 | time: 442.65s | valid loss  1.25 | valid ppl  3.48 | best ppl  3.47 
----------------------------------------------------------------------------------------------------
| epoch   2 step     8100 |   2842 batches | lr 0.0004 | ms/batch 5971.96 | loss  2.45 | avg loss  2.57 | ppl 13.11
| epoch   2 step     8200 |   2942 batches | lr 0.0004 | ms/batch 1583.73 | loss  2.63 | avg loss  2.63 | ppl 13.93
| epoch   2 step     8300 |   3042 batches | lr 0.0004 | ms/batch 1630.89 | loss  2.51 | avg loss  2.60 | ppl 13.46
| epoch   2 step     8400 |   3142 batches | lr 0.0004 | ms/batch 1630.02 | loss  2.68 | avg loss  2.59 | ppl 13.27
| epoch   2 step     8500 |   3242 batches | lr 0.0004 | ms/batch 1628.93 | loss  2.59 | avg loss  2.59 | ppl 13.36
| epoch   2 step     8600 |   3342 batches | lr 0.0004 | ms/batch 1629.22 | loss  2.55 | avg loss  2.57 | ppl 13.13
| epoch   2 step     8700 |   3442 batches | lr 0.0004 | ms/batch 1637.50 | loss  2.93 | avg loss  2.58 | ppl 13.22
| epoch   2 step     8800 |   3542 batches | lr 0.0004 | ms/batch 1628.79 | loss  2.50 | avg loss  2.58 | ppl 13.20
| epoch   2 step     8900 |   3642 batches | lr 0.0004 | ms/batch 1633.04 | loss  2.75 | avg loss  2.60 | ppl 13.49
| epoch   2 step     9000 |   3742 batches | lr 0.0004 | ms/batch 1632.21 | loss  2.59 | avg loss  2.59 | ppl 13.33
saving checkpoint ./trained_models/GPT2_M/e2e/model.9000.pt
| epoch   2 step     9100 |   3842 batches | lr 0.0004 | ms/batch 1631.37 | loss  2.51 | avg loss  2.59 | ppl 13.37
| epoch   2 step     9200 |   3942 batches | lr 0.0004 | ms/batch 1631.20 | loss  2.73 | avg loss  2.59 | ppl 13.30
| epoch   2 step     9300 |   4042 batches | lr 0.0004 | ms/batch 1627.74 | loss  2.52 | avg loss  2.61 | ppl 13.55
| epoch   2 step     9400 |   4142 batches | lr 0.0004 | ms/batch 1632.73 | loss  2.62 | avg loss  2.59 | ppl 13.36
| epoch   2 step     9500 |   4242 batches | lr 0.0004 | ms/batch 1633.05 | loss  2.62 | avg loss  2.59 | ppl 13.32
| epoch   2 step     9600 |   4342 batches | lr 0.0004 | ms/batch 1634.38 | loss  2.97 | avg loss  2.60 | ppl 13.46
| epoch   2 step     9700 |   4442 batches | lr 0.0004 | ms/batch 1629.55 | loss  2.36 | avg loss  2.58 | ppl 13.18
| epoch   2 step     9800 |   4542 batches | lr 0.0004 | ms/batch 1626.95 | loss  2.57 | avg loss  2.58 | ppl 13.20
| epoch   2 step     9900 |   4642 batches | lr 0.0004 | ms/batch 1630.53 | loss  2.24 | avg loss  2.56 | ppl 13.00
| epoch   2 step    10000 |   4742 batches | lr 0.0004 | ms/batch 1629.79 | loss  2.61 | avg loss  2.60 | ppl 13.53
saving checkpoint ./trained_models/GPT2_M/e2e/model.10000.pt
eval samples: 0 loss: tensor(1.2745, device='cuda:0')
eval samples: 100 loss: tensor(0.9617, device='cuda:0')
eval samples: 200 loss: tensor(1.3142, device='cuda:0')
eval samples: 300 loss: tensor(1.1615, device='cuda:0')
eval samples: 400 loss: tensor(0.9228, device='cuda:0')
eval samples: 500 loss: tensor(0.6449, device='cuda:0')
eval samples: 600 loss: tensor(1.2524, device='cuda:0')
eval samples: 700 loss: tensor(0.7578, device='cuda:0')
eval samples: 800 loss: tensor(1.2676, device='cuda:0')
eval samples: 900 loss: tensor(1.7408, device='cuda:0')
eval samples: 1000 loss: tensor(1.0242, device='cuda:0')
eval samples: 1100 loss: tensor(1.5062, device='cuda:0')
average loss 1.26103078604561
----------------------------------------------------------------------------------------------------
| Eval   5 at step    10000 | time: 445.17s | valid loss  1.26 | valid ppl  3.53 | best ppl  3.47 
----------------------------------------------------------------------------------------------------
| epoch   2 step    10100 |   4842 batches | lr 0.0004 | ms/batch 5987.47 | loss  2.40 | avg loss  2.59 | ppl 13.37
| epoch   2 step    10200 |   4942 batches | lr 0.0004 | ms/batch 1574.86 | loss  2.48 | avg loss  2.60 | ppl 13.43
| epoch   2 step    10300 |   5042 batches | lr 0.0004 | ms/batch 1626.24 | loss  2.84 | avg loss  2.58 | ppl 13.21
| epoch   2 step    10400 |   5142 batches | lr 0.0004 | ms/batch 1627.26 | loss  2.73 | avg loss  2.58 | ppl 13.14
| epoch   2 step    10500 |   5242 batches | lr 0.0004 | ms/batch 1634.13 | loss  2.52 | avg loss  2.56 | ppl 12.95
saving checkpoint ./trained_models/GPT2_M/e2e/model.10516.pt
start to train the model................ 3
| epoch   3 step    10600 |     84 batches | lr 0.0004 | ms/batch 1371.28 | loss  2.25 | avg loss  2.56 | ppl 13.00
| epoch   3 step    10700 |    184 batches | lr 0.0004 | ms/batch 1582.69 | loss  2.67 | avg loss  2.58 | ppl 13.22
| epoch   3 step    10800 |    284 batches | lr 0.0004 | ms/batch 1627.85 | loss  2.83 | avg loss  2.57 | ppl 13.07
| epoch   3 step    10900 |    384 batches | lr 0.0004 | ms/batch 1633.58 | loss  2.83 | avg loss  2.57 | ppl 13.05
| epoch   3 step    11000 |    484 batches | lr 0.0004 | ms/batch 1633.03 | loss  2.76 | avg loss  2.57 | ppl 13.09
saving checkpoint ./trained_models/GPT2_M/e2e/model.11000.pt
| epoch   3 step    11100 |    584 batches | lr 0.0004 | ms/batch 1633.41 | loss  2.67 | avg loss  2.63 | ppl 13.91
| epoch   3 step    11200 |    684 batches | lr 0.0004 | ms/batch 1632.74 | loss  2.61 | avg loss  2.58 | ppl 13.16
| epoch   3 step    11300 |    784 batches | lr 0.0004 | ms/batch 1633.16 | loss  2.63 | avg loss  2.60 | ppl 13.43
| epoch   3 step    11400 |    884 batches | lr 0.0004 | ms/batch 1633.01 | loss  2.57 | avg loss  2.59 | ppl 13.29
| epoch   3 step    11500 |    984 batches | lr 0.0004 | ms/batch 1634.52 | loss  2.31 | avg loss  2.59 | ppl 13.28
| epoch   3 step    11600 |   1084 batches | lr 0.0004 | ms/batch 1631.06 | loss  2.19 | avg loss  2.54 | ppl 12.73
| epoch   3 step    11700 |   1184 batches | lr 0.0004 | ms/batch 1631.21 | loss  2.43 | avg loss  2.57 | ppl 13.07
| epoch   3 step    11800 |   1284 batches | lr 0.0004 | ms/batch 1631.72 | loss  2.66 | avg loss  2.55 | ppl 12.78
| epoch   3 step    11900 |   1384 batches | lr 0.0004 | ms/batch 1631.81 | loss  2.44 | avg loss  2.56 | ppl 12.94
| epoch   3 step    12000 |   1484 batches | lr 0.0004 | ms/batch 1636.11 | loss  2.64 | avg loss  2.57 | ppl 13.10
saving checkpoint ./trained_models/GPT2_M/e2e/model.12000.pt
eval samples: 0 loss: tensor(1.2471, device='cuda:0')
eval samples: 100 loss: tensor(0.9140, device='cuda:0')
eval samples: 200 loss: tensor(1.3589, device='cuda:0')
eval samples: 300 loss: tensor(1.1626, device='cuda:0')
eval samples: 400 loss: tensor(0.9497, device='cuda:0')
eval samples: 500 loss: tensor(0.5893, device='cuda:0')
eval samples: 600 loss: tensor(1.2050, device='cuda:0')
eval samples: 700 loss: tensor(0.7149, device='cuda:0')
eval samples: 800 loss: tensor(1.2150, device='cuda:0')
eval samples: 900 loss: tensor(1.7787, device='cuda:0')
eval samples: 1000 loss: tensor(0.9873, device='cuda:0')
eval samples: 1100 loss: tensor(1.4851, device='cuda:0')
average loss 1.2317989280268753
----------------------------------------------------------------------------------------------------
| Eval   6 at step    12000 | time: 444.75s | valid loss  1.23 | valid ppl  3.43 | best ppl  3.43 
----------------------------------------------------------------------------------------------------
| epoch   3 step    12100 |   1584 batches | lr 0.0004 | ms/batch 5986.37 | loss  2.54 | avg loss  2.59 | ppl 13.35
| epoch   3 step    12200 |   1684 batches | lr 0.0004 | ms/batch 1575.18 | loss  2.53 | avg loss  2.60 | ppl 13.46
| epoch   3 step    12300 |   1784 batches | lr 0.0004 | ms/batch 1631.00 | loss  2.56 | avg loss  2.59 | ppl 13.27
| epoch   3 step    12400 |   1884 batches | lr 0.0004 | ms/batch 1632.76 | loss  2.63 | avg loss  2.55 | ppl 12.77
| epoch   3 step    12500 |   1984 batches | lr 0.0004 | ms/batch 1631.92 | loss  2.85 | avg loss  2.58 | ppl 13.22
| epoch   3 step    12600 |   2084 batches | lr 0.0004 | ms/batch 1630.84 | loss  2.83 | avg loss  2.52 | ppl 12.45
| epoch   3 step    12700 |   2184 batches | lr 0.0004 | ms/batch 1630.05 | loss  2.39 | avg loss  2.58 | ppl 13.16
| epoch   3 step    12800 |   2284 batches | lr 0.0004 | ms/batch 1630.52 | loss  2.67 | avg loss  2.58 | ppl 13.13
| epoch   3 step    12900 |   2384 batches | lr 0.0004 | ms/batch 1629.65 | loss  2.48 | avg loss  2.58 | ppl 13.20
| epoch   3 step    13000 |   2484 batches | lr 0.0004 | ms/batch 1629.17 | loss  3.06 | avg loss  2.60 | ppl 13.45
saving checkpoint ./trained_models/GPT2_M/e2e/model.13000.pt
| epoch   3 step    13100 |   2584 batches | lr 0.0004 | ms/batch 1629.84 | loss  2.39 | avg loss  2.56 | ppl 12.90
| epoch   3 step    13200 |   2684 batches | lr 0.0004 | ms/batch 1631.18 | loss  2.49 | avg loss  2.61 | ppl 13.64
| epoch   3 step    13300 |   2784 batches | lr 0.0004 | ms/batch 1630.86 | loss  2.50 | avg loss  2.55 | ppl 12.85
| epoch   3 step    13400 |   2884 batches | lr 0.0004 | ms/batch 1630.32 | loss  2.70 | avg loss  2.56 | ppl 12.92
| epoch   3 step    13500 |   2984 batches | lr 0.0004 | ms/batch 1630.82 | loss  3.00 | avg loss  2.60 | ppl 13.48
| epoch   3 step    13600 |   3084 batches | lr 0.0004 | ms/batch 1632.41 | loss  2.31 | avg loss  2.59 | ppl 13.36
| epoch   3 step    13700 |   3184 batches | lr 0.0004 | ms/batch 1631.79 | loss  2.76 | avg loss  2.62 | ppl 13.73
| epoch   3 step    13800 |   3284 batches | lr 0.0004 | ms/batch 1627.23 | loss  2.35 | avg loss  2.56 | ppl 12.89
| epoch   3 step    13900 |   3384 batches | lr 0.0004 | ms/batch 1628.85 | loss  3.05 | avg loss  2.60 | ppl 13.52
| epoch   3 step    14000 |   3484 batches | lr 0.0004 | ms/batch 1631.75 | loss  2.77 | avg loss  2.61 | ppl 13.54
saving checkpoint ./trained_models/GPT2_M/e2e/model.14000.pt
eval samples: 0 loss: tensor(1.1905, device='cuda:0')
eval samples: 100 loss: tensor(0.8991, device='cuda:0')
eval samples: 200 loss: tensor(1.3048, device='cuda:0')
eval samples: 300 loss: tensor(1.1362, device='cuda:0')
eval samples: 400 loss: tensor(0.9490, device='cuda:0')
eval samples: 500 loss: tensor(0.5541, device='cuda:0')
eval samples: 600 loss: tensor(1.2766, device='cuda:0')
eval samples: 700 loss: tensor(0.7597, device='cuda:0')
eval samples: 800 loss: tensor(1.1358, device='cuda:0')
eval samples: 900 loss: tensor(1.8646, device='cuda:0')
eval samples: 1000 loss: tensor(1.0299, device='cuda:0')
eval samples: 1100 loss: tensor(1.5308, device='cuda:0')
average loss 1.2318045650545049
----------------------------------------------------------------------------------------------------
| Eval   7 at step    14000 | time: 445.82s | valid loss  1.23 | valid ppl  3.43 | best ppl  3.43 
----------------------------------------------------------------------------------------------------
| epoch   3 step    14100 |   3584 batches | lr 0.0004 | ms/batch 5994.19 | loss  2.68 | avg loss  2.54 | ppl 12.65
| epoch   3 step    14200 |   3684 batches | lr 0.0004 | ms/batch 1569.34 | loss  2.56 | avg loss  2.55 | ppl 12.82
| epoch   3 step    14300 |   3784 batches | lr 0.0004 | ms/batch 1633.21 | loss  2.79 | avg loss  2.56 | ppl 12.96
| epoch   3 step    14400 |   3884 batches | lr 0.0004 | ms/batch 1633.23 | loss  2.35 | avg loss  2.57 | ppl 13.09
| epoch   3 step    14500 |   3984 batches | lr 0.0004 | ms/batch 1632.68 | loss  2.41 | avg loss  2.58 | ppl 13.24
| epoch   3 step    14600 |   4084 batches | lr 0.0004 | ms/batch 1633.62 | loss  2.54 | avg loss  2.59 | ppl 13.35
| epoch   3 step    14700 |   4184 batches | lr 0.0004 | ms/batch 1633.17 | loss  2.55 | avg loss  2.55 | ppl 12.86
| epoch   3 step    14800 |   4284 batches | lr 0.0004 | ms/batch 1633.30 | loss  2.57 | avg loss  2.60 | ppl 13.47
| epoch   3 step    14900 |   4384 batches | lr 0.0004 | ms/batch 1633.68 | loss  2.50 | avg loss  2.57 | ppl 13.11
| epoch   3 step    15000 |   4484 batches | lr 0.0004 | ms/batch 1633.37 | loss  2.92 | avg loss  2.60 | ppl 13.52
saving checkpoint ./trained_models/GPT2_M/e2e/model.15000.pt
| epoch   3 step    15100 |   4584 batches | lr 0.0004 | ms/batch 1633.00 | loss  2.41 | avg loss  2.57 | ppl 13.07
| epoch   3 step    15200 |   4684 batches | lr 0.0004 | ms/batch 1634.94 | loss  2.56 | avg loss  2.56 | ppl 12.99
| epoch   3 step    15300 |   4784 batches | lr 0.0004 | ms/batch 1632.80 | loss  2.51 | avg loss  2.61 | ppl 13.55
| epoch   3 step    15400 |   4884 batches | lr 0.0004 | ms/batch 1632.35 | loss  2.40 | avg loss  2.58 | ppl 13.20
| epoch   3 step    15500 |   4984 batches | lr 0.0004 | ms/batch 1633.15 | loss  2.50 | avg loss  2.58 | ppl 13.23
| epoch   3 step    15600 |   5084 batches | lr 0.0004 | ms/batch 1633.71 | loss  2.64 | avg loss  2.57 | ppl 13.04
| epoch   3 step    15700 |   5184 batches | lr 0.0004 | ms/batch 1633.83 | loss  2.56 | avg loss  2.55 | ppl 12.75
saving checkpoint ./trained_models/GPT2_M/e2e/model.15774.pt
start to train the model................ 4
| epoch   4 step    15800 |     26 batches | lr 0.0004 | ms/batch 423.48 | loss  2.40 | avg loss  2.55 | ppl 12.83
| epoch   4 step    15900 |    126 batches | lr 0.0004 | ms/batch 1630.82 | loss  2.43 | avg loss  2.56 | ppl 12.88
| epoch   4 step    16000 |    226 batches | lr 0.0004 | ms/batch 1588.43 | loss  2.57 | avg loss  2.59 | ppl 13.28
saving checkpoint ./trained_models/GPT2_M/e2e/model.16000.pt
eval samples: 0 loss: tensor(1.1955, device='cuda:0')
eval samples: 100 loss: tensor(0.8415, device='cuda:0')
eval samples: 200 loss: tensor(1.3258, device='cuda:0')
eval samples: 300 loss: tensor(1.1499, device='cuda:0')
eval samples: 400 loss: tensor(0.9082, device='cuda:0')
eval samples: 500 loss: tensor(0.5530, device='cuda:0')
eval samples: 600 loss: tensor(1.2634, device='cuda:0')
eval samples: 700 loss: tensor(0.7098, device='cuda:0')
eval samples: 800 loss: tensor(1.2376, device='cuda:0')
eval samples: 900 loss: tensor(1.7261, device='cuda:0')
eval samples: 1000 loss: tensor(0.9827, device='cuda:0')
eval samples: 1100 loss: tensor(1.5528, device='cuda:0')
average loss 1.2135703568793323
----------------------------------------------------------------------------------------------------
| Eval   8 at step    16000 | time: 444.53s | valid loss  1.21 | valid ppl  3.37 | best ppl  3.37 
----------------------------------------------------------------------------------------------------
| epoch   4 step    16100 |    326 batches | lr 0.0004 | ms/batch 5981.72 | loss  2.78 | avg loss  2.55 | ppl 12.80
| epoch   4 step    16200 |    426 batches | lr 0.0004 | ms/batch 1566.41 | loss  2.49 | avg loss  2.56 | ppl 12.97
| epoch   4 step    16300 |    526 batches | lr 0.0004 | ms/batch 1629.58 | loss  2.91 | avg loss  2.55 | ppl 12.80
| epoch   4 step    16400 |    626 batches | lr 0.0004 | ms/batch 1631.39 | loss  3.04 | avg loss  2.57 | ppl 13.02
| epoch   4 step    16500 |    726 batches | lr 0.0004 | ms/batch 1634.18 | loss  2.77 | avg loss  2.59 | ppl 13.34
| epoch   4 step    16600 |    826 batches | lr 0.0004 | ms/batch 1630.28 | loss  2.81 | avg loss  2.56 | ppl 12.98
| epoch   4 step    16700 |    926 batches | lr 0.0004 | ms/batch 1633.50 | loss  2.71 | avg loss  2.57 | ppl 13.08
| epoch   4 step    16800 |   1026 batches | lr 0.0004 | ms/batch 1634.31 | loss  2.66 | avg loss  2.57 | ppl 13.10
| epoch   4 step    16900 |   1126 batches | lr 0.0004 | ms/batch 1634.35 | loss  2.29 | avg loss  2.54 | ppl 12.73
| epoch   4 step    17000 |   1226 batches | lr 0.0004 | ms/batch 1847.84 | loss  2.44 | avg loss  2.54 | ppl 12.68
saving checkpoint ./trained_models/GPT2_M/e2e/model.17000.pt
| epoch   4 step    17100 |   1326 batches | lr 0.0004 | ms/batch 2187.09 | loss  2.72 | avg loss  2.60 | ppl 13.46
| epoch   4 step    17200 |   1426 batches | lr 0.0004 | ms/batch 2186.46 | loss  2.48 | avg loss  2.55 | ppl 12.75
| epoch   4 step    17300 |   1526 batches | lr 0.0004 | ms/batch 2190.63 | loss  2.48 | avg loss  2.57 | ppl 13.10
| epoch   4 step    17400 |   1626 batches | lr 0.0004 | ms/batch 2191.37 | loss  2.32 | avg loss  2.58 | ppl 13.21
| epoch   4 step    17500 |   1726 batches | lr 0.0004 | ms/batch 2174.49 | loss  2.82 | avg loss  2.58 | ppl 13.21
| epoch   4 step    17600 |   1826 batches | lr 0.0004 | ms/batch 2181.50 | loss  2.93 | avg loss  2.59 | ppl 13.31
| epoch   4 step    17700 |   1926 batches | lr 0.0004 | ms/batch 2178.47 | loss  2.49 | avg loss  2.56 | ppl 12.91
| epoch   4 step    17800 |   2026 batches | lr 0.0004 | ms/batch 2171.92 | loss  2.88 | avg loss  2.61 | ppl 13.53
| epoch   4 step    17900 |   2126 batches | lr 0.0004 | ms/batch 2201.07 | loss  2.54 | avg loss  2.56 | ppl 12.96
| epoch   4 step    18000 |   2226 batches | lr 0.0004 | ms/batch 2171.14 | loss  3.14 | avg loss  2.57 | ppl 13.07
saving checkpoint ./trained_models/GPT2_M/e2e/model.18000.pt
eval samples: 0 loss: tensor(1.2168, device='cuda:0')
eval samples: 100 loss: tensor(0.9087, device='cuda:0')
eval samples: 200 loss: tensor(1.3662, device='cuda:0')
eval samples: 300 loss: tensor(1.0946, device='cuda:0')
eval samples: 400 loss: tensor(0.9986, device='cuda:0')
eval samples: 500 loss: tensor(0.6270, device='cuda:0')
eval samples: 600 loss: tensor(1.1774, device='cuda:0')
eval samples: 700 loss: tensor(0.7597, device='cuda:0')
eval samples: 800 loss: tensor(1.2509, device='cuda:0')
eval samples: 900 loss: tensor(1.7900, device='cuda:0')
eval samples: 1000 loss: tensor(1.0005, device='cuda:0')
eval samples: 1100 loss: tensor(1.5133, device='cuda:0')
average loss 1.2323485239829919
----------------------------------------------------------------------------------------------------
| Eval   9 at step    18000 | time: 613.70s | valid loss  1.23 | valid ppl  3.43 | best ppl  3.37 
----------------------------------------------------------------------------------------------------
| epoch   4 step    18100 |   2326 batches | lr 0.0004 | ms/batch 8231.72 | loss  2.68 | avg loss  2.56 | ppl 12.98
| epoch   4 step    18200 |   2426 batches | lr 0.0004 | ms/batch 2091.55 | loss  2.42 | avg loss  2.57 | ppl 13.08
| epoch   4 step    18300 |   2526 batches | lr 0.0004 | ms/batch 2210.54 | loss  2.40 | avg loss  2.58 | ppl 13.20
| epoch   4 step    18400 |   2626 batches | lr 0.0004 | ms/batch 2179.02 | loss  2.70 | avg loss  2.56 | ppl 12.88
| epoch   4 step    18500 |   2726 batches | lr 0.0004 | ms/batch 2206.42 | loss  2.57 | avg loss  2.55 | ppl 12.76
| epoch   4 step    18600 |   2826 batches | lr 0.0004 | ms/batch 2179.44 | loss  2.37 | avg loss  2.59 | ppl 13.35
| epoch   4 step    18700 |   2926 batches | lr 0.0004 | ms/batch 2201.08 | loss  2.34 | avg loss  2.55 | ppl 12.87
| epoch   4 step    18800 |   3026 batches | lr 0.0004 | ms/batch 2185.71 | loss  2.31 | avg loss  2.59 | ppl 13.31
| epoch   4 step    18900 |   3126 batches | lr 0.0004 | ms/batch 2185.91 | loss  2.58 | avg loss  2.58 | ppl 13.16
| epoch   4 step    19000 |   3226 batches | lr 0.0004 | ms/batch 2190.30 | loss  2.89 | avg loss  2.58 | ppl 13.25
saving checkpoint ./trained_models/GPT2_M/e2e/model.19000.pt
| epoch   4 step    19100 |   3326 batches | lr 0.0004 | ms/batch 2198.24 | loss  2.87 | avg loss  2.56 | ppl 12.98
| epoch   4 step    19200 |   3426 batches | lr 0.0004 | ms/batch 2184.44 | loss  2.66 | avg loss  2.55 | ppl 12.83
| epoch   4 step    19300 |   3526 batches | lr 0.0004 | ms/batch 2176.82 | loss  2.59 | avg loss  2.58 | ppl 13.23
| epoch   4 step    19400 |   3626 batches | lr 0.0004 | ms/batch 2201.23 | loss  2.70 | avg loss  2.57 | ppl 13.06
| epoch   4 step    19500 |   3726 batches | lr 0.0004 | ms/batch 2184.55 | loss  2.32 | avg loss  2.57 | ppl 13.05
| epoch   4 step    19600 |   3826 batches | lr 0.0004 | ms/batch 2198.98 | loss  2.72 | avg loss  2.57 | ppl 13.02
| epoch   4 step    19700 |   3926 batches | lr 0.0004 | ms/batch 2194.45 | loss  2.65 | avg loss  2.57 | ppl 13.02
| epoch   4 step    19800 |   4026 batches | lr 0.0004 | ms/batch 2194.29 | loss  2.55 | avg loss  2.57 | ppl 13.08
| epoch   4 step    19900 |   4126 batches | lr 0.0004 | ms/batch 2187.37 | loss  2.36 | avg loss  2.61 | ppl 13.61
| epoch   4 step    20000 |   4226 batches | lr 0.0004 | ms/batch 2199.58 | loss  2.45 | avg loss  2.57 | ppl 13.08
saving checkpoint ./trained_models/GPT2_M/e2e/model.20000.pt
eval samples: 0 loss: tensor(1.2630, device='cuda:0')
eval samples: 100 loss: tensor(0.9172, device='cuda:0')
eval samples: 200 loss: tensor(1.3429, device='cuda:0')
eval samples: 300 loss: tensor(1.1561, device='cuda:0')
eval samples: 400 loss: tensor(0.9910, device='cuda:0')
eval samples: 500 loss: tensor(0.5601, device='cuda:0')
eval samples: 600 loss: tensor(1.2383, device='cuda:0')
eval samples: 700 loss: tensor(0.7235, device='cuda:0')
eval samples: 800 loss: tensor(1.1559, device='cuda:0')
eval samples: 900 loss: tensor(1.7469, device='cuda:0')
eval samples: 1000 loss: tensor(1.0223, device='cuda:0')
eval samples: 1100 loss: tensor(1.5629, device='cuda:0')
average loss 1.240720707821111
----------------------------------------------------------------------------------------------------
| Eval  10 at step    20000 | time: 613.26s | valid loss  1.24 | valid ppl  3.46 | best ppl  3.37 
----------------------------------------------------------------------------------------------------
| epoch   4 step    20100 |   4326 batches | lr 0.0004 | ms/batch 7854.08 | loss  2.50 | avg loss  2.56 | ppl 13.00
| epoch   4 step    20200 |   4426 batches | lr 0.0004 | ms/batch 1574.16 | loss  2.60 | avg loss  2.58 | ppl 13.15
| epoch   4 step    20300 |   4526 batches | lr 0.0004 | ms/batch 1629.34 | loss  2.63 | avg loss  2.59 | ppl 13.32
| epoch   4 step    20400 |   4626 batches | lr 0.0004 | ms/batch 1749.25 | loss  2.49 | avg loss  2.57 | ppl 13.06
| epoch   4 step    20500 |   4726 batches | lr 0.0004 | ms/batch 2183.97 | loss  2.81 | avg loss  2.56 | ppl 12.89
| epoch   4 step    20600 |   4826 batches | lr 0.0004 | ms/batch 2171.77 | loss  2.67 | avg loss  2.61 | ppl 13.59
| epoch   4 step    20700 |   4926 batches | lr 0.0004 | ms/batch 2192.26 | loss  2.62 | avg loss  2.56 | ppl 12.98
| epoch   4 step    20800 |   5026 batches | lr 0.0004 | ms/batch 2186.68 | loss  2.31 | avg loss  2.59 | ppl 13.39
| epoch   4 step    20900 |   5126 batches | lr 0.0004 | ms/batch 2184.59 | loss  2.53 | avg loss  2.56 | ppl 12.90
| epoch   4 step    21000 |   5226 batches | lr 0.0004 | ms/batch 2178.32 | loss  2.36 | avg loss  2.57 | ppl 13.00
saving checkpoint ./trained_models/GPT2_M/e2e/model.21000.pt
saving checkpoint ./trained_models/GPT2_M/e2e/model.21032.pt
start to train the model................ 5
| epoch   5 step    21100 |     68 batches | lr 0.0004 | ms/batch 1482.55 | loss  2.76 | avg loss  2.58 | ppl 13.26
| epoch   5 step    21200 |    168 batches | lr 0.0004 | ms/batch 2168.37 | loss  2.73 | avg loss  2.52 | ppl 12.49
| epoch   5 step    21300 |    268 batches | lr 0.0004 | ms/batch 2182.94 | loss  2.34 | avg loss  2.58 | ppl 13.25
| epoch   5 step    21400 |    368 batches | lr 0.0004 | ms/batch 2185.05 | loss  2.69 | avg loss  2.57 | ppl 13.00
| epoch   5 step    21500 |    468 batches | lr 0.0004 | ms/batch 2184.55 | loss  2.73 | avg loss  2.58 | ppl 13.19
| epoch   5 step    21600 |    568 batches | lr 0.0004 | ms/batch 2179.62 | loss  2.87 | avg loss  2.53 | ppl 12.58
| epoch   5 step    21700 |    668 batches | lr 0.0004 | ms/batch 2183.64 | loss  2.96 | avg loss  2.58 | ppl 13.18
| epoch   5 step    21800 |    768 batches | lr 0.0004 | ms/batch 2184.70 | loss  2.45 | avg loss  2.59 | ppl 13.34
| epoch   5 step    21900 |    868 batches | lr 0.0004 | ms/batch 2192.96 | loss  2.82 | avg loss  2.57 | ppl 13.07
| epoch   5 step    22000 |    968 batches | lr 0.0004 | ms/batch 2180.39 | loss  2.47 | avg loss  2.52 | ppl 12.41
saving checkpoint ./trained_models/GPT2_M/e2e/model.22000.pt
eval samples: 0 loss: tensor(1.2048, device='cuda:0')
eval samples: 100 loss: tensor(0.9394, device='cuda:0')
eval samples: 200 loss: tensor(1.3101, device='cuda:0')
eval samples: 300 loss: tensor(1.1707, device='cuda:0')
eval samples: 400 loss: tensor(0.9180, device='cuda:0')
eval samples: 500 loss: tensor(0.6308, device='cuda:0')
eval samples: 600 loss: tensor(1.1813, device='cuda:0')
eval samples: 700 loss: tensor(0.7720, device='cuda:0')
eval samples: 800 loss: tensor(1.2088, device='cuda:0')
eval samples: 900 loss: tensor(1.8167, device='cuda:0')
eval samples: 1000 loss: tensor(0.9900, device='cuda:0')
eval samples: 1100 loss: tensor(1.5291, device='cuda:0')
average loss 1.2420535357541418
----------------------------------------------------------------------------------------------------
| Eval  11 at step    22000 | time: 612.12s | valid loss  1.24 | valid ppl  3.46 | best ppl  3.46 
----------------------------------------------------------------------------------------------------
| epoch   5 step    22100 |   1068 batches | lr 0.0004 | ms/batch 8183.08 | loss  2.71 | avg loss  2.55 | ppl 12.77
| epoch   5 step    22200 |   1168 batches | lr 0.0004 | ms/batch 2123.08 | loss  2.92 | avg loss  2.57 | ppl 13.13
| epoch   5 step    22300 |   1268 batches | lr 0.0004 | ms/batch 2188.10 | loss  2.40 | avg loss  2.58 | ppl 13.19
| epoch   5 step    22400 |   1368 batches | lr 0.0004 | ms/batch 2187.19 | loss  2.39 | avg loss  2.54 | ppl 12.66
| epoch   5 step    22500 |   1468 batches | lr 0.0004 | ms/batch 2184.89 | loss  2.65 | avg loss  2.57 | ppl 13.02
| epoch   5 step    22600 |   1568 batches | lr 0.0004 | ms/batch 2186.47 | loss  2.79 | avg loss  2.57 | ppl 13.11
| epoch   5 step    22700 |   1668 batches | lr 0.0004 | ms/batch 2189.35 | loss  2.45 | avg loss  2.56 | ppl 12.93
| epoch   5 step    22800 |   1768 batches | lr 0.0004 | ms/batch 2189.12 | loss  2.41 | avg loss  2.58 | ppl 13.15
| epoch   5 step    22900 |   1868 batches | lr 0.0004 | ms/batch 2181.43 | loss  2.93 | avg loss  2.61 | ppl 13.65
| epoch   5 step    23000 |   1968 batches | lr 0.0004 | ms/batch 2182.59 | loss  2.51 | avg loss  2.56 | ppl 12.96
saving checkpoint ./trained_models/GPT2_M/e2e/model.23000.pt
| epoch   5 step    23100 |   2068 batches | lr 0.0004 | ms/batch 2179.62 | loss  2.67 | avg loss  2.60 | ppl 13.43
| epoch   5 step    23200 |   2168 batches | lr 0.0004 | ms/batch 2167.04 | loss  2.71 | avg loss  2.56 | ppl 12.99
| epoch   5 step    23300 |   2268 batches | lr 0.0004 | ms/batch 2173.47 | loss  2.38 | avg loss  2.54 | ppl 12.73
| epoch   5 step    23400 |   2368 batches | lr 0.0004 | ms/batch 2168.48 | loss  2.46 | avg loss  2.57 | ppl 13.06
| epoch   5 step    23500 |   2468 batches | lr 0.0004 | ms/batch 1883.47 | loss  2.38 | avg loss  2.55 | ppl 12.78
| epoch   5 step    23600 |   2568 batches | lr 0.0004 | ms/batch 1628.77 | loss  2.28 | avg loss  2.57 | ppl 13.00
| epoch   5 step    23700 |   2668 batches | lr 0.0004 | ms/batch 1629.86 | loss  2.47 | avg loss  2.54 | ppl 12.63
| epoch   5 step    23800 |   2768 batches | lr 0.0004 | ms/batch 1626.23 | loss  2.68 | avg loss  2.58 | ppl 13.20
| epoch   5 step    23900 |   2868 batches | lr 0.0004 | ms/batch 1626.02 | loss  2.64 | avg loss  2.55 | ppl 12.84
| epoch   5 step    24000 |   2968 batches | lr 0.0004 | ms/batch 1626.65 | loss  2.45 | avg loss  2.57 | ppl 13.03
saving checkpoint ./trained_models/GPT2_M/e2e/model.24000.pt
eval samples: 0 loss: tensor(1.1995, device='cuda:0')
eval samples: 100 loss: tensor(0.8180, device='cuda:0')
eval samples: 200 loss: tensor(1.2837, device='cuda:0')
eval samples: 300 loss: tensor(1.0858, device='cuda:0')
eval samples: 400 loss: tensor(0.8510, device='cuda:0')
eval samples: 500 loss: tensor(0.5521, device='cuda:0')
eval samples: 600 loss: tensor(1.2050, device='cuda:0')
eval samples: 700 loss: tensor(0.7417, device='cuda:0')
eval samples: 800 loss: tensor(1.2318, device='cuda:0')
eval samples: 900 loss: tensor(1.7012, device='cuda:0')
eval samples: 1000 loss: tensor(0.9086, device='cuda:0')
eval samples: 1100 loss: tensor(1.5617, device='cuda:0')
average loss 1.209342415202154
----------------------------------------------------------------------------------------------------
| Eval  12 at step    24000 | time: 441.26s | valid loss  1.21 | valid ppl  3.35 | best ppl  3.35 
----------------------------------------------------------------------------------------------------
| epoch   5 step    24100 |   3068 batches | lr 0.0004 | ms/batch 5960.20 | loss  2.77 | avg loss  2.60 | ppl 13.48
| epoch   5 step    24200 |   3168 batches | lr 0.0004 | ms/batch 1580.99 | loss  2.78 | avg loss  2.53 | ppl 12.56
| epoch   5 step    24300 |   3268 batches | lr 0.0004 | ms/batch 1625.27 | loss  2.74 | avg loss  2.59 | ppl 13.28
| epoch   5 step    24400 |   3368 batches | lr 0.0004 | ms/batch 1627.55 | loss  2.75 | avg loss  2.56 | ppl 12.96
| epoch   5 step    24500 |   3468 batches | lr 0.0004 | ms/batch 1630.72 | loss  2.42 | avg loss  2.56 | ppl 12.98
| epoch   5 step    24600 |   3568 batches | lr 0.0004 | ms/batch 1630.57 | loss  2.69 | avg loss  2.57 | ppl 13.05
| epoch   5 step    24700 |   3668 batches | lr 0.0004 | ms/batch 1620.80 | loss  2.90 | avg loss  2.61 | ppl 13.60
| epoch   5 step    24800 |   3768 batches | lr 0.0004 | ms/batch 1624.65 | loss  2.93 | avg loss  2.56 | ppl 12.88
| epoch   5 step    24900 |   3868 batches | lr 0.0004 | ms/batch 1623.12 | loss  2.40 | avg loss  2.57 | ppl 13.01
| epoch   5 step    25000 |   3968 batches | lr 0.0004 | ms/batch 1625.61 | loss  2.44 | avg loss  2.58 | ppl 13.15
saving checkpoint ./trained_models/GPT2_M/e2e/model.25000.pt
| epoch   5 step    25100 |   4068 batches | lr 0.0004 | ms/batch 1629.96 | loss  2.74 | avg loss  2.56 | ppl 12.88
| epoch   5 step    25200 |   4168 batches | lr 0.0004 | ms/batch 1627.86 | loss  2.47 | avg loss  2.58 | ppl 13.19
| epoch   5 step    25300 |   4268 batches | lr 0.0004 | ms/batch 1620.57 | loss  2.48 | avg loss  2.55 | ppl 12.82
| epoch   5 step    25400 |   4368 batches | lr 0.0004 | ms/batch 1629.42 | loss  2.84 | avg loss  2.54 | ppl 12.69
| epoch   5 step    25500 |   4468 batches | lr 0.0004 | ms/batch 1632.12 | loss  2.62 | avg loss  2.57 | ppl 13.08
| epoch   5 step    25600 |   4568 batches | lr 0.0004 | ms/batch 1630.74 | loss  2.81 | avg loss  2.58 | ppl 13.13
| epoch   5 step    25700 |   4668 batches | lr 0.0004 | ms/batch 1629.73 | loss  2.88 | avg loss  2.62 | ppl 13.76
| epoch   5 step    25800 |   4768 batches | lr 0.0004 | ms/batch 1632.29 | loss  2.59 | avg loss  2.59 | ppl 13.30
| epoch   5 step    25900 |   4868 batches | lr 0.0004 | ms/batch 1629.99 | loss  2.42 | avg loss  2.56 | ppl 12.96
| epoch   5 step    26000 |   4968 batches | lr 0.0004 | ms/batch 1630.69 | loss  2.51 | avg loss  2.58 | ppl 13.23
saving checkpoint ./trained_models/GPT2_M/e2e/model.26000.pt
eval samples: 0 loss: tensor(1.1871, device='cuda:0')
eval samples: 100 loss: tensor(0.8289, device='cuda:0')
eval samples: 200 loss: tensor(1.3629, device='cuda:0')
eval samples: 300 loss: tensor(1.0986, device='cuda:0')
eval samples: 400 loss: tensor(0.9473, device='cuda:0')
eval samples: 500 loss: tensor(0.5823, device='cuda:0')
eval samples: 600 loss: tensor(1.2051, device='cuda:0')
eval samples: 700 loss: tensor(0.7572, device='cuda:0')
eval samples: 800 loss: tensor(1.2343, device='cuda:0')
eval samples: 900 loss: tensor(1.7316, device='cuda:0')
eval samples: 1000 loss: tensor(0.9709, device='cuda:0')
eval samples: 1100 loss: tensor(1.5131, device='cuda:0')
average loss 1.2300341064237976
----------------------------------------------------------------------------------------------------
| Eval  13 at step    26000 | time: 439.63s | valid loss  1.23 | valid ppl  3.42 | best ppl  3.35 
----------------------------------------------------------------------------------------------------
| epoch   5 step    26100 |   5068 batches | lr 0.0004 | ms/batch 5949.21 | loss  2.54 | avg loss  2.56 | ppl 12.96
| epoch   5 step    26200 |   5168 batches | lr 0.0004 | ms/batch 1586.31 | loss  2.71 | avg loss  2.55 | ppl 12.87
saving checkpoint ./trained_models/GPT2_M/e2e/model.26290.pt
----------------------------------------------------------------------------------------------------
End of training
cleanup dist ...
[rank0]:[W510 16:48:25.058055179 ProcessGroupNCCL.cpp:1479] Warning: WARNING: destroy_process_group() was not called before program exit, which can leak resources. For more info, please see https://pytorch.org/docs/stable/distributed.html#shutdown (function operator())
