nohup: ignoring input
myrank: 0 local_rank: 0 device_count: 1 world_size: 1
====================================================================================================
        - platform : local
        - local_rank : 0
        - rank : 0
        - device : cuda:0
        - world_size : 1
        - random_seed : 110
        - lr : 0.0005
        - weight_decay : 0.01
        - correct_bias : True
        - adam_epislon : 1e-06
        - no_decay_bias : False
        - adam_beta1 : 0.9
        - adam_beta2 : 0.999
        - scheduler : None
        - max_step : None
        - max_epoch : 5
        - warmup_step : 500
        - i_steps : 0
        - i_lrs : 0.00025
        - galore_rank : 4
        - update_proj_gap : 50
        - galore_scale : 1.0
        - proj_type : std
        - gamma : 0.0
        - train_data : ./data/e2e/train.jsonl
        - valid_data : ./data/e2e/valid.jsonl
        - train_batch_size : 8
        - valid_batch_size : 4
        - grad_acc : 1
        - clip : 0.0
        - seq_len : 512
        - model_card : gpt2.md
        - init_checkpoint : ./pretrained_checkpoints/gpt2-medium-pytorch_model.bin
        - fp16 : False
        - log_interval : 100
        - eval_interval : 2000
        - save_interval : 1000
        - work_dir : ./trained_models/GPT2_M/e2e
        - lora_dim : 0
        - lora_alpha : 32
        - obj : clm
        - lora_dropout : 0.1
        - label_smooth : 0.1
        - roll_interval : -1
        - roll_lr : 1e-05
        - roll_step : 100
        - eval_epoch : 1
        - dist : <module 'torch.distributed' from '/home/ycyh/miniconda3/envs/LoRA/lib/python3.11/site-packages/torch/distributed/__init__.py'>
====================================================================================================
Experiment dir : ./trained_models/GPT2_M/e2e
loading model pretrained weight.
MoFaSGD 2D parameter count: 354.50M
Skipped 1D parameter count : 0.32M
set max_step: 26290
start to train the model................ 1
| epoch   1 step      100 |    100 batches | lr 0.0005 | ms/batch 899.54 | loss  3.23 | avg loss  2.99 | ppl 19.87
| epoch   1 step      200 |    200 batches | lr 0.0005 | ms/batch 901.20 | loss  2.76 | avg loss  2.76 | ppl 15.74
| epoch   1 step      300 |    300 batches | lr 0.0005 | ms/batch 899.57 | loss  2.71 | avg loss  2.70 | ppl 14.88
| epoch   1 step      400 |    400 batches | lr 0.0005 | ms/batch 890.07 | loss  2.75 | avg loss  2.69 | ppl 14.69
| epoch   1 step      500 |    500 batches | lr 0.0005 | ms/batch 893.69 | loss  2.56 | avg loss  2.64 | ppl 13.96
| epoch   1 step      600 |    600 batches | lr 0.0005 | ms/batch 887.43 | loss  2.54 | avg loss  2.60 | ppl 13.46
| epoch   1 step      700 |    700 batches | lr 0.0005 | ms/batch 885.32 | loss  2.70 | avg loss  2.58 | ppl 13.23
| epoch   1 step      800 |    800 batches | lr 0.0005 | ms/batch 890.59 | loss  2.32 | avg loss  2.57 | ppl 13.10
| epoch   1 step      900 |    900 batches | lr 0.0005 | ms/batch 892.22 | loss  2.35 | avg loss  2.57 | ppl 13.04
| epoch   1 step     1000 |   1000 batches | lr 0.0005 | ms/batch 893.00 | loss  3.03 | avg loss  2.58 | ppl 13.26
saving checkpoint ./trained_models/GPT2_M/e2e/model.1000.pt
/home/ycyh/miniconda3/envs/LoRA/lib/python3.11/site-packages/torch/distributed/distributed_c10d.py:4631: UserWarning: No device id is provided via `init_process_group` or `barrier `. Using the current device set by the user. 
  warnings.warn(  # warn only once
| epoch   1 step     1100 |   1100 batches | lr 0.0005 | ms/batch 996.56 | loss  2.62 | avg loss  2.59 | ppl 13.37
| epoch   1 step     1200 |   1200 batches | lr 0.0005 | ms/batch 890.49 | loss  2.40 | avg loss  2.59 | ppl 13.30
| epoch   1 step     1300 |   1300 batches | lr 0.0005 | ms/batch 878.13 | loss  2.47 | avg loss  2.56 | ppl 12.96
| epoch   1 step     1400 |   1400 batches | lr 0.0005 | ms/batch 880.39 | loss  2.52 | avg loss  2.55 | ppl 12.87
| epoch   1 step     1500 |   1500 batches | lr 0.0005 | ms/batch 893.50 | loss  2.51 | avg loss  2.57 | ppl 13.11
| epoch   1 step     1600 |   1600 batches | lr 0.0005 | ms/batch 889.21 | loss  2.56 | avg loss  2.53 | ppl 12.55
| epoch   1 step     1700 |   1700 batches | lr 0.0005 | ms/batch 888.48 | loss  2.40 | avg loss  2.55 | ppl 12.77
| epoch   1 step     1800 |   1800 batches | lr 0.0005 | ms/batch 888.19 | loss  2.43 | avg loss  2.54 | ppl 12.74
| epoch   1 step     1900 |   1900 batches | lr 0.0005 | ms/batch 888.51 | loss  2.55 | avg loss  2.55 | ppl 12.82
| epoch   1 step     2000 |   2000 batches | lr 0.0005 | ms/batch 889.24 | loss  2.44 | avg loss  2.54 | ppl 12.64
saving checkpoint ./trained_models/GPT2_M/e2e/model.2000.pt
/home/ycyh/miniconda3/envs/LoRA/lib/python3.11/site-packages/torch/nn/_reduction.py:51: UserWarning: size_average and reduce args will be deprecated, please use reduction='none' instead.
  warnings.warn(warning.format(ret))
eval samples: 0 loss: tensor(1.2070, device='cuda:0')
eval samples: 100 loss: tensor(0.8736, device='cuda:0')
eval samples: 200 loss: tensor(1.3246, device='cuda:0')
eval samples: 300 loss: tensor(1.1574, device='cuda:0')
eval samples: 400 loss: tensor(0.8851, device='cuda:0')
eval samples: 500 loss: tensor(0.6260, device='cuda:0')
eval samples: 600 loss: tensor(1.3193, device='cuda:0')
eval samples: 700 loss: tensor(0.7561, device='cuda:0')
eval samples: 800 loss: tensor(1.2047, device='cuda:0')
eval samples: 900 loss: tensor(1.6892, device='cuda:0')
eval samples: 1000 loss: tensor(1.0439, device='cuda:0')
eval samples: 1100 loss: tensor(1.5383, device='cuda:0')
average loss 1.2263862478151306
----------------------------------------------------------------------------------------------------
| Eval   1 at step     2000 | time: 175.46s | valid loss  1.23 | valid ppl  3.41 | best ppl  3.41 
----------------------------------------------------------------------------------------------------
| epoch   1 step     2100 |   2100 batches | lr 0.0005 | ms/batch 2758.01 | loss  2.54 | avg loss  2.53 | ppl 12.60
| epoch   1 step     2200 |   2200 batches | lr 0.0005 | ms/batch 890.85 | loss  2.79 | avg loss  2.52 | ppl 12.49
| epoch   1 step     2300 |   2300 batches | lr 0.0005 | ms/batch 893.95 | loss  2.50 | avg loss  2.52 | ppl 12.45
| epoch   1 step     2400 |   2400 batches | lr 0.0005 | ms/batch 891.65 | loss  2.34 | avg loss  2.53 | ppl 12.50
| epoch   1 step     2500 |   2500 batches | lr 0.0005 | ms/batch 892.49 | loss  2.73 | avg loss  2.55 | ppl 12.82
| epoch   1 step     2600 |   2600 batches | lr 0.0005 | ms/batch 891.76 | loss  2.69 | avg loss  2.53 | ppl 12.59
| epoch   1 step     2700 |   2700 batches | lr 0.0005 | ms/batch 899.32 | loss  2.62 | avg loss  2.52 | ppl 12.42
| epoch   1 step     2800 |   2800 batches | lr 0.0005 | ms/batch 902.62 | loss  2.21 | avg loss  2.56 | ppl 12.91
| epoch   1 step     2900 |   2900 batches | lr 0.0005 | ms/batch 900.73 | loss  2.72 | avg loss  2.53 | ppl 12.57
| epoch   1 step     3000 |   3000 batches | lr 0.0005 | ms/batch 899.98 | loss  2.52 | avg loss  2.50 | ppl 12.20
saving checkpoint ./trained_models/GPT2_M/e2e/model.3000.pt
| epoch   1 step     3100 |   3100 batches | lr 0.0005 | ms/batch 1023.55 | loss  2.71 | avg loss  2.50 | ppl 12.24
| epoch   1 step     3200 |   3200 batches | lr 0.0005 | ms/batch 893.39 | loss  2.59 | avg loss  2.54 | ppl 12.71
| epoch   1 step     3300 |   3300 batches | lr 0.0005 | ms/batch 891.38 | loss  2.88 | avg loss  2.50 | ppl 12.13
| epoch   1 step     3400 |   3400 batches | lr 0.0005 | ms/batch 891.81 | loss  2.50 | avg loss  2.50 | ppl 12.22
| epoch   1 step     3500 |   3500 batches | lr 0.0005 | ms/batch 897.20 | loss  2.23 | avg loss  2.54 | ppl 12.65
| epoch   1 step     3600 |   3600 batches | lr 0.0005 | ms/batch 897.76 | loss  2.42 | avg loss  2.54 | ppl 12.66
| epoch   1 step     3700 |   3700 batches | lr 0.0005 | ms/batch 894.85 | loss  2.50 | avg loss  2.50 | ppl 12.16
| epoch   1 step     3800 |   3800 batches | lr 0.0005 | ms/batch 894.84 | loss  2.48 | avg loss  2.46 | ppl 11.75
| epoch   1 step     3900 |   3900 batches | lr 0.0005 | ms/batch 896.74 | loss  2.16 | avg loss  2.54 | ppl 12.67
| epoch   1 step     4000 |   4000 batches | lr 0.0005 | ms/batch 897.17 | loss  2.55 | avg loss  2.54 | ppl 12.67
saving checkpoint ./trained_models/GPT2_M/e2e/model.4000.pt
eval samples: 0 loss: tensor(1.2211, device='cuda:0')
eval samples: 100 loss: tensor(0.8266, device='cuda:0')
eval samples: 200 loss: tensor(1.3176, device='cuda:0')
eval samples: 300 loss: tensor(1.1265, device='cuda:0')
eval samples: 400 loss: tensor(0.8640, device='cuda:0')
eval samples: 500 loss: tensor(0.5883, device='cuda:0')
eval samples: 600 loss: tensor(1.2474, device='cuda:0')
eval samples: 700 loss: tensor(0.6917, device='cuda:0')
eval samples: 800 loss: tensor(1.1519, device='cuda:0')
eval samples: 900 loss: tensor(1.7310, device='cuda:0')
eval samples: 1000 loss: tensor(0.9112, device='cuda:0')
eval samples: 1100 loss: tensor(1.4746, device='cuda:0')
average loss 1.213438974820996
----------------------------------------------------------------------------------------------------
| Eval   2 at step     4000 | time: 175.23s | valid loss  1.21 | valid ppl  3.37 | best ppl  3.37 
----------------------------------------------------------------------------------------------------
| epoch   1 step     4100 |   4100 batches | lr 0.0005 | ms/batch 2770.10 | loss  2.64 | avg loss  2.50 | ppl 12.19
| epoch   1 step     4200 |   4200 batches | lr 0.0005 | ms/batch 900.78 | loss  2.54 | avg loss  2.50 | ppl 12.23
| epoch   1 step     4300 |   4300 batches | lr 0.0005 | ms/batch 901.82 | loss  2.31 | avg loss  2.46 | ppl 11.65
| epoch   1 step     4400 |   4400 batches | lr 0.0005 | ms/batch 904.51 | loss  2.61 | avg loss  2.49 | ppl 12.04
| epoch   1 step     4500 |   4500 batches | lr 0.0005 | ms/batch 904.53 | loss  2.63 | avg loss  2.52 | ppl 12.42
| epoch   1 step     4600 |   4600 batches | lr 0.0005 | ms/batch 900.75 | loss  2.49 | avg loss  2.52 | ppl 12.49
| epoch   1 step     4700 |   4700 batches | lr 0.0005 | ms/batch 905.20 | loss  2.30 | avg loss  2.51 | ppl 12.30
| epoch   1 step     4800 |   4800 batches | lr 0.0005 | ms/batch 905.20 | loss  2.67 | avg loss  2.48 | ppl 11.95
| epoch   1 step     4900 |   4900 batches | lr 0.0005 | ms/batch 903.72 | loss  2.57 | avg loss  2.49 | ppl 12.11
| epoch   1 step     5000 |   5000 batches | lr 0.0005 | ms/batch 900.79 | loss  2.22 | avg loss  2.47 | ppl 11.85
saving checkpoint ./trained_models/GPT2_M/e2e/model.5000.pt
| epoch   1 step     5100 |   5100 batches | lr 0.0005 | ms/batch 1007.86 | loss  2.59 | avg loss  2.51 | ppl 12.32
| epoch   1 step     5200 |   5200 batches | lr 0.0005 | ms/batch 890.06 | loss  2.65 | avg loss  2.50 | ppl 12.24
saving checkpoint ./trained_models/GPT2_M/e2e/model.5258.pt
start to train the model................ 2
| epoch   2 step     5300 |     42 batches | lr 0.0005 | ms/batch 370.99 | loss  2.34 | avg loss  2.44 | ppl 11.43
| epoch   2 step     5400 |    142 batches | lr 0.0005 | ms/batch 886.31 | loss  2.42 | avg loss  2.49 | ppl 12.04
| epoch   2 step     5500 |    242 batches | lr 0.0005 | ms/batch 887.56 | loss  2.51 | avg loss  2.47 | ppl 11.83
| epoch   2 step     5600 |    342 batches | lr 0.0005 | ms/batch 891.30 | loss  2.18 | avg loss  2.49 | ppl 12.07
| epoch   2 step     5700 |    442 batches | lr 0.0005 | ms/batch 885.40 | loss  2.40 | avg loss  2.48 | ppl 11.96
| epoch   2 step     5800 |    542 batches | lr 0.0005 | ms/batch 900.97 | loss  2.45 | avg loss  2.46 | ppl 11.68
| epoch   2 step     5900 |    642 batches | lr 0.0005 | ms/batch 894.72 | loss  2.59 | avg loss  2.49 | ppl 12.08
| epoch   2 step     6000 |    742 batches | lr 0.0005 | ms/batch 897.86 | loss  2.18 | avg loss  2.45 | ppl 11.56
saving checkpoint ./trained_models/GPT2_M/e2e/model.6000.pt
eval samples: 0 loss: tensor(1.1744, device='cuda:0')
eval samples: 100 loss: tensor(0.8725, device='cuda:0')
eval samples: 200 loss: tensor(1.2133, device='cuda:0')
eval samples: 300 loss: tensor(1.0895, device='cuda:0')
eval samples: 400 loss: tensor(0.8644, device='cuda:0')
eval samples: 500 loss: tensor(0.5449, device='cuda:0')
eval samples: 600 loss: tensor(1.2817, device='cuda:0')
eval samples: 700 loss: tensor(0.6629, device='cuda:0')
eval samples: 800 loss: tensor(1.1771, device='cuda:0')
eval samples: 900 loss: tensor(1.7410, device='cuda:0')
eval samples: 1000 loss: tensor(0.9253, device='cuda:0')
eval samples: 1100 loss: tensor(1.5160, device='cuda:0')
average loss 1.1988380878704459
----------------------------------------------------------------------------------------------------
| Eval   3 at step     6000 | time: 176.50s | valid loss  1.20 | valid ppl  3.32 | best ppl  3.32 
----------------------------------------------------------------------------------------------------
| epoch   2 step     6100 |    842 batches | lr 0.0005 | ms/batch 2766.89 | loss  2.26 | avg loss  2.48 | ppl 11.91
| epoch   2 step     6200 |    942 batches | lr 0.0005 | ms/batch 900.96 | loss  2.34 | avg loss  2.48 | ppl 11.94
| epoch   2 step     6300 |   1042 batches | lr 0.0005 | ms/batch 896.28 | loss  2.69 | avg loss  2.48 | ppl 11.96
| epoch   2 step     6400 |   1142 batches | lr 0.0005 | ms/batch 896.01 | loss  2.28 | avg loss  2.48 | ppl 11.92
| epoch   2 step     6500 |   1242 batches | lr 0.0005 | ms/batch 895.55 | loss  2.31 | avg loss  2.50 | ppl 12.18
| epoch   2 step     6600 |   1342 batches | lr 0.0005 | ms/batch 894.46 | loss  2.77 | avg loss  2.47 | ppl 11.86
| epoch   2 step     6700 |   1442 batches | lr 0.0005 | ms/batch 882.09 | loss  2.46 | avg loss  2.48 | ppl 11.94
| epoch   2 step     6800 |   1542 batches | lr 0.0005 | ms/batch 898.91 | loss  2.42 | avg loss  2.50 | ppl 12.12
| epoch   2 step     6900 |   1642 batches | lr 0.0005 | ms/batch 903.44 | loss  2.35 | avg loss  2.43 | ppl 11.36
| epoch   2 step     7000 |   1742 batches | lr 0.0005 | ms/batch 892.11 | loss  2.62 | avg loss  2.50 | ppl 12.13
saving checkpoint ./trained_models/GPT2_M/e2e/model.7000.pt
| epoch   2 step     7100 |   1842 batches | lr 0.0005 | ms/batch 999.89 | loss  2.59 | avg loss  2.47 | ppl 11.82
| epoch   2 step     7200 |   1942 batches | lr 0.0005 | ms/batch 894.65 | loss  2.55 | avg loss  2.47 | ppl 11.85
| epoch   2 step     7300 |   2042 batches | lr 0.0005 | ms/batch 882.34 | loss  2.35 | avg loss  2.45 | ppl 11.59
| epoch   2 step     7400 |   2142 batches | lr 0.0005 | ms/batch 878.79 | loss  2.83 | avg loss  2.45 | ppl 11.60
| epoch   2 step     7500 |   2242 batches | lr 0.0005 | ms/batch 896.97 | loss  2.66 | avg loss  2.50 | ppl 12.23
| epoch   2 step     7600 |   2342 batches | lr 0.0005 | ms/batch 899.07 | loss  2.27 | avg loss  2.46 | ppl 11.72
| epoch   2 step     7700 |   2442 batches | lr 0.0005 | ms/batch 902.28 | loss  2.75 | avg loss  2.46 | ppl 11.67
| epoch   2 step     7800 |   2542 batches | lr 0.0005 | ms/batch 904.35 | loss  2.51 | avg loss  2.45 | ppl 11.53
| epoch   2 step     7900 |   2642 batches | lr 0.0005 | ms/batch 903.18 | loss  2.78 | avg loss  2.49 | ppl 12.08
| epoch   2 step     8000 |   2742 batches | lr 0.0005 | ms/batch 900.32 | loss  2.54 | avg loss  2.50 | ppl 12.24
saving checkpoint ./trained_models/GPT2_M/e2e/model.8000.pt
eval samples: 0 loss: tensor(1.2053, device='cuda:0')
eval samples: 100 loss: tensor(0.8753, device='cuda:0')
eval samples: 200 loss: tensor(1.2535, device='cuda:0')
eval samples: 300 loss: tensor(1.0784, device='cuda:0')
eval samples: 400 loss: tensor(0.8260, device='cuda:0')
eval samples: 500 loss: tensor(0.6071, device='cuda:0')
eval samples: 600 loss: tensor(1.2291, device='cuda:0')
eval samples: 700 loss: tensor(0.6736, device='cuda:0')
eval samples: 800 loss: tensor(1.1566, device='cuda:0')
eval samples: 900 loss: tensor(1.6613, device='cuda:0')
eval samples: 1000 loss: tensor(0.9421, device='cuda:0')
eval samples: 1100 loss: tensor(1.4986, device='cuda:0')
average loss 1.1993286435632673
----------------------------------------------------------------------------------------------------
| Eval   4 at step     8000 | time: 176.51s | valid loss  1.20 | valid ppl  3.32 | best ppl  3.32 
----------------------------------------------------------------------------------------------------
| epoch   2 step     8100 |   2842 batches | lr 0.0005 | ms/batch 2774.11 | loss  2.33 | avg loss  2.46 | ppl 11.74
| epoch   2 step     8200 |   2942 batches | lr 0.0005 | ms/batch 906.11 | loss  2.56 | avg loss  2.52 | ppl 12.37
| epoch   2 step     8300 |   3042 batches | lr 0.0005 | ms/batch 893.31 | loss  2.37 | avg loss  2.48 | ppl 11.91
| epoch   2 step     8400 |   3142 batches | lr 0.0005 | ms/batch 887.62 | loss  2.45 | avg loss  2.47 | ppl 11.81
| epoch   2 step     8500 |   3242 batches | lr 0.0005 | ms/batch 883.34 | loss  2.38 | avg loss  2.48 | ppl 11.96
| epoch   2 step     8600 |   3342 batches | lr 0.0005 | ms/batch 882.52 | loss  2.33 | avg loss  2.46 | ppl 11.68
| epoch   2 step     8700 |   3442 batches | lr 0.0005 | ms/batch 882.58 | loss  2.77 | avg loss  2.46 | ppl 11.68
| epoch   2 step     8800 |   3542 batches | lr 0.0005 | ms/batch 884.37 | loss  2.37 | avg loss  2.46 | ppl 11.74
| epoch   2 step     8900 |   3642 batches | lr 0.0005 | ms/batch 880.16 | loss  2.51 | avg loss  2.48 | ppl 11.99
| epoch   2 step     9000 |   3742 batches | lr 0.0005 | ms/batch 881.20 | loss  2.47 | avg loss  2.48 | ppl 11.92
saving checkpoint ./trained_models/GPT2_M/e2e/model.9000.pt
| epoch   2 step     9100 |   3842 batches | lr 0.0005 | ms/batch 979.85 | loss  2.42 | avg loss  2.48 | ppl 11.90
| epoch   2 step     9200 |   3942 batches | lr 0.0005 | ms/batch 869.79 | loss  2.58 | avg loss  2.48 | ppl 11.90
| epoch   2 step     9300 |   4042 batches | lr 0.0005 | ms/batch 875.48 | loss  2.45 | avg loss  2.49 | ppl 12.07
| epoch   2 step     9400 |   4142 batches | lr 0.0005 | ms/batch 861.56 | loss  2.50 | avg loss  2.48 | ppl 11.92
| epoch   2 step     9500 |   4242 batches | lr 0.0005 | ms/batch 877.23 | loss  2.46 | avg loss  2.47 | ppl 11.86
| epoch   2 step     9600 |   4342 batches | lr 0.0005 | ms/batch 868.35 | loss  2.90 | avg loss  2.48 | ppl 11.99
| epoch   2 step     9700 |   4442 batches | lr 0.0005 | ms/batch 875.02 | loss  2.23 | avg loss  2.47 | ppl 11.82
| epoch   2 step     9800 |   4542 batches | lr 0.0005 | ms/batch 877.93 | loss  2.43 | avg loss  2.47 | ppl 11.81
| epoch   2 step     9900 |   4642 batches | lr 0.0005 | ms/batch 868.57 | loss  2.16 | avg loss  2.46 | ppl 11.69
| epoch   2 step    10000 |   4742 batches | lr 0.0005 | ms/batch 864.53 | loss  2.53 | avg loss  2.49 | ppl 12.07
saving checkpoint ./trained_models/GPT2_M/e2e/model.10000.pt
eval samples: 0 loss: tensor(1.2303, device='cuda:0')
eval samples: 100 loss: tensor(0.9366, device='cuda:0')
eval samples: 200 loss: tensor(1.2226, device='cuda:0')
eval samples: 300 loss: tensor(1.0628, device='cuda:0')
eval samples: 400 loss: tensor(0.8651, device='cuda:0')
eval samples: 500 loss: tensor(0.6363, device='cuda:0')
eval samples: 600 loss: tensor(1.2577, device='cuda:0')
eval samples: 700 loss: tensor(0.6997, device='cuda:0')
eval samples: 800 loss: tensor(1.2685, device='cuda:0')
eval samples: 900 loss: tensor(1.6913, device='cuda:0')
eval samples: 1000 loss: tensor(0.9531, device='cuda:0')
eval samples: 1100 loss: tensor(1.5824, device='cuda:0')
average loss 1.2265720062264025
----------------------------------------------------------------------------------------------------
| Eval   5 at step    10000 | time: 172.56s | valid loss  1.23 | valid ppl  3.41 | best ppl  3.32 
----------------------------------------------------------------------------------------------------
| epoch   2 step    10100 |   4842 batches | lr 0.0005 | ms/batch 2703.80 | loss  2.29 | avg loss  2.48 | ppl 11.94
| epoch   2 step    10200 |   4942 batches | lr 0.0005 | ms/batch 867.56 | loss  2.38 | avg loss  2.48 | ppl 11.96
| epoch   2 step    10300 |   5042 batches | lr 0.0005 | ms/batch 878.96 | loss  2.74 | avg loss  2.47 | ppl 11.77
| epoch   2 step    10400 |   5142 batches | lr 0.0005 | ms/batch 871.70 | loss  2.63 | avg loss  2.46 | ppl 11.72
| epoch   2 step    10500 |   5242 batches | lr 0.0005 | ms/batch 878.88 | loss  2.38 | avg loss  2.45 | ppl 11.58
saving checkpoint ./trained_models/GPT2_M/e2e/model.10516.pt
start to train the model................ 3
| epoch   3 step    10600 |     84 batches | lr 0.0005 | ms/batch 731.00 | loss  2.13 | avg loss  2.45 | ppl 11.56
| epoch   3 step    10700 |    184 batches | lr 0.0005 | ms/batch 872.27 | loss  2.49 | avg loss  2.45 | ppl 11.64
| epoch   3 step    10800 |    284 batches | lr 0.0005 | ms/batch 870.21 | loss  2.64 | avg loss  2.44 | ppl 11.51
| epoch   3 step    10900 |    384 batches | lr 0.0005 | ms/batch 878.00 | loss  2.75 | avg loss  2.44 | ppl 11.50
| epoch   3 step    11000 |    484 batches | lr 0.0005 | ms/batch 874.02 | loss  2.57 | avg loss  2.44 | ppl 11.52
saving checkpoint ./trained_models/GPT2_M/e2e/model.11000.pt
| epoch   3 step    11100 |    584 batches | lr 0.0005 | ms/batch 964.60 | loss  2.51 | avg loss  2.50 | ppl 12.20
| epoch   3 step    11200 |    684 batches | lr 0.0005 | ms/batch 863.47 | loss  2.48 | avg loss  2.45 | ppl 11.61
| epoch   3 step    11300 |    784 batches | lr 0.0005 | ms/batch 856.87 | loss  2.52 | avg loss  2.47 | ppl 11.80
| epoch   3 step    11400 |    884 batches | lr 0.0005 | ms/batch 867.83 | loss  2.33 | avg loss  2.45 | ppl 11.62
| epoch   3 step    11500 |    984 batches | lr 0.0005 | ms/batch 858.76 | loss  2.21 | avg loss  2.46 | ppl 11.71
| epoch   3 step    11600 |   1084 batches | lr 0.0005 | ms/batch 872.64 | loss  2.11 | avg loss  2.42 | ppl 11.27
| epoch   3 step    11700 |   1184 batches | lr 0.0005 | ms/batch 854.24 | loss  2.31 | avg loss  2.44 | ppl 11.51
| epoch   3 step    11800 |   1284 batches | lr 0.0005 | ms/batch 854.26 | loss  2.44 | avg loss  2.42 | ppl 11.28
| epoch   3 step    11900 |   1384 batches | lr 0.0005 | ms/batch 854.59 | loss  2.36 | avg loss  2.44 | ppl 11.44
| epoch   3 step    12000 |   1484 batches | lr 0.0005 | ms/batch 853.60 | loss  2.51 | avg loss  2.44 | ppl 11.52
saving checkpoint ./trained_models/GPT2_M/e2e/model.12000.pt
eval samples: 0 loss: tensor(1.2210, device='cuda:0')
eval samples: 100 loss: tensor(0.8939, device='cuda:0')
eval samples: 200 loss: tensor(1.3170, device='cuda:0')
eval samples: 300 loss: tensor(1.1076, device='cuda:0')
eval samples: 400 loss: tensor(0.8977, device='cuda:0')
eval samples: 500 loss: tensor(0.5961, device='cuda:0')
eval samples: 600 loss: tensor(1.2131, device='cuda:0')
eval samples: 700 loss: tensor(0.6778, device='cuda:0')
eval samples: 800 loss: tensor(1.2479, device='cuda:0')
eval samples: 900 loss: tensor(1.6793, device='cuda:0')
eval samples: 1000 loss: tensor(0.9342, device='cuda:0')
eval samples: 1100 loss: tensor(1.5433, device='cuda:0')
average loss 1.2063741963867047
----------------------------------------------------------------------------------------------------
| Eval   6 at step    12000 | time: 172.49s | valid loss  1.21 | valid ppl  3.34 | best ppl  3.34 
----------------------------------------------------------------------------------------------------
| epoch   3 step    12100 |   1584 batches | lr 0.0005 | ms/batch 2697.68 | loss  2.44 | avg loss  2.47 | ppl 11.77
| epoch   3 step    12200 |   1684 batches | lr 0.0005 | ms/batch 856.16 | loss  2.35 | avg loss  2.48 | ppl 11.92
| epoch   3 step    12300 |   1784 batches | lr 0.0005 | ms/batch 854.17 | loss  2.43 | avg loss  2.46 | ppl 11.69
| epoch   3 step    12400 |   1884 batches | lr 0.0005 | ms/batch 855.54 | loss  2.47 | avg loss  2.43 | ppl 11.36
| epoch   3 step    12500 |   1984 batches | lr 0.0005 | ms/batch 857.24 | loss  2.71 | avg loss  2.46 | ppl 11.67
| epoch   3 step    12600 |   2084 batches | lr 0.0005 | ms/batch 866.52 | loss  2.70 | avg loss  2.40 | ppl 11.03
| epoch   3 step    12700 |   2184 batches | lr 0.0005 | ms/batch 873.72 | loss  2.27 | avg loss  2.45 | ppl 11.56
| epoch   3 step    12800 |   2284 batches | lr 0.0005 | ms/batch 877.30 | loss  2.55 | avg loss  2.46 | ppl 11.68
| epoch   3 step    12900 |   2384 batches | lr 0.0005 | ms/batch 863.92 | loss  2.33 | avg loss  2.45 | ppl 11.62
| epoch   3 step    13000 |   2484 batches | lr 0.0005 | ms/batch 855.13 | loss  2.89 | avg loss  2.48 | ppl 11.96
saving checkpoint ./trained_models/GPT2_M/e2e/model.13000.pt
| epoch   3 step    13100 |   2584 batches | lr 0.0005 | ms/batch 979.38 | loss  2.26 | avg loss  2.43 | ppl 11.36
| epoch   3 step    13200 |   2684 batches | lr 0.0005 | ms/batch 871.18 | loss  2.34 | avg loss  2.49 | ppl 12.07
| epoch   3 step    13300 |   2784 batches | lr 0.0005 | ms/batch 865.68 | loss  2.35 | avg loss  2.43 | ppl 11.38
| epoch   3 step    13400 |   2884 batches | lr 0.0005 | ms/batch 854.07 | loss  2.55 | avg loss  2.44 | ppl 11.47
| epoch   3 step    13500 |   2984 batches | lr 0.0005 | ms/batch 853.77 | loss  2.85 | avg loss  2.47 | ppl 11.83
| epoch   3 step    13600 |   3084 batches | lr 0.0005 | ms/batch 859.32 | loss  2.20 | avg loss  2.46 | ppl 11.73
| epoch   3 step    13700 |   3184 batches | lr 0.0005 | ms/batch 873.03 | loss  2.68 | avg loss  2.51 | ppl 12.27
| epoch   3 step    13800 |   3284 batches | lr 0.0005 | ms/batch 870.23 | loss  2.19 | avg loss  2.43 | ppl 11.36
| epoch   3 step    13900 |   3384 batches | lr 0.0005 | ms/batch 873.67 | loss  2.83 | avg loss  2.48 | ppl 11.91
| epoch   3 step    14000 |   3484 batches | lr 0.0005 | ms/batch 869.66 | loss  2.54 | avg loss  2.49 | ppl 12.02
saving checkpoint ./trained_models/GPT2_M/e2e/model.14000.pt
eval samples: 0 loss: tensor(1.1099, device='cuda:0')
eval samples: 100 loss: tensor(0.8865, device='cuda:0')
eval samples: 200 loss: tensor(1.2646, device='cuda:0')
eval samples: 300 loss: tensor(1.0556, device='cuda:0')
eval samples: 400 loss: tensor(0.8506, device='cuda:0')
eval samples: 500 loss: tensor(0.5650, device='cuda:0')
eval samples: 600 loss: tensor(1.2360, device='cuda:0')
eval samples: 700 loss: tensor(0.6476, device='cuda:0')
eval samples: 800 loss: tensor(1.1327, device='cuda:0')
eval samples: 900 loss: tensor(1.7241, device='cuda:0')
eval samples: 1000 loss: tensor(0.9456, device='cuda:0')
eval samples: 1100 loss: tensor(1.5486, device='cuda:0')
average loss 1.1731348455411523
----------------------------------------------------------------------------------------------------
| Eval   7 at step    14000 | time: 172.49s | valid loss  1.17 | valid ppl  3.23 | best ppl  3.23 
----------------------------------------------------------------------------------------------------
| epoch   3 step    14100 |   3584 batches | lr 0.0005 | ms/batch 2693.75 | loss  2.50 | avg loss  2.41 | ppl 11.19
| epoch   3 step    14200 |   3684 batches | lr 0.0005 | ms/batch 864.68 | loss  2.41 | avg loss  2.43 | ppl 11.39
| epoch   3 step    14300 |   3784 batches | lr 0.0005 | ms/batch 874.71 | loss  2.72 | avg loss  2.44 | ppl 11.44
| epoch   3 step    14400 |   3884 batches | lr 0.0005 | ms/batch 856.23 | loss  2.21 | avg loss  2.45 | ppl 11.62
| epoch   3 step    14500 |   3984 batches | lr 0.0005 | ms/batch 856.07 | loss  2.29 | avg loss  2.47 | ppl 11.78
| epoch   3 step    14600 |   4084 batches | lr 0.0005 | ms/batch 867.30 | loss  2.47 | avg loss  2.47 | ppl 11.83
| epoch   3 step    14700 |   4184 batches | lr 0.0005 | ms/batch 860.73 | loss  2.44 | avg loss  2.44 | ppl 11.44
| epoch   3 step    14800 |   4284 batches | lr 0.0005 | ms/batch 857.32 | loss  2.52 | avg loss  2.48 | ppl 11.92
| epoch   3 step    14900 |   4384 batches | lr 0.0005 | ms/batch 853.40 | loss  2.40 | avg loss  2.45 | ppl 11.56
| epoch   3 step    15000 |   4484 batches | lr 0.0005 | ms/batch 871.84 | loss  2.78 | avg loss  2.48 | ppl 12.00
saving checkpoint ./trained_models/GPT2_M/e2e/model.15000.pt
| epoch   3 step    15100 |   4584 batches | lr 0.0005 | ms/batch 982.91 | loss  2.28 | avg loss  2.45 | ppl 11.58
| epoch   3 step    15200 |   4684 batches | lr 0.0005 | ms/batch 876.10 | loss  2.49 | avg loss  2.45 | ppl 11.60
| epoch   3 step    15300 |   4784 batches | lr 0.0005 | ms/batch 856.88 | loss  2.42 | avg loss  2.49 | ppl 12.04
| epoch   3 step    15400 |   4884 batches | lr 0.0005 | ms/batch 864.58 | loss  2.30 | avg loss  2.46 | ppl 11.69
| epoch   3 step    15500 |   4984 batches | lr 0.0005 | ms/batch 857.44 | loss  2.38 | avg loss  2.46 | ppl 11.73
| epoch   3 step    15600 |   5084 batches | lr 0.0005 | ms/batch 854.44 | loss  2.52 | avg loss  2.45 | ppl 11.58
| epoch   3 step    15700 |   5184 batches | lr 0.0005 | ms/batch 853.38 | loss  2.40 | avg loss  2.43 | ppl 11.36
saving checkpoint ./trained_models/GPT2_M/e2e/model.15774.pt
start to train the model................ 4
| epoch   4 step    15800 |     26 batches | lr 0.0005 | ms/batch 226.68 | loss  2.28 | avg loss  2.42 | ppl 11.26
| epoch   4 step    15900 |    126 batches | lr 0.0005 | ms/batch 866.36 | loss  2.33 | avg loss  2.43 | ppl 11.31
| epoch   4 step    16000 |    226 batches | lr 0.0005 | ms/batch 875.31 | loss  2.49 | avg loss  2.45 | ppl 11.60
saving checkpoint ./trained_models/GPT2_M/e2e/model.16000.pt
eval samples: 0 loss: tensor(1.1611, device='cuda:0')
eval samples: 100 loss: tensor(0.8793, device='cuda:0')
eval samples: 200 loss: tensor(1.1791, device='cuda:0')
eval samples: 300 loss: tensor(1.1160, device='cuda:0')
eval samples: 400 loss: tensor(0.8401, device='cuda:0')
eval samples: 500 loss: tensor(0.5681, device='cuda:0')
eval samples: 600 loss: tensor(1.2409, device='cuda:0')
eval samples: 700 loss: tensor(0.6263, device='cuda:0')
eval samples: 800 loss: tensor(1.2250, device='cuda:0')
eval samples: 900 loss: tensor(1.7283, device='cuda:0')
eval samples: 1000 loss: tensor(0.9565, device='cuda:0')
eval samples: 1100 loss: tensor(1.5585, device='cuda:0')
average loss 1.1871870569119307
----------------------------------------------------------------------------------------------------
| Eval   8 at step    16000 | time: 172.34s | valid loss  1.19 | valid ppl  3.28 | best ppl  3.28 
----------------------------------------------------------------------------------------------------
| epoch   4 step    16100 |    326 batches | lr 0.0005 | ms/batch 2689.34 | loss  2.63 | avg loss  2.42 | ppl 11.20
| epoch   4 step    16200 |    426 batches | lr 0.0005 | ms/batch 853.73 | loss  2.43 | avg loss  2.43 | ppl 11.41
| epoch   4 step    16300 |    526 batches | lr 0.0005 | ms/batch 856.32 | loss  2.73 | avg loss  2.42 | ppl 11.23
| epoch   4 step    16400 |    626 batches | lr 0.0005 | ms/batch 868.05 | loss  2.89 | avg loss  2.43 | ppl 11.33
| epoch   4 step    16500 |    726 batches | lr 0.0005 | ms/batch 868.88 | loss  2.58 | avg loss  2.45 | ppl 11.64
| epoch   4 step    16600 |    826 batches | lr 0.0005 | ms/batch 853.23 | loss  2.62 | avg loss  2.43 | ppl 11.41
| epoch   4 step    16700 |    926 batches | lr 0.0005 | ms/batch 852.97 | loss  2.59 | avg loss  2.44 | ppl 11.48
| epoch   4 step    16800 |   1026 batches | lr 0.0005 | ms/batch 853.99 | loss  2.53 | avg loss  2.44 | ppl 11.47
| epoch   4 step    16900 |   1126 batches | lr 0.0005 | ms/batch 852.90 | loss  2.13 | avg loss  2.42 | ppl 11.19
| epoch   4 step    17000 |   1226 batches | lr 0.0005 | ms/batch 853.50 | loss  2.30 | avg loss  2.41 | ppl 11.18
saving checkpoint ./trained_models/GPT2_M/e2e/model.17000.pt
| epoch   4 step    17100 |   1326 batches | lr 0.0005 | ms/batch 960.55 | loss  2.60 | avg loss  2.47 | ppl 11.78
| epoch   4 step    17200 |   1426 batches | lr 0.0005 | ms/batch 852.96 | loss  2.40 | avg loss  2.41 | ppl 11.13
| epoch   4 step    17300 |   1526 batches | lr 0.0005 | ms/batch 852.39 | loss  2.29 | avg loss  2.45 | ppl 11.54
| epoch   4 step    17400 |   1626 batches | lr 0.0005 | ms/batch 853.19 | loss  2.25 | avg loss  2.45 | ppl 11.57
| epoch   4 step    17500 |   1726 batches | lr 0.0005 | ms/batch 851.38 | loss  2.77 | avg loss  2.45 | ppl 11.59
| epoch   4 step    17600 |   1826 batches | lr 0.0005 | ms/batch 853.13 | loss  2.77 | avg loss  2.46 | ppl 11.69
| epoch   4 step    17700 |   1926 batches | lr 0.0005 | ms/batch 853.89 | loss  2.37 | avg loss  2.43 | ppl 11.41
| epoch   4 step    17800 |   2026 batches | lr 0.0005 | ms/batch 853.50 | loss  2.68 | avg loss  2.46 | ppl 11.73
| epoch   4 step    17900 |   2126 batches | lr 0.0005 | ms/batch 863.86 | loss  2.43 | avg loss  2.43 | ppl 11.39
| epoch   4 step    18000 |   2226 batches | lr 0.0005 | ms/batch 855.42 | loss  2.92 | avg loss  2.44 | ppl 11.44
saving checkpoint ./trained_models/GPT2_M/e2e/model.18000.pt
eval samples: 0 loss: tensor(1.1757, device='cuda:0')
eval samples: 100 loss: tensor(0.8652, device='cuda:0')
eval samples: 200 loss: tensor(1.3327, device='cuda:0')
eval samples: 300 loss: tensor(1.0314, device='cuda:0')
eval samples: 400 loss: tensor(0.8691, device='cuda:0')
eval samples: 500 loss: tensor(0.6581, device='cuda:0')
eval samples: 600 loss: tensor(1.3227, device='cuda:0')
eval samples: 700 loss: tensor(0.6992, device='cuda:0')
eval samples: 800 loss: tensor(1.2144, device='cuda:0')
eval samples: 900 loss: tensor(1.7417, device='cuda:0')
eval samples: 1000 loss: tensor(0.9607, device='cuda:0')
eval samples: 1100 loss: tensor(1.6122, device='cuda:0')
average loss 1.2189870248612475
----------------------------------------------------------------------------------------------------
| Eval   9 at step    18000 | time: 172.45s | valid loss  1.22 | valid ppl  3.38 | best ppl  3.28 
----------------------------------------------------------------------------------------------------
| epoch   4 step    18100 |   2326 batches | lr 0.0005 | ms/batch 2686.24 | loss  2.58 | avg loss  2.43 | ppl 11.31
| epoch   4 step    18200 |   2426 batches | lr 0.0005 | ms/batch 853.88 | loss  2.38 | avg loss  2.45 | ppl 11.56
| epoch   4 step    18300 |   2526 batches | lr 0.0005 | ms/batch 868.54 | loss  2.33 | avg loss  2.45 | ppl 11.56
| epoch   4 step    18400 |   2626 batches | lr 0.0005 | ms/batch 874.11 | loss  2.60 | avg loss  2.43 | ppl 11.32
| epoch   4 step    18500 |   2726 batches | lr 0.0005 | ms/batch 865.65 | loss  2.48 | avg loss  2.42 | ppl 11.21
| epoch   4 step    18600 |   2826 batches | lr 0.0005 | ms/batch 874.56 | loss  2.26 | avg loss  2.46 | ppl 11.71
| epoch   4 step    18700 |   2926 batches | lr 0.0005 | ms/batch 874.87 | loss  2.24 | avg loss  2.42 | ppl 11.23
| epoch   4 step    18800 |   3026 batches | lr 0.0005 | ms/batch 873.83 | loss  2.25 | avg loss  2.46 | ppl 11.68
| epoch   4 step    18900 |   3126 batches | lr 0.0005 | ms/batch 875.02 | loss  2.44 | avg loss  2.45 | ppl 11.55
| epoch   4 step    19000 |   3226 batches | lr 0.0005 | ms/batch 872.40 | loss  2.84 | avg loss  2.46 | ppl 11.65
saving checkpoint ./trained_models/GPT2_M/e2e/model.19000.pt
| epoch   4 step    19100 |   3326 batches | lr 0.0005 | ms/batch 967.56 | loss  2.65 | avg loss  2.43 | ppl 11.34
| epoch   4 step    19200 |   3426 batches | lr 0.0005 | ms/batch 852.67 | loss  2.54 | avg loss  2.42 | ppl 11.25
| epoch   4 step    19300 |   3526 batches | lr 0.0005 | ms/batch 855.51 | loss  2.53 | avg loss  2.46 | ppl 11.65
| epoch   4 step    19400 |   3626 batches | lr 0.0005 | ms/batch 853.11 | loss  2.57 | avg loss  2.44 | ppl 11.50
| epoch   4 step    19500 |   3726 batches | lr 0.0005 | ms/batch 853.17 | loss  2.20 | avg loss  2.44 | ppl 11.42
| epoch   4 step    19600 |   3826 batches | lr 0.0005 | ms/batch 852.31 | loss  2.71 | avg loss  2.45 | ppl 11.56
| epoch   4 step    19700 |   3926 batches | lr 0.0005 | ms/batch 853.20 | loss  2.56 | avg loss  2.44 | ppl 11.50
| epoch   4 step    19800 |   4026 batches | lr 0.0005 | ms/batch 853.06 | loss  2.46 | avg loss  2.45 | ppl 11.61
| epoch   4 step    19900 |   4126 batches | lr 0.0005 | ms/batch 853.13 | loss  2.28 | avg loss  2.48 | ppl 11.92
| epoch   4 step    20000 |   4226 batches | lr 0.0005 | ms/batch 853.19 | loss  2.37 | avg loss  2.45 | ppl 11.63
saving checkpoint ./trained_models/GPT2_M/e2e/model.20000.pt
eval samples: 0 loss: tensor(1.2361, device='cuda:0')
eval samples: 100 loss: tensor(0.8826, device='cuda:0')
eval samples: 200 loss: tensor(1.2771, device='cuda:0')
eval samples: 300 loss: tensor(1.0901, device='cuda:0')
eval samples: 400 loss: tensor(0.8400, device='cuda:0')
eval samples: 500 loss: tensor(0.5326, device='cuda:0')
eval samples: 600 loss: tensor(1.2391, device='cuda:0')
eval samples: 700 loss: tensor(0.6423, device='cuda:0')
eval samples: 800 loss: tensor(1.1721, device='cuda:0')
eval samples: 900 loss: tensor(1.7469, device='cuda:0')
eval samples: 1000 loss: tensor(0.9197, device='cuda:0')
eval samples: 1100 loss: tensor(1.5458, device='cuda:0')
average loss 1.187495503396
----------------------------------------------------------------------------------------------------
| Eval  10 at step    20000 | time: 172.37s | valid loss  1.19 | valid ppl  3.28 | best ppl  3.28 
----------------------------------------------------------------------------------------------------
| epoch   4 step    20100 |   4326 batches | lr 0.0005 | ms/batch 2702.82 | loss  2.30 | avg loss  2.44 | ppl 11.42
| epoch   4 step    20200 |   4426 batches | lr 0.0005 | ms/batch 854.13 | loss  2.46 | avg loss  2.45 | ppl 11.55
| epoch   4 step    20300 |   4526 batches | lr 0.0005 | ms/batch 864.81 | loss  2.44 | avg loss  2.47 | ppl 11.85
| epoch   4 step    20400 |   4626 batches | lr 0.0005 | ms/batch 855.28 | loss  2.43 | avg loss  2.44 | ppl 11.49
| epoch   4 step    20500 |   4726 batches | lr 0.0005 | ms/batch 853.90 | loss  2.69 | avg loss  2.43 | ppl 11.35
| epoch   4 step    20600 |   4826 batches | lr 0.0005 | ms/batch 853.90 | loss  2.62 | avg loss  2.47 | ppl 11.88
| epoch   4 step    20700 |   4926 batches | lr 0.0005 | ms/batch 860.18 | loss  2.50 | avg loss  2.44 | ppl 11.53
| epoch   4 step    20800 |   5026 batches | lr 0.0005 | ms/batch 858.51 | loss  2.28 | avg loss  2.46 | ppl 11.72
| epoch   4 step    20900 |   5126 batches | lr 0.0005 | ms/batch 854.51 | loss  2.41 | avg loss  2.44 | ppl 11.44
| epoch   4 step    21000 |   5226 batches | lr 0.0005 | ms/batch 858.54 | loss  2.25 | avg loss  2.44 | ppl 11.49
saving checkpoint ./trained_models/GPT2_M/e2e/model.21000.pt
saving checkpoint ./trained_models/GPT2_M/e2e/model.21032.pt
start to train the model................ 5
| epoch   5 step    21100 |     68 batches | lr 0.0005 | ms/batch 594.88 | loss  2.61 | avg loss  2.45 | ppl 11.60
| epoch   5 step    21200 |    168 batches | lr 0.0005 | ms/batch 868.54 | loss  2.49 | avg loss  2.38 | ppl 10.82
| epoch   5 step    21300 |    268 batches | lr 0.0005 | ms/batch 872.48 | loss  2.21 | avg loss  2.44 | ppl 11.47
| epoch   5 step    21400 |    368 batches | lr 0.0005 | ms/batch 875.75 | loss  2.51 | avg loss  2.43 | ppl 11.35
| epoch   5 step    21500 |    468 batches | lr 0.0005 | ms/batch 856.66 | loss  2.62 | avg loss  2.44 | ppl 11.46
| epoch   5 step    21600 |    568 batches | lr 0.0005 | ms/batch 875.58 | loss  2.72 | avg loss  2.40 | ppl 10.98
| epoch   5 step    21700 |    668 batches | lr 0.0005 | ms/batch 876.98 | loss  2.76 | avg loss  2.44 | ppl 11.43
| epoch   5 step    21800 |    768 batches | lr 0.0005 | ms/batch 876.33 | loss  2.36 | avg loss  2.45 | ppl 11.63
| epoch   5 step    21900 |    868 batches | lr 0.0005 | ms/batch 872.91 | loss  2.68 | avg loss  2.43 | ppl 11.33
| epoch   5 step    22000 |    968 batches | lr 0.0005 | ms/batch 853.37 | loss  2.32 | avg loss  2.38 | ppl 10.78
saving checkpoint ./trained_models/GPT2_M/e2e/model.22000.pt
eval samples: 0 loss: tensor(1.1683, device='cuda:0')
eval samples: 100 loss: tensor(0.9238, device='cuda:0')
eval samples: 200 loss: tensor(1.3406, device='cuda:0')
eval samples: 300 loss: tensor(1.0935, device='cuda:0')
eval samples: 400 loss: tensor(0.8441, device='cuda:0')
eval samples: 500 loss: tensor(0.6205, device='cuda:0')
eval samples: 600 loss: tensor(1.2698, device='cuda:0')
eval samples: 700 loss: tensor(0.7118, device='cuda:0')
eval samples: 800 loss: tensor(1.2557, device='cuda:0')
eval samples: 900 loss: tensor(1.7362, device='cuda:0')
eval samples: 1000 loss: tensor(1.0035, device='cuda:0')
eval samples: 1100 loss: tensor(1.7062, device='cuda:0')
average loss 1.224109125208773
----------------------------------------------------------------------------------------------------
| Eval  11 at step    22000 | time: 172.20s | valid loss  1.22 | valid ppl  3.40 | best ppl  3.40 
----------------------------------------------------------------------------------------------------
| epoch   5 step    22100 |   1068 batches | lr 0.0005 | ms/batch 2701.18 | loss  2.55 | avg loss  2.41 | ppl 11.15
| epoch   5 step    22200 |   1168 batches | lr 0.0005 | ms/batch 856.74 | loss  2.86 | avg loss  2.44 | ppl 11.42
| epoch   5 step    22300 |   1268 batches | lr 0.0005 | ms/batch 859.82 | loss  2.30 | avg loss  2.45 | ppl 11.57
| epoch   5 step    22400 |   1368 batches | lr 0.0005 | ms/batch 873.65 | loss  2.22 | avg loss  2.40 | ppl 10.98
| epoch   5 step    22500 |   1468 batches | lr 0.0005 | ms/batch 856.49 | loss  2.60 | avg loss  2.44 | ppl 11.46
| epoch   5 step    22600 |   1568 batches | lr 0.0005 | ms/batch 853.91 | loss  2.64 | avg loss  2.44 | ppl 11.42
| epoch   5 step    22700 |   1668 batches | lr 0.0005 | ms/batch 854.09 | loss  2.30 | avg loss  2.43 | ppl 11.33
| epoch   5 step    22800 |   1768 batches | lr 0.0005 | ms/batch 857.92 | loss  2.29 | avg loss  2.44 | ppl 11.52
| epoch   5 step    22900 |   1868 batches | lr 0.0005 | ms/batch 856.50 | loss  2.79 | avg loss  2.47 | ppl 11.87
| epoch   5 step    23000 |   1968 batches | lr 0.0005 | ms/batch 860.83 | loss  2.35 | avg loss  2.43 | ppl 11.33
saving checkpoint ./trained_models/GPT2_M/e2e/model.23000.pt
| epoch   5 step    23100 |   2068 batches | lr 0.0005 | ms/batch 972.94 | loss  2.51 | avg loss  2.47 | ppl 11.77
| epoch   5 step    23200 |   2168 batches | lr 0.0005 | ms/batch 871.68 | loss  2.58 | avg loss  2.42 | ppl 11.29
| epoch   5 step    23300 |   2268 batches | lr 0.0005 | ms/batch 854.06 | loss  2.26 | avg loss  2.41 | ppl 11.15
| epoch   5 step    23400 |   2368 batches | lr 0.0005 | ms/batch 864.19 | loss  2.38 | avg loss  2.44 | ppl 11.42
| epoch   5 step    23500 |   2468 batches | lr 0.0005 | ms/batch 874.74 | loss  2.22 | avg loss  2.41 | ppl 11.15
| epoch   5 step    23600 |   2568 batches | lr 0.0005 | ms/batch 874.81 | loss  2.15 | avg loss  2.43 | ppl 11.34
| epoch   5 step    23700 |   2668 batches | lr 0.0005 | ms/batch 873.53 | loss  2.31 | avg loss  2.40 | ppl 11.07
| epoch   5 step    23800 |   2768 batches | lr 0.0005 | ms/batch 863.71 | loss  2.50 | avg loss  2.45 | ppl 11.56
| epoch   5 step    23900 |   2868 batches | lr 0.0005 | ms/batch 860.04 | loss  2.50 | avg loss  2.42 | ppl 11.22
| epoch   5 step    24000 |   2968 batches | lr 0.0005 | ms/batch 875.95 | loss  2.33 | avg loss  2.44 | ppl 11.52
saving checkpoint ./trained_models/GPT2_M/e2e/model.24000.pt
eval samples: 0 loss: tensor(1.1874, device='cuda:0')
eval samples: 100 loss: tensor(0.8914, device='cuda:0')
eval samples: 200 loss: tensor(1.2520, device='cuda:0')
eval samples: 300 loss: tensor(1.1297, device='cuda:0')
eval samples: 400 loss: tensor(0.8561, device='cuda:0')
eval samples: 500 loss: tensor(0.6004, device='cuda:0')
eval samples: 600 loss: tensor(1.3251, device='cuda:0')
eval samples: 700 loss: tensor(0.7192, device='cuda:0')
eval samples: 800 loss: tensor(1.2776, device='cuda:0')
eval samples: 900 loss: tensor(1.7153, device='cuda:0')
eval samples: 1000 loss: tensor(0.9386, device='cuda:0')
eval samples: 1100 loss: tensor(1.5722, device='cuda:0')
average loss 1.2226323986502543
----------------------------------------------------------------------------------------------------
| Eval  12 at step    24000 | time: 172.28s | valid loss  1.22 | valid ppl  3.40 | best ppl  3.40 
----------------------------------------------------------------------------------------------------
| epoch   5 step    24100 |   3068 batches | lr 0.0005 | ms/batch 2705.69 | loss  2.58 | avg loss  2.47 | ppl 11.81
| epoch   5 step    24200 |   3168 batches | lr 0.0005 | ms/batch 864.25 | loss  2.65 | avg loss  2.40 | ppl 11.06
| epoch   5 step    24300 |   3268 batches | lr 0.0005 | ms/batch 868.67 | loss  2.53 | avg loss  2.45 | ppl 11.62
| epoch   5 step    24400 |   3368 batches | lr 0.0005 | ms/batch 872.18 | loss  2.59 | avg loss  2.43 | ppl 11.35
| epoch   5 step    24500 |   3468 batches | lr 0.0005 | ms/batch 862.96 | loss  2.28 | avg loss  2.43 | ppl 11.41
| epoch   5 step    24600 |   3568 batches | lr 0.0005 | ms/batch 855.37 | loss  2.51 | avg loss  2.43 | ppl 11.38
| epoch   5 step    24700 |   3668 batches | lr 0.0005 | ms/batch 865.31 | loss  2.73 | avg loss  2.47 | ppl 11.85
| epoch   5 step    24800 |   3768 batches | lr 0.0005 | ms/batch 875.90 | loss  2.81 | avg loss  2.43 | ppl 11.39
| epoch   5 step    24900 |   3868 batches | lr 0.0005 | ms/batch 867.19 | loss  2.27 | avg loss  2.44 | ppl 11.48
| epoch   5 step    25000 |   3968 batches | lr 0.0005 | ms/batch 856.57 | loss  2.34 | avg loss  2.45 | ppl 11.54
saving checkpoint ./trained_models/GPT2_M/e2e/model.25000.pt
| epoch   5 step    25100 |   4068 batches | lr 0.0005 | ms/batch 969.73 | loss  2.58 | avg loss  2.42 | ppl 11.29
| epoch   5 step    25200 |   4168 batches | lr 0.0005 | ms/batch 861.60 | loss  2.28 | avg loss  2.46 | ppl 11.67
| epoch   5 step    25300 |   4268 batches | lr 0.0005 | ms/batch 867.74 | loss  2.38 | avg loss  2.42 | ppl 11.22
| epoch   5 step    25400 |   4368 batches | lr 0.0005 | ms/batch 870.79 | loss  2.73 | avg loss  2.41 | ppl 11.12
| epoch   5 step    25500 |   4468 batches | lr 0.0005 | ms/batch 853.73 | loss  2.46 | avg loss  2.44 | ppl 11.47
| epoch   5 step    25600 |   4568 batches | lr 0.0005 | ms/batch 853.63 | loss  2.72 | avg loss  2.44 | ppl 11.49
| epoch   5 step    25700 |   4668 batches | lr 0.0005 | ms/batch 853.65 | loss  2.80 | avg loss  2.50 | ppl 12.17
| epoch   5 step    25800 |   4768 batches | lr 0.0005 | ms/batch 858.13 | loss  2.47 | avg loss  2.46 | ppl 11.73
| epoch   5 step    25900 |   4868 batches | lr 0.0005 | ms/batch 858.34 | loss  2.26 | avg loss  2.43 | ppl 11.37
| epoch   5 step    26000 |   4968 batches | lr 0.0005 | ms/batch 854.11 | loss  2.39 | avg loss  2.45 | ppl 11.64
saving checkpoint ./trained_models/GPT2_M/e2e/model.26000.pt
eval samples: 0 loss: tensor(1.1855, device='cuda:0')
eval samples: 100 loss: tensor(0.8135, device='cuda:0')
eval samples: 200 loss: tensor(1.3006, device='cuda:0')
eval samples: 300 loss: tensor(1.0517, device='cuda:0')
eval samples: 400 loss: tensor(0.8201, device='cuda:0')
eval samples: 500 loss: tensor(0.5895, device='cuda:0')
eval samples: 600 loss: tensor(1.3230, device='cuda:0')
eval samples: 700 loss: tensor(0.6405, device='cuda:0')
eval samples: 800 loss: tensor(1.1602, device='cuda:0')
eval samples: 900 loss: tensor(1.7801, device='cuda:0')
eval samples: 1000 loss: tensor(0.8901, device='cuda:0')
eval samples: 1100 loss: tensor(1.4504, device='cuda:0')
average loss 1.1823113669373402
----------------------------------------------------------------------------------------------------
| Eval  13 at step    26000 | time: 172.22s | valid loss  1.18 | valid ppl  3.26 | best ppl  3.26 
----------------------------------------------------------------------------------------------------
| epoch   5 step    26100 |   5068 batches | lr 0.0005 | ms/batch 2683.08 | loss  2.38 | avg loss  2.43 | ppl 11.37
| epoch   5 step    26200 |   5168 batches | lr 0.0005 | ms/batch 854.37 | loss  2.53 | avg loss  2.42 | ppl 11.27
saving checkpoint ./trained_models/GPT2_M/e2e/model.26290.pt
----------------------------------------------------------------------------------------------------
End of training
cleanup dist ...
[rank0]:[W721 23:03:31.133866090 ProcessGroupNCCL.cpp:1479] Warning: WARNING: destroy_process_group() was not called before program exit, which can leak resources. For more info, please see https://pytorch.org/docs/stable/distributed.html#shutdown (function operator())
