nohup: ignoring input
myrank: 0 local_rank: 0 device_count: 1 world_size: 1
====================================================================================================
        - platform : local
        - local_rank : 0
        - rank : 0
        - device : cuda:0
        - world_size : 1
        - random_seed : 110
        - lr : 0.0005
        - weight_decay : 0.01
        - correct_bias : True
        - adam_epislon : 1e-06
        - no_decay_bias : False
        - adam_beta1 : 0.9
        - adam_beta2 : 0.999
        - scheduler : None
        - max_step : None
        - max_epoch : 5
        - warmup_step : 500
        - i_steps : 0
        - i_lrs : 0.00025
        - galore_rank : 4
        - update_proj_gap : 50
        - galore_scale : 1.0
        - proj_type : std
        - gamma : 0.0
        - train_data : ./data/e2e/train.jsonl
        - valid_data : ./data/e2e/valid.jsonl
        - train_batch_size : 8
        - valid_batch_size : 4
        - grad_acc : 1
        - clip : 0.0
        - seq_len : 512
        - model_card : gpt2.md
        - init_checkpoint : ./pretrained_checkpoints/gpt2-medium-pytorch_model.bin
        - fp16 : False
        - log_interval : 100
        - eval_interval : 2000
        - save_interval : 1000
        - work_dir : ./trained_models/GPT2_M/e2e
        - lora_dim : 0
        - lora_alpha : 32
        - obj : clm
        - lora_dropout : 0.1
        - label_smooth : 0.1
        - roll_interval : -1
        - roll_lr : 1e-05
        - roll_step : 100
        - eval_epoch : 1
        - dist : <module 'torch.distributed' from '/home/ycyh/miniconda3/envs/LoRA/lib/python3.11/site-packages/torch/distributed/__init__.py'>
====================================================================================================
Experiment dir : ./trained_models/GPT2_M/e2e
loading model pretrained weight.
MoFaSGD 2D parameter count: 354.50M
Skipped 1D parameter count : 0.32M
set max_step: 26290
start to train the model................ 1
| epoch   1 step      100 |    100 batches | lr 0.0005 | ms/batch 864.14 | loss  3.25 | avg loss  3.01 | ppl 20.32
| epoch   1 step      200 |    200 batches | lr 0.0005 | ms/batch 863.54 | loss  2.78 | avg loss  2.76 | ppl 15.85
| epoch   1 step      300 |    300 batches | lr 0.0005 | ms/batch 863.34 | loss  2.70 | avg loss  2.70 | ppl 14.92
| epoch   1 step      400 |    400 batches | lr 0.0005 | ms/batch 863.68 | loss  2.80 | avg loss  2.69 | ppl 14.80
| epoch   1 step      500 |    500 batches | lr 0.0005 | ms/batch 871.89 | loss  2.56 | avg loss  2.64 | ppl 14.02
| epoch   1 step      600 |    600 batches | lr 0.0005 | ms/batch 869.10 | loss  2.53 | avg loss  2.61 | ppl 13.54
| epoch   1 step      700 |    700 batches | lr 0.0005 | ms/batch 875.22 | loss  2.71 | avg loss  2.59 | ppl 13.32
| epoch   1 step      800 |    800 batches | lr 0.0005 | ms/batch 872.45 | loss  2.30 | avg loss  2.57 | ppl 13.09
| epoch   1 step      900 |    900 batches | lr 0.0005 | ms/batch 870.23 | loss  2.33 | avg loss  2.57 | ppl 13.03
| epoch   1 step     1000 |   1000 batches | lr 0.0005 | ms/batch 874.76 | loss  3.00 | avg loss  2.59 | ppl 13.28
saving checkpoint ./trained_models/GPT2_M/e2e/model.1000.pt
/home/ycyh/miniconda3/envs/LoRA/lib/python3.11/site-packages/torch/distributed/distributed_c10d.py:4631: UserWarning: No device id is provided via `init_process_group` or `barrier `. Using the current device set by the user. 
  warnings.warn(  # warn only once
| epoch   1 step     1100 |   1100 batches | lr 0.0005 | ms/batch 979.86 | loss  2.66 | avg loss  2.59 | ppl 13.39
| epoch   1 step     1200 |   1200 batches | lr 0.0005 | ms/batch 865.48 | loss  2.41 | avg loss  2.59 | ppl 13.32
| epoch   1 step     1300 |   1300 batches | lr 0.0005 | ms/batch 871.82 | loss  2.46 | avg loss  2.56 | ppl 13.00
| epoch   1 step     1400 |   1400 batches | lr 0.0005 | ms/batch 873.73 | loss  2.50 | avg loss  2.56 | ppl 12.92
| epoch   1 step     1500 |   1500 batches | lr 0.0005 | ms/batch 874.61 | loss  2.51 | avg loss  2.58 | ppl 13.16
| epoch   1 step     1600 |   1600 batches | lr 0.0005 | ms/batch 874.15 | loss  2.61 | avg loss  2.54 | ppl 12.65
| epoch   1 step     1700 |   1700 batches | lr 0.0005 | ms/batch 871.16 | loss  2.40 | avg loss  2.55 | ppl 12.79
| epoch   1 step     1800 |   1800 batches | lr 0.0005 | ms/batch 871.42 | loss  2.42 | avg loss  2.55 | ppl 12.78
| epoch   1 step     1900 |   1900 batches | lr 0.0005 | ms/batch 874.44 | loss  2.55 | avg loss  2.55 | ppl 12.84
| epoch   1 step     2000 |   2000 batches | lr 0.0005 | ms/batch 873.94 | loss  2.43 | avg loss  2.54 | ppl 12.69
saving checkpoint ./trained_models/GPT2_M/e2e/model.2000.pt
/home/ycyh/miniconda3/envs/LoRA/lib/python3.11/site-packages/torch/nn/_reduction.py:51: UserWarning: size_average and reduce args will be deprecated, please use reduction='none' instead.
  warnings.warn(warning.format(ret))
eval samples: 0 loss: tensor(1.2745, device='cuda:0')
eval samples: 100 loss: tensor(0.8767, device='cuda:0')
eval samples: 200 loss: tensor(1.3147, device='cuda:0')
eval samples: 300 loss: tensor(1.1152, device='cuda:0')
eval samples: 400 loss: tensor(0.9034, device='cuda:0')
eval samples: 500 loss: tensor(0.6571, device='cuda:0')
eval samples: 600 loss: tensor(1.3184, device='cuda:0')
eval samples: 700 loss: tensor(0.7298, device='cuda:0')
eval samples: 800 loss: tensor(1.2041, device='cuda:0')
eval samples: 900 loss: tensor(1.6979, device='cuda:0')
eval samples: 1000 loss: tensor(1.0405, device='cuda:0')
eval samples: 1100 loss: tensor(1.5317, device='cuda:0')
average loss 1.24309666750774
----------------------------------------------------------------------------------------------------
| Eval   1 at step     2000 | time: 173.05s | valid loss  1.24 | valid ppl  3.47 | best ppl  3.47 
----------------------------------------------------------------------------------------------------
| epoch   1 step     2100 |   2100 batches | lr 0.0005 | ms/batch 2719.20 | loss  2.56 | avg loss  2.54 | ppl 12.66
| epoch   1 step     2200 |   2200 batches | lr 0.0005 | ms/batch 876.03 | loss  2.84 | avg loss  2.53 | ppl 12.56
| epoch   1 step     2300 |   2300 batches | lr 0.0005 | ms/batch 868.50 | loss  2.49 | avg loss  2.53 | ppl 12.50
| epoch   1 step     2400 |   2400 batches | lr 0.0005 | ms/batch 869.34 | loss  2.32 | avg loss  2.53 | ppl 12.53
| epoch   1 step     2500 |   2500 batches | lr 0.0005 | ms/batch 875.68 | loss  2.72 | avg loss  2.55 | ppl 12.80
| epoch   1 step     2600 |   2600 batches | lr 0.0005 | ms/batch 876.35 | loss  2.66 | avg loss  2.54 | ppl 12.62
| epoch   1 step     2700 |   2700 batches | lr 0.0005 | ms/batch 877.83 | loss  2.57 | avg loss  2.52 | ppl 12.42
| epoch   1 step     2800 |   2800 batches | lr 0.0005 | ms/batch 877.45 | loss  2.19 | avg loss  2.56 | ppl 12.88
| epoch   1 step     2900 |   2900 batches | lr 0.0005 | ms/batch 876.62 | loss  2.72 | avg loss  2.54 | ppl 12.64
| epoch   1 step     3000 |   3000 batches | lr 0.0005 | ms/batch 874.68 | loss  2.52 | avg loss  2.50 | ppl 12.24
saving checkpoint ./trained_models/GPT2_M/e2e/model.3000.pt
| epoch   1 step     3100 |   3100 batches | lr 0.0005 | ms/batch 981.22 | loss  2.72 | avg loss  2.51 | ppl 12.29
| epoch   1 step     3200 |   3200 batches | lr 0.0005 | ms/batch 865.25 | loss  2.60 | avg loss  2.54 | ppl 12.70
| epoch   1 step     3300 |   3300 batches | lr 0.0005 | ms/batch 867.52 | loss  2.87 | avg loss  2.50 | ppl 12.19
| epoch   1 step     3400 |   3400 batches | lr 0.0005 | ms/batch 871.23 | loss  2.50 | avg loss  2.51 | ppl 12.26
| epoch   1 step     3500 |   3500 batches | lr 0.0005 | ms/batch 859.76 | loss  2.24 | avg loss  2.54 | ppl 12.67
| epoch   1 step     3600 |   3600 batches | lr 0.0005 | ms/batch 865.17 | loss  2.41 | avg loss  2.54 | ppl 12.68
| epoch   1 step     3700 |   3700 batches | lr 0.0005 | ms/batch 865.00 | loss  2.46 | avg loss  2.50 | ppl 12.23
| epoch   1 step     3800 |   3800 batches | lr 0.0005 | ms/batch 862.49 | loss  2.47 | avg loss  2.47 | ppl 11.77
| epoch   1 step     3900 |   3900 batches | lr 0.0005 | ms/batch 858.48 | loss  2.19 | avg loss  2.55 | ppl 12.75
| epoch   1 step     4000 |   4000 batches | lr 0.0005 | ms/batch 852.54 | loss  2.56 | avg loss  2.54 | ppl 12.68
saving checkpoint ./trained_models/GPT2_M/e2e/model.4000.pt
eval samples: 0 loss: tensor(1.2394, device='cuda:0')
eval samples: 100 loss: tensor(0.8450, device='cuda:0')
eval samples: 200 loss: tensor(1.2823, device='cuda:0')
eval samples: 300 loss: tensor(1.0669, device='cuda:0')
eval samples: 400 loss: tensor(0.8647, device='cuda:0')
eval samples: 500 loss: tensor(0.5596, device='cuda:0')
eval samples: 600 loss: tensor(1.2352, device='cuda:0')
eval samples: 700 loss: tensor(0.6658, device='cuda:0')
eval samples: 800 loss: tensor(1.1624, device='cuda:0')
eval samples: 900 loss: tensor(1.6991, device='cuda:0')
eval samples: 1000 loss: tensor(0.9213, device='cuda:0')
eval samples: 1100 loss: tensor(1.5258, device='cuda:0')
average loss 1.2047080111575046
----------------------------------------------------------------------------------------------------
| Eval   2 at step     4000 | time: 168.93s | valid loss  1.20 | valid ppl  3.34 | best ppl  3.34 
----------------------------------------------------------------------------------------------------
| epoch   1 step     4100 |   4100 batches | lr 0.0005 | ms/batch 2658.41 | loss  2.63 | avg loss  2.50 | ppl 12.21
| epoch   1 step     4200 |   4200 batches | lr 0.0005 | ms/batch 859.69 | loss  2.56 | avg loss  2.50 | ppl 12.24
| epoch   1 step     4300 |   4300 batches | lr 0.0005 | ms/batch 855.75 | loss  2.32 | avg loss  2.46 | ppl 11.70
| epoch   1 step     4400 |   4400 batches | lr 0.0005 | ms/batch 856.86 | loss  2.62 | avg loss  2.49 | ppl 12.05
| epoch   1 step     4500 |   4500 batches | lr 0.0005 | ms/batch 861.02 | loss  2.67 | avg loss  2.52 | ppl 12.46
| epoch   1 step     4600 |   4600 batches | lr 0.0005 | ms/batch 859.48 | loss  2.44 | avg loss  2.52 | ppl 12.43
| epoch   1 step     4700 |   4700 batches | lr 0.0005 | ms/batch 855.28 | loss  2.28 | avg loss  2.51 | ppl 12.33
| epoch   1 step     4800 |   4800 batches | lr 0.0005 | ms/batch 857.61 | loss  2.63 | avg loss  2.48 | ppl 11.96
| epoch   1 step     4900 |   4900 batches | lr 0.0005 | ms/batch 860.40 | loss  2.59 | avg loss  2.49 | ppl 12.12
| epoch   1 step     5000 |   5000 batches | lr 0.0005 | ms/batch 859.59 | loss  2.19 | avg loss  2.47 | ppl 11.87
saving checkpoint ./trained_models/GPT2_M/e2e/model.5000.pt
| epoch   1 step     5100 |   5100 batches | lr 0.0005 | ms/batch 975.88 | loss  2.56 | avg loss  2.51 | ppl 12.31
| epoch   1 step     5200 |   5200 batches | lr 0.0005 | ms/batch 860.67 | loss  2.67 | avg loss  2.50 | ppl 12.23
saving checkpoint ./trained_models/GPT2_M/e2e/model.5258.pt
start to train the model................ 2
| epoch   2 step     5300 |     42 batches | lr 0.0005 | ms/batch 360.85 | loss  2.32 | avg loss  2.43 | ppl 11.37
| epoch   2 step     5400 |    142 batches | lr 0.0005 | ms/batch 862.66 | loss  2.44 | avg loss  2.49 | ppl 12.03
| epoch   2 step     5500 |    242 batches | lr 0.0005 | ms/batch 862.07 | loss  2.50 | avg loss  2.47 | ppl 11.80
| epoch   2 step     5600 |    342 batches | lr 0.0005 | ms/batch 861.87 | loss  2.17 | avg loss  2.49 | ppl 12.11
| epoch   2 step     5700 |    442 batches | lr 0.0005 | ms/batch 861.57 | loss  2.40 | avg loss  2.48 | ppl 11.96
| epoch   2 step     5800 |    542 batches | lr 0.0005 | ms/batch 860.96 | loss  2.43 | avg loss  2.46 | ppl 11.69
| epoch   2 step     5900 |    642 batches | lr 0.0005 | ms/batch 860.76 | loss  2.62 | avg loss  2.49 | ppl 12.12
| epoch   2 step     6000 |    742 batches | lr 0.0005 | ms/batch 861.90 | loss  2.21 | avg loss  2.45 | ppl 11.61
saving checkpoint ./trained_models/GPT2_M/e2e/model.6000.pt
eval samples: 0 loss: tensor(1.2091, device='cuda:0')
eval samples: 100 loss: tensor(0.8401, device='cuda:0')
eval samples: 200 loss: tensor(1.2187, device='cuda:0')
eval samples: 300 loss: tensor(1.0859, device='cuda:0')
eval samples: 400 loss: tensor(0.8701, device='cuda:0')
eval samples: 500 loss: tensor(0.5756, device='cuda:0')
eval samples: 600 loss: tensor(1.2559, device='cuda:0')
eval samples: 700 loss: tensor(0.6944, device='cuda:0')
eval samples: 800 loss: tensor(1.1329, device='cuda:0')
eval samples: 900 loss: tensor(1.7214, device='cuda:0')
eval samples: 1000 loss: tensor(0.8890, device='cuda:0')
eval samples: 1100 loss: tensor(1.5576, device='cuda:0')
average loss 1.1953338089666954
----------------------------------------------------------------------------------------------------
| Eval   3 at step     6000 | time: 169.43s | valid loss  1.20 | valid ppl  3.30 | best ppl  3.30 
----------------------------------------------------------------------------------------------------
| epoch   2 step     6100 |    842 batches | lr 0.0005 | ms/batch 2670.99 | loss  2.27 | avg loss  2.48 | ppl 11.93
| epoch   2 step     6200 |    942 batches | lr 0.0005 | ms/batch 860.74 | loss  2.32 | avg loss  2.48 | ppl 11.95
| epoch   2 step     6300 |   1042 batches | lr 0.0005 | ms/batch 857.48 | loss  2.66 | avg loss  2.48 | ppl 11.98
| epoch   2 step     6400 |   1142 batches | lr 0.0005 | ms/batch 852.86 | loss  2.23 | avg loss  2.48 | ppl 11.93
| epoch   2 step     6500 |   1242 batches | lr 0.0005 | ms/batch 854.01 | loss  2.31 | avg loss  2.50 | ppl 12.19
| epoch   2 step     6600 |   1342 batches | lr 0.0005 | ms/batch 857.37 | loss  2.78 | avg loss  2.47 | ppl 11.85
| epoch   2 step     6700 |   1442 batches | lr 0.0005 | ms/batch 858.29 | loss  2.44 | avg loss  2.49 | ppl 12.03
| epoch   2 step     6800 |   1542 batches | lr 0.0005 | ms/batch 852.01 | loss  2.42 | avg loss  2.50 | ppl 12.13
| epoch   2 step     6900 |   1642 batches | lr 0.0005 | ms/batch 861.91 | loss  2.33 | avg loss  2.43 | ppl 11.37
| epoch   2 step     7000 |   1742 batches | lr 0.0005 | ms/batch 857.21 | loss  2.62 | avg loss  2.49 | ppl 12.10
saving checkpoint ./trained_models/GPT2_M/e2e/model.7000.pt
| epoch   2 step     7100 |   1842 batches | lr 0.0005 | ms/batch 970.77 | loss  2.63 | avg loss  2.47 | ppl 11.87
| epoch   2 step     7200 |   1942 batches | lr 0.0005 | ms/batch 858.97 | loss  2.53 | avg loss  2.48 | ppl 11.88
| epoch   2 step     7300 |   2042 batches | lr 0.0005 | ms/batch 849.98 | loss  2.31 | avg loss  2.45 | ppl 11.58
| epoch   2 step     7400 |   2142 batches | lr 0.0005 | ms/batch 849.06 | loss  2.83 | avg loss  2.45 | ppl 11.61
| epoch   2 step     7500 |   2242 batches | lr 0.0005 | ms/batch 849.88 | loss  2.69 | avg loss  2.50 | ppl 12.23
| epoch   2 step     7600 |   2342 batches | lr 0.0005 | ms/batch 849.61 | loss  2.27 | avg loss  2.46 | ppl 11.70
| epoch   2 step     7700 |   2442 batches | lr 0.0005 | ms/batch 849.95 | loss  2.74 | avg loss  2.46 | ppl 11.68
| epoch   2 step     7800 |   2542 batches | lr 0.0005 | ms/batch 849.17 | loss  2.56 | avg loss  2.45 | ppl 11.55
| epoch   2 step     7900 |   2642 batches | lr 0.0005 | ms/batch 849.21 | loss  2.75 | avg loss  2.49 | ppl 12.06
| epoch   2 step     8000 |   2742 batches | lr 0.0005 | ms/batch 849.33 | loss  2.51 | avg loss  2.50 | ppl 12.23
saving checkpoint ./trained_models/GPT2_M/e2e/model.8000.pt
eval samples: 0 loss: tensor(1.2511, device='cuda:0')
eval samples: 100 loss: tensor(0.8798, device='cuda:0')
eval samples: 200 loss: tensor(1.2293, device='cuda:0')
eval samples: 300 loss: tensor(1.1046, device='cuda:0')
eval samples: 400 loss: tensor(0.8279, device='cuda:0')
eval samples: 500 loss: tensor(0.6461, device='cuda:0')
eval samples: 600 loss: tensor(1.1937, device='cuda:0')
eval samples: 700 loss: tensor(0.6726, device='cuda:0')
eval samples: 800 loss: tensor(1.1181, device='cuda:0')
eval samples: 900 loss: tensor(1.6809, device='cuda:0')
eval samples: 1000 loss: tensor(0.9399, device='cuda:0')
eval samples: 1100 loss: tensor(1.5448, device='cuda:0')
average loss 1.1992508976222718
----------------------------------------------------------------------------------------------------
| Eval   4 at step     8000 | time: 168.15s | valid loss  1.20 | valid ppl  3.32 | best ppl  3.30 
----------------------------------------------------------------------------------------------------
| epoch   2 step     8100 |   2842 batches | lr 0.0005 | ms/batch 2642.05 | loss  2.34 | avg loss  2.46 | ppl 11.72
| epoch   2 step     8200 |   2942 batches | lr 0.0005 | ms/batch 846.75 | loss  2.57 | avg loss  2.52 | ppl 12.39
| epoch   2 step     8300 |   3042 batches | lr 0.0005 | ms/batch 846.70 | loss  2.36 | avg loss  2.48 | ppl 11.89
| epoch   2 step     8400 |   3142 batches | lr 0.0005 | ms/batch 846.50 | loss  2.47 | avg loss  2.47 | ppl 11.76
| epoch   2 step     8500 |   3242 batches | lr 0.0005 | ms/batch 846.37 | loss  2.42 | avg loss  2.48 | ppl 11.90
| epoch   2 step     8600 |   3342 batches | lr 0.0005 | ms/batch 847.19 | loss  2.35 | avg loss  2.46 | ppl 11.69
| epoch   2 step     8700 |   3442 batches | lr 0.0005 | ms/batch 846.41 | loss  2.77 | avg loss  2.46 | ppl 11.73
| epoch   2 step     8800 |   3542 batches | lr 0.0005 | ms/batch 846.25 | loss  2.39 | avg loss  2.46 | ppl 11.72
| epoch   2 step     8900 |   3642 batches | lr 0.0005 | ms/batch 845.99 | loss  2.54 | avg loss  2.48 | ppl 11.99
| epoch   2 step     9000 |   3742 batches | lr 0.0005 | ms/batch 845.59 | loss  2.46 | avg loss  2.48 | ppl 11.96
saving checkpoint ./trained_models/GPT2_M/e2e/model.9000.pt
| epoch   2 step     9100 |   3842 batches | lr 0.0005 | ms/batch 949.40 | loss  2.42 | avg loss  2.47 | ppl 11.86
| epoch   2 step     9200 |   3942 batches | lr 0.0005 | ms/batch 846.35 | loss  2.55 | avg loss  2.47 | ppl 11.87
| epoch   2 step     9300 |   4042 batches | lr 0.0005 | ms/batch 847.37 | loss  2.46 | avg loss  2.48 | ppl 12.00
| epoch   2 step     9400 |   4142 batches | lr 0.0005 | ms/batch 846.80 | loss  2.52 | avg loss  2.47 | ppl 11.86
| epoch   2 step     9500 |   4242 batches | lr 0.0005 | ms/batch 847.13 | loss  2.46 | avg loss  2.48 | ppl 11.93
| epoch   2 step     9600 |   4342 batches | lr 0.0005 | ms/batch 846.62 | loss  2.84 | avg loss  2.48 | ppl 11.94
| epoch   2 step     9700 |   4442 batches | lr 0.0005 | ms/batch 847.03 | loss  2.20 | avg loss  2.47 | ppl 11.82
| epoch   2 step     9800 |   4542 batches | lr 0.0005 | ms/batch 847.57 | loss  2.48 | avg loss  2.47 | ppl 11.83
| epoch   2 step     9900 |   4642 batches | lr 0.0005 | ms/batch 846.95 | loss  2.15 | avg loss  2.46 | ppl 11.66
| epoch   2 step    10000 |   4742 batches | lr 0.0005 | ms/batch 846.51 | loss  2.55 | avg loss  2.49 | ppl 12.05
saving checkpoint ./trained_models/GPT2_M/e2e/model.10000.pt
eval samples: 0 loss: tensor(1.2293, device='cuda:0')
eval samples: 100 loss: tensor(0.9139, device='cuda:0')
eval samples: 200 loss: tensor(1.2560, device='cuda:0')
eval samples: 300 loss: tensor(1.0882, device='cuda:0')
eval samples: 400 loss: tensor(0.8893, device='cuda:0')
eval samples: 500 loss: tensor(0.6558, device='cuda:0')
eval samples: 600 loss: tensor(1.2131, device='cuda:0')
eval samples: 700 loss: tensor(0.7212, device='cuda:0')
eval samples: 800 loss: tensor(1.2409, device='cuda:0')
eval samples: 900 loss: tensor(1.6925, device='cuda:0')
eval samples: 1000 loss: tensor(0.9896, device='cuda:0')
eval samples: 1100 loss: tensor(1.5481, device='cuda:0')
average loss 1.2296974845740893
----------------------------------------------------------------------------------------------------
| Eval   5 at step    10000 | time: 168.15s | valid loss  1.23 | valid ppl  3.42 | best ppl  3.30 
----------------------------------------------------------------------------------------------------
| epoch   2 step    10100 |   4842 batches | lr 0.0005 | ms/batch 2629.56 | loss  2.29 | avg loss  2.48 | ppl 11.97
| epoch   2 step    10200 |   4942 batches | lr 0.0005 | ms/batch 845.04 | loss  2.40 | avg loss  2.48 | ppl 11.98
| epoch   2 step    10300 |   5042 batches | lr 0.0005 | ms/batch 844.75 | loss  2.73 | avg loss  2.47 | ppl 11.84
| epoch   2 step    10400 |   5142 batches | lr 0.0005 | ms/batch 847.06 | loss  2.60 | avg loss  2.47 | ppl 11.80
| epoch   2 step    10500 |   5242 batches | lr 0.0005 | ms/batch 846.39 | loss  2.40 | avg loss  2.45 | ppl 11.60
saving checkpoint ./trained_models/GPT2_M/e2e/model.10516.pt
start to train the model................ 3
| epoch   3 step    10600 |     84 batches | lr 0.0005 | ms/batch 710.62 | loss  2.11 | avg loss  2.45 | ppl 11.56
| epoch   3 step    10700 |    184 batches | lr 0.0005 | ms/batch 845.23 | loss  2.51 | avg loss  2.45 | ppl 11.64
| epoch   3 step    10800 |    284 batches | lr 0.0005 | ms/batch 844.60 | loss  2.64 | avg loss  2.44 | ppl 11.49
| epoch   3 step    10900 |    384 batches | lr 0.0005 | ms/batch 844.86 | loss  2.76 | avg loss  2.44 | ppl 11.48
| epoch   3 step    11000 |    484 batches | lr 0.0005 | ms/batch 844.53 | loss  2.55 | avg loss  2.44 | ppl 11.51
saving checkpoint ./trained_models/GPT2_M/e2e/model.11000.pt
| epoch   3 step    11100 |    584 batches | lr 0.0005 | ms/batch 948.31 | loss  2.53 | avg loss  2.50 | ppl 12.15
| epoch   3 step    11200 |    684 batches | lr 0.0005 | ms/batch 844.78 | loss  2.45 | avg loss  2.45 | ppl 11.61
| epoch   3 step    11300 |    784 batches | lr 0.0005 | ms/batch 845.48 | loss  2.46 | avg loss  2.47 | ppl 11.81
| epoch   3 step    11400 |    884 batches | lr 0.0005 | ms/batch 844.21 | loss  2.34 | avg loss  2.46 | ppl 11.66
| epoch   3 step    11500 |    984 batches | lr 0.0005 | ms/batch 845.51 | loss  2.21 | avg loss  2.46 | ppl 11.71
| epoch   3 step    11600 |   1084 batches | lr 0.0005 | ms/batch 850.32 | loss  2.12 | avg loss  2.43 | ppl 11.31
| epoch   3 step    11700 |   1184 batches | lr 0.0005 | ms/batch 849.11 | loss  2.27 | avg loss  2.44 | ppl 11.48
| epoch   3 step    11800 |   1284 batches | lr 0.0005 | ms/batch 846.57 | loss  2.45 | avg loss  2.43 | ppl 11.30
| epoch   3 step    11900 |   1384 batches | lr 0.0005 | ms/batch 847.41 | loss  2.36 | avg loss  2.44 | ppl 11.44
| epoch   3 step    12000 |   1484 batches | lr 0.0005 | ms/batch 847.16 | loss  2.51 | avg loss  2.44 | ppl 11.52
saving checkpoint ./trained_models/GPT2_M/e2e/model.12000.pt
eval samples: 0 loss: tensor(1.2256, device='cuda:0')
eval samples: 100 loss: tensor(0.8677, device='cuda:0')
eval samples: 200 loss: tensor(1.2672, device='cuda:0')
eval samples: 300 loss: tensor(1.1285, device='cuda:0')
eval samples: 400 loss: tensor(0.9165, device='cuda:0')
eval samples: 500 loss: tensor(0.5757, device='cuda:0')
eval samples: 600 loss: tensor(1.2403, device='cuda:0')
eval samples: 700 loss: tensor(0.6464, device='cuda:0')
eval samples: 800 loss: tensor(1.1965, device='cuda:0')
eval samples: 900 loss: tensor(1.7100, device='cuda:0')
eval samples: 1000 loss: tensor(0.9425, device='cuda:0')
eval samples: 1100 loss: tensor(1.4660, device='cuda:0')
average loss 1.2032437406429282
----------------------------------------------------------------------------------------------------
| Eval   6 at step    12000 | time: 169.07s | valid loss  1.20 | valid ppl  3.33 | best ppl  3.33 
----------------------------------------------------------------------------------------------------
| epoch   3 step    12100 |   1584 batches | lr 0.0005 | ms/batch 2653.09 | loss  2.43 | avg loss  2.47 | ppl 11.77
| epoch   3 step    12200 |   1684 batches | lr 0.0005 | ms/batch 849.84 | loss  2.35 | avg loss  2.48 | ppl 11.91
| epoch   3 step    12300 |   1784 batches | lr 0.0005 | ms/batch 848.28 | loss  2.41 | avg loss  2.46 | ppl 11.73
| epoch   3 step    12400 |   1884 batches | lr 0.0005 | ms/batch 848.69 | loss  2.50 | avg loss  2.43 | ppl 11.35
| epoch   3 step    12500 |   1984 batches | lr 0.0005 | ms/batch 849.67 | loss  2.69 | avg loss  2.45 | ppl 11.64
| epoch   3 step    12600 |   2084 batches | lr 0.0005 | ms/batch 853.83 | loss  2.72 | avg loss  2.39 | ppl 10.97
| epoch   3 step    12700 |   2184 batches | lr 0.0005 | ms/batch 862.15 | loss  2.26 | avg loss  2.45 | ppl 11.54
| epoch   3 step    12800 |   2284 batches | lr 0.0005 | ms/batch 854.76 | loss  2.56 | avg loss  2.46 | ppl 11.65
| epoch   3 step    12900 |   2384 batches | lr 0.0005 | ms/batch 852.61 | loss  2.34 | avg loss  2.45 | ppl 11.64
| epoch   3 step    13000 |   2484 batches | lr 0.0005 | ms/batch 851.69 | loss  2.87 | avg loss  2.48 | ppl 11.96
saving checkpoint ./trained_models/GPT2_M/e2e/model.13000.pt
| epoch   3 step    13100 |   2584 batches | lr 0.0005 | ms/batch 978.23 | loss  2.30 | avg loss  2.43 | ppl 11.35
| epoch   3 step    13200 |   2684 batches | lr 0.0005 | ms/batch 864.72 | loss  2.36 | avg loss  2.49 | ppl 12.08
| epoch   3 step    13300 |   2784 batches | lr 0.0005 | ms/batch 865.39 | loss  2.34 | avg loss  2.44 | ppl 11.42
| epoch   3 step    13400 |   2884 batches | lr 0.0005 | ms/batch 861.86 | loss  2.56 | avg loss  2.44 | ppl 11.44
| epoch   3 step    13500 |   2984 batches | lr 0.0005 | ms/batch 858.81 | loss  2.86 | avg loss  2.47 | ppl 11.84
| epoch   3 step    13600 |   3084 batches | lr 0.0005 | ms/batch 860.55 | loss  2.25 | avg loss  2.46 | ppl 11.76
| epoch   3 step    13700 |   3184 batches | lr 0.0005 | ms/batch 862.52 | loss  2.60 | avg loss  2.50 | ppl 12.22
| epoch   3 step    13800 |   3284 batches | lr 0.0005 | ms/batch 859.66 | loss  2.23 | avg loss  2.43 | ppl 11.40
| epoch   3 step    13900 |   3384 batches | lr 0.0005 | ms/batch 857.60 | loss  2.79 | avg loss  2.48 | ppl 11.95
| epoch   3 step    14000 |   3484 batches | lr 0.0005 | ms/batch 863.36 | loss  2.54 | avg loss  2.49 | ppl 12.01
saving checkpoint ./trained_models/GPT2_M/e2e/model.14000.pt
eval samples: 0 loss: tensor(1.1302, device='cuda:0')
eval samples: 100 loss: tensor(0.8743, device='cuda:0')
eval samples: 200 loss: tensor(1.2785, device='cuda:0')
eval samples: 300 loss: tensor(1.0951, device='cuda:0')
eval samples: 400 loss: tensor(0.8851, device='cuda:0')
eval samples: 500 loss: tensor(0.5664, device='cuda:0')
eval samples: 600 loss: tensor(1.2518, device='cuda:0')
eval samples: 700 loss: tensor(0.6738, device='cuda:0')
eval samples: 800 loss: tensor(1.1430, device='cuda:0')
eval samples: 900 loss: tensor(1.6873, device='cuda:0')
eval samples: 1000 loss: tensor(0.9664, device='cuda:0')
eval samples: 1100 loss: tensor(1.6267, device='cuda:0')
average loss 1.1968365074581888
----------------------------------------------------------------------------------------------------
| Eval   7 at step    14000 | time: 169.49s | valid loss  1.20 | valid ppl  3.31 | best ppl  3.31 
----------------------------------------------------------------------------------------------------
| epoch   3 step    14100 |   3584 batches | lr 0.0005 | ms/batch 2678.36 | loss  2.48 | avg loss  2.41 | ppl 11.18
| epoch   3 step    14200 |   3684 batches | lr 0.0005 | ms/batch 862.75 | loss  2.42 | avg loss  2.43 | ppl 11.39
| epoch   3 step    14300 |   3784 batches | lr 0.0005 | ms/batch 861.66 | loss  2.72 | avg loss  2.44 | ppl 11.42
| epoch   3 step    14400 |   3884 batches | lr 0.0005 | ms/batch 857.82 | loss  2.18 | avg loss  2.45 | ppl 11.58
| epoch   3 step    14500 |   3984 batches | lr 0.0005 | ms/batch 856.97 | loss  2.30 | avg loss  2.46 | ppl 11.71
| epoch   3 step    14600 |   4084 batches | lr 0.0005 | ms/batch 852.49 | loss  2.49 | avg loss  2.47 | ppl 11.80
| epoch   3 step    14700 |   4184 batches | lr 0.0005 | ms/batch 855.20 | loss  2.41 | avg loss  2.44 | ppl 11.48
| epoch   3 step    14800 |   4284 batches | lr 0.0005 | ms/batch 852.58 | loss  2.48 | avg loss  2.47 | ppl 11.88
| epoch   3 step    14900 |   4384 batches | lr 0.0005 | ms/batch 852.09 | loss  2.39 | avg loss  2.45 | ppl 11.58
| epoch   3 step    15000 |   4484 batches | lr 0.0005 | ms/batch 855.25 | loss  2.76 | avg loss  2.48 | ppl 11.92
saving checkpoint ./trained_models/GPT2_M/e2e/model.15000.pt
| epoch   3 step    15100 |   4584 batches | lr 0.0005 | ms/batch 974.65 | loss  2.27 | avg loss  2.45 | ppl 11.55
| epoch   3 step    15200 |   4684 batches | lr 0.0005 | ms/batch 862.77 | loss  2.44 | avg loss  2.45 | ppl 11.56
| epoch   3 step    15300 |   4784 batches | lr 0.0005 | ms/batch 861.34 | loss  2.42 | avg loss  2.49 | ppl 12.02
| epoch   3 step    15400 |   4884 batches | lr 0.0005 | ms/batch 855.66 | loss  2.33 | avg loss  2.46 | ppl 11.72
| epoch   3 step    15500 |   4984 batches | lr 0.0005 | ms/batch 861.01 | loss  2.37 | avg loss  2.46 | ppl 11.75
| epoch   3 step    15600 |   5084 batches | lr 0.0005 | ms/batch 858.45 | loss  2.52 | avg loss  2.45 | ppl 11.55
| epoch   3 step    15700 |   5184 batches | lr 0.0005 | ms/batch 860.82 | loss  2.41 | avg loss  2.43 | ppl 11.35
saving checkpoint ./trained_models/GPT2_M/e2e/model.15774.pt
start to train the model................ 4
| epoch   4 step    15800 |     26 batches | lr 0.0005 | ms/batch 224.88 | loss  2.23 | avg loss  2.41 | ppl 11.11
| epoch   4 step    15900 |    126 batches | lr 0.0005 | ms/batch 864.16 | loss  2.30 | avg loss  2.42 | ppl 11.26
| epoch   4 step    16000 |    226 batches | lr 0.0005 | ms/batch 864.70 | loss  2.44 | avg loss  2.45 | ppl 11.54
saving checkpoint ./trained_models/GPT2_M/e2e/model.16000.pt
eval samples: 0 loss: tensor(1.1947, device='cuda:0')
eval samples: 100 loss: tensor(0.8611, device='cuda:0')
eval samples: 200 loss: tensor(1.1592, device='cuda:0')
eval samples: 300 loss: tensor(1.1165, device='cuda:0')
eval samples: 400 loss: tensor(0.8350, device='cuda:0')
eval samples: 500 loss: tensor(0.5807, device='cuda:0')
eval samples: 600 loss: tensor(1.2542, device='cuda:0')
eval samples: 700 loss: tensor(0.6374, device='cuda:0')
eval samples: 800 loss: tensor(1.2215, device='cuda:0')
eval samples: 900 loss: tensor(1.7048, device='cuda:0')
eval samples: 1000 loss: tensor(0.9678, device='cuda:0')
eval samples: 1100 loss: tensor(1.5413, device='cuda:0')
average loss 1.2015611539556557
----------------------------------------------------------------------------------------------------
| Eval   8 at step    16000 | time: 169.36s | valid loss  1.20 | valid ppl  3.33 | best ppl  3.33 
----------------------------------------------------------------------------------------------------
| epoch   4 step    16100 |    326 batches | lr 0.0005 | ms/batch 2708.25 | loss  2.67 | avg loss  2.42 | ppl 11.21
| epoch   4 step    16200 |    426 batches | lr 0.0005 | ms/batch 868.47 | loss  2.38 | avg loss  2.43 | ppl 11.37
| epoch   4 step    16300 |    526 batches | lr 0.0005 | ms/batch 904.43 | loss  2.72 | avg loss  2.42 | ppl 11.21
| epoch   4 step    16400 |    626 batches | lr 0.0005 | ms/batch 859.03 | loss  2.85 | avg loss  2.43 | ppl 11.32
| epoch   4 step    16500 |    726 batches | lr 0.0005 | ms/batch 856.77 | loss  2.61 | avg loss  2.46 | ppl 11.69
| epoch   4 step    16600 |    826 batches | lr 0.0005 | ms/batch 861.71 | loss  2.63 | avg loss  2.43 | ppl 11.36
| epoch   4 step    16700 |    926 batches | lr 0.0005 | ms/batch 859.01 | loss  2.62 | avg loss  2.44 | ppl 11.46
| epoch   4 step    16800 |   1026 batches | lr 0.0005 | ms/batch 857.70 | loss  2.48 | avg loss  2.44 | ppl 11.49
| epoch   4 step    16900 |   1126 batches | lr 0.0005 | ms/batch 862.09 | loss  2.13 | avg loss  2.41 | ppl 11.17
| epoch   4 step    17000 |   1226 batches | lr 0.0005 | ms/batch 860.19 | loss  2.28 | avg loss  2.42 | ppl 11.19
saving checkpoint ./trained_models/GPT2_M/e2e/model.17000.pt
| epoch   4 step    17100 |   1326 batches | lr 0.0005 | ms/batch 978.14 | loss  2.61 | avg loss  2.47 | ppl 11.76
| epoch   4 step    17200 |   1426 batches | lr 0.0005 | ms/batch 859.57 | loss  2.42 | avg loss  2.41 | ppl 11.16
| epoch   4 step    17300 |   1526 batches | lr 0.0005 | ms/batch 861.89 | loss  2.28 | avg loss  2.45 | ppl 11.57
| epoch   4 step    17400 |   1626 batches | lr 0.0005 | ms/batch 861.71 | loss  2.23 | avg loss  2.45 | ppl 11.57
| epoch   4 step    17500 |   1726 batches | lr 0.0005 | ms/batch 862.42 | loss  2.73 | avg loss  2.45 | ppl 11.54
| epoch   4 step    17600 |   1826 batches | lr 0.0005 | ms/batch 857.77 | loss  2.79 | avg loss  2.46 | ppl 11.68
| epoch   4 step    17700 |   1926 batches | lr 0.0005 | ms/batch 853.86 | loss  2.35 | avg loss  2.43 | ppl 11.37
| epoch   4 step    17800 |   2026 batches | lr 0.0005 | ms/batch 858.68 | loss  2.72 | avg loss  2.46 | ppl 11.72
| epoch   4 step    17900 |   2126 batches | lr 0.0005 | ms/batch 900.17 | loss  2.49 | avg loss  2.43 | ppl 11.37
| epoch   4 step    18000 |   2226 batches | lr 0.0005 | ms/batch 872.01 | loss  2.92 | avg loss  2.45 | ppl 11.54
saving checkpoint ./trained_models/GPT2_M/e2e/model.18000.pt
eval samples: 0 loss: tensor(1.1868, device='cuda:0')
eval samples: 100 loss: tensor(0.8527, device='cuda:0')
eval samples: 200 loss: tensor(1.3401, device='cuda:0')
eval samples: 300 loss: tensor(1.0575, device='cuda:0')
eval samples: 400 loss: tensor(0.8374, device='cuda:0')
eval samples: 500 loss: tensor(0.6155, device='cuda:0')
eval samples: 600 loss: tensor(1.3135, device='cuda:0')
eval samples: 700 loss: tensor(0.6605, device='cuda:0')
eval samples: 800 loss: tensor(1.1333, device='cuda:0')
eval samples: 900 loss: tensor(1.7478, device='cuda:0')
eval samples: 1000 loss: tensor(0.9504, device='cuda:0')
eval samples: 1100 loss: tensor(1.5666, device='cuda:0')
average loss 1.2042192435019636
----------------------------------------------------------------------------------------------------
| Eval   9 at step    18000 | time: 171.56s | valid loss  1.20 | valid ppl  3.33 | best ppl  3.33 
----------------------------------------------------------------------------------------------------
| epoch   4 step    18100 |   2326 batches | lr 0.0005 | ms/batch 2685.94 | loss  2.57 | avg loss  2.42 | ppl 11.28
| epoch   4 step    18200 |   2426 batches | lr 0.0005 | ms/batch 912.51 | loss  2.36 | avg loss  2.45 | ppl 11.57
| epoch   4 step    18300 |   2526 batches | lr 0.0005 | ms/batch 933.99 | loss  2.34 | avg loss  2.44 | ppl 11.52
| epoch   4 step    18400 |   2626 batches | lr 0.0005 | ms/batch 946.15 | loss  2.57 | avg loss  2.43 | ppl 11.35
| epoch   4 step    18500 |   2726 batches | lr 0.0005 | ms/batch 949.88 | loss  2.50 | avg loss  2.42 | ppl 11.23
| epoch   4 step    18600 |   2826 batches | lr 0.0005 | ms/batch 928.92 | loss  2.23 | avg loss  2.46 | ppl 11.66
| epoch   4 step    18700 |   2926 batches | lr 0.0005 | ms/batch 944.24 | loss  2.23 | avg loss  2.42 | ppl 11.23
| epoch   4 step    18800 |   3026 batches | lr 0.0005 | ms/batch 950.20 | loss  2.23 | avg loss  2.46 | ppl 11.65
| epoch   4 step    18900 |   3126 batches | lr 0.0005 | ms/batch 949.54 | loss  2.45 | avg loss  2.45 | ppl 11.53
| epoch   4 step    19000 |   3226 batches | lr 0.0005 | ms/batch 941.84 | loss  2.79 | avg loss  2.45 | ppl 11.61
saving checkpoint ./trained_models/GPT2_M/e2e/model.19000.pt
| epoch   4 step    19100 |   3326 batches | lr 0.0005 | ms/batch 1064.79 | loss  2.63 | avg loss  2.43 | ppl 11.37
| epoch   4 step    19200 |   3426 batches | lr 0.0005 | ms/batch 938.42 | loss  2.55 | avg loss  2.42 | ppl 11.25
| epoch   4 step    19300 |   3526 batches | lr 0.0005 | ms/batch 945.26 | loss  2.54 | avg loss  2.45 | ppl 11.64
| epoch   4 step    19400 |   3626 batches | lr 0.0005 | ms/batch 941.96 | loss  2.51 | avg loss  2.44 | ppl 11.46
| epoch   4 step    19500 |   3726 batches | lr 0.0005 | ms/batch 947.95 | loss  2.18 | avg loss  2.44 | ppl 11.44
| epoch   4 step    19600 |   3826 batches | lr 0.0005 | ms/batch 948.79 | loss  2.70 | avg loss  2.45 | ppl 11.55
| epoch   4 step    19700 |   3926 batches | lr 0.0005 | ms/batch 934.14 | loss  2.55 | avg loss  2.44 | ppl 11.48
| epoch   4 step    19800 |   4026 batches | lr 0.0005 | ms/batch 941.82 | loss  2.44 | avg loss  2.45 | ppl 11.58
| epoch   4 step    19900 |   4126 batches | lr 0.0005 | ms/batch 941.62 | loss  2.26 | avg loss  2.48 | ppl 11.94
| epoch   4 step    20000 |   4226 batches | lr 0.0005 | ms/batch 951.19 | loss  2.35 | avg loss  2.45 | ppl 11.63
saving checkpoint ./trained_models/GPT2_M/e2e/model.20000.pt
eval samples: 0 loss: tensor(1.2649, device='cuda:0')
eval samples: 100 loss: tensor(0.8894, device='cuda:0')
eval samples: 200 loss: tensor(1.3242, device='cuda:0')
eval samples: 300 loss: tensor(1.1043, device='cuda:0')
eval samples: 400 loss: tensor(0.8343, device='cuda:0')
eval samples: 500 loss: tensor(0.5692, device='cuda:0')
eval samples: 600 loss: tensor(1.2445, device='cuda:0')
eval samples: 700 loss: tensor(0.6833, device='cuda:0')
eval samples: 800 loss: tensor(1.1859, device='cuda:0')
eval samples: 900 loss: tensor(1.5831, device='cuda:0')
eval samples: 1000 loss: tensor(0.9355, device='cuda:0')
eval samples: 1100 loss: tensor(1.4929, device='cuda:0')
average loss 1.20310172530478
----------------------------------------------------------------------------------------------------
| Eval  10 at step    20000 | time: 186.69s | valid loss  1.20 | valid ppl  3.33 | best ppl  3.33 
----------------------------------------------------------------------------------------------------
| epoch   4 step    20100 |   4326 batches | lr 0.0005 | ms/batch 2928.40 | loss  2.29 | avg loss  2.44 | ppl 11.45
| epoch   4 step    20200 |   4426 batches | lr 0.0005 | ms/batch 953.97 | loss  2.47 | avg loss  2.45 | ppl 11.60
| epoch   4 step    20300 |   4526 batches | lr 0.0005 | ms/batch 937.38 | loss  2.48 | avg loss  2.47 | ppl 11.81
| epoch   4 step    20400 |   4626 batches | lr 0.0005 | ms/batch 956.82 | loss  2.43 | avg loss  2.44 | ppl 11.50
| epoch   4 step    20500 |   4726 batches | lr 0.0005 | ms/batch 949.14 | loss  2.68 | avg loss  2.43 | ppl 11.33
| epoch   4 step    20600 |   4826 batches | lr 0.0005 | ms/batch 965.42 | loss  2.59 | avg loss  2.48 | ppl 11.89
| epoch   4 step    20700 |   4926 batches | lr 0.0005 | ms/batch 941.04 | loss  2.51 | avg loss  2.44 | ppl 11.48
| epoch   4 step    20800 |   5026 batches | lr 0.0005 | ms/batch 956.88 | loss  2.23 | avg loss  2.46 | ppl 11.73
| epoch   4 step    20900 |   5126 batches | lr 0.0005 | ms/batch 945.30 | loss  2.41 | avg loss  2.43 | ppl 11.38
| epoch   4 step    21000 |   5226 batches | lr 0.0005 | ms/batch 957.72 | loss  2.22 | avg loss  2.44 | ppl 11.47
saving checkpoint ./trained_models/GPT2_M/e2e/model.21000.pt
saving checkpoint ./trained_models/GPT2_M/e2e/model.21032.pt
start to train the model................ 5
| epoch   5 step    21100 |     68 batches | lr 0.0005 | ms/batch 633.05 | loss  2.59 | avg loss  2.45 | ppl 11.54
| epoch   5 step    21200 |    168 batches | lr 0.0005 | ms/batch 959.10 | loss  2.52 | avg loss  2.38 | ppl 10.83
| epoch   5 step    21300 |    268 batches | lr 0.0005 | ms/batch 963.43 | loss  2.22 | avg loss  2.44 | ppl 11.51
| epoch   5 step    21400 |    368 batches | lr 0.0005 | ms/batch 964.35 | loss  2.52 | avg loss  2.43 | ppl 11.31
| epoch   5 step    21500 |    468 batches | lr 0.0005 | ms/batch 941.06 | loss  2.65 | avg loss  2.44 | ppl 11.49
| epoch   5 step    21600 |    568 batches | lr 0.0005 | ms/batch 954.69 | loss  2.67 | avg loss  2.39 | ppl 10.95
| epoch   5 step    21700 |    668 batches | lr 0.0005 | ms/batch 966.46 | loss  2.79 | avg loss  2.44 | ppl 11.47
| epoch   5 step    21800 |    768 batches | lr 0.0005 | ms/batch 964.82 | loss  2.38 | avg loss  2.45 | ppl 11.60
| epoch   5 step    21900 |    868 batches | lr 0.0005 | ms/batch 882.53 | loss  2.71 | avg loss  2.43 | ppl 11.34
| epoch   5 step    22000 |    968 batches | lr 0.0005 | ms/batch 878.96 | loss  2.31 | avg loss  2.38 | ppl 10.79
saving checkpoint ./trained_models/GPT2_M/e2e/model.22000.pt
eval samples: 0 loss: tensor(1.2101, device='cuda:0')
eval samples: 100 loss: tensor(0.9005, device='cuda:0')
eval samples: 200 loss: tensor(1.2975, device='cuda:0')
eval samples: 300 loss: tensor(1.0920, device='cuda:0')
eval samples: 400 loss: tensor(0.7978, device='cuda:0')
eval samples: 500 loss: tensor(0.5558, device='cuda:0')
eval samples: 600 loss: tensor(1.2204, device='cuda:0')
eval samples: 700 loss: tensor(0.6672, device='cuda:0')
eval samples: 800 loss: tensor(1.1989, device='cuda:0')
eval samples: 900 loss: tensor(1.7330, device='cuda:0')
eval samples: 1000 loss: tensor(0.9380, device='cuda:0')
eval samples: 1100 loss: tensor(1.5914, device='cuda:0')
average loss 1.1931434763876134
----------------------------------------------------------------------------------------------------
| Eval  11 at step    22000 | time: 172.28s | valid loss  1.19 | valid ppl  3.30 | best ppl  3.30 
----------------------------------------------------------------------------------------------------
| epoch   5 step    22100 |   1068 batches | lr 0.0005 | ms/batch 2711.23 | loss  2.52 | avg loss  2.41 | ppl 11.17
| epoch   5 step    22200 |   1168 batches | lr 0.0005 | ms/batch 863.72 | loss  2.88 | avg loss  2.44 | ppl 11.43
| epoch   5 step    22300 |   1268 batches | lr 0.0005 | ms/batch 865.97 | loss  2.30 | avg loss  2.44 | ppl 11.50
| epoch   5 step    22400 |   1368 batches | lr 0.0005 | ms/batch 873.00 | loss  2.21 | avg loss  2.39 | ppl 10.91
| epoch   5 step    22500 |   1468 batches | lr 0.0005 | ms/batch 884.70 | loss  2.59 | avg loss  2.44 | ppl 11.47
| epoch   5 step    22600 |   1568 batches | lr 0.0005 | ms/batch 885.53 | loss  2.68 | avg loss  2.44 | ppl 11.47
| epoch   5 step    22700 |   1668 batches | lr 0.0005 | ms/batch 883.85 | loss  2.30 | avg loss  2.43 | ppl 11.34
| epoch   5 step    22800 |   1768 batches | lr 0.0005 | ms/batch 884.70 | loss  2.28 | avg loss  2.44 | ppl 11.49
| epoch   5 step    22900 |   1868 batches | lr 0.0005 | ms/batch 887.28 | loss  2.75 | avg loss  2.47 | ppl 11.86
| epoch   5 step    23000 |   1968 batches | lr 0.0005 | ms/batch 912.49 | loss  2.36 | avg loss  2.43 | ppl 11.33
saving checkpoint ./trained_models/GPT2_M/e2e/model.23000.pt
| epoch   5 step    23100 |   2068 batches | lr 0.0005 | ms/batch 1007.22 | loss  2.51 | avg loss  2.46 | ppl 11.73
| epoch   5 step    23200 |   2168 batches | lr 0.0005 | ms/batch 890.12 | loss  2.55 | avg loss  2.42 | ppl 11.28
| epoch   5 step    23300 |   2268 batches | lr 0.0005 | ms/batch 889.73 | loss  2.24 | avg loss  2.41 | ppl 11.13
| epoch   5 step    23400 |   2368 batches | lr 0.0005 | ms/batch 933.71 | loss  2.37 | avg loss  2.44 | ppl 11.43
| epoch   5 step    23500 |   2468 batches | lr 0.0005 | ms/batch 978.87 | loss  2.25 | avg loss  2.41 | ppl 11.17
| epoch   5 step    23600 |   2568 batches | lr 0.0005 | ms/batch 992.49 | loss  2.18 | avg loss  2.43 | ppl 11.34
| epoch   5 step    23700 |   2668 batches | lr 0.0005 | ms/batch 981.47 | loss  2.33 | avg loss  2.41 | ppl 11.10
| epoch   5 step    23800 |   2768 batches | lr 0.0005 | ms/batch 949.35 | loss  2.50 | avg loss  2.45 | ppl 11.54
| epoch   5 step    23900 |   2868 batches | lr 0.0005 | ms/batch 966.65 | loss  2.49 | avg loss  2.42 | ppl 11.26
| epoch   5 step    24000 |   2968 batches | lr 0.0005 | ms/batch 968.90 | loss  2.33 | avg loss  2.44 | ppl 11.51
saving checkpoint ./trained_models/GPT2_M/e2e/model.24000.pt
eval samples: 0 loss: tensor(1.1764, device='cuda:0')
eval samples: 100 loss: tensor(0.9227, device='cuda:0')
eval samples: 200 loss: tensor(1.2893, device='cuda:0')
eval samples: 300 loss: tensor(1.1002, device='cuda:0')
eval samples: 400 loss: tensor(0.8562, device='cuda:0')
eval samples: 500 loss: tensor(0.5693, device='cuda:0')
eval samples: 600 loss: tensor(1.2841, device='cuda:0')
eval samples: 700 loss: tensor(0.6876, device='cuda:0')
eval samples: 800 loss: tensor(1.2134, device='cuda:0')
eval samples: 900 loss: tensor(1.7013, device='cuda:0')
eval samples: 1000 loss: tensor(0.9826, device='cuda:0')
eval samples: 1100 loss: tensor(1.5397, device='cuda:0')
average loss 1.2096638838722282
----------------------------------------------------------------------------------------------------
| Eval  12 at step    24000 | time: 189.36s | valid loss  1.21 | valid ppl  3.35 | best ppl  3.30 
----------------------------------------------------------------------------------------------------
| epoch   5 step    24100 |   3068 batches | lr 0.0005 | ms/batch 2982.56 | loss  2.59 | avg loss  2.47 | ppl 11.77
| epoch   5 step    24200 |   3168 batches | lr 0.0005 | ms/batch 982.26 | loss  2.63 | avg loss  2.40 | ppl 10.99
| epoch   5 step    24300 |   3268 batches | lr 0.0005 | ms/batch 957.65 | loss  2.58 | avg loss  2.45 | ppl 11.60
| epoch   5 step    24400 |   3368 batches | lr 0.0005 | ms/batch 958.84 | loss  2.60 | avg loss  2.43 | ppl 11.38
| epoch   5 step    24500 |   3468 batches | lr 0.0005 | ms/batch 960.31 | loss  2.25 | avg loss  2.44 | ppl 11.44
| epoch   5 step    24600 |   3568 batches | lr 0.0005 | ms/batch 969.17 | loss  2.50 | avg loss  2.43 | ppl 11.35
| epoch   5 step    24700 |   3668 batches | lr 0.0005 | ms/batch 927.13 | loss  2.71 | avg loss  2.47 | ppl 11.78
| epoch   5 step    24800 |   3768 batches | lr 0.0005 | ms/batch 960.14 | loss  2.79 | avg loss  2.43 | ppl 11.35
| epoch   5 step    24900 |   3868 batches | lr 0.0005 | ms/batch 954.77 | loss  2.27 | avg loss  2.44 | ppl 11.45
| epoch   5 step    25000 |   3968 batches | lr 0.0005 | ms/batch 964.93 | loss  2.35 | avg loss  2.45 | ppl 11.56
saving checkpoint ./trained_models/GPT2_M/e2e/model.25000.pt
| epoch   5 step    25100 |   4068 batches | lr 0.0005 | ms/batch 1035.25 | loss  2.58 | avg loss  2.42 | ppl 11.27
| epoch   5 step    25200 |   4168 batches | lr 0.0005 | ms/batch 957.40 | loss  2.25 | avg loss  2.46 | ppl 11.66
| epoch   5 step    25300 |   4268 batches | lr 0.0005 | ms/batch 959.49 | loss  2.36 | avg loss  2.42 | ppl 11.27
| epoch   5 step    25400 |   4368 batches | lr 0.0005 | ms/batch 962.75 | loss  2.70 | avg loss  2.41 | ppl 11.16
| epoch   5 step    25500 |   4468 batches | lr 0.0005 | ms/batch 922.06 | loss  2.45 | avg loss  2.44 | ppl 11.46
| epoch   5 step    25600 |   4568 batches | lr 0.0005 | ms/batch 962.29 | loss  2.68 | avg loss  2.44 | ppl 11.53
| epoch   5 step    25700 |   4668 batches | lr 0.0005 | ms/batch 956.05 | loss  2.72 | avg loss  2.49 | ppl 12.12
| epoch   5 step    25800 |   4768 batches | lr 0.0005 | ms/batch 964.74 | loss  2.45 | avg loss  2.46 | ppl 11.72
| epoch   5 step    25900 |   4868 batches | lr 0.0005 | ms/batch 944.64 | loss  2.29 | avg loss  2.43 | ppl 11.38
| epoch   5 step    26000 |   4968 batches | lr 0.0005 | ms/batch 975.79 | loss  2.36 | avg loss  2.46 | ppl 11.68
saving checkpoint ./trained_models/GPT2_M/e2e/model.26000.pt
eval samples: 0 loss: tensor(1.2101, device='cuda:0')
eval samples: 100 loss: tensor(0.8626, device='cuda:0')
eval samples: 200 loss: tensor(1.2942, device='cuda:0')
eval samples: 300 loss: tensor(1.0357, device='cuda:0')
eval samples: 400 loss: tensor(0.8536, device='cuda:0')
eval samples: 500 loss: tensor(0.5382, device='cuda:0')
eval samples: 600 loss: tensor(1.1644, device='cuda:0')
eval samples: 700 loss: tensor(0.6613, device='cuda:0')
eval samples: 800 loss: tensor(1.1260, device='cuda:0')
eval samples: 900 loss: tensor(1.7081, device='cuda:0')
eval samples: 1000 loss: tensor(0.9359, device='cuda:0')
eval samples: 1100 loss: tensor(1.5629, device='cuda:0')
average loss 1.183120155681486
----------------------------------------------------------------------------------------------------
| Eval  13 at step    26000 | time: 188.92s | valid loss  1.18 | valid ppl  3.26 | best ppl  3.26 
----------------------------------------------------------------------------------------------------
| epoch   5 step    26100 |   5068 batches | lr 0.0005 | ms/batch 2943.36 | loss  2.44 | avg loss  2.44 | ppl 11.45
| epoch   5 step    26200 |   5168 batches | lr 0.0005 | ms/batch 969.05 | loss  2.52 | avg loss  2.43 | ppl 11.32
saving checkpoint ./trained_models/GPT2_M/e2e/model.26290.pt
----------------------------------------------------------------------------------------------------
End of training
cleanup dist ...
[rank0]:[W721 14:40:18.060996317 ProcessGroupNCCL.cpp:1479] Warning: WARNING: destroy_process_group() was not called before program exit, which can leak resources. For more info, please see https://pytorch.org/docs/stable/distributed.html#shutdown (function operator())
