nohup: ignoring input
myrank: 0 local_rank: 0 device_count: 1 world_size: 1
====================================================================================================
        - platform : local
        - local_rank : 0
        - rank : 0
        - device : cuda:0
        - world_size : 1
        - random_seed : 110
        - lr : 0.0001
        - weight_decay : 0.01
        - correct_bias : True
        - adam_epislon : 1e-06
        - no_decay_bias : False
        - adam_beta1 : 0.9
        - adam_beta2 : 0.999
        - scheduler : None
        - max_step : None
        - max_epoch : 5
        - warmup_step : 500
        - i_steps : 0
        - i_lrs : 0.00025
        - train_data : ./data/e2e/train.jsonl
        - valid_data : ./data/e2e/valid.jsonl
        - train_batch_size : 8
        - valid_batch_size : 4
        - grad_acc : 1
        - clip : 0.0
        - seq_len : 512
        - model_card : gpt2.md
        - init_checkpoint : ./pretrained_checkpoints/gpt2-medium-pytorch_model.bin
        - fp16 : False
        - log_interval : 100
        - eval_interval : 2000
        - save_interval : 1000
        - work_dir : ./trained_models/GPT2_M/e2e
        - lora_dim : 4
        - lora_alpha : 32
        - obj : clm
        - lora_dropout : 0.1
        - label_smooth : 0.1
        - roll_interval : -1
        - roll_lr : 1e-05
        - roll_step : 100
        - eval_epoch : 1
        - dist : <module 'torch.distributed' from '/home/ycyh/miniconda3/envs/LoRA/lib/python3.11/site-packages/torch/distributed/__init__.py'>
====================================================================================================
Experiment dir : ./trained_models/GPT2_M/e2e
loading model pretrained weight.
set max_step: 26290
start to train the model................ 1
| epoch   1 step      100 |    100 batches | lr 0.0001 | ms/batch 1832.88 | loss  3.55 | avg loss  3.68 | ppl 39.81
| epoch   1 step      200 |    200 batches | lr 0.0001 | ms/batch 1832.61 | loss  2.92 | avg loss  2.92 | ppl 18.63
| epoch   1 step      300 |    300 batches | lr 0.0001 | ms/batch 1832.75 | loss  2.85 | avg loss  2.85 | ppl 17.23
| epoch   1 step      400 |    400 batches | lr 0.0001 | ms/batch 1832.65 | loss  2.96 | avg loss  2.84 | ppl 17.06
| epoch   1 step      500 |    500 batches | lr 0.0001 | ms/batch 1832.20 | loss  2.72 | avg loss  2.80 | ppl 16.37
| epoch   1 step      600 |    600 batches | lr 0.0001 | ms/batch 1832.11 | loss  2.69 | avg loss  2.77 | ppl 16.02
| epoch   1 step      700 |    700 batches | lr 0.0001 | ms/batch 1828.01 | loss  2.92 | avg loss  2.76 | ppl 15.79
| epoch   1 step      800 |    800 batches | lr 0.0001 | ms/batch 1727.06 | loss  2.50 | avg loss  2.75 | ppl 15.59
| epoch   1 step      900 |    900 batches | lr 0.0001 | ms/batch 1681.52 | loss  2.52 | avg loss  2.76 | ppl 15.75
| epoch   1 step     1000 |   1000 batches | lr 0.0001 | ms/batch 1695.79 | loss  3.26 | avg loss  2.79 | ppl 16.33
saving checkpoint ./trained_models/GPT2_M/e2e/model.1000.pt
/home/ycyh/miniconda3/envs/LoRA/lib/python3.11/site-packages/torch/distributed/distributed_c10d.py:4631: UserWarning: No device id is provided via `init_process_group` or `barrier `. Using the current device set by the user. 
  warnings.warn(  # warn only once
| epoch   1 step     1100 |   1100 batches | lr 0.0001 | ms/batch 1826.34 | loss  2.84 | avg loss  2.83 | ppl 16.87
| epoch   1 step     1200 |   1200 batches | lr 0.0001 | ms/batch 1827.93 | loss  2.56 | avg loss  2.84 | ppl 17.07
| epoch   1 step     1300 |   1300 batches | lr 0.0001 | ms/batch 1725.32 | loss  2.70 | avg loss  2.82 | ppl 16.77
| epoch   1 step     1400 |   1400 batches | lr 0.0001 | ms/batch 1729.84 | loss  2.86 | avg loss  2.84 | ppl 17.04
| epoch   1 step     1500 |   1500 batches | lr 0.0001 | ms/batch 1729.80 | loss  2.82 | avg loss  2.89 | ppl 17.98
| epoch   1 step     1600 |   1600 batches | lr 0.0001 | ms/batch 1729.90 | loss  2.87 | avg loss  2.87 | ppl 17.58
| epoch   1 step     1700 |   1700 batches | lr 0.0001 | ms/batch 1729.73 | loss  2.78 | avg loss  2.90 | ppl 18.16
| epoch   1 step     1800 |   1800 batches | lr 0.0001 | ms/batch 1730.01 | loss  2.81 | avg loss  2.93 | ppl 18.66
| epoch   1 step     1900 |   1900 batches | lr 0.0001 | ms/batch 1730.00 | loss  2.99 | avg loss  2.95 | ppl 19.19
| epoch   1 step     2000 |   2000 batches | lr 0.0001 | ms/batch 1730.02 | loss  2.88 | avg loss  2.97 | ppl 19.52
saving checkpoint ./trained_models/GPT2_M/e2e/model.2000.pt
/home/ycyh/miniconda3/envs/LoRA/lib/python3.11/site-packages/torch/nn/_reduction.py:51: UserWarning: size_average and reduce args will be deprecated, please use reduction='none' instead.
  warnings.warn(warning.format(ret))
eval samples: 0 loss: tensor(1.5147, device='cuda:0')
eval samples: 100 loss: tensor(0.9651, device='cuda:0')
eval samples: 200 loss: tensor(1.6745, device='cuda:0')
eval samples: 300 loss: tensor(1.3979, device='cuda:0')
eval samples: 400 loss: tensor(1.0119, device='cuda:0')
eval samples: 500 loss: tensor(0.7952, device='cuda:0')
eval samples: 600 loss: tensor(1.5584, device='cuda:0')
eval samples: 700 loss: tensor(0.9857, device='cuda:0')
eval samples: 800 loss: tensor(1.3639, device='cuda:0')
eval samples: 900 loss: tensor(1.9227, device='cuda:0')
eval samples: 1000 loss: tensor(1.3172, device='cuda:0')
eval samples: 1100 loss: tensor(1.7485, device='cuda:0')
average loss 1.4553074428479966
----------------------------------------------------------------------------------------------------
| Eval   1 at step     2000 | time: 407.56s | valid loss  1.46 | valid ppl  4.29 | best ppl  4.29 
----------------------------------------------------------------------------------------------------
| epoch   1 step     2100 |   2100 batches | lr 0.0001 | ms/batch 5805.13 | loss  3.00 | avg loss  3.00 | ppl 20.02
| epoch   1 step     2200 |   2200 batches | lr 0.0001 | ms/batch 1729.10 | loss  3.38 | avg loss  3.03 | ppl 20.72
| epoch   1 step     2300 |   2300 batches | lr 0.0001 | ms/batch 1729.04 | loss  3.24 | avg loss  3.07 | ppl 21.55
| epoch   1 step     2400 |   2400 batches | lr 0.0001 | ms/batch 1728.93 | loss  2.91 | avg loss  3.12 | ppl 22.56
| epoch   1 step     2500 |   2500 batches | lr 0.0001 | ms/batch 1728.67 | loss  3.53 | avg loss  3.19 | ppl 24.21
| epoch   1 step     2600 |   2600 batches | lr 0.0001 | ms/batch 1727.01 | loss  3.43 | avg loss  3.20 | ppl 24.65
| epoch   1 step     2700 |   2700 batches | lr 0.0001 | ms/batch 1719.35 | loss  3.27 | avg loss  3.25 | ppl 25.91
| epoch   1 step     2800 |   2800 batches | lr 0.0001 | ms/batch 1723.42 | loss 11.95 | avg loss  6.68 | ppl 799.51
| epoch   1 step     2900 |   2900 batches | lr 0.0001 | ms/batch 1724.43 | loss  7.04 | avg loss  8.33 | ppl 4131.96
| epoch   1 step     3000 |   3000 batches | lr 0.0001 | ms/batch 1753.62 | loss  6.75 | avg loss  6.81 | ppl 908.16
saving checkpoint ./trained_models/GPT2_M/e2e/model.3000.pt
| epoch   1 step     3100 |   3100 batches | lr 0.0001 | ms/batch 1916.34 | loss  6.89 | avg loss  6.50 | ppl 665.96
| epoch   1 step     3200 |   3200 batches | lr 0.0001 | ms/batch 1901.07 | loss  6.46 | avg loss  6.41 | ppl 608.99
| epoch   1 step     3300 |   3300 batches | lr 0.0001 | ms/batch 1724.87 | loss  6.51 | avg loss  6.32 | ppl 555.15
| epoch   1 step     3400 |   3400 batches | lr 0.0001 | ms/batch 1724.32 | loss  6.38 | avg loss  6.28 | ppl 535.64
| epoch   1 step     3500 |   3500 batches | lr 0.0001 | ms/batch 1723.47 | loss  6.31 | avg loss  6.27 | ppl 528.29
| epoch   1 step     3600 |   3600 batches | lr 0.0001 | ms/batch 1723.34 | loss  6.27 | avg loss  6.22 | ppl 505.14
| epoch   1 step     3700 |   3700 batches | lr 0.0001 | ms/batch 1724.16 | loss  6.19 | avg loss  6.19 | ppl 487.14
| epoch   1 step     3800 |   3800 batches | lr 0.0001 | ms/batch 1724.67 | loss  6.31 | avg loss  6.15 | ppl 468.32
| epoch   1 step     3900 |   3900 batches | lr 0.0001 | ms/batch 1724.05 | loss  6.15 | avg loss  6.18 | ppl 482.14
| epoch   1 step     4000 |   4000 batches | lr 0.0001 | ms/batch 1724.24 | loss  6.10 | avg loss  6.17 | ppl 476.77
saving checkpoint ./trained_models/GPT2_M/e2e/model.4000.pt
eval samples: 0 loss: tensor(4.9834, device='cuda:0')
eval samples: 100 loss: tensor(5.1649, device='cuda:0')
eval samples: 200 loss: tensor(5.3081, device='cuda:0')
eval samples: 300 loss: tensor(4.8921, device='cuda:0')
eval samples: 400 loss: tensor(5.1011, device='cuda:0')
eval samples: 500 loss: tensor(4.7146, device='cuda:0')
eval samples: 600 loss: tensor(5.5030, device='cuda:0')
eval samples: 700 loss: tensor(4.4996, device='cuda:0')
eval samples: 800 loss: tensor(4.9405, device='cuda:0')
eval samples: 900 loss: tensor(5.6376, device='cuda:0')
eval samples: 1000 loss: tensor(5.1842, device='cuda:0')
eval samples: 1100 loss: tensor(5.3429, device='cuda:0')
average loss 5.099995354675267
----------------------------------------------------------------------------------------------------
| Eval   2 at step     4000 | time: 410.43s | valid loss  5.10 | valid ppl 164.02 | best ppl  4.29 
----------------------------------------------------------------------------------------------------
| epoch   1 step     4100 |   4100 batches | lr 0.0001 | ms/batch 5828.03 | loss  6.10 | avg loss  6.12 | ppl 455.15
| epoch   1 step     4200 |   4200 batches | lr 0.0001 | ms/batch 1721.45 | loss  5.84 | avg loss  6.11 | ppl 452.56
| epoch   1 step     4300 |   4300 batches | lr 0.0001 | ms/batch 1695.73 | loss  6.06 | avg loss  6.05 | ppl 423.07
| epoch   1 step     4400 |   4400 batches | lr 0.0001 | ms/batch 1716.80 | loss  6.11 | avg loss  6.04 | ppl 420.62
| epoch   1 step     4500 |   4500 batches | lr 0.0001 | ms/batch 1716.91 | loss  6.26 | avg loss  6.04 | ppl 420.05
| epoch   1 step     4600 |   4600 batches | lr 0.0001 | ms/batch 1716.73 | loss  5.98 | avg loss  6.05 | ppl 422.83
| epoch   1 step     4700 |   4700 batches | lr 0.0001 | ms/batch 1716.20 | loss  6.45 | avg loss  6.02 | ppl 411.23
| epoch   1 step     4800 |   4800 batches | lr 0.0001 | ms/batch 1716.22 | loss  6.41 | avg loss  6.05 | ppl 425.25
| epoch   1 step     4900 |   4900 batches | lr 0.0001 | ms/batch 1716.14 | loss  6.04 | avg loss  6.04 | ppl 418.17
| epoch   1 step     5000 |   5000 batches | lr 0.0001 | ms/batch 1777.20 | loss  5.87 | avg loss  5.98 | ppl 396.37
saving checkpoint ./trained_models/GPT2_M/e2e/model.5000.pt
| epoch   1 step     5100 |   5100 batches | lr 0.0001 | ms/batch 1917.53 | loss  6.11 | avg loss  6.01 | ppl 406.18
| epoch   1 step     5200 |   5200 batches | lr 0.0001 | ms/batch 1873.25 | loss  6.22 | avg loss  5.99 | ppl 400.81
saving checkpoint ./trained_models/GPT2_M/e2e/model.5258.pt
start to train the model................ 2
| epoch   2 step     5300 |     42 batches | lr 0.0001 | ms/batch 723.49 | loss  5.88 | avg loss  5.97 | ppl 392.98
| epoch   2 step     5400 |    142 batches | lr 0.0001 | ms/batch 1723.20 | loss  5.84 | avg loss  6.08 | ppl 438.11
| epoch   2 step     5500 |    242 batches | lr 0.0001 | ms/batch 1722.79 | loss  6.25 | avg loss  6.04 | ppl 418.43
| epoch   2 step     5600 |    342 batches | lr 0.0001 | ms/batch 1722.66 | loss  5.93 | avg loss  6.04 | ppl 417.90
| epoch   2 step     5700 |    442 batches | lr 0.0001 | ms/batch 1722.41 | loss  5.74 | avg loss  6.05 | ppl 425.42
| epoch   2 step     5800 |    542 batches | lr 0.0001 | ms/batch 1721.70 | loss  5.99 | avg loss  5.96 | ppl 387.50
| epoch   2 step     5900 |    642 batches | lr 0.0001 | ms/batch 1721.72 | loss  6.10 | avg loss  6.00 | ppl 403.43
| epoch   2 step     6000 |    742 batches | lr 0.0001 | ms/batch 1721.77 | loss  5.82 | avg loss  6.03 | ppl 413.79
saving checkpoint ./trained_models/GPT2_M/e2e/model.6000.pt
eval samples: 0 loss: tensor(4.9859, device='cuda:0')
eval samples: 100 loss: tensor(5.0907, device='cuda:0')
eval samples: 200 loss: tensor(5.1779, device='cuda:0')
eval samples: 300 loss: tensor(4.8438, device='cuda:0')
eval samples: 400 loss: tensor(4.9209, device='cuda:0')
eval samples: 500 loss: tensor(4.5118, device='cuda:0')
eval samples: 600 loss: tensor(5.4949, device='cuda:0')
eval samples: 700 loss: tensor(4.3190, device='cuda:0')
eval samples: 800 loss: tensor(4.8557, device='cuda:0')
eval samples: 900 loss: tensor(5.6165, device='cuda:0')
eval samples: 1000 loss: tensor(5.0843, device='cuda:0')
eval samples: 1100 loss: tensor(5.1745, device='cuda:0')
average loss 4.982709993238318
----------------------------------------------------------------------------------------------------
| Eval   3 at step     6000 | time: 408.68s | valid loss  4.98 | valid ppl 145.87 | best ppl 145.87 
----------------------------------------------------------------------------------------------------
| epoch   2 step     6100 |    842 batches | lr 0.0001 | ms/batch 5808.04 | loss  6.04 | avg loss  6.12 | ppl 456.21
| epoch   2 step     6200 |    942 batches | lr 0.0001 | ms/batch 1716.43 | loss  5.97 | avg loss  6.12 | ppl 455.48
| epoch   2 step     6300 |   1042 batches | lr 0.0001 | ms/batch 1716.76 | loss  6.45 | avg loss  6.22 | ppl 503.11
| epoch   2 step     6400 |   1142 batches | lr 0.0001 | ms/batch 1716.67 | loss  6.16 | avg loss  6.19 | ppl 490.00
| epoch   2 step     6500 |   1242 batches | lr 0.0001 | ms/batch 1716.52 | loss  6.17 | avg loss  6.27 | ppl 526.32
| epoch   2 step     6600 |   1342 batches | lr 0.0001 | ms/batch 1715.58 | loss  6.27 | avg loss  6.23 | ppl 509.90
| epoch   2 step     6700 |   1442 batches | lr 0.0001 | ms/batch 1715.04 | loss  6.10 | avg loss  6.19 | ppl 489.79
| epoch   2 step     6800 |   1542 batches | lr 0.0001 | ms/batch 1715.60 | loss  5.99 | avg loss  6.20 | ppl 491.23
| epoch   2 step     6900 |   1642 batches | lr 0.0001 | ms/batch 1715.88 | loss  6.23 | avg loss  6.15 | ppl 466.99
| epoch   2 step     7000 |   1742 batches | lr 0.0001 | ms/batch 1818.29 | loss  6.15 | avg loss  6.15 | ppl 468.59
saving checkpoint ./trained_models/GPT2_M/e2e/model.7000.pt
| epoch   2 step     7100 |   1842 batches | lr 0.0001 | ms/batch 1916.29 | loss  6.28 | avg loss  6.25 | ppl 518.38
| epoch   2 step     7200 |   1942 batches | lr 0.0001 | ms/batch 1826.06 | loss  5.97 | avg loss  6.22 | ppl 505.08
| epoch   2 step     7300 |   2042 batches | lr 0.0001 | ms/batch 1716.96 | loss  6.10 | avg loss  6.17 | ppl 476.59
| epoch   2 step     7400 |   2142 batches | lr 0.0001 | ms/batch 1716.46 | loss  6.31 | avg loss  6.12 | ppl 454.73
| epoch   2 step     7500 |   2242 batches | lr 0.0001 | ms/batch 1716.38 | loss  6.53 | avg loss  6.22 | ppl 502.69
| epoch   2 step     7600 |   2342 batches | lr 0.0001 | ms/batch 1715.90 | loss  5.74 | avg loss  6.09 | ppl 440.74
| epoch   2 step     7700 |   2442 batches | lr 0.0001 | ms/batch 1716.16 | loss  6.35 | avg loss  6.12 | ppl 454.70
| epoch   2 step     7800 |   2542 batches | lr 0.0001 | ms/batch 1711.28 | loss  6.23 | avg loss  6.12 | ppl 456.43
| epoch   2 step     7900 |   2642 batches | lr 0.0001 | ms/batch 1715.85 | loss  6.49 | avg loss  6.11 | ppl 450.22
| epoch   2 step     8000 |   2742 batches | lr 0.0001 | ms/batch 1716.96 | loss  6.04 | avg loss  6.12 | ppl 452.71
saving checkpoint ./trained_models/GPT2_M/e2e/model.8000.pt
eval samples: 0 loss: tensor(5.2187, device='cuda:0')
eval samples: 100 loss: tensor(5.2075, device='cuda:0')
eval samples: 200 loss: tensor(5.3614, device='cuda:0')
eval samples: 300 loss: tensor(5.1160, device='cuda:0')
eval samples: 400 loss: tensor(5.0594, device='cuda:0')
eval samples: 500 loss: tensor(4.7961, device='cuda:0')
eval samples: 600 loss: tensor(5.7659, device='cuda:0')
eval samples: 700 loss: tensor(4.4498, device='cuda:0')
eval samples: 800 loss: tensor(5.0094, device='cuda:0')
eval samples: 900 loss: tensor(5.7380, device='cuda:0')
eval samples: 1000 loss: tensor(5.2250, device='cuda:0')
eval samples: 1100 loss: tensor(5.3864, device='cuda:0')
average loss 5.183122425863187
----------------------------------------------------------------------------------------------------
| Eval   4 at step     8000 | time: 406.95s | valid loss  5.18 | valid ppl 178.24 | best ppl 145.87 
----------------------------------------------------------------------------------------------------
| epoch   2 step     8100 |   2842 batches | lr 0.0001 | ms/batch 5793.34 | loss  6.22 | avg loss  6.27 | ppl 526.61
| epoch   2 step     8200 |   2942 batches | lr 0.0001 | ms/batch 1722.27 | loss  6.53 | avg loss  6.20 | ppl 492.26
| epoch   2 step     8300 |   3042 batches | lr 0.0001 | ms/batch 1722.29 | loss  6.01 | avg loss  6.16 | ppl 473.05
| epoch   2 step     8400 |   3142 batches | lr 0.0001 | ms/batch 1722.83 | loss  5.81 | avg loss  6.13 | ppl 458.86
| epoch   2 step     8500 |   3242 batches | lr 0.0001 | ms/batch 1722.46 | loss  6.23 | avg loss  6.11 | ppl 451.70
| epoch   2 step     8600 |   3342 batches | lr 0.0001 | ms/batch 1722.20 | loss  6.06 | avg loss  6.18 | ppl 482.79
| epoch   2 step     8700 |   3442 batches | lr 0.0001 | ms/batch 1721.62 | loss  6.49 | avg loss  6.18 | ppl 482.05
| epoch   2 step     8800 |   3542 batches | lr 0.0001 | ms/batch 1722.36 | loss  6.05 | avg loss  6.24 | ppl 513.54
| epoch   2 step     8900 |   3642 batches | lr 0.0001 | ms/batch 1722.29 | loss  6.51 | avg loss  6.36 | ppl 576.76
| epoch   2 step     9000 |   3742 batches | lr 0.0001 | ms/batch 1849.61 | loss  6.13 | avg loss  6.34 | ppl 566.75
saving checkpoint ./trained_models/GPT2_M/e2e/model.9000.pt
| epoch   2 step     9100 |   3842 batches | lr 0.0001 | ms/batch 1914.07 | loss  6.06 | avg loss  6.31 | ppl 547.57
| epoch   2 step     9200 |   3942 batches | lr 0.0001 | ms/batch 1800.85 | loss  6.42 | avg loss  6.29 | ppl 538.31
| epoch   2 step     9300 |   4042 batches | lr 0.0001 | ms/batch 1722.16 | loss  6.07 | avg loss  6.24 | ppl 514.43
| epoch   2 step     9400 |   4142 batches | lr 0.0001 | ms/batch 1722.82 | loss  5.96 | avg loss  6.26 | ppl 524.73
| epoch   2 step     9500 |   4242 batches | lr 0.0001 | ms/batch 1722.39 | loss  6.01 | avg loss  6.25 | ppl 517.10
| epoch   2 step     9600 |   4342 batches | lr 0.0001 | ms/batch 1713.46 | loss  6.66 | avg loss  6.30 | ppl 545.88
| epoch   2 step     9700 |   4442 batches | lr 0.0001 | ms/batch 1693.91 | loss  6.03 | avg loss  6.26 | ppl 521.14
| epoch   2 step     9800 |   4542 batches | lr 0.0001 | ms/batch 1723.17 | loss  6.15 | avg loss  6.28 | ppl 536.22
| epoch   2 step     9900 |   4642 batches | lr 0.0001 | ms/batch 1725.00 | loss  5.95 | avg loss  6.25 | ppl 517.53
| epoch   2 step    10000 |   4742 batches | lr 0.0001 | ms/batch 1724.11 | loss  6.39 | avg loss  6.28 | ppl 534.06
saving checkpoint ./trained_models/GPT2_M/e2e/model.10000.pt
eval samples: 0 loss: tensor(5.1439, device='cuda:0')
eval samples: 100 loss: tensor(5.3952, device='cuda:0')
eval samples: 200 loss: tensor(5.4039, device='cuda:0')
eval samples: 300 loss: tensor(5.0684, device='cuda:0')
eval samples: 400 loss: tensor(5.2750, device='cuda:0')
eval samples: 500 loss: tensor(5.0818, device='cuda:0')
eval samples: 600 loss: tensor(5.8358, device='cuda:0')
eval samples: 700 loss: tensor(4.8472, device='cuda:0')
eval samples: 800 loss: tensor(5.1317, device='cuda:0')
eval samples: 900 loss: tensor(5.8043, device='cuda:0')
eval samples: 1000 loss: tensor(5.3391, device='cuda:0')
eval samples: 1100 loss: tensor(5.5495, device='cuda:0')
average loss 5.317259880369657
----------------------------------------------------------------------------------------------------
| Eval   5 at step    10000 | time: 405.79s | valid loss  5.32 | valid ppl 203.82 | best ppl 145.87 
----------------------------------------------------------------------------------------------------
| epoch   2 step    10100 |   4842 batches | lr 0.0001 | ms/batch 5786.56 | loss  6.18 | avg loss  6.34 | ppl 565.99
| epoch   2 step    10200 |   4942 batches | lr 0.0001 | ms/batch 1723.34 | loss  6.19 | avg loss  6.40 | ppl 600.11
| epoch   2 step    10300 |   5042 batches | lr 0.0001 | ms/batch 1723.06 | loss  6.36 | avg loss  6.34 | ppl 569.54
| epoch   2 step    10400 |   5142 batches | lr 0.0001 | ms/batch 1723.13 | loss  6.32 | avg loss  6.35 | ppl 572.59
| epoch   2 step    10500 |   5242 batches | lr 0.0001 | ms/batch 1723.30 | loss  6.38 | avg loss  6.38 | ppl 589.35
saving checkpoint ./trained_models/GPT2_M/e2e/model.10516.pt
start to train the model................ 3
| epoch   3 step    10600 |     84 batches | lr 0.0001 | ms/batch 1446.95 | loss  6.11 | avg loss  6.37 | ppl 585.01
| epoch   3 step    10700 |    184 batches | lr 0.0001 | ms/batch 1716.71 | loss  6.69 | avg loss  6.38 | ppl 589.25
| epoch   3 step    10800 |    284 batches | lr 0.0001 | ms/batch 1713.27 | loss  6.27 | avg loss  6.41 | ppl 605.82
| epoch   3 step    10900 |    384 batches | lr 0.0001 | ms/batch 1713.13 | loss  6.57 | avg loss  6.42 | ppl 616.79
| epoch   3 step    11000 |    484 batches | lr 0.0001 | ms/batch 1858.61 | loss  6.74 | avg loss  6.48 | ppl 652.67
saving checkpoint ./trained_models/GPT2_M/e2e/model.11000.pt
| epoch   3 step    11100 |    584 batches | lr 0.0001 | ms/batch 1888.48 | loss 19.42 | avg loss 10.19 | ppl 26763.41
| epoch   3 step    11200 |    684 batches | lr 0.0001 | ms/batch 1769.76 | loss 16.92 | avg loss 19.31 | ppl 244114088.03
| epoch   3 step    11300 |    784 batches | lr 0.0001 | ms/batch 1716.98 | loss 15.01 | avg loss 14.88 | ppl 2907133.02
| epoch   3 step    11400 |    884 batches | lr 0.0001 | ms/batch 1716.23 | loss 11.41 | avg loss 12.93 | ppl 413043.06
| epoch   3 step    11500 |    984 batches | lr 0.0001 | ms/batch 1716.95 | loss 10.55 | avg loss 11.03 | ppl 61492.31
| epoch   3 step    11600 |   1084 batches | lr 0.0001 | ms/batch 1716.96 | loss 10.66 | avg loss 10.48 | ppl 35547.92
| epoch   3 step    11700 |   1184 batches | lr 0.0001 | ms/batch 1717.18 | loss  9.36 | avg loss  9.88 | ppl 19577.93
| epoch   3 step    11800 |   1284 batches | lr 0.0001 | ms/batch 1717.28 | loss  8.91 | avg loss  9.11 | ppl 9061.10
| epoch   3 step    11900 |   1384 batches | lr 0.0001 | ms/batch 1717.37 | loss  8.41 | avg loss  8.78 | ppl 6477.45
| epoch   3 step    12000 |   1484 batches | lr 0.0001 | ms/batch 1717.01 | loss  8.43 | avg loss  8.46 | ppl 4739.19
saving checkpoint ./trained_models/GPT2_M/e2e/model.12000.pt
eval samples: 0 loss: tensor(7.8668, device='cuda:0')
eval samples: 100 loss: tensor(7.7194, device='cuda:0')
eval samples: 200 loss: tensor(7.6583, device='cuda:0')
eval samples: 300 loss: tensor(7.8367, device='cuda:0')
eval samples: 400 loss: tensor(7.4459, device='cuda:0')
eval samples: 500 loss: tensor(7.5307, device='cuda:0')
eval samples: 600 loss: tensor(7.7928, device='cuda:0')
eval samples: 700 loss: tensor(7.4871, device='cuda:0')
eval samples: 800 loss: tensor(7.5167, device='cuda:0')
eval samples: 900 loss: tensor(8.1393, device='cuda:0')
eval samples: 1000 loss: tensor(7.7897, device='cuda:0')
eval samples: 1100 loss: tensor(7.6176, device='cuda:0')
average loss 7.737721375814856
----------------------------------------------------------------------------------------------------
| Eval   6 at step    12000 | time: 404.75s | valid loss  7.74 | valid ppl 2293.24 | best ppl 2293.24 
----------------------------------------------------------------------------------------------------
| epoch   3 step    12100 |   1584 batches | lr 0.0001 | ms/batch 5772.40 | loss  8.33 | avg loss  8.31 | ppl 4053.87
| epoch   3 step    12200 |   1684 batches | lr 0.0001 | ms/batch 1722.75 | loss  8.06 | avg loss  8.16 | ppl 3507.43
| epoch   3 step    12300 |   1784 batches | lr 0.0001 | ms/batch 1722.14 | loss  7.98 | avg loss  8.04 | ppl 3094.92
| epoch   3 step    12400 |   1884 batches | lr 0.0001 | ms/batch 1722.20 | loss  7.96 | avg loss  7.91 | ppl 2715.76
| epoch   3 step    12500 |   1984 batches | lr 0.0001 | ms/batch 1722.23 | loss  7.83 | avg loss  7.76 | ppl 2337.17
| epoch   3 step    12600 |   2084 batches | lr 0.0001 | ms/batch 1722.84 | loss  7.58 | avg loss  7.58 | ppl 1956.75
| epoch   3 step    12700 |   2184 batches | lr 0.0001 | ms/batch 1715.80 | loss  7.40 | avg loss  7.51 | ppl 1820.77
| epoch   3 step    12800 |   2284 batches | lr 0.0001 | ms/batch 1723.10 | loss  7.55 | avg loss  7.43 | ppl 1680.50
| epoch   3 step    12900 |   2384 batches | lr 0.0001 | ms/batch 1723.05 | loss  7.50 | avg loss  7.39 | ppl 1624.31
| epoch   3 step    13000 |   2484 batches | lr 0.0001 | ms/batch 1890.48 | loss  7.28 | avg loss  7.33 | ppl 1531.32
saving checkpoint ./trained_models/GPT2_M/e2e/model.13000.pt
| epoch   3 step    13100 |   2584 batches | lr 0.0001 | ms/batch 1912.38 | loss  7.03 | avg loss  7.28 | ppl 1444.76
| epoch   3 step    13200 |   2684 batches | lr 0.0001 | ms/batch 1749.78 | loss  7.01 | avg loss  7.24 | ppl 1389.85
| epoch   3 step    13300 |   2784 batches | lr 0.0001 | ms/batch 1717.64 | loss  6.98 | avg loss  7.15 | ppl 1277.58
| epoch   3 step    13400 |   2884 batches | lr 0.0001 | ms/batch 1716.45 | loss  7.10 | avg loss  7.12 | ppl 1231.50
| epoch   3 step    13500 |   2984 batches | lr 0.0001 | ms/batch 1716.77 | loss  7.04 | avg loss  7.10 | ppl 1206.52
| epoch   3 step    13600 |   3084 batches | lr 0.0001 | ms/batch 1716.80 | loss  7.09 | avg loss  7.07 | ppl 1176.59
| epoch   3 step    13700 |   3184 batches | lr 0.0001 | ms/batch 1717.01 | loss  7.04 | avg loss  7.05 | ppl 1151.16
| epoch   3 step    13800 |   3284 batches | lr 0.0001 | ms/batch 1717.35 | loss  6.65 | avg loss  6.97 | ppl 1059.90
| epoch   3 step    13900 |   3384 batches | lr 0.0001 | ms/batch 1716.77 | loss  7.38 | avg loss  7.01 | ppl 1103.67
| epoch   3 step    14000 |   3484 batches | lr 0.0001 | ms/batch 1716.89 | loss  7.22 | avg loss  6.96 | ppl 1051.26
saving checkpoint ./trained_models/GPT2_M/e2e/model.14000.pt
eval samples: 0 loss: tensor(6.1173, device='cuda:0')
eval samples: 100 loss: tensor(6.2066, device='cuda:0')
eval samples: 200 loss: tensor(6.2991, device='cuda:0')
eval samples: 300 loss: tensor(6.0089, device='cuda:0')
eval samples: 400 loss: tensor(6.0043, device='cuda:0')
eval samples: 500 loss: tensor(5.8308, device='cuda:0')
eval samples: 600 loss: tensor(6.5837, device='cuda:0')
eval samples: 700 loss: tensor(5.7729, device='cuda:0')
eval samples: 800 loss: tensor(5.9581, device='cuda:0')
eval samples: 900 loss: tensor(6.5169, device='cuda:0')
eval samples: 1000 loss: tensor(6.0543, device='cuda:0')
eval samples: 1100 loss: tensor(6.1626, device='cuda:0')
average loss 6.124596441853536
----------------------------------------------------------------------------------------------------
| Eval   7 at step    14000 | time: 403.95s | valid loss  6.12 | valid ppl 456.96 | best ppl 456.96 
----------------------------------------------------------------------------------------------------
| epoch   3 step    14100 |   3584 batches | lr 0.0001 | ms/batch 5759.29 | loss  6.88 | avg loss  6.92 | ppl 1012.34
| epoch   3 step    14200 |   3684 batches | lr 0.0001 | ms/batch 1717.31 | loss  6.85 | avg loss  6.91 | ppl 1007.21
| epoch   3 step    14300 |   3784 batches | lr 0.0001 | ms/batch 1717.65 | loss  6.72 | avg loss  6.88 | ppl 971.83
| epoch   3 step    14400 |   3884 batches | lr 0.0001 | ms/batch 1722.56 | loss  7.04 | avg loss  6.87 | ppl 958.52
| epoch   3 step    14500 |   3984 batches | lr 0.0001 | ms/batch 1722.26 | loss  6.75 | avg loss  6.87 | ppl 963.13
| epoch   3 step    14600 |   4084 batches | lr 0.0001 | ms/batch 1722.71 | loss  7.00 | avg loss  6.85 | ppl 944.22
| epoch   3 step    14700 |   4184 batches | lr 0.0001 | ms/batch 1699.86 | loss  7.21 | avg loss  6.80 | ppl 902.21
| epoch   3 step    14800 |   4284 batches | lr 0.0001 | ms/batch 1715.96 | loss  6.67 | avg loss  6.80 | ppl 896.50
| epoch   3 step    14900 |   4384 batches | lr 0.0001 | ms/batch 1715.82 | loss  6.85 | avg loss  6.80 | ppl 896.03
| epoch   3 step    15000 |   4484 batches | lr 0.0001 | ms/batch 1915.78 | loss  6.48 | avg loss  6.79 | ppl 890.75
saving checkpoint ./trained_models/GPT2_M/e2e/model.15000.pt
| epoch   3 step    15100 |   4584 batches | lr 0.0001 | ms/batch 1916.31 | loss  6.94 | avg loss  6.76 | ppl 866.46
| epoch   3 step    15200 |   4684 batches | lr 0.0001 | ms/batch 1736.39 | loss  6.75 | avg loss  6.74 | ppl 844.48
| epoch   3 step    15300 |   4784 batches | lr 0.0001 | ms/batch 1722.27 | loss  6.55 | avg loss  6.76 | ppl 862.23
| epoch   3 step    15400 |   4884 batches | lr 0.0001 | ms/batch 1722.00 | loss  6.71 | avg loss  6.73 | ppl 835.09
| epoch   3 step    15500 |   4984 batches | lr 0.0001 | ms/batch 1722.23 | loss  6.71 | avg loss  6.72 | ppl 830.03
| epoch   3 step    15600 |   5084 batches | lr 0.0001 | ms/batch 1722.35 | loss  6.60 | avg loss  6.69 | ppl 801.49
| epoch   3 step    15700 |   5184 batches | lr 0.0001 | ms/batch 1722.18 | loss  6.54 | avg loss  6.67 | ppl 791.14
saving checkpoint ./trained_models/GPT2_M/e2e/model.15774.pt
start to train the model................ 4
| epoch   4 step    15800 |     26 batches | lr 0.0001 | ms/batch 446.28 | loss  6.52 | avg loss  6.64 | ppl 762.09
| epoch   4 step    15900 |    126 batches | lr 0.0001 | ms/batch 1712.76 | loss  6.46 | avg loss  6.64 | ppl 762.56
| epoch   4 step    16000 |    226 batches | lr 0.0001 | ms/batch 1712.82 | loss  6.38 | avg loss  6.66 | ppl 777.79
saving checkpoint ./trained_models/GPT2_M/e2e/model.16000.pt
eval samples: 0 loss: tensor(5.8478, device='cuda:0')
eval samples: 100 loss: tensor(5.9209, device='cuda:0')
eval samples: 200 loss: tensor(5.8640, device='cuda:0')
eval samples: 300 loss: tensor(5.7243, device='cuda:0')
eval samples: 400 loss: tensor(5.7523, device='cuda:0')
eval samples: 500 loss: tensor(5.4828, device='cuda:0')
eval samples: 600 loss: tensor(6.3029, device='cuda:0')
eval samples: 700 loss: tensor(5.3294, device='cuda:0')
eval samples: 800 loss: tensor(5.5448, device='cuda:0')
eval samples: 900 loss: tensor(6.1987, device='cuda:0')
eval samples: 1000 loss: tensor(5.7531, device='cuda:0')
eval samples: 1100 loss: tensor(5.9208, device='cuda:0')
average loss 5.805118124778956
----------------------------------------------------------------------------------------------------
| Eval   8 at step    16000 | time: 398.89s | valid loss  5.81 | valid ppl 331.99 | best ppl 331.99 
----------------------------------------------------------------------------------------------------
| epoch   4 step    16100 |    326 batches | lr 0.0001 | ms/batch 5705.02 | loss  6.75 | avg loss  6.64 | ppl 768.35
| epoch   4 step    16200 |    426 batches | lr 0.0001 | ms/batch 1715.65 | loss  6.75 | avg loss  6.62 | ppl 752.23
| epoch   4 step    16300 |    526 batches | lr 0.0001 | ms/batch 1715.94 | loss  6.79 | avg loss  6.64 | ppl 766.86
| epoch   4 step    16400 |    626 batches | lr 0.0001 | ms/batch 1715.82 | loss  6.61 | avg loss  6.63 | ppl 759.72
| epoch   4 step    16500 |    726 batches | lr 0.0001 | ms/batch 1715.46 | loss  6.63 | avg loss  6.64 | ppl 767.15
| epoch   4 step    16600 |    826 batches | lr 0.0001 | ms/batch 1715.28 | loss  6.95 | avg loss  6.57 | ppl 716.26
| epoch   4 step    16700 |    926 batches | lr 0.0001 | ms/batch 1714.42 | loss  6.73 | avg loss  6.62 | ppl 752.15
| epoch   4 step    16800 |   1026 batches | lr 0.0001 | ms/batch 1714.63 | loss  6.40 | avg loss  6.62 | ppl 751.70
| epoch   4 step    16900 |   1126 batches | lr 0.0001 | ms/batch 1731.75 | loss  6.47 | avg loss  6.59 | ppl 724.58
| epoch   4 step    17000 |   1226 batches | lr 0.0001 | ms/batch 1890.97 | loss  6.45 | avg loss  6.61 | ppl 744.88
saving checkpoint ./trained_models/GPT2_M/e2e/model.17000.pt
| epoch   4 step    17100 |   1326 batches | lr 0.0001 | ms/batch 1892.31 | loss  6.72 | avg loss  6.61 | ppl 744.72
| epoch   4 step    17200 |   1426 batches | lr 0.0001 | ms/batch 1715.59 | loss  6.60 | avg loss  6.57 | ppl 716.82
| epoch   4 step    17300 |   1526 batches | lr 0.0001 | ms/batch 1712.99 | loss  6.65 | avg loss  6.58 | ppl 718.45
| epoch   4 step    17400 |   1626 batches | lr 0.0001 | ms/batch 1713.19 | loss  6.34 | avg loss  6.59 | ppl 729.27
| epoch   4 step    17500 |   1726 batches | lr 0.0001 | ms/batch 1716.60 | loss  6.58 | avg loss  6.57 | ppl 710.16
| epoch   4 step    17600 |   1826 batches | lr 0.0001 | ms/batch 1717.66 | loss  6.73 | avg loss  6.57 | ppl 714.35
| epoch   4 step    17700 |   1926 batches | lr 0.0001 | ms/batch 1715.58 | loss  6.42 | avg loss  6.54 | ppl 690.89
| epoch   4 step    17800 |   2026 batches | lr 0.0001 | ms/batch 1715.37 | loss  6.53 | avg loss  6.58 | ppl 720.93
| epoch   4 step    17900 |   2126 batches | lr 0.0001 | ms/batch 1713.28 | loss  6.78 | avg loss  6.56 | ppl 703.82
| epoch   4 step    18000 |   2226 batches | lr 0.0001 | ms/batch 1707.23 | loss  6.73 | avg loss  6.59 | ppl 724.56
saving checkpoint ./trained_models/GPT2_M/e2e/model.18000.pt
eval samples: 0 loss: tensor(5.6987, device='cuda:0')
eval samples: 100 loss: tensor(5.7166, device='cuda:0')
eval samples: 200 loss: tensor(5.7009, device='cuda:0')
eval samples: 300 loss: tensor(5.5235, device='cuda:0')
eval samples: 400 loss: tensor(5.6183, device='cuda:0')
eval samples: 500 loss: tensor(5.3435, device='cuda:0')
eval samples: 600 loss: tensor(6.1306, device='cuda:0')
eval samples: 700 loss: tensor(5.1827, device='cuda:0')
eval samples: 800 loss: tensor(5.3471, device='cuda:0')
eval samples: 900 loss: tensor(6.1249, device='cuda:0')
eval samples: 1000 loss: tensor(5.6225, device='cuda:0')
eval samples: 1100 loss: tensor(5.8837, device='cuda:0')
average loss 5.677666742507726
----------------------------------------------------------------------------------------------------
| Eval   9 at step    18000 | time: 399.64s | valid loss  5.68 | valid ppl 292.27 | best ppl 292.27 
----------------------------------------------------------------------------------------------------
| epoch   4 step    18100 |   2326 batches | lr 0.0001 | ms/batch 5716.57 | loss  6.60 | avg loss  6.56 | ppl 703.32
| epoch   4 step    18200 |   2426 batches | lr 0.0001 | ms/batch 1718.34 | loss  6.47 | avg loss  6.56 | ppl 709.46
| epoch   4 step    18300 |   2526 batches | lr 0.0001 | ms/batch 1718.06 | loss  6.49 | avg loss  6.56 | ppl 703.22
| epoch   4 step    18400 |   2626 batches | lr 0.0001 | ms/batch 1716.30 | loss  6.73 | avg loss  6.54 | ppl 690.71
| epoch   4 step    18500 |   2726 batches | lr 0.0001 | ms/batch 1716.31 | loss  6.55 | avg loss  6.51 | ppl 674.69
| epoch   4 step    18600 |   2826 batches | lr 0.0001 | ms/batch 1716.23 | loss  6.63 | avg loss  6.54 | ppl 693.48
| epoch   4 step    18700 |   2926 batches | lr 0.0001 | ms/batch 1715.99 | loss  6.30 | avg loss  6.51 | ppl 673.43
| epoch   4 step    18800 |   3026 batches | lr 0.0001 | ms/batch 1715.28 | loss  6.45 | avg loss  6.55 | ppl 696.55
| epoch   4 step    18900 |   3126 batches | lr 0.0001 | ms/batch 1738.75 | loss  6.88 | avg loss  6.53 | ppl 685.29
| epoch   4 step    19000 |   3226 batches | lr 0.0001 | ms/batch 1895.29 | loss  6.49 | avg loss  6.54 | ppl 690.05
saving checkpoint ./trained_models/GPT2_M/e2e/model.19000.pt
| epoch   4 step    19100 |   3326 batches | lr 0.0001 | ms/batch 1889.54 | loss  6.80 | avg loss  6.51 | ppl 674.22
| epoch   4 step    19200 |   3426 batches | lr 0.0001 | ms/batch 1716.85 | loss  6.37 | avg loss  6.51 | ppl 672.47
| epoch   4 step    19300 |   3526 batches | lr 0.0001 | ms/batch 1716.66 | loss  6.69 | avg loss  6.51 | ppl 673.77
| epoch   4 step    19400 |   3626 batches | lr 0.0001 | ms/batch 1716.79 | loss  6.79 | avg loss  6.53 | ppl 683.91
| epoch   4 step    19500 |   3726 batches | lr 0.0001 | ms/batch 1711.95 | loss  6.46 | avg loss  6.51 | ppl 669.79
| epoch   4 step    19600 |   3826 batches | lr 0.0001 | ms/batch 1716.96 | loss  6.88 | avg loss  6.50 | ppl 663.86
| epoch   4 step    19700 |   3926 batches | lr 0.0001 | ms/batch 1716.53 | loss  6.57 | avg loss  6.51 | ppl 674.47
| epoch   4 step    19800 |   4026 batches | lr 0.0001 | ms/batch 1716.87 | loss  6.27 | avg loss  6.52 | ppl 680.11
| epoch   4 step    19900 |   4126 batches | lr 0.0001 | ms/batch 1717.06 | loss  6.30 | avg loss  6.51 | ppl 674.62
| epoch   4 step    20000 |   4226 batches | lr 0.0001 | ms/batch 1716.56 | loss  6.56 | avg loss  6.51 | ppl 670.81
saving checkpoint ./trained_models/GPT2_M/e2e/model.20000.pt
eval samples: 0 loss: tensor(5.6103, device='cuda:0')
eval samples: 100 loss: tensor(5.6256, device='cuda:0')
eval samples: 200 loss: tensor(5.6396, device='cuda:0')
eval samples: 300 loss: tensor(5.4857, device='cuda:0')
eval samples: 400 loss: tensor(5.5228, device='cuda:0')
eval samples: 500 loss: tensor(5.2657, device='cuda:0')
eval samples: 600 loss: tensor(6.1080, device='cuda:0')
eval samples: 700 loss: tensor(5.1196, device='cuda:0')
eval samples: 800 loss: tensor(5.3122, device='cuda:0')
eval samples: 900 loss: tensor(6.0913, device='cuda:0')
eval samples: 1000 loss: tensor(5.5591, device='cuda:0')
eval samples: 1100 loss: tensor(5.8029, device='cuda:0')
average loss 5.610682353173217
----------------------------------------------------------------------------------------------------
| Eval  10 at step    20000 | time: 396.19s | valid loss  5.61 | valid ppl 273.33 | best ppl 273.33 
----------------------------------------------------------------------------------------------------
| epoch   4 step    20100 |   4326 batches | lr 0.0001 | ms/batch 5680.75 | loss  6.47 | avg loss  6.49 | ppl 658.67
| epoch   4 step    20200 |   4426 batches | lr 0.0001 | ms/batch 1721.12 | loss  6.65 | avg loss  6.50 | ppl 665.19
| epoch   4 step    20300 |   4526 batches | lr 0.0001 | ms/batch 1717.50 | loss  6.56 | avg loss  6.48 | ppl 651.14
| epoch   4 step    20400 |   4626 batches | lr 0.0001 | ms/batch 1713.01 | loss  6.56 | avg loss  6.49 | ppl 657.12
| epoch   4 step    20500 |   4726 batches | lr 0.0001 | ms/batch 1715.63 | loss  6.52 | avg loss  6.50 | ppl 662.45
| epoch   4 step    20600 |   4826 batches | lr 0.0001 | ms/batch 1708.41 | loss  6.54 | avg loss  6.50 | ppl 667.88
| epoch   4 step    20700 |   4926 batches | lr 0.0001 | ms/batch 1701.94 | loss  6.42 | avg loss  6.50 | ppl 666.66
| epoch   4 step    20800 |   5026 batches | lr 0.0001 | ms/batch 1719.34 | loss  6.42 | avg loss  6.51 | ppl 675.17
| epoch   4 step    20900 |   5126 batches | lr 0.0001 | ms/batch 1736.13 | loss  6.43 | avg loss  6.47 | ppl 643.09
| epoch   4 step    21000 |   5226 batches | lr 0.0001 | ms/batch 1853.79 | loss  6.60 | avg loss  6.50 | ppl 665.28
saving checkpoint ./trained_models/GPT2_M/e2e/model.21000.pt
saving checkpoint ./trained_models/GPT2_M/e2e/model.21032.pt
start to train the model................ 5
| epoch   5 step    21100 |     68 batches | lr 0.0001 | ms/batch 1255.10 | loss  7.42 | avg loss  6.57 | ppl 714.98
| epoch   5 step    21200 |    168 batches | lr 0.0001 | ms/batch 1682.98 | loss  6.44 | avg loss  6.65 | ppl 769.57
| epoch   5 step    21300 |    268 batches | lr 0.0001 | ms/batch 1670.54 | loss 14.50 | avg loss  7.98 | ppl 2911.29
| epoch   5 step    21400 |    368 batches | lr 0.0001 | ms/batch 1667.04 | loss 19.65 | avg loss 18.73 | ppl 135694923.45
| epoch   5 step    21500 |    468 batches | lr 0.0001 | ms/batch 1666.36 | loss 14.23 | avg loss 17.15 | ppl 28110490.84
| epoch   5 step    21600 |    568 batches | lr 0.0001 | ms/batch 1666.52 | loss  6.78 | avg loss  9.55 | ppl 14029.97
| epoch   5 step    21700 |    668 batches | lr 0.0001 | ms/batch 1665.71 | loss  6.65 | avg loss  6.84 | ppl 933.32
| epoch   5 step    21800 |    768 batches | lr 0.0001 | ms/batch 1663.22 | loss  6.30 | avg loss  6.68 | ppl 794.09
| epoch   5 step    21900 |    868 batches | lr 0.0001 | ms/batch 1671.77 | loss  6.64 | avg loss  6.89 | ppl 980.63
| epoch   5 step    22000 |    968 batches | lr 0.0001 | ms/batch 1671.67 | loss  6.53 | avg loss  7.08 | ppl 1192.09
saving checkpoint ./trained_models/GPT2_M/e2e/model.22000.pt
eval samples: 0 loss: tensor(5.9109, device='cuda:0')
eval samples: 100 loss: tensor(5.7900, device='cuda:0')
eval samples: 200 loss: tensor(5.7339, device='cuda:0')
eval samples: 300 loss: tensor(5.7082, device='cuda:0')
eval samples: 400 loss: tensor(5.6666, device='cuda:0')
eval samples: 500 loss: tensor(5.3381, device='cuda:0')
eval samples: 600 loss: tensor(6.1686, device='cuda:0')
eval samples: 700 loss: tensor(5.1722, device='cuda:0')
eval samples: 800 loss: tensor(5.3547, device='cuda:0')
eval samples: 900 loss: tensor(6.2822, device='cuda:0')
eval samples: 1000 loss: tensor(5.7535, device='cuda:0')
eval samples: 1100 loss: tensor(5.8954, device='cuda:0')
average loss 5.749044091325917
----------------------------------------------------------------------------------------------------
| Eval  11 at step    22000 | time: 397.07s | valid loss  5.75 | valid ppl 313.89 | best ppl 313.89 
----------------------------------------------------------------------------------------------------
| epoch   5 step    22100 |   1068 batches | lr 0.0001 | ms/batch 5685.43 | loss  7.21 | avg loss  6.72 | ppl 832.57
| epoch   5 step    22200 |   1168 batches | lr 0.0001 | ms/batch 1715.67 | loss  7.17 | avg loss  6.93 | ppl 1023.00
| epoch   5 step    22300 |   1268 batches | lr 0.0001 | ms/batch 1672.87 | loss  6.52 | avg loss  6.64 | ppl 766.36
| epoch   5 step    22400 |   1368 batches | lr 0.0001 | ms/batch 1670.42 | loss  6.60 | avg loss  6.64 | ppl 764.17
| epoch   5 step    22500 |   1468 batches | lr 0.0001 | ms/batch 1683.11 | loss  6.90 | avg loss  6.63 | ppl 755.96
| epoch   5 step    22600 |   1568 batches | lr 0.0001 | ms/batch 1711.93 | loss  6.75 | avg loss  6.66 | ppl 784.18
| epoch   5 step    22700 |   1668 batches | lr 0.0001 | ms/batch 1707.96 | loss  6.63 | avg loss  6.58 | ppl 724.12
| epoch   5 step    22800 |   1768 batches | lr 0.0001 | ms/batch 1705.96 | loss  6.47 | avg loss  6.58 | ppl 723.02
| epoch   5 step    22900 |   1868 batches | lr 0.0001 | ms/batch 1716.65 | loss  6.94 | avg loss  6.58 | ppl 720.09
| epoch   5 step    23000 |   1968 batches | lr 0.0001 | ms/batch 1870.23 | loss  6.32 | avg loss  6.57 | ppl 714.14
saving checkpoint ./trained_models/GPT2_M/e2e/model.23000.pt
| epoch   5 step    23100 |   2068 batches | lr 0.0001 | ms/batch 1869.82 | loss  6.48 | avg loss  6.58 | ppl 717.48
| epoch   5 step    23200 |   2168 batches | lr 0.0001 | ms/batch 1715.87 | loss  6.70 | avg loss  6.58 | ppl 721.51
| epoch   5 step    23300 |   2268 batches | lr 0.0001 | ms/batch 1711.31 | loss  6.20 | avg loss  6.55 | ppl 699.65
| epoch   5 step    23400 |   2368 batches | lr 0.0001 | ms/batch 1713.40 | loss  6.50 | avg loss  6.53 | ppl 684.65
| epoch   5 step    23500 |   2468 batches | lr 0.0001 | ms/batch 1750.62 | loss  6.41 | avg loss  6.53 | ppl 686.73
| epoch   5 step    23600 |   2568 batches | lr 0.0001 | ms/batch 1760.76 | loss  6.54 | avg loss  6.55 | ppl 697.62
| epoch   5 step    23700 |   2668 batches | lr 0.0001 | ms/batch 1787.54 | loss  6.28 | avg loss  6.51 | ppl 669.90
| epoch   5 step    23800 |   2768 batches | lr 0.0001 | ms/batch 1815.54 | loss  6.43 | avg loss  6.52 | ppl 678.26
| epoch   5 step    23900 |   2868 batches | lr 0.0001 | ms/batch 1811.95 | loss  6.56 | avg loss  6.50 | ppl 666.13
| epoch   5 step    24000 |   2968 batches | lr 0.0001 | ms/batch 1806.76 | loss  6.43 | avg loss  6.51 | ppl 670.54
saving checkpoint ./trained_models/GPT2_M/e2e/model.24000.pt
eval samples: 0 loss: tensor(5.6397, device='cuda:0')
eval samples: 100 loss: tensor(5.6184, device='cuda:0')
eval samples: 200 loss: tensor(5.6112, device='cuda:0')
eval samples: 300 loss: tensor(5.4491, device='cuda:0')
eval samples: 400 loss: tensor(5.5444, device='cuda:0')
eval samples: 500 loss: tensor(5.2370, device='cuda:0')
eval samples: 600 loss: tensor(6.0912, device='cuda:0')
eval samples: 700 loss: tensor(5.0974, device='cuda:0')
eval samples: 800 loss: tensor(5.2418, device='cuda:0')
eval samples: 900 loss: tensor(6.1069, device='cuda:0')
eval samples: 1000 loss: tensor(5.5089, device='cuda:0')
eval samples: 1100 loss: tensor(5.7870, device='cuda:0')
average loss 5.596269474862373
----------------------------------------------------------------------------------------------------
| Eval  12 at step    24000 | time: 406.00s | valid loss  5.60 | valid ppl 269.42 | best ppl 269.42 
----------------------------------------------------------------------------------------------------
| epoch   5 step    24100 |   3068 batches | lr 0.0001 | ms/batch 5873.13 | loss  6.53 | avg loss  6.52 | ppl 678.26
| epoch   5 step    24200 |   3168 batches | lr 0.0001 | ms/batch 1807.82 | loss  6.48 | avg loss  6.49 | ppl 656.09
| epoch   5 step    24300 |   3268 batches | lr 0.0001 | ms/batch 1808.08 | loss  6.52 | avg loss  6.51 | ppl 674.42
| epoch   5 step    24400 |   3368 batches | lr 0.0001 | ms/batch 1799.31 | loss  7.17 | avg loss  6.73 | ppl 838.63
| epoch   5 step    24500 |   3468 batches | lr 0.0001 | ms/batch 1761.89 | loss  6.61 | avg loss  6.99 | ppl 1083.24
| epoch   5 step    24600 |   3568 batches | lr 0.0001 | ms/batch 1766.36 | loss  6.80 | avg loss  6.73 | ppl 840.95
| epoch   5 step    24700 |   3668 batches | lr 0.0001 | ms/batch 1764.57 | loss  7.48 | avg loss  6.89 | ppl 986.53
| epoch   5 step    24800 |   3768 batches | lr 0.0001 | ms/batch 1770.97 | loss  7.05 | avg loss  6.85 | ppl 948.09
| epoch   5 step    24900 |   3868 batches | lr 0.0001 | ms/batch 1768.92 | loss  6.58 | avg loss  6.66 | ppl 779.42
| epoch   5 step    25000 |   3968 batches | lr 0.0001 | ms/batch 1957.91 | loss  6.45 | avg loss  6.60 | ppl 734.23
saving checkpoint ./trained_models/GPT2_M/e2e/model.25000.pt
| epoch   5 step    25100 |   4068 batches | lr 0.0001 | ms/batch 1977.54 | loss  6.82 | avg loss  6.64 | ppl 768.12
| epoch   5 step    25200 |   4168 batches | lr 0.0001 | ms/batch 1787.41 | loss  6.38 | avg loss  6.62 | ppl 749.28
| epoch   5 step    25300 |   4268 batches | lr 0.0001 | ms/batch 1766.92 | loss  6.38 | avg loss  6.57 | ppl 713.97
| epoch   5 step    25400 |   4368 batches | lr 0.0001 | ms/batch 1737.18 | loss  6.88 | avg loss  6.54 | ppl 689.87
| epoch   5 step    25500 |   4468 batches | lr 0.0001 | ms/batch 905.90 | loss  6.49 | avg loss  6.54 | ppl 691.18
| epoch   5 step    25600 |   4568 batches | lr 0.0001 | ms/batch 903.07 | loss  6.82 | avg loss  6.52 | ppl 676.15
| epoch   5 step    25700 |   4668 batches | lr 0.0001 | ms/batch 906.76 | loss  6.82 | avg loss  6.55 | ppl 698.88
| epoch   5 step    25800 |   4768 batches | lr 0.0001 | ms/batch 906.35 | loss  6.46 | avg loss  6.52 | ppl 681.21
| epoch   5 step    25900 |   4868 batches | lr 0.0001 | ms/batch 855.25 | loss  6.20 | avg loss  6.51 | ppl 669.09
| epoch   5 step    26000 |   4968 batches | lr 0.0001 | ms/batch 799.73 | loss  6.71 | avg loss  6.53 | ppl 688.30
saving checkpoint ./trained_models/GPT2_M/e2e/model.26000.pt
eval samples: 0 loss: tensor(5.6053, device='cuda:0')
eval samples: 100 loss: tensor(5.5654, device='cuda:0')
eval samples: 200 loss: tensor(5.5907, device='cuda:0')
eval samples: 300 loss: tensor(5.4280, device='cuda:0')
eval samples: 400 loss: tensor(5.5530, device='cuda:0')
eval samples: 500 loss: tensor(5.2419, device='cuda:0')
eval samples: 600 loss: tensor(6.0421, device='cuda:0')
eval samples: 700 loss: tensor(5.0335, device='cuda:0')
eval samples: 800 loss: tensor(5.2422, device='cuda:0')
eval samples: 900 loss: tensor(6.0793, device='cuda:0')
eval samples: 1000 loss: tensor(5.5125, device='cuda:0')
eval samples: 1100 loss: tensor(5.7805, device='cuda:0')
average loss 5.573364113291649
----------------------------------------------------------------------------------------------------
| Eval  13 at step    26000 | time: 201.30s | valid loss  5.57 | valid ppl 263.32 | best ppl 263.32 
----------------------------------------------------------------------------------------------------
| epoch   5 step    26100 |   5068 batches | lr 0.0001 | ms/batch 2812.49 | loss  6.45 | avg loss  6.51 | ppl 669.91
| epoch   5 step    26200 |   5168 batches | lr 0.0001 | ms/batch 798.53 | loss  6.31 | avg loss  6.49 | ppl 655.31
saving checkpoint ./trained_models/GPT2_M/e2e/model.26290.pt
----------------------------------------------------------------------------------------------------
End of training
cleanup dist ...
[rank0]:[W507 04:33:00.298464083 ProcessGroupNCCL.cpp:1479] Warning: WARNING: destroy_process_group() was not called before program exit, which can leak resources. For more info, please see https://pytorch.org/docs/stable/distributed.html#shutdown (function operator())
