nohup: ignoring input
myrank: 0 local_rank: 0 device_count: 1 world_size: 1
====================================================================================================
        - platform : local
        - local_rank : 0
        - rank : 0
        - device : cuda:0
        - world_size : 1
        - random_seed : 110
        - lr : 0.0002
        - weight_decay : 0.01
        - correct_bias : True
        - adam_epislon : 1e-06
        - no_decay_bias : False
        - adam_beta1 : 0.9
        - adam_beta2 : 0.999
        - scheduler : None
        - max_step : None
        - max_epoch : 5
        - warmup_step : 500
        - i_steps : 0
        - i_lrs : 0.00025
        - galore_rank : 4
        - update_proj_gap : 50
        - galore_scale : 1.0
        - proj_type : std
        - train_data : ./data/e2e/train.jsonl
        - valid_data : ./data/e2e/valid.jsonl
        - train_batch_size : 8
        - valid_batch_size : 4
        - grad_acc : 1
        - clip : 0.0
        - seq_len : 512
        - model_card : gpt2.md
        - init_checkpoint : ./pretrained_checkpoints/gpt2-medium-pytorch_model.bin
        - fp16 : False
        - log_interval : 100
        - eval_interval : 2000
        - save_interval : 1000
        - work_dir : ./trained_models/GPT2_M/e2e
        - lora_dim : 0
        - lora_alpha : 32
        - obj : clm
        - lora_dropout : 0.1
        - label_smooth : 0.1
        - roll_interval : -1
        - roll_lr : 1e-05
        - roll_step : 100
        - eval_epoch : 1
        - dist : <module 'torch.distributed' from '/home/ycyh/miniconda3/envs/LoRA/lib/python3.11/site-packages/torch/distributed/__init__.py'>
====================================================================================================
Experiment dir : ./trained_models/GPT2_M/e2e
loading model pretrained weight.
MoFaSGD 2D parameter count: 354.50M
Skipped 1D parameter count : 0.32M
set max_step: 26290
start to train the model................ 1
| epoch   1 step      100 |    100 batches | lr 0.0002 | ms/batch 1212.58 | loss  3.29 | avg loss  3.13 | ppl 22.76
| epoch   1 step      200 |    200 batches | lr 0.0002 | ms/batch 1231.47 | loss  2.76 | avg loss  2.77 | ppl 15.93
| epoch   1 step      300 |    300 batches | lr 0.0002 | ms/batch 1277.49 | loss  2.70 | avg loss  2.70 | ppl 14.94
| epoch   1 step      400 |    400 batches | lr 0.0002 | ms/batch 1284.83 | loss  2.77 | avg loss  2.70 | ppl 14.86
| epoch   1 step      500 |    500 batches | lr 0.0002 | ms/batch 1237.18 | loss  2.56 | avg loss  2.64 | ppl 13.98
| epoch   1 step      600 |    600 batches | lr 0.0002 | ms/batch 1282.34 | loss  2.53 | avg loss  2.61 | ppl 13.57
| epoch   1 step      700 |    700 batches | lr 0.0002 | ms/batch 1231.78 | loss  2.74 | avg loss  2.59 | ppl 13.36
| epoch   1 step      800 |    800 batches | lr 0.0002 | ms/batch 1206.02 | loss  2.32 | avg loss  2.57 | ppl 13.11
| epoch   1 step      900 |    900 batches | lr 0.0002 | ms/batch 1257.82 | loss  2.35 | avg loss  2.57 | ppl 13.02
| epoch   1 step     1000 |   1000 batches | lr 0.0002 | ms/batch 1145.29 | loss  2.98 | avg loss  2.59 | ppl 13.31
saving checkpoint ./trained_models/GPT2_M/e2e/model.1000.pt
/home/ycyh/miniconda3/envs/LoRA/lib/python3.11/site-packages/torch/distributed/distributed_c10d.py:4631: UserWarning: No device id is provided via `init_process_group` or `barrier `. Using the current device set by the user. 
  warnings.warn(  # warn only once
| epoch   1 step     1100 |   1100 batches | lr 0.0002 | ms/batch 1339.95 | loss  2.64 | avg loss  2.60 | ppl 13.43
| epoch   1 step     1200 |   1200 batches | lr 0.0002 | ms/batch 1165.86 | loss  2.44 | avg loss  2.59 | ppl 13.37
| epoch   1 step     1300 |   1300 batches | lr 0.0002 | ms/batch 1264.07 | loss  2.47 | avg loss  2.56 | ppl 13.00
| epoch   1 step     1400 |   1400 batches | lr 0.0002 | ms/batch 1230.47 | loss  2.53 | avg loss  2.56 | ppl 12.97
| epoch   1 step     1500 |   1500 batches | lr 0.0002 | ms/batch 1235.71 | loss  2.49 | avg loss  2.58 | ppl 13.17
| epoch   1 step     1600 |   1600 batches | lr 0.0002 | ms/batch 1222.76 | loss  2.59 | avg loss  2.54 | ppl 12.63
| epoch   1 step     1700 |   1700 batches | lr 0.0002 | ms/batch 1305.54 | loss  2.43 | avg loss  2.55 | ppl 12.78
| epoch   1 step     1800 |   1800 batches | lr 0.0002 | ms/batch 1291.29 | loss  2.39 | avg loss  2.54 | ppl 12.73
| epoch   1 step     1900 |   1900 batches | lr 0.0002 | ms/batch 1245.16 | loss  2.56 | avg loss  2.55 | ppl 12.82
| epoch   1 step     2000 |   2000 batches | lr 0.0002 | ms/batch 1289.64 | loss  2.44 | avg loss  2.54 | ppl 12.64
saving checkpoint ./trained_models/GPT2_M/e2e/model.2000.pt
/home/ycyh/miniconda3/envs/LoRA/lib/python3.11/site-packages/torch/nn/_reduction.py:51: UserWarning: size_average and reduce args will be deprecated, please use reduction='none' instead.
  warnings.warn(warning.format(ret))
eval samples: 0 loss: tensor(1.2189, device='cuda:0')
eval samples: 100 loss: tensor(0.8648, device='cuda:0')
eval samples: 200 loss: tensor(1.3196, device='cuda:0')
eval samples: 300 loss: tensor(1.1431, device='cuda:0')
eval samples: 400 loss: tensor(0.8829, device='cuda:0')
eval samples: 500 loss: tensor(0.6488, device='cuda:0')
eval samples: 600 loss: tensor(1.2649, device='cuda:0')
eval samples: 700 loss: tensor(0.7477, device='cuda:0')
eval samples: 800 loss: tensor(1.1483, device='cuda:0')
eval samples: 900 loss: tensor(1.7204, device='cuda:0')
eval samples: 1000 loss: tensor(1.0156, device='cuda:0')
eval samples: 1100 loss: tensor(1.4646, device='cuda:0')
average loss 1.2247254708143946
----------------------------------------------------------------------------------------------------
| Eval   1 at step     2000 | time: 167.84s | valid loss  1.22 | valid ppl  3.40 | best ppl  3.40 
----------------------------------------------------------------------------------------------------
| epoch   1 step     2100 |   2100 batches | lr 0.0002 | ms/batch 3045.71 | loss  2.58 | avg loss  2.53 | ppl 12.59
| epoch   1 step     2200 |   2200 batches | lr 0.0002 | ms/batch 1228.74 | loss  2.79 | avg loss  2.53 | ppl 12.50
| epoch   1 step     2300 |   2300 batches | lr 0.0002 | ms/batch 1237.90 | loss  2.48 | avg loss  2.52 | ppl 12.46
| epoch   1 step     2400 |   2400 batches | lr 0.0002 | ms/batch 1149.39 | loss  2.32 | avg loss  2.53 | ppl 12.53
| epoch   1 step     2500 |   2500 batches | lr 0.0002 | ms/batch 1188.21 | loss  2.73 | avg loss  2.54 | ppl 12.72
| epoch   1 step     2600 |   2600 batches | lr 0.0002 | ms/batch 1312.20 | loss  2.67 | avg loss  2.53 | ppl 12.54
| epoch   1 step     2700 |   2700 batches | lr 0.0002 | ms/batch 1227.65 | loss  2.59 | avg loss  2.52 | ppl 12.37
| epoch   1 step     2800 |   2800 batches | lr 0.0002 | ms/batch 1314.60 | loss  2.23 | avg loss  2.55 | ppl 12.79
| epoch   1 step     2900 |   2900 batches | lr 0.0002 | ms/batch 1316.20 | loss  2.72 | avg loss  2.53 | ppl 12.60
| epoch   1 step     3000 |   3000 batches | lr 0.0002 | ms/batch 1228.34 | loss  2.53 | avg loss  2.50 | ppl 12.18
saving checkpoint ./trained_models/GPT2_M/e2e/model.3000.pt
| epoch   1 step     3100 |   3100 batches | lr 0.0002 | ms/batch 1370.05 | loss  2.73 | avg loss  2.50 | ppl 12.23
| epoch   1 step     3200 |   3200 batches | lr 0.0002 | ms/batch 1254.85 | loss  2.56 | avg loss  2.53 | ppl 12.61
| epoch   1 step     3300 |   3300 batches | lr 0.0002 | ms/batch 1229.01 | loss  2.88 | avg loss  2.49 | ppl 12.08
| epoch   1 step     3400 |   3400 batches | lr 0.0002 | ms/batch 1299.65 | loss  2.45 | avg loss  2.49 | ppl 12.10
| epoch   1 step     3500 |   3500 batches | lr 0.0002 | ms/batch 1247.47 | loss  2.28 | avg loss  2.53 | ppl 12.53
| epoch   1 step     3600 |   3600 batches | lr 0.0002 | ms/batch 1293.90 | loss  2.40 | avg loss  2.53 | ppl 12.52
| epoch   1 step     3700 |   3700 batches | lr 0.0002 | ms/batch 1311.64 | loss  2.48 | avg loss  2.50 | ppl 12.12
| epoch   1 step     3800 |   3800 batches | lr 0.0002 | ms/batch 1263.91 | loss  2.49 | avg loss  2.46 | ppl 11.67
| epoch   1 step     3900 |   3900 batches | lr 0.0002 | ms/batch 1226.97 | loss  2.20 | avg loss  2.53 | ppl 12.57
| epoch   1 step     4000 |   4000 batches | lr 0.0002 | ms/batch 1162.58 | loss  2.54 | avg loss  2.53 | ppl 12.55
saving checkpoint ./trained_models/GPT2_M/e2e/model.4000.pt
eval samples: 0 loss: tensor(1.2060, device='cuda:0')
eval samples: 100 loss: tensor(0.8299, device='cuda:0')
eval samples: 200 loss: tensor(1.2478, device='cuda:0')
eval samples: 300 loss: tensor(1.1351, device='cuda:0')
eval samples: 400 loss: tensor(0.8755, device='cuda:0')
eval samples: 500 loss: tensor(0.5968, device='cuda:0')
eval samples: 600 loss: tensor(1.1968, device='cuda:0')
eval samples: 700 loss: tensor(0.7033, device='cuda:0')
eval samples: 800 loss: tensor(1.1358, device='cuda:0')
eval samples: 900 loss: tensor(1.6826, device='cuda:0')
eval samples: 1000 loss: tensor(0.9288, device='cuda:0')
eval samples: 1100 loss: tensor(1.4953, device='cuda:0')
average loss 1.1967639247440311
----------------------------------------------------------------------------------------------------
| Eval   2 at step     4000 | time: 166.91s | valid loss  1.20 | valid ppl  3.31 | best ppl  3.31 
----------------------------------------------------------------------------------------------------
| epoch   1 step     4100 |   4100 batches | lr 0.0002 | ms/batch 3068.99 | loss  2.62 | avg loss  2.49 | ppl 12.07
| epoch   1 step     4200 |   4200 batches | lr 0.0002 | ms/batch 1262.89 | loss  2.53 | avg loss  2.50 | ppl 12.13
| epoch   1 step     4300 |   4300 batches | lr 0.0002 | ms/batch 1300.57 | loss  2.33 | avg loss  2.45 | ppl 11.61
| epoch   1 step     4400 |   4400 batches | lr 0.0002 | ms/batch 1327.49 | loss  2.59 | avg loss  2.48 | ppl 11.95
| epoch   1 step     4500 |   4500 batches | lr 0.0002 | ms/batch 1331.93 | loss  2.64 | avg loss  2.51 | ppl 12.30
| epoch   1 step     4600 |   4600 batches | lr 0.0002 | ms/batch 1144.45 | loss  2.46 | avg loss  2.51 | ppl 12.31
| epoch   1 step     4700 |   4700 batches | lr 0.0002 | ms/batch 1315.65 | loss  2.31 | avg loss  2.50 | ppl 12.15
| epoch   1 step     4800 |   4800 batches | lr 0.0002 | ms/batch 1189.72 | loss  2.64 | avg loss  2.47 | ppl 11.82
| epoch   1 step     4900 |   4900 batches | lr 0.0002 | ms/batch 1324.78 | loss  2.59 | avg loss  2.48 | ppl 11.98
| epoch   1 step     5000 |   5000 batches | lr 0.0002 | ms/batch 1284.55 | loss  2.22 | avg loss  2.47 | ppl 11.79
saving checkpoint ./trained_models/GPT2_M/e2e/model.5000.pt
| epoch   1 step     5100 |   5100 batches | lr 0.0002 | ms/batch 1369.88 | loss  2.56 | avg loss  2.50 | ppl 12.20
| epoch   1 step     5200 |   5200 batches | lr 0.0002 | ms/batch 1325.50 | loss  2.71 | avg loss  2.49 | ppl 12.09
saving checkpoint ./trained_models/GPT2_M/e2e/model.5258.pt
start to train the model................ 2
| epoch   2 step     5300 |     42 batches | lr 0.0002 | ms/batch 339.31 | loss  2.36 | avg loss  2.43 | ppl 11.34
| epoch   2 step     5400 |    142 batches | lr 0.0002 | ms/batch 1290.71 | loss  2.45 | avg loss  2.48 | ppl 11.94
| epoch   2 step     5500 |    242 batches | lr 0.0002 | ms/batch 1248.78 | loss  2.47 | avg loss  2.46 | ppl 11.73
| epoch   2 step     5600 |    342 batches | lr 0.0002 | ms/batch 1243.72 | loss  2.16 | avg loss  2.48 | ppl 11.95
| epoch   2 step     5700 |    442 batches | lr 0.0002 | ms/batch 1226.78 | loss  2.41 | avg loss  2.47 | ppl 11.85
| epoch   2 step     5800 |    542 batches | lr 0.0002 | ms/batch 1368.41 | loss  2.46 | avg loss  2.45 | ppl 11.56
| epoch   2 step     5900 |    642 batches | lr 0.0002 | ms/batch 1220.67 | loss  2.60 | avg loss  2.48 | ppl 11.96
| epoch   2 step     6000 |    742 batches | lr 0.0002 | ms/batch 1248.03 | loss  2.18 | avg loss  2.44 | ppl 11.47
saving checkpoint ./trained_models/GPT2_M/e2e/model.6000.pt
eval samples: 0 loss: tensor(1.1580, device='cuda:0')
eval samples: 100 loss: tensor(0.8721, device='cuda:0')
eval samples: 200 loss: tensor(1.2017, device='cuda:0')
eval samples: 300 loss: tensor(1.0964, device='cuda:0')
eval samples: 400 loss: tensor(0.8754, device='cuda:0')
eval samples: 500 loss: tensor(0.5965, device='cuda:0')
eval samples: 600 loss: tensor(1.2401, device='cuda:0')
eval samples: 700 loss: tensor(0.7031, device='cuda:0')
eval samples: 800 loss: tensor(1.1880, device='cuda:0')
eval samples: 900 loss: tensor(1.7112, device='cuda:0')
eval samples: 1000 loss: tensor(0.9346, device='cuda:0')
eval samples: 1100 loss: tensor(1.4614, device='cuda:0')
average loss 1.1983801463287171
----------------------------------------------------------------------------------------------------
| Eval   3 at step     6000 | time: 167.28s | valid loss  1.20 | valid ppl  3.31 | best ppl  3.31 
----------------------------------------------------------------------------------------------------
| epoch   2 step     6100 |    842 batches | lr 0.0002 | ms/batch 2954.78 | loss  2.25 | avg loss  2.47 | ppl 11.79
| epoch   2 step     6200 |    942 batches | lr 0.0002 | ms/batch 1263.49 | loss  2.32 | avg loss  2.47 | ppl 11.80
| epoch   2 step     6300 |   1042 batches | lr 0.0002 | ms/batch 1321.35 | loss  2.68 | avg loss  2.47 | ppl 11.85
| epoch   2 step     6400 |   1142 batches | lr 0.0002 | ms/batch 1236.66 | loss  2.26 | avg loss  2.46 | ppl 11.75
| epoch   2 step     6500 |   1242 batches | lr 0.0002 | ms/batch 1245.89 | loss  2.33 | avg loss  2.49 | ppl 12.03
| epoch   2 step     6600 |   1342 batches | lr 0.0002 | ms/batch 1308.78 | loss  2.70 | avg loss  2.46 | ppl 11.74
| epoch   2 step     6700 |   1442 batches | lr 0.0002 | ms/batch 1186.17 | loss  2.43 | avg loss  2.47 | ppl 11.81
| epoch   2 step     6800 |   1542 batches | lr 0.0002 | ms/batch 1228.74 | loss  2.41 | avg loss  2.48 | ppl 11.96
| epoch   2 step     6900 |   1642 batches | lr 0.0002 | ms/batch 1246.68 | loss  2.34 | avg loss  2.42 | ppl 11.23
| epoch   2 step     7000 |   1742 batches | lr 0.0002 | ms/batch 1225.86 | loss  2.61 | avg loss  2.48 | ppl 11.90
saving checkpoint ./trained_models/GPT2_M/e2e/model.7000.pt
| epoch   2 step     7100 |   1842 batches | lr 0.0002 | ms/batch 1341.49 | loss  2.59 | avg loss  2.46 | ppl 11.72
| epoch   2 step     7200 |   1942 batches | lr 0.0002 | ms/batch 1148.91 | loss  2.54 | avg loss  2.46 | ppl 11.74
| epoch   2 step     7300 |   2042 batches | lr 0.0002 | ms/batch 1242.00 | loss  2.34 | avg loss  2.44 | ppl 11.48
| epoch   2 step     7400 |   2142 batches | lr 0.0002 | ms/batch 1313.99 | loss  2.80 | avg loss  2.44 | ppl 11.42
| epoch   2 step     7500 |   2242 batches | lr 0.0002 | ms/batch 1285.00 | loss  2.63 | avg loss  2.49 | ppl 12.03
| epoch   2 step     7600 |   2342 batches | lr 0.0002 | ms/batch 1344.37 | loss  2.27 | avg loss  2.44 | ppl 11.51
| epoch   2 step     7700 |   2442 batches | lr 0.0002 | ms/batch 1262.99 | loss  2.70 | avg loss  2.44 | ppl 11.47
| epoch   2 step     7800 |   2542 batches | lr 0.0002 | ms/batch 1184.54 | loss  2.49 | avg loss  2.43 | ppl 11.36
| epoch   2 step     7900 |   2642 batches | lr 0.0002 | ms/batch 1253.64 | loss  2.77 | avg loss  2.47 | ppl 11.85
| epoch   2 step     8000 |   2742 batches | lr 0.0002 | ms/batch 1242.29 | loss  2.49 | avg loss  2.49 | ppl 12.01
saving checkpoint ./trained_models/GPT2_M/e2e/model.8000.pt
eval samples: 0 loss: tensor(1.1722, device='cuda:0')
eval samples: 100 loss: tensor(0.8781, device='cuda:0')
eval samples: 200 loss: tensor(1.2355, device='cuda:0')
eval samples: 300 loss: tensor(1.0463, device='cuda:0')
eval samples: 400 loss: tensor(0.8444, device='cuda:0')
eval samples: 500 loss: tensor(0.6050, device='cuda:0')
eval samples: 600 loss: tensor(1.1722, device='cuda:0')
eval samples: 700 loss: tensor(0.6708, device='cuda:0')
eval samples: 800 loss: tensor(1.1161, device='cuda:0')
eval samples: 900 loss: tensor(1.6771, device='cuda:0')
eval samples: 1000 loss: tensor(0.8976, device='cuda:0')
eval samples: 1100 loss: tensor(1.4040, device='cuda:0')
average loss 1.1772390224345743
----------------------------------------------------------------------------------------------------
| Eval   4 at step     8000 | time: 167.20s | valid loss  1.18 | valid ppl  3.25 | best ppl  3.25 
----------------------------------------------------------------------------------------------------
| epoch   2 step     8100 |   2842 batches | lr 0.0002 | ms/batch 3104.84 | loss  2.37 | avg loss  2.45 | ppl 11.56
| epoch   2 step     8200 |   2942 batches | lr 0.0002 | ms/batch 1254.61 | loss  2.55 | avg loss  2.50 | ppl 12.20
| epoch   2 step     8300 |   3042 batches | lr 0.0002 | ms/batch 1321.06 | loss  2.33 | avg loss  2.46 | ppl 11.72
| epoch   2 step     8400 |   3142 batches | lr 0.0002 | ms/batch 1222.66 | loss  2.48 | avg loss  2.45 | ppl 11.57
| epoch   2 step     8500 |   3242 batches | lr 0.0002 | ms/batch 1245.39 | loss  2.36 | avg loss  2.46 | ppl 11.74
| epoch   2 step     8600 |   3342 batches | lr 0.0002 | ms/batch 1307.37 | loss  2.33 | avg loss  2.45 | ppl 11.53
| epoch   2 step     8700 |   3442 batches | lr 0.0002 | ms/batch 1291.44 | loss  2.77 | avg loss  2.45 | ppl 11.54
| epoch   2 step     8800 |   3542 batches | lr 0.0002 | ms/batch 1232.66 | loss  2.35 | avg loss  2.45 | ppl 11.55
| epoch   2 step     8900 |   3642 batches | lr 0.0002 | ms/batch 1209.19 | loss  2.51 | avg loss  2.47 | ppl 11.78
| epoch   2 step     9000 |   3742 batches | lr 0.0002 | ms/batch 1245.21 | loss  2.47 | avg loss  2.46 | ppl 11.67
saving checkpoint ./trained_models/GPT2_M/e2e/model.9000.pt
| epoch   2 step     9100 |   3842 batches | lr 0.0002 | ms/batch 1402.62 | loss  2.37 | avg loss  2.45 | ppl 11.62
| epoch   2 step     9200 |   3942 batches | lr 0.0002 | ms/batch 1271.58 | loss  2.59 | avg loss  2.45 | ppl 11.63
| epoch   2 step     9300 |   4042 batches | lr 0.0002 | ms/batch 1270.23 | loss  2.46 | avg loss  2.47 | ppl 11.77
| epoch   2 step     9400 |   4142 batches | lr 0.0002 | ms/batch 1268.58 | loss  2.50 | avg loss  2.46 | ppl 11.69
| epoch   2 step     9500 |   4242 batches | lr 0.0002 | ms/batch 1275.27 | loss  2.48 | avg loss  2.45 | ppl 11.65
| epoch   2 step     9600 |   4342 batches | lr 0.0002 | ms/batch 1207.06 | loss  2.82 | avg loss  2.46 | ppl 11.72
| epoch   2 step     9700 |   4442 batches | lr 0.0002 | ms/batch 1249.08 | loss  2.21 | avg loss  2.45 | ppl 11.58
| epoch   2 step     9800 |   4542 batches | lr 0.0002 | ms/batch 1240.97 | loss  2.44 | avg loss  2.45 | ppl 11.55
| epoch   2 step     9900 |   4642 batches | lr 0.0002 | ms/batch 1226.11 | loss  2.13 | avg loss  2.43 | ppl 11.40
| epoch   2 step    10000 |   4742 batches | lr 0.0002 | ms/batch 1300.06 | loss  2.53 | avg loss  2.47 | ppl 11.78
saving checkpoint ./trained_models/GPT2_M/e2e/model.10000.pt
eval samples: 0 loss: tensor(1.1388, device='cuda:0')
eval samples: 100 loss: tensor(0.8491, device='cuda:0')
eval samples: 200 loss: tensor(1.1543, device='cuda:0')
eval samples: 300 loss: tensor(1.0665, device='cuda:0')
eval samples: 400 loss: tensor(0.8191, device='cuda:0')
eval samples: 500 loss: tensor(0.5618, device='cuda:0')
eval samples: 600 loss: tensor(1.1775, device='cuda:0')
eval samples: 700 loss: tensor(0.6426, device='cuda:0')
eval samples: 800 loss: tensor(1.1822, device='cuda:0')
eval samples: 900 loss: tensor(1.6313, device='cuda:0')
eval samples: 1000 loss: tensor(0.9248, device='cuda:0')
eval samples: 1100 loss: tensor(1.4795, device='cuda:0')
average loss 1.1710283528656176
----------------------------------------------------------------------------------------------------
| Eval   5 at step    10000 | time: 166.71s | valid loss  1.17 | valid ppl  3.23 | best ppl  3.23 
----------------------------------------------------------------------------------------------------
| epoch   2 step    10100 |   4842 batches | lr 0.0002 | ms/batch 2971.58 | loss  2.25 | avg loss  2.46 | ppl 11.69
| epoch   2 step    10200 |   4942 batches | lr 0.0002 | ms/batch 1222.03 | loss  2.39 | avg loss  2.46 | ppl 11.67
| epoch   2 step    10300 |   5042 batches | lr 0.0002 | ms/batch 1176.09 | loss  2.76 | avg loss  2.45 | ppl 11.55
| epoch   2 step    10400 |   5142 batches | lr 0.0002 | ms/batch 1258.15 | loss  2.62 | avg loss  2.44 | ppl 11.52
| epoch   2 step    10500 |   5242 batches | lr 0.0002 | ms/batch 1287.26 | loss  2.36 | avg loss  2.43 | ppl 11.33
saving checkpoint ./trained_models/GPT2_M/e2e/model.10516.pt
start to train the model................ 3
| epoch   3 step    10600 |     84 batches | lr 0.0002 | ms/batch 953.79 | loss  2.11 | avg loss  2.42 | ppl 11.30
| epoch   3 step    10700 |    184 batches | lr 0.0002 | ms/batch 1280.64 | loss  2.50 | avg loss  2.43 | ppl 11.41
| epoch   3 step    10800 |    284 batches | lr 0.0002 | ms/batch 1306.99 | loss  2.63 | avg loss  2.42 | ppl 11.30
| epoch   3 step    10900 |    384 batches | lr 0.0002 | ms/batch 1311.96 | loss  2.75 | avg loss  2.42 | ppl 11.30
| epoch   3 step    11000 |    484 batches | lr 0.0002 | ms/batch 1334.89 | loss  2.61 | avg loss  2.43 | ppl 11.37
saving checkpoint ./trained_models/GPT2_M/e2e/model.11000.pt
| epoch   3 step    11100 |    584 batches | lr 0.0002 | ms/batch 1460.22 | loss  2.51 | avg loss  2.48 | ppl 11.97
| epoch   3 step    11200 |    684 batches | lr 0.0002 | ms/batch 1292.28 | loss  2.48 | avg loss  2.44 | ppl 11.43
| epoch   3 step    11300 |    784 batches | lr 0.0002 | ms/batch 1217.93 | loss  2.47 | avg loss  2.45 | ppl 11.59
| epoch   3 step    11400 |    884 batches | lr 0.0002 | ms/batch 1148.76 | loss  2.32 | avg loss  2.44 | ppl 11.48
| epoch   3 step    11500 |    984 batches | lr 0.0002 | ms/batch 1334.90 | loss  2.19 | avg loss  2.44 | ppl 11.48
| epoch   3 step    11600 |   1084 batches | lr 0.0002 | ms/batch 1353.12 | loss  2.12 | avg loss  2.41 | ppl 11.09
| epoch   3 step    11700 |   1184 batches | lr 0.0002 | ms/batch 1149.65 | loss  2.27 | avg loss  2.43 | ppl 11.31
| epoch   3 step    11800 |   1284 batches | lr 0.0002 | ms/batch 1315.00 | loss  2.40 | avg loss  2.40 | ppl 11.07
| epoch   3 step    11900 |   1384 batches | lr 0.0002 | ms/batch 1252.01 | loss  2.35 | avg loss  2.42 | ppl 11.21
| epoch   3 step    12000 |   1484 batches | lr 0.0002 | ms/batch 1221.58 | loss  2.48 | avg loss  2.43 | ppl 11.31
saving checkpoint ./trained_models/GPT2_M/e2e/model.12000.pt
eval samples: 0 loss: tensor(1.1742, device='cuda:0')
eval samples: 100 loss: tensor(0.8550, device='cuda:0')
eval samples: 200 loss: tensor(1.2415, device='cuda:0')
eval samples: 300 loss: tensor(1.1163, device='cuda:0')
eval samples: 400 loss: tensor(0.8256, device='cuda:0')
eval samples: 500 loss: tensor(0.5667, device='cuda:0')
eval samples: 600 loss: tensor(1.2255, device='cuda:0')
eval samples: 700 loss: tensor(0.6352, device='cuda:0')
eval samples: 800 loss: tensor(1.1302, device='cuda:0')
eval samples: 900 loss: tensor(1.6725, device='cuda:0')
eval samples: 1000 loss: tensor(0.9200, device='cuda:0')
eval samples: 1100 loss: tensor(1.5087, device='cuda:0')
average loss 1.176083861378162
----------------------------------------------------------------------------------------------------
| Eval   6 at step    12000 | time: 166.46s | valid loss  1.18 | valid ppl  3.24 | best ppl  3.24 
----------------------------------------------------------------------------------------------------
| epoch   3 step    12100 |   1584 batches | lr 0.0002 | ms/batch 3123.36 | loss  2.41 | avg loss  2.45 | ppl 11.56
| epoch   3 step    12200 |   1684 batches | lr 0.0002 | ms/batch 1312.47 | loss  2.31 | avg loss  2.45 | ppl 11.63
| epoch   3 step    12300 |   1784 batches | lr 0.0002 | ms/batch 1290.68 | loss  2.39 | avg loss  2.44 | ppl 11.49
| epoch   3 step    12400 |   1884 batches | lr 0.0002 | ms/batch 1274.65 | loss  2.48 | avg loss  2.41 | ppl 11.14
| epoch   3 step    12500 |   1984 batches | lr 0.0002 | ms/batch 1336.71 | loss  2.63 | avg loss  2.43 | ppl 11.37
| epoch   3 step    12600 |   2084 batches | lr 0.0002 | ms/batch 1225.86 | loss  2.73 | avg loss  2.38 | ppl 10.81
| epoch   3 step    12700 |   2184 batches | lr 0.0002 | ms/batch 1262.05 | loss  2.26 | avg loss  2.43 | ppl 11.33
| epoch   3 step    12800 |   2284 batches | lr 0.0002 | ms/batch 1330.56 | loss  2.52 | avg loss  2.44 | ppl 11.45
| epoch   3 step    12900 |   2384 batches | lr 0.0002 | ms/batch 1205.96 | loss  2.32 | avg loss  2.43 | ppl 11.41
| epoch   3 step    13000 |   2484 batches | lr 0.0002 | ms/batch 1219.50 | loss  2.82 | avg loss  2.46 | ppl 11.68
saving checkpoint ./trained_models/GPT2_M/e2e/model.13000.pt
| epoch   3 step    13100 |   2584 batches | lr 0.0002 | ms/batch 1386.54 | loss  2.28 | avg loss  2.41 | ppl 11.11
| epoch   3 step    13200 |   2684 batches | lr 0.0002 | ms/batch 1231.79 | loss  2.37 | avg loss  2.47 | ppl 11.77
| epoch   3 step    13300 |   2784 batches | lr 0.0002 | ms/batch 1244.90 | loss  2.33 | avg loss  2.41 | ppl 11.16
| epoch   3 step    13400 |   2884 batches | lr 0.0002 | ms/batch 1304.36 | loss  2.53 | avg loss  2.41 | ppl 11.17
| epoch   3 step    13500 |   2984 batches | lr 0.0002 | ms/batch 1338.34 | loss  2.79 | avg loss  2.45 | ppl 11.61
| epoch   3 step    13600 |   3084 batches | lr 0.0002 | ms/batch 1184.61 | loss  2.21 | avg loss  2.44 | ppl 11.46
| epoch   3 step    13700 |   3184 batches | lr 0.0002 | ms/batch 1289.54 | loss  2.59 | avg loss  2.48 | ppl 11.96
| epoch   3 step    13800 |   3284 batches | lr 0.0002 | ms/batch 1236.34 | loss  2.21 | avg loss  2.41 | ppl 11.12
| epoch   3 step    13900 |   3384 batches | lr 0.0002 | ms/batch 1336.61 | loss  2.76 | avg loss  2.45 | ppl 11.63
| epoch   3 step    14000 |   3484 batches | lr 0.0002 | ms/batch 1308.21 | loss  2.54 | avg loss  2.47 | ppl 11.77
saving checkpoint ./trained_models/GPT2_M/e2e/model.14000.pt
eval samples: 0 loss: tensor(1.0662, device='cuda:0')
eval samples: 100 loss: tensor(0.8081, device='cuda:0')
eval samples: 200 loss: tensor(1.2104, device='cuda:0')
eval samples: 300 loss: tensor(1.0770, device='cuda:0')
eval samples: 400 loss: tensor(0.8373, device='cuda:0')
eval samples: 500 loss: tensor(0.5588, device='cuda:0')
eval samples: 600 loss: tensor(1.1944, device='cuda:0')
eval samples: 700 loss: tensor(0.6777, device='cuda:0')
eval samples: 800 loss: tensor(1.1072, device='cuda:0')
eval samples: 900 loss: tensor(1.6940, device='cuda:0')
eval samples: 1000 loss: tensor(0.9109, device='cuda:0')
eval samples: 1100 loss: tensor(1.4750, device='cuda:0')
average loss 1.1592908464372158
----------------------------------------------------------------------------------------------------
| Eval   7 at step    14000 | time: 166.72s | valid loss  1.16 | valid ppl  3.19 | best ppl  3.19 
----------------------------------------------------------------------------------------------------
| epoch   3 step    14100 |   3584 batches | lr 0.0002 | ms/batch 3014.68 | loss  2.50 | avg loss  2.40 | ppl 10.98
| epoch   3 step    14200 |   3684 batches | lr 0.0002 | ms/batch 1316.53 | loss  2.42 | avg loss  2.41 | ppl 11.14
| epoch   3 step    14300 |   3784 batches | lr 0.0002 | ms/batch 1307.83 | loss  2.65 | avg loss  2.41 | ppl 11.19
| epoch   3 step    14400 |   3884 batches | lr 0.0002 | ms/batch 1223.63 | loss  2.19 | avg loss  2.43 | ppl 11.31
| epoch   3 step    14500 |   3984 batches | lr 0.0002 | ms/batch 1194.25 | loss  2.26 | avg loss  2.44 | ppl 11.49
| epoch   3 step    14600 |   4084 batches | lr 0.0002 | ms/batch 1235.94 | loss  2.47 | avg loss  2.45 | ppl 11.56
| epoch   3 step    14700 |   4184 batches | lr 0.0002 | ms/batch 1318.65 | loss  2.40 | avg loss  2.42 | ppl 11.19
| epoch   3 step    14800 |   4284 batches | lr 0.0002 | ms/batch 1288.89 | loss  2.44 | avg loss  2.45 | ppl 11.62
| epoch   3 step    14900 |   4384 batches | lr 0.0002 | ms/batch 1341.04 | loss  2.41 | avg loss  2.43 | ppl 11.32
| epoch   3 step    15000 |   4484 batches | lr 0.0002 | ms/batch 1237.74 | loss  2.70 | avg loss  2.46 | ppl 11.65
saving checkpoint ./trained_models/GPT2_M/e2e/model.15000.pt
| epoch   3 step    15100 |   4584 batches | lr 0.0002 | ms/batch 1392.93 | loss  2.26 | avg loss  2.43 | ppl 11.32
| epoch   3 step    15200 |   4684 batches | lr 0.0002 | ms/batch 1281.52 | loss  2.43 | avg loss  2.42 | ppl 11.26
| epoch   3 step    15300 |   4784 batches | lr 0.0002 | ms/batch 1239.74 | loss  2.39 | avg loss  2.46 | ppl 11.73
| epoch   3 step    15400 |   4884 batches | lr 0.0002 | ms/batch 1276.73 | loss  2.30 | avg loss  2.44 | ppl 11.44
| epoch   3 step    15500 |   4984 batches | lr 0.0002 | ms/batch 1199.37 | loss  2.36 | avg loss  2.44 | ppl 11.43
| epoch   3 step    15600 |   5084 batches | lr 0.0002 | ms/batch 1146.29 | loss  2.50 | avg loss  2.42 | ppl 11.28
| epoch   3 step    15700 |   5184 batches | lr 0.0002 | ms/batch 1263.89 | loss  2.40 | avg loss  2.40 | ppl 11.08
saving checkpoint ./trained_models/GPT2_M/e2e/model.15774.pt
start to train the model................ 4
| epoch   4 step    15800 |     26 batches | lr 0.0002 | ms/batch 211.01 | loss  2.26 | avg loss  2.40 | ppl 10.99
| epoch   4 step    15900 |    126 batches | lr 0.0002 | ms/batch 1219.56 | loss  2.29 | avg loss  2.40 | ppl 11.04
| epoch   4 step    16000 |    226 batches | lr 0.0002 | ms/batch 1233.51 | loss  2.42 | avg loss  2.42 | ppl 11.29
saving checkpoint ./trained_models/GPT2_M/e2e/model.16000.pt
eval samples: 0 loss: tensor(1.1612, device='cuda:0')
eval samples: 100 loss: tensor(0.8408, device='cuda:0')
eval samples: 200 loss: tensor(1.1607, device='cuda:0')
eval samples: 300 loss: tensor(1.0920, device='cuda:0')
eval samples: 400 loss: tensor(0.8268, device='cuda:0')
eval samples: 500 loss: tensor(0.5506, device='cuda:0')
eval samples: 600 loss: tensor(1.2429, device='cuda:0')
eval samples: 700 loss: tensor(0.6357, device='cuda:0')
eval samples: 800 loss: tensor(1.1976, device='cuda:0')
eval samples: 900 loss: tensor(1.6692, device='cuda:0')
eval samples: 1000 loss: tensor(0.9107, device='cuda:0')
eval samples: 1100 loss: tensor(1.4721, device='cuda:0')
average loss 1.1669439873977068
----------------------------------------------------------------------------------------------------
| Eval   8 at step    16000 | time: 166.85s | valid loss  1.17 | valid ppl  3.21 | best ppl  3.21 
----------------------------------------------------------------------------------------------------
| epoch   4 step    16100 |    326 batches | lr 0.0002 | ms/batch 2950.91 | loss  2.61 | avg loss  2.40 | ppl 10.97
| epoch   4 step    16200 |    426 batches | lr 0.0002 | ms/batch 1313.59 | loss  2.38 | avg loss  2.41 | ppl 11.13
| epoch   4 step    16300 |    526 batches | lr 0.0002 | ms/batch 1269.56 | loss  2.73 | avg loss  2.39 | ppl 10.97
| epoch   4 step    16400 |    626 batches | lr 0.0002 | ms/batch 1318.22 | loss  2.81 | avg loss  2.41 | ppl 11.13
| epoch   4 step    16500 |    726 batches | lr 0.0002 | ms/batch 1193.98 | loss  2.56 | avg loss  2.44 | ppl 11.44
| epoch   4 step    16600 |    826 batches | lr 0.0002 | ms/batch 1293.58 | loss  2.58 | avg loss  2.41 | ppl 11.13
| epoch   4 step    16700 |    926 batches | lr 0.0002 | ms/batch 1300.77 | loss  2.58 | avg loss  2.42 | ppl 11.23
| epoch   4 step    16800 |   1026 batches | lr 0.0002 | ms/batch 1203.93 | loss  2.40 | avg loss  2.41 | ppl 11.17
| epoch   4 step    16900 |   1126 batches | lr 0.0002 | ms/batch 1251.04 | loss  2.12 | avg loss  2.39 | ppl 10.91
| epoch   4 step    17000 |   1226 batches | lr 0.0002 | ms/batch 1269.36 | loss  2.26 | avg loss  2.39 | ppl 10.93
saving checkpoint ./trained_models/GPT2_M/e2e/model.17000.pt
| epoch   4 step    17100 |   1326 batches | lr 0.0002 | ms/batch 1360.28 | loss  2.62 | avg loss  2.44 | ppl 11.48
| epoch   4 step    17200 |   1426 batches | lr 0.0002 | ms/batch 1288.62 | loss  2.36 | avg loss  2.39 | ppl 10.95
| epoch   4 step    17300 |   1526 batches | lr 0.0002 | ms/batch 1230.53 | loss  2.28 | avg loss  2.42 | ppl 11.30
| epoch   4 step    17400 |   1626 batches | lr 0.0002 | ms/batch 1268.24 | loss  2.24 | avg loss  2.43 | ppl 11.31
| epoch   4 step    17500 |   1726 batches | lr 0.0002 | ms/batch 1302.23 | loss  2.66 | avg loss  2.43 | ppl 11.31
| epoch   4 step    17600 |   1826 batches | lr 0.0002 | ms/batch 1323.35 | loss  2.70 | avg loss  2.44 | ppl 11.43
| epoch   4 step    17700 |   1926 batches | lr 0.0002 | ms/batch 1237.30 | loss  2.35 | avg loss  2.41 | ppl 11.12
| epoch   4 step    17800 |   2026 batches | lr 0.0002 | ms/batch 1239.79 | loss  2.56 | avg loss  2.44 | ppl 11.46
| epoch   4 step    17900 |   2126 batches | lr 0.0002 | ms/batch 1263.36 | loss  2.41 | avg loss  2.41 | ppl 11.13
| epoch   4 step    18000 |   2226 batches | lr 0.0002 | ms/batch 1232.12 | loss  2.92 | avg loss  2.41 | ppl 11.18
saving checkpoint ./trained_models/GPT2_M/e2e/model.18000.pt
eval samples: 0 loss: tensor(1.1238, device='cuda:0')
eval samples: 100 loss: tensor(0.8448, device='cuda:0')
eval samples: 200 loss: tensor(1.2454, device='cuda:0')
eval samples: 300 loss: tensor(1.0691, device='cuda:0')
eval samples: 400 loss: tensor(0.8371, device='cuda:0')
eval samples: 500 loss: tensor(0.6263, device='cuda:0')
eval samples: 600 loss: tensor(1.2370, device='cuda:0')
eval samples: 700 loss: tensor(0.6818, device='cuda:0')
eval samples: 800 loss: tensor(1.1377, device='cuda:0')
eval samples: 900 loss: tensor(1.7519, device='cuda:0')
eval samples: 1000 loss: tensor(0.9024, device='cuda:0')
eval samples: 1100 loss: tensor(1.5145, device='cuda:0')
average loss 1.1821969765404317
----------------------------------------------------------------------------------------------------
| Eval   9 at step    18000 | time: 167.01s | valid loss  1.18 | valid ppl  3.26 | best ppl  3.21 
----------------------------------------------------------------------------------------------------
| epoch   4 step    18100 |   2326 batches | lr 0.0002 | ms/batch 3008.84 | loss  2.58 | avg loss  2.40 | ppl 11.07
| epoch   4 step    18200 |   2426 batches | lr 0.0002 | ms/batch 1326.20 | loss  2.33 | avg loss  2.42 | ppl 11.27
| epoch   4 step    18300 |   2526 batches | lr 0.0002 | ms/batch 1219.75 | loss  2.33 | avg loss  2.43 | ppl 11.32
| epoch   4 step    18400 |   2626 batches | lr 0.0002 | ms/batch 1323.29 | loss  2.55 | avg loss  2.40 | ppl 11.04
| epoch   4 step    18500 |   2726 batches | lr 0.0002 | ms/batch 1242.73 | loss  2.45 | avg loss  2.39 | ppl 10.96
| epoch   4 step    18600 |   2826 batches | lr 0.0002 | ms/batch 1156.16 | loss  2.23 | avg loss  2.44 | ppl 11.42
| epoch   4 step    18700 |   2926 batches | lr 0.0002 | ms/batch 1332.09 | loss  2.20 | avg loss  2.40 | ppl 11.02
| epoch   4 step    18800 |   3026 batches | lr 0.0002 | ms/batch 1298.26 | loss  2.21 | avg loss  2.43 | ppl 11.34
| epoch   4 step    18900 |   3126 batches | lr 0.0002 | ms/batch 1237.76 | loss  2.36 | avg loss  2.42 | ppl 11.23
| epoch   4 step    19000 |   3226 batches | lr 0.0002 | ms/batch 1230.34 | loss  2.72 | avg loss  2.43 | ppl 11.33
saving checkpoint ./trained_models/GPT2_M/e2e/model.19000.pt
| epoch   4 step    19100 |   3326 batches | lr 0.0002 | ms/batch 1435.50 | loss  2.57 | avg loss  2.41 | ppl 11.11
| epoch   4 step    19200 |   3426 batches | lr 0.0002 | ms/batch 1187.36 | loss  2.52 | avg loss  2.39 | ppl 10.96
| epoch   4 step    19300 |   3526 batches | lr 0.0002 | ms/batch 1237.75 | loss  2.48 | avg loss  2.43 | ppl 11.37
| epoch   4 step    19400 |   3626 batches | lr 0.0002 | ms/batch 1286.51 | loss  2.46 | avg loss  2.42 | ppl 11.20
| epoch   4 step    19500 |   3726 batches | lr 0.0002 | ms/batch 1220.94 | loss  2.18 | avg loss  2.41 | ppl 11.18
| epoch   4 step    19600 |   3826 batches | lr 0.0002 | ms/batch 1245.48 | loss  2.63 | avg loss  2.42 | ppl 11.26
| epoch   4 step    19700 |   3926 batches | lr 0.0002 | ms/batch 1358.15 | loss  2.53 | avg loss  2.42 | ppl 11.22
| epoch   4 step    19800 |   4026 batches | lr 0.0002 | ms/batch 1275.18 | loss  2.46 | avg loss  2.42 | ppl 11.27
| epoch   4 step    19900 |   4126 batches | lr 0.0002 | ms/batch 1299.43 | loss  2.23 | avg loss  2.45 | ppl 11.61
| epoch   4 step    20000 |   4226 batches | lr 0.0002 | ms/batch 1266.80 | loss  2.31 | avg loss  2.42 | ppl 11.30
saving checkpoint ./trained_models/GPT2_M/e2e/model.20000.pt
eval samples: 0 loss: tensor(1.2156, device='cuda:0')
eval samples: 100 loss: tensor(0.8830, device='cuda:0')
eval samples: 200 loss: tensor(1.1986, device='cuda:0')
eval samples: 300 loss: tensor(1.0827, device='cuda:0')
eval samples: 400 loss: tensor(0.8069, device='cuda:0')
eval samples: 500 loss: tensor(0.5936, device='cuda:0')
eval samples: 600 loss: tensor(1.1955, device='cuda:0')
eval samples: 700 loss: tensor(0.6735, device='cuda:0')
eval samples: 800 loss: tensor(1.1623, device='cuda:0')
eval samples: 900 loss: tensor(1.6014, device='cuda:0')
eval samples: 1000 loss: tensor(0.9263, device='cuda:0')
eval samples: 1100 loss: tensor(1.4381, device='cuda:0')
average loss 1.1768538313981605
----------------------------------------------------------------------------------------------------
| Eval  10 at step    20000 | time: 167.21s | valid loss  1.18 | valid ppl  3.24 | best ppl  3.21 
----------------------------------------------------------------------------------------------------
| epoch   4 step    20100 |   4326 batches | lr 0.0002 | ms/batch 2933.78 | loss  2.30 | avg loss  2.41 | ppl 11.09
| epoch   4 step    20200 |   4426 batches | lr 0.0002 | ms/batch 1285.45 | loss  2.42 | avg loss  2.43 | ppl 11.31
| epoch   4 step    20300 |   4526 batches | lr 0.0002 | ms/batch 1240.39 | loss  2.48 | avg loss  2.44 | ppl 11.52
| epoch   4 step    20400 |   4626 batches | lr 0.0002 | ms/batch 1296.27 | loss  2.40 | avg loss  2.42 | ppl 11.23
| epoch   4 step    20500 |   4726 batches | lr 0.0002 | ms/batch 1278.23 | loss  2.66 | avg loss  2.40 | ppl 11.00
| epoch   4 step    20600 |   4826 batches | lr 0.0002 | ms/batch 1252.51 | loss  2.56 | avg loss  2.45 | ppl 11.53
| epoch   4 step    20700 |   4926 batches | lr 0.0002 | ms/batch 1202.86 | loss  2.52 | avg loss  2.41 | ppl 11.18
| epoch   4 step    20800 |   5026 batches | lr 0.0002 | ms/batch 1327.86 | loss  2.22 | avg loss  2.44 | ppl 11.42
| epoch   4 step    20900 |   5126 batches | lr 0.0002 | ms/batch 1345.62 | loss  2.33 | avg loss  2.41 | ppl 11.08
| epoch   4 step    21000 |   5226 batches | lr 0.0002 | ms/batch 1293.63 | loss  2.25 | avg loss  2.41 | ppl 11.16
saving checkpoint ./trained_models/GPT2_M/e2e/model.21000.pt
saving checkpoint ./trained_models/GPT2_M/e2e/model.21032.pt
start to train the model................ 5
| epoch   5 step    21100 |     68 batches | lr 0.0002 | ms/batch 741.93 | loss  2.58 | avg loss  2.43 | ppl 11.32
| epoch   5 step    21200 |    168 batches | lr 0.0002 | ms/batch 1241.15 | loss  2.53 | avg loss  2.36 | ppl 10.61
| epoch   5 step    21300 |    268 batches | lr 0.0002 | ms/batch 1238.17 | loss  2.21 | avg loss  2.41 | ppl 11.19
| epoch   5 step    21400 |    368 batches | lr 0.0002 | ms/batch 1245.35 | loss  2.48 | avg loss  2.40 | ppl 11.06
| epoch   5 step    21500 |    468 batches | lr 0.0002 | ms/batch 1337.50 | loss  2.61 | avg loss  2.41 | ppl 11.19
| epoch   5 step    21600 |    568 batches | lr 0.0002 | ms/batch 1229.05 | loss  2.71 | avg loss  2.37 | ppl 10.74
| epoch   5 step    21700 |    668 batches | lr 0.0002 | ms/batch 1256.17 | loss  2.71 | avg loss  2.41 | ppl 11.17
| epoch   5 step    21800 |    768 batches | lr 0.0002 | ms/batch 1332.09 | loss  2.35 | avg loss  2.42 | ppl 11.23
| epoch   5 step    21900 |    868 batches | lr 0.0002 | ms/batch 1245.20 | loss  2.62 | avg loss  2.40 | ppl 11.05
| epoch   5 step    22000 |    968 batches | lr 0.0002 | ms/batch 1287.14 | loss  2.28 | avg loss  2.35 | ppl 10.52
saving checkpoint ./trained_models/GPT2_M/e2e/model.22000.pt
eval samples: 0 loss: tensor(1.1635, device='cuda:0')
eval samples: 100 loss: tensor(0.8350, device='cuda:0')
eval samples: 200 loss: tensor(1.2549, device='cuda:0')
eval samples: 300 loss: tensor(1.0843, device='cuda:0')
eval samples: 400 loss: tensor(0.7865, device='cuda:0')
eval samples: 500 loss: tensor(0.5726, device='cuda:0')
eval samples: 600 loss: tensor(1.1635, device='cuda:0')
eval samples: 700 loss: tensor(0.6629, device='cuda:0')
eval samples: 800 loss: tensor(1.1200, device='cuda:0')
eval samples: 900 loss: tensor(1.7064, device='cuda:0')
eval samples: 1000 loss: tensor(0.8867, device='cuda:0')
eval samples: 1100 loss: tensor(1.4984, device='cuda:0')
average loss 1.1552126195843089
----------------------------------------------------------------------------------------------------
| Eval  11 at step    22000 | time: 167.18s | valid loss  1.16 | valid ppl  3.17 | best ppl  3.17 
----------------------------------------------------------------------------------------------------
| epoch   5 step    22100 |   1068 batches | lr 0.0002 | ms/batch 3021.47 | loss  2.52 | avg loss  2.38 | ppl 10.84
| epoch   5 step    22200 |   1168 batches | lr 0.0002 | ms/batch 1312.59 | loss  2.83 | avg loss  2.41 | ppl 11.18
| epoch   5 step    22300 |   1268 batches | lr 0.0002 | ms/batch 1226.45 | loss  2.30 | avg loss  2.42 | ppl 11.19
| epoch   5 step    22400 |   1368 batches | lr 0.0002 | ms/batch 1313.56 | loss  2.19 | avg loss  2.36 | ppl 10.64
| epoch   5 step    22500 |   1468 batches | lr 0.0002 | ms/batch 1253.12 | loss  2.54 | avg loss  2.41 | ppl 11.12
| epoch   5 step    22600 |   1568 batches | lr 0.0002 | ms/batch 1320.32 | loss  2.68 | avg loss  2.41 | ppl 11.14
| epoch   5 step    22700 |   1668 batches | lr 0.0002 | ms/batch 1200.83 | loss  2.31 | avg loss  2.40 | ppl 11.03
| epoch   5 step    22800 |   1768 batches | lr 0.0002 | ms/batch 1248.02 | loss  2.26 | avg loss  2.41 | ppl 11.17
| epoch   5 step    22900 |   1868 batches | lr 0.0002 | ms/batch 1309.64 | loss  2.72 | avg loss  2.45 | ppl 11.54
| epoch   5 step    23000 |   1968 batches | lr 0.0002 | ms/batch 1173.12 | loss  2.31 | avg loss  2.40 | ppl 11.02
saving checkpoint ./trained_models/GPT2_M/e2e/model.23000.pt
| epoch   5 step    23100 |   2068 batches | lr 0.0002 | ms/batch 1441.33 | loss  2.47 | avg loss  2.43 | ppl 11.33
| epoch   5 step    23200 |   2168 batches | lr 0.0002 | ms/batch 1158.13 | loss  2.57 | avg loss  2.40 | ppl 11.01
| epoch   5 step    23300 |   2268 batches | lr 0.0002 | ms/batch 1218.17 | loss  2.23 | avg loss  2.38 | ppl 10.83
| epoch   5 step    23400 |   2368 batches | lr 0.0002 | ms/batch 1332.33 | loss  2.35 | avg loss  2.41 | ppl 11.13
| epoch   5 step    23500 |   2468 batches | lr 0.0002 | ms/batch 1191.44 | loss  2.23 | avg loss  2.38 | ppl 10.83
| epoch   5 step    23600 |   2568 batches | lr 0.0002 | ms/batch 1280.11 | loss  2.13 | avg loss  2.39 | ppl 10.96
| epoch   5 step    23700 |   2668 batches | lr 0.0002 | ms/batch 1279.82 | loss  2.28 | avg loss  2.37 | ppl 10.73
| epoch   5 step    23800 |   2768 batches | lr 0.0002 | ms/batch 1358.00 | loss  2.47 | avg loss  2.42 | ppl 11.21
| epoch   5 step    23900 |   2868 batches | lr 0.0002 | ms/batch 1255.71 | loss  2.46 | avg loss  2.39 | ppl 10.89
| epoch   5 step    24000 |   2968 batches | lr 0.0002 | ms/batch 1293.55 | loss  2.29 | avg loss  2.41 | ppl 11.18
saving checkpoint ./trained_models/GPT2_M/e2e/model.24000.pt
eval samples: 0 loss: tensor(1.0920, device='cuda:0')
eval samples: 100 loss: tensor(0.8035, device='cuda:0')
eval samples: 200 loss: tensor(1.2142, device='cuda:0')
eval samples: 300 loss: tensor(1.0568, device='cuda:0')
eval samples: 400 loss: tensor(0.8103, device='cuda:0')
eval samples: 500 loss: tensor(0.5847, device='cuda:0')
eval samples: 600 loss: tensor(1.2472, device='cuda:0')
eval samples: 700 loss: tensor(0.6473, device='cuda:0')
eval samples: 800 loss: tensor(1.1673, device='cuda:0')
eval samples: 900 loss: tensor(1.6527, device='cuda:0')
eval samples: 1000 loss: tensor(0.8932, device='cuda:0')
eval samples: 1100 loss: tensor(1.4360, device='cuda:0')
average loss 1.1597788881204307
----------------------------------------------------------------------------------------------------
| Eval  12 at step    24000 | time: 167.46s | valid loss  1.16 | valid ppl  3.19 | best ppl  3.17 
----------------------------------------------------------------------------------------------------
| epoch   5 step    24100 |   3068 batches | lr 0.0002 | ms/batch 3024.62 | loss  2.50 | avg loss  2.44 | ppl 11.42
| epoch   5 step    24200 |   3168 batches | lr 0.0002 | ms/batch 1279.00 | loss  2.59 | avg loss  2.37 | ppl 10.74
| epoch   5 step    24300 |   3268 batches | lr 0.0002 | ms/batch 1181.12 | loss  2.51 | avg loss  2.42 | ppl 11.27
| epoch   5 step    24400 |   3368 batches | lr 0.0002 | ms/batch 1267.01 | loss  2.55 | avg loss  2.40 | ppl 11.07
| epoch   5 step    24500 |   3468 batches | lr 0.0002 | ms/batch 1172.76 | loss  2.25 | avg loss  2.41 | ppl 11.09
| epoch   5 step    24600 |   3568 batches | lr 0.0002 | ms/batch 1318.57 | loss  2.46 | avg loss  2.40 | ppl 11.05
| epoch   5 step    24700 |   3668 batches | lr 0.0002 | ms/batch 1275.60 | loss  2.65 | avg loss  2.44 | ppl 11.47
| epoch   5 step    24800 |   3768 batches | lr 0.0002 | ms/batch 1249.62 | loss  2.71 | avg loss  2.40 | ppl 11.05
| epoch   5 step    24900 |   3868 batches | lr 0.0002 | ms/batch 1170.87 | loss  2.24 | avg loss  2.41 | ppl 11.11
| epoch   5 step    25000 |   3968 batches | lr 0.0002 | ms/batch 1252.21 | loss  2.31 | avg loss  2.41 | ppl 11.16
saving checkpoint ./trained_models/GPT2_M/e2e/model.25000.pt
| epoch   5 step    25100 |   4068 batches | lr 0.0002 | ms/batch 1265.48 | loss  2.53 | avg loss  2.39 | ppl 10.95
| epoch   5 step    25200 |   4168 batches | lr 0.0002 | ms/batch 1294.98 | loss  2.27 | avg loss  2.42 | ppl 11.29
| epoch   5 step    25300 |   4268 batches | lr 0.0002 | ms/batch 1335.08 | loss  2.36 | avg loss  2.38 | ppl 10.86
| epoch   5 step    25400 |   4368 batches | lr 0.0002 | ms/batch 1172.44 | loss  2.67 | avg loss  2.38 | ppl 10.81
| epoch   5 step    25500 |   4468 batches | lr 0.0002 | ms/batch 1206.83 | loss  2.44 | avg loss  2.41 | ppl 11.08
| epoch   5 step    25600 |   4568 batches | lr 0.0002 | ms/batch 1275.59 | loss  2.67 | avg loss  2.41 | ppl 11.12
| epoch   5 step    25700 |   4668 batches | lr 0.0002 | ms/batch 1315.53 | loss  2.66 | avg loss  2.45 | ppl 11.65
| epoch   5 step    25800 |   4768 batches | lr 0.0002 | ms/batch 1207.39 | loss  2.46 | avg loss  2.43 | ppl 11.34
| epoch   5 step    25900 |   4868 batches | lr 0.0002 | ms/batch 1317.10 | loss  2.28 | avg loss  2.40 | ppl 11.02
| epoch   5 step    26000 |   4968 batches | lr 0.0002 | ms/batch 1289.22 | loss  2.38 | avg loss  2.43 | ppl 11.32
saving checkpoint ./trained_models/GPT2_M/e2e/model.26000.pt
eval samples: 0 loss: tensor(1.1590, device='cuda:0')
eval samples: 100 loss: tensor(0.8027, device='cuda:0')
eval samples: 200 loss: tensor(1.2346, device='cuda:0')
eval samples: 300 loss: tensor(1.0927, device='cuda:0')
eval samples: 400 loss: tensor(0.8148, device='cuda:0')
eval samples: 500 loss: tensor(0.5922, device='cuda:0')
eval samples: 600 loss: tensor(1.1696, device='cuda:0')
eval samples: 700 loss: tensor(0.6366, device='cuda:0')
eval samples: 800 loss: tensor(1.1455, device='cuda:0')
eval samples: 900 loss: tensor(1.6401, device='cuda:0')
eval samples: 1000 loss: tensor(0.8717, device='cuda:0')
eval samples: 1100 loss: tensor(1.4259, device='cuda:0')
average loss 1.1588911594287172
----------------------------------------------------------------------------------------------------
| Eval  13 at step    26000 | time: 167.23s | valid loss  1.16 | valid ppl  3.19 | best ppl  3.17 
----------------------------------------------------------------------------------------------------
| epoch   5 step    26100 |   5068 batches | lr 0.0002 | ms/batch 2938.66 | loss  2.40 | avg loss  2.40 | ppl 11.06
| epoch   5 step    26200 |   5168 batches | lr 0.0002 | ms/batch 1260.99 | loss  2.49 | avg loss  2.40 | ppl 10.98
saving checkpoint ./trained_models/GPT2_M/e2e/model.26290.pt
----------------------------------------------------------------------------------------------------
End of training
cleanup dist ...
[rank0]:[W627 23:52:01.125408636 ProcessGroupNCCL.cpp:1479] Warning: WARNING: destroy_process_group() was not called before program exit, which can leak resources. For more info, please see https://pytorch.org/docs/stable/distributed.html#shutdown (function operator())
