nohup: ignoring input
myrank: 0 local_rank: 0 device_count: 1 world_size: 1
====================================================================================================
        - platform : local
        - local_rank : 0
        - rank : 0
        - device : cuda:0
        - world_size : 1
        - random_seed : 110
        - lr : 0.0002
        - weight_decay : 0.01
        - correct_bias : True
        - adam_epislon : 1e-06
        - no_decay_bias : False
        - adam_beta1 : 0.9
        - adam_beta2 : 0.999
        - scheduler : None
        - max_step : None
        - max_epoch : 5
        - warmup_step : 500
        - i_steps : 0
        - i_lrs : 0.00025
        - galore_rank : 4
        - update_proj_gap : 50
        - galore_scale : 1.0
        - proj_type : std
        - train_data : ./data/e2e/train.jsonl
        - valid_data : ./data/e2e/valid.jsonl
        - train_batch_size : 8
        - valid_batch_size : 4
        - grad_acc : 1
        - clip : 0.0
        - seq_len : 512
        - model_card : gpt2.md
        - init_checkpoint : ./pretrained_checkpoints/gpt2-medium-pytorch_model.bin
        - fp16 : False
        - log_interval : 100
        - eval_interval : 2000
        - save_interval : 1000
        - work_dir : ./trained_models/GPT2_M/e2e
        - lora_dim : 0
        - lora_alpha : 32
        - obj : clm
        - lora_dropout : 0.1
        - label_smooth : 0.1
        - roll_interval : -1
        - roll_lr : 1e-05
        - roll_step : 100
        - eval_epoch : 1
        - dist : <module 'torch.distributed' from '/home/ycyh/miniconda3/envs/LoRA/lib/python3.11/site-packages/torch/distributed/__init__.py'>
====================================================================================================
Experiment dir : ./trained_models/GPT2_M/e2e
loading model pretrained weight.
MoFaSGD 2D parameter count: 354.50M
Skipped 1D parameter count : 0.32M
set max_step: 26290
start to train the model................ 1
| epoch   1 step      100 |    100 batches | lr 0.0002 | ms/batch 1200.29 | loss  3.34 | avg loss  3.20 | ppl 24.65
| epoch   1 step      200 |    200 batches | lr 0.0002 | ms/batch 1207.70 | loss  2.81 | avg loss  2.82 | ppl 16.84
| epoch   1 step      300 |    300 batches | lr 0.0002 | ms/batch 1255.62 | loss  2.72 | avg loss  2.75 | ppl 15.66
| epoch   1 step      400 |    400 batches | lr 0.0002 | ms/batch 1260.85 | loss  2.85 | avg loss  2.74 | ppl 15.44
| epoch   1 step      500 |    500 batches | lr 0.0002 | ms/batch 1216.13 | loss  2.60 | avg loss  2.68 | ppl 14.58
| epoch   1 step      600 |    600 batches | lr 0.0002 | ms/batch 1255.03 | loss  2.59 | avg loss  2.65 | ppl 14.09
| epoch   1 step      700 |    700 batches | lr 0.0002 | ms/batch 1205.78 | loss  2.69 | avg loss  2.63 | ppl 13.84
| epoch   1 step      800 |    800 batches | lr 0.0002 | ms/batch 1191.78 | loss  2.32 | avg loss  2.60 | ppl 13.50
| epoch   1 step      900 |    900 batches | lr 0.0002 | ms/batch 1234.19 | loss  2.40 | avg loss  2.60 | ppl 13.41
| epoch   1 step     1000 |   1000 batches | lr 0.0002 | ms/batch 1132.48 | loss  3.01 | avg loss  2.62 | ppl 13.71
saving checkpoint ./trained_models/GPT2_M/e2e/model.1000.pt
/home/ycyh/miniconda3/envs/LoRA/lib/python3.11/site-packages/torch/distributed/distributed_c10d.py:4631: UserWarning: No device id is provided via `init_process_group` or `barrier `. Using the current device set by the user. 
  warnings.warn(  # warn only once
| epoch   1 step     1100 |   1100 batches | lr 0.0002 | ms/batch 1297.80 | loss  2.66 | avg loss  2.62 | ppl 13.72
| epoch   1 step     1200 |   1200 batches | lr 0.0002 | ms/batch 1146.74 | loss  2.46 | avg loss  2.62 | ppl 13.69
| epoch   1 step     1300 |   1300 batches | lr 0.0002 | ms/batch 1233.79 | loss  2.50 | avg loss  2.59 | ppl 13.33
| epoch   1 step     1400 |   1400 batches | lr 0.0002 | ms/batch 1200.28 | loss  2.55 | avg loss  2.59 | ppl 13.29
| epoch   1 step     1500 |   1500 batches | lr 0.0002 | ms/batch 1208.20 | loss  2.55 | avg loss  2.60 | ppl 13.49
| epoch   1 step     1600 |   1600 batches | lr 0.0002 | ms/batch 1181.14 | loss  2.62 | avg loss  2.56 | ppl 12.94
| epoch   1 step     1700 |   1700 batches | lr 0.0002 | ms/batch 1271.61 | loss  2.47 | avg loss  2.57 | ppl 13.06
| epoch   1 step     1800 |   1800 batches | lr 0.0002 | ms/batch 1259.18 | loss  2.44 | avg loss  2.57 | ppl 13.01
| epoch   1 step     1900 |   1900 batches | lr 0.0002 | ms/batch 1214.39 | loss  2.57 | avg loss  2.57 | ppl 13.05
| epoch   1 step     2000 |   2000 batches | lr 0.0002 | ms/batch 1247.66 | loss  2.41 | avg loss  2.55 | ppl 12.86
saving checkpoint ./trained_models/GPT2_M/e2e/model.2000.pt
/home/ycyh/miniconda3/envs/LoRA/lib/python3.11/site-packages/torch/nn/_reduction.py:51: UserWarning: size_average and reduce args will be deprecated, please use reduction='none' instead.
  warnings.warn(warning.format(ret))
eval samples: 0 loss: tensor(1.2547, device='cuda:0')
eval samples: 100 loss: tensor(0.8824, device='cuda:0')
eval samples: 200 loss: tensor(1.3369, device='cuda:0')
eval samples: 300 loss: tensor(1.1285, device='cuda:0')
eval samples: 400 loss: tensor(0.8719, device='cuda:0')
eval samples: 500 loss: tensor(0.7088, device='cuda:0')
eval samples: 600 loss: tensor(1.2697, device='cuda:0')
eval samples: 700 loss: tensor(0.7710, device='cuda:0')
eval samples: 800 loss: tensor(1.1967, device='cuda:0')
eval samples: 900 loss: tensor(1.7146, device='cuda:0')
eval samples: 1000 loss: tensor(1.0897, device='cuda:0')
eval samples: 1100 loss: tensor(1.4798, device='cuda:0')
average loss 1.2527635950748235
----------------------------------------------------------------------------------------------------
| Eval   1 at step     2000 | time: 166.72s | valid loss  1.25 | valid ppl  3.50 | best ppl  3.50 
----------------------------------------------------------------------------------------------------
| epoch   1 step     2100 |   2100 batches | lr 0.0002 | ms/batch 3004.93 | loss  2.57 | avg loss  2.55 | ppl 12.85
| epoch   1 step     2200 |   2200 batches | lr 0.0002 | ms/batch 1199.71 | loss  2.80 | avg loss  2.55 | ppl 12.76
| epoch   1 step     2300 |   2300 batches | lr 0.0002 | ms/batch 1206.78 | loss  2.51 | avg loss  2.54 | ppl 12.68
| epoch   1 step     2400 |   2400 batches | lr 0.0002 | ms/batch 1131.60 | loss  2.32 | avg loss  2.54 | ppl 12.72
| epoch   1 step     2500 |   2500 batches | lr 0.0002 | ms/batch 1169.72 | loss  2.74 | avg loss  2.56 | ppl 12.95
| epoch   1 step     2600 |   2600 batches | lr 0.0002 | ms/batch 1264.31 | loss  2.70 | avg loss  2.54 | ppl 12.74
| epoch   1 step     2700 |   2700 batches | lr 0.0002 | ms/batch 1196.97 | loss  2.60 | avg loss  2.53 | ppl 12.60
| epoch   1 step     2800 |   2800 batches | lr 0.0002 | ms/batch 1266.96 | loss  2.27 | avg loss  2.57 | ppl 13.04
| epoch   1 step     2900 |   2900 batches | lr 0.0002 | ms/batch 1271.07 | loss  2.75 | avg loss  2.55 | ppl 12.81
| epoch   1 step     3000 |   3000 batches | lr 0.0002 | ms/batch 1202.18 | loss  2.54 | avg loss  2.52 | ppl 12.39
saving checkpoint ./trained_models/GPT2_M/e2e/model.3000.pt
| epoch   1 step     3100 |   3100 batches | lr 0.0002 | ms/batch 1339.06 | loss  2.73 | avg loss  2.52 | ppl 12.40
| epoch   1 step     3200 |   3200 batches | lr 0.0002 | ms/batch 1218.65 | loss  2.58 | avg loss  2.55 | ppl 12.81
| epoch   1 step     3300 |   3300 batches | lr 0.0002 | ms/batch 1198.12 | loss  2.91 | avg loss  2.51 | ppl 12.33
| epoch   1 step     3400 |   3400 batches | lr 0.0002 | ms/batch 1261.71 | loss  2.45 | avg loss  2.51 | ppl 12.32
| epoch   1 step     3500 |   3500 batches | lr 0.0002 | ms/batch 1206.34 | loss  2.30 | avg loss  2.55 | ppl 12.76
| epoch   1 step     3600 |   3600 batches | lr 0.0002 | ms/batch 1248.51 | loss  2.43 | avg loss  2.55 | ppl 12.77
| epoch   1 step     3700 |   3700 batches | lr 0.0002 | ms/batch 1257.50 | loss  2.49 | avg loss  2.51 | ppl 12.36
| epoch   1 step     3800 |   3800 batches | lr 0.0002 | ms/batch 1223.45 | loss  2.48 | avg loss  2.47 | ppl 11.86
| epoch   1 step     3900 |   3900 batches | lr 0.0002 | ms/batch 1204.74 | loss  2.23 | avg loss  2.55 | ppl 12.75
| epoch   1 step     4000 |   4000 batches | lr 0.0002 | ms/batch 1151.36 | loss  2.54 | avg loss  2.55 | ppl 12.78
saving checkpoint ./trained_models/GPT2_M/e2e/model.4000.pt
eval samples: 0 loss: tensor(1.2031, device='cuda:0')
eval samples: 100 loss: tensor(0.9077, device='cuda:0')
eval samples: 200 loss: tensor(1.3002, device='cuda:0')
eval samples: 300 loss: tensor(1.1004, device='cuda:0')
eval samples: 400 loss: tensor(0.8859, device='cuda:0')
eval samples: 500 loss: tensor(0.6539, device='cuda:0')
eval samples: 600 loss: tensor(1.2488, device='cuda:0')
eval samples: 700 loss: tensor(0.7339, device='cuda:0')
eval samples: 800 loss: tensor(1.1423, device='cuda:0')
eval samples: 900 loss: tensor(1.7343, device='cuda:0')
eval samples: 1000 loss: tensor(1.0234, device='cuda:0')
eval samples: 1100 loss: tensor(1.4459, device='cuda:0')
average loss 1.2171692141421038
----------------------------------------------------------------------------------------------------
| Eval   2 at step     4000 | time: 166.73s | valid loss  1.22 | valid ppl  3.38 | best ppl  3.38 
----------------------------------------------------------------------------------------------------
| epoch   1 step     4100 |   4100 batches | lr 0.0002 | ms/batch 3039.65 | loss  2.62 | avg loss  2.50 | ppl 12.23
| epoch   1 step     4200 |   4200 batches | lr 0.0002 | ms/batch 1231.73 | loss  2.56 | avg loss  2.51 | ppl 12.33
| epoch   1 step     4300 |   4300 batches | lr 0.0002 | ms/batch 1258.24 | loss  2.32 | avg loss  2.47 | ppl 11.79
| epoch   1 step     4400 |   4400 batches | lr 0.0002 | ms/batch 1281.66 | loss  2.58 | avg loss  2.50 | ppl 12.17
| epoch   1 step     4500 |   4500 batches | lr 0.0002 | ms/batch 1285.57 | loss  2.67 | avg loss  2.52 | ppl 12.47
| epoch   1 step     4600 |   4600 batches | lr 0.0002 | ms/batch 1129.89 | loss  2.47 | avg loss  2.52 | ppl 12.45
| epoch   1 step     4700 |   4700 batches | lr 0.0002 | ms/batch 1271.24 | loss  2.31 | avg loss  2.51 | ppl 12.36
| epoch   1 step     4800 |   4800 batches | lr 0.0002 | ms/batch 1166.20 | loss  2.68 | avg loss  2.49 | ppl 12.02
| epoch   1 step     4900 |   4900 batches | lr 0.0002 | ms/batch 1276.02 | loss  2.57 | avg loss  2.50 | ppl 12.15
| epoch   1 step     5000 |   5000 batches | lr 0.0002 | ms/batch 1223.46 | loss  2.25 | avg loss  2.48 | ppl 11.92
saving checkpoint ./trained_models/GPT2_M/e2e/model.5000.pt
| epoch   1 step     5100 |   5100 batches | lr 0.0002 | ms/batch 1305.20 | loss  2.55 | avg loss  2.51 | ppl 12.33
| epoch   1 step     5200 |   5200 batches | lr 0.0002 | ms/batch 1280.34 | loss  2.69 | avg loss  2.50 | ppl 12.18
saving checkpoint ./trained_models/GPT2_M/e2e/model.5258.pt
start to train the model................ 2
| epoch   2 step     5300 |     42 batches | lr 0.0002 | ms/batch 334.58 | loss  2.38 | avg loss  2.44 | ppl 11.46
| epoch   2 step     5400 |    142 batches | lr 0.0002 | ms/batch 1249.27 | loss  2.47 | avg loss  2.50 | ppl 12.14
| epoch   2 step     5500 |    242 batches | lr 0.0002 | ms/batch 1210.23 | loss  2.49 | avg loss  2.48 | ppl 11.96
| epoch   2 step     5600 |    342 batches | lr 0.0002 | ms/batch 1214.97 | loss  2.15 | avg loss  2.50 | ppl 12.13
| epoch   2 step     5700 |    442 batches | lr 0.0002 | ms/batch 1195.26 | loss  2.45 | avg loss  2.49 | ppl 12.07
| epoch   2 step     5800 |    542 batches | lr 0.0002 | ms/batch 1314.89 | loss  2.51 | avg loss  2.47 | ppl 11.77
| epoch   2 step     5900 |    642 batches | lr 0.0002 | ms/batch 1182.67 | loss  2.57 | avg loss  2.50 | ppl 12.13
| epoch   2 step     6000 |    742 batches | lr 0.0002 | ms/batch 1216.03 | loss  2.23 | avg loss  2.45 | ppl 11.63
saving checkpoint ./trained_models/GPT2_M/e2e/model.6000.pt
eval samples: 0 loss: tensor(1.1768, device='cuda:0')
eval samples: 100 loss: tensor(0.8620, device='cuda:0')
eval samples: 200 loss: tensor(1.1815, device='cuda:0')
eval samples: 300 loss: tensor(1.0705, device='cuda:0')
eval samples: 400 loss: tensor(0.8610, device='cuda:0')
eval samples: 500 loss: tensor(0.6134, device='cuda:0')
eval samples: 600 loss: tensor(1.2324, device='cuda:0')
eval samples: 700 loss: tensor(0.7216, device='cuda:0')
eval samples: 800 loss: tensor(1.1484, device='cuda:0')
eval samples: 900 loss: tensor(1.7288, device='cuda:0')
eval samples: 1000 loss: tensor(0.9994, device='cuda:0')
eval samples: 1100 loss: tensor(1.4416, device='cuda:0')
average loss 1.1869917587466436
----------------------------------------------------------------------------------------------------
| Eval   3 at step     6000 | time: 167.36s | valid loss  1.19 | valid ppl  3.28 | best ppl  3.28 
----------------------------------------------------------------------------------------------------
| epoch   2 step     6100 |    842 batches | lr 0.0002 | ms/batch 2884.16 | loss  2.27 | avg loss  2.48 | ppl 11.94
| epoch   2 step     6200 |    942 batches | lr 0.0002 | ms/batch 1229.98 | loss  2.34 | avg loss  2.48 | ppl 11.97
| epoch   2 step     6300 |   1042 batches | lr 0.0002 | ms/batch 1275.33 | loss  2.66 | avg loss  2.48 | ppl 11.94
| epoch   2 step     6400 |   1142 batches | lr 0.0002 | ms/batch 1196.67 | loss  2.28 | avg loss  2.48 | ppl 11.90
| epoch   2 step     6500 |   1242 batches | lr 0.0002 | ms/batch 1210.84 | loss  2.32 | avg loss  2.50 | ppl 12.16
| epoch   2 step     6600 |   1342 batches | lr 0.0002 | ms/batch 1256.98 | loss  2.74 | avg loss  2.47 | ppl 11.86
| epoch   2 step     6700 |   1442 batches | lr 0.0002 | ms/batch 1168.83 | loss  2.42 | avg loss  2.48 | ppl 11.98
| epoch   2 step     6800 |   1542 batches | lr 0.0002 | ms/batch 1199.87 | loss  2.43 | avg loss  2.49 | ppl 12.04
| epoch   2 step     6900 |   1642 batches | lr 0.0002 | ms/batch 1211.02 | loss  2.41 | avg loss  2.43 | ppl 11.36
| epoch   2 step     7000 |   1742 batches | lr 0.0002 | ms/batch 1198.57 | loss  2.61 | avg loss  2.48 | ppl 11.99
saving checkpoint ./trained_models/GPT2_M/e2e/model.7000.pt
| epoch   2 step     7100 |   1842 batches | lr 0.0002 | ms/batch 1357.18 | loss  2.61 | avg loss  2.47 | ppl 11.84
| epoch   2 step     7200 |   1942 batches | lr 0.0002 | ms/batch 1134.54 | loss  2.54 | avg loss  2.47 | ppl 11.80
| epoch   2 step     7300 |   2042 batches | lr 0.0002 | ms/batch 1207.51 | loss  2.33 | avg loss  2.45 | ppl 11.55
| epoch   2 step     7400 |   2142 batches | lr 0.0002 | ms/batch 1272.21 | loss  2.77 | avg loss  2.44 | ppl 11.51
| epoch   2 step     7500 |   2242 batches | lr 0.0002 | ms/batch 1240.10 | loss  2.62 | avg loss  2.49 | ppl 12.12
| epoch   2 step     7600 |   2342 batches | lr 0.0002 | ms/batch 1283.00 | loss  2.24 | avg loss  2.45 | ppl 11.58
| epoch   2 step     7700 |   2442 batches | lr 0.0002 | ms/batch 1218.80 | loss  2.68 | avg loss  2.45 | ppl 11.62
| epoch   2 step     7800 |   2542 batches | lr 0.0002 | ms/batch 1166.97 | loss  2.49 | avg loss  2.44 | ppl 11.49
| epoch   2 step     7900 |   2642 batches | lr 0.0002 | ms/batch 1213.60 | loss  2.76 | avg loss  2.48 | ppl 11.92
| epoch   2 step     8000 |   2742 batches | lr 0.0002 | ms/batch 1204.81 | loss  2.54 | avg loss  2.49 | ppl 12.09
saving checkpoint ./trained_models/GPT2_M/e2e/model.8000.pt
eval samples: 0 loss: tensor(1.1721, device='cuda:0')
eval samples: 100 loss: tensor(0.9268, device='cuda:0')
eval samples: 200 loss: tensor(1.2353, device='cuda:0')
eval samples: 300 loss: tensor(1.0817, device='cuda:0')
eval samples: 400 loss: tensor(0.8716, device='cuda:0')
eval samples: 500 loss: tensor(0.6741, device='cuda:0')
eval samples: 600 loss: tensor(1.2216, device='cuda:0')
eval samples: 700 loss: tensor(0.7263, device='cuda:0')
eval samples: 800 loss: tensor(1.1398, device='cuda:0')
eval samples: 900 loss: tensor(1.7070, device='cuda:0')
eval samples: 1000 loss: tensor(1.0052, device='cuda:0')
eval samples: 1100 loss: tensor(1.3916, device='cuda:0')
average loss 1.1966592500062838
----------------------------------------------------------------------------------------------------
| Eval   4 at step     8000 | time: 167.04s | valid loss  1.20 | valid ppl  3.31 | best ppl  3.28 
----------------------------------------------------------------------------------------------------
| epoch   2 step     8100 |   2842 batches | lr 0.0002 | ms/batch 3045.41 | loss  2.35 | avg loss  2.45 | ppl 11.64
| epoch   2 step     8200 |   2942 batches | lr 0.0002 | ms/batch 1221.03 | loss  2.56 | avg loss  2.51 | ppl 12.25
| epoch   2 step     8300 |   3042 batches | lr 0.0002 | ms/batch 1276.63 | loss  2.36 | avg loss  2.47 | ppl 11.85
| epoch   2 step     8400 |   3142 batches | lr 0.0002 | ms/batch 1187.08 | loss  2.50 | avg loss  2.46 | ppl 11.67
| epoch   2 step     8500 |   3242 batches | lr 0.0002 | ms/batch 1205.28 | loss  2.40 | avg loss  2.46 | ppl 11.76
| epoch   2 step     8600 |   3342 batches | lr 0.0002 | ms/batch 1256.31 | loss  2.42 | avg loss  2.45 | ppl 11.57
| epoch   2 step     8700 |   3442 batches | lr 0.0002 | ms/batch 1243.43 | loss  2.74 | avg loss  2.45 | ppl 11.59
| epoch   2 step     8800 |   3542 batches | lr 0.0002 | ms/batch 1198.26 | loss  2.36 | avg loss  2.45 | ppl 11.60
| epoch   2 step     8900 |   3642 batches | lr 0.0002 | ms/batch 1173.12 | loss  2.54 | avg loss  2.48 | ppl 11.89
| epoch   2 step     9000 |   3742 batches | lr 0.0002 | ms/batch 1197.15 | loss  2.45 | avg loss  2.46 | ppl 11.73
saving checkpoint ./trained_models/GPT2_M/e2e/model.9000.pt
| epoch   2 step     9100 |   3842 batches | lr 0.0002 | ms/batch 1378.02 | loss  2.41 | avg loss  2.46 | ppl 11.69
| epoch   2 step     9200 |   3942 batches | lr 0.0002 | ms/batch 1230.36 | loss  2.57 | avg loss  2.46 | ppl 11.71
| epoch   2 step     9300 |   4042 batches | lr 0.0002 | ms/batch 1871.68 | loss  2.47 | avg loss  2.47 | ppl 11.83
| epoch   2 step     9400 |   4142 batches | lr 0.0002 | ms/batch 2774.17 | loss  2.50 | avg loss  2.46 | ppl 11.71
| epoch   2 step     9500 |   4242 batches | lr 0.0002 | ms/batch 2760.35 | loss  2.49 | avg loss  2.46 | ppl 11.67
| epoch   2 step     9600 |   4342 batches | lr 0.0002 | ms/batch 2623.05 | loss  2.80 | avg loss  2.47 | ppl 11.77
| epoch   2 step     9700 |   4442 batches | lr 0.0002 | ms/batch 2705.89 | loss  2.22 | avg loss  2.45 | ppl 11.60
| epoch   2 step     9800 |   4542 batches | lr 0.0002 | ms/batch 2582.71 | loss  2.45 | avg loss  2.45 | ppl 11.59
| epoch   2 step     9900 |   4642 batches | lr 0.0002 | ms/batch 2672.28 | loss  2.15 | avg loss  2.44 | ppl 11.42
| epoch   2 step    10000 |   4742 batches | lr 0.0002 | ms/batch 2795.05 | loss  2.51 | avg loss  2.47 | ppl 11.82
saving checkpoint ./trained_models/GPT2_M/e2e/model.10000.pt
eval samples: 0 loss: tensor(1.1138, device='cuda:0')
eval samples: 100 loss: tensor(0.8887, device='cuda:0')
eval samples: 200 loss: tensor(1.2129, device='cuda:0')
eval samples: 300 loss: tensor(1.0188, device='cuda:0')
eval samples: 400 loss: tensor(0.8374, device='cuda:0')
eval samples: 500 loss: tensor(0.5745, device='cuda:0')
eval samples: 600 loss: tensor(1.1977, device='cuda:0')
eval samples: 700 loss: tensor(0.6612, device='cuda:0')
eval samples: 800 loss: tensor(1.1572, device='cuda:0')
eval samples: 900 loss: tensor(1.6639, device='cuda:0')
eval samples: 1000 loss: tensor(0.9249, device='cuda:0')
eval samples: 1100 loss: tensor(1.4187, device='cuda:0')
average loss 1.156242600221136
----------------------------------------------------------------------------------------------------
| Eval   5 at step    10000 | time: 365.80s | valid loss  1.16 | valid ppl  3.18 | best ppl  3.18 
----------------------------------------------------------------------------------------------------
| epoch   2 step    10100 |   4842 batches | lr 0.0002 | ms/batch 6400.65 | loss  2.26 | avg loss  2.46 | ppl 11.67
| epoch   2 step    10200 |   4942 batches | lr 0.0002 | ms/batch 2549.22 | loss  2.39 | avg loss  2.46 | ppl 11.70
| epoch   2 step    10300 |   5042 batches | lr 0.0002 | ms/batch 2552.75 | loss  2.72 | avg loss  2.45 | ppl 11.54
| epoch   2 step    10400 |   5142 batches | lr 0.0002 | ms/batch 2708.21 | loss  2.61 | avg loss  2.45 | ppl 11.55
| epoch   2 step    10500 |   5242 batches | lr 0.0002 | ms/batch 2768.82 | loss  2.38 | avg loss  2.43 | ppl 11.34
saving checkpoint ./trained_models/GPT2_M/e2e/model.10516.pt
start to train the model................ 3
| epoch   3 step    10600 |     84 batches | lr 0.0002 | ms/batch 2017.81 | loss  2.12 | avg loss  2.43 | ppl 11.41
| epoch   3 step    10700 |    184 batches | lr 0.0002 | ms/batch 2666.83 | loss  2.51 | avg loss  2.45 | ppl 11.56
| epoch   3 step    10800 |    284 batches | lr 0.0002 | ms/batch 2819.25 | loss  2.64 | avg loss  2.43 | ppl 11.40
| epoch   3 step    10900 |    384 batches | lr 0.0002 | ms/batch 2807.20 | loss  2.74 | avg loss  2.43 | ppl 11.39
| epoch   3 step    11000 |    484 batches | lr 0.0002 | ms/batch 2889.25 | loss  2.57 | avg loss  2.44 | ppl 11.43
saving checkpoint ./trained_models/GPT2_M/e2e/model.11000.pt
| epoch   3 step    11100 |    584 batches | lr 0.0002 | ms/batch 3042.66 | loss  2.52 | avg loss  2.48 | ppl 11.99
| epoch   3 step    11200 |    684 batches | lr 0.0002 | ms/batch 2710.31 | loss  2.46 | avg loss  2.44 | ppl 11.45
| epoch   3 step    11300 |    784 batches | lr 0.0002 | ms/batch 2646.10 | loss  2.49 | avg loss  2.46 | ppl 11.66
| epoch   3 step    11400 |    884 batches | lr 0.0002 | ms/batch 2517.32 | loss  2.39 | avg loss  2.44 | ppl 11.52
| epoch   3 step    11500 |    984 batches | lr 0.0002 | ms/batch 2857.94 | loss  2.20 | avg loss  2.45 | ppl 11.54
| epoch   3 step    11600 |   1084 batches | lr 0.0002 | ms/batch 2904.35 | loss  2.13 | avg loss  2.41 | ppl 11.12
| epoch   3 step    11700 |   1184 batches | lr 0.0002 | ms/batch 2523.65 | loss  2.26 | avg loss  2.43 | ppl 11.36
| epoch   3 step    11800 |   1284 batches | lr 0.0002 | ms/batch 2702.60 | loss  2.42 | avg loss  2.41 | ppl 11.10
| epoch   3 step    11900 |   1384 batches | lr 0.0002 | ms/batch 2718.64 | loss  2.35 | avg loss  2.42 | ppl 11.20
| epoch   3 step    12000 |   1484 batches | lr 0.0002 | ms/batch 2647.21 | loss  2.48 | avg loss  2.43 | ppl 11.37
saving checkpoint ./trained_models/GPT2_M/e2e/model.12000.pt
eval samples: 0 loss: tensor(1.1518, device='cuda:0')
eval samples: 100 loss: tensor(0.8557, device='cuda:0')
eval samples: 200 loss: tensor(1.1927, device='cuda:0')
eval samples: 300 loss: tensor(1.0765, device='cuda:0')
eval samples: 400 loss: tensor(0.8742, device='cuda:0')
eval samples: 500 loss: tensor(0.5709, device='cuda:0')
eval samples: 600 loss: tensor(1.2350, device='cuda:0')
eval samples: 700 loss: tensor(0.6636, device='cuda:0')
eval samples: 800 loss: tensor(1.1620, device='cuda:0')
eval samples: 900 loss: tensor(1.6791, device='cuda:0')
eval samples: 1000 loss: tensor(0.9004, device='cuda:0')
eval samples: 1100 loss: tensor(1.4062, device='cuda:0')
average loss 1.1628144919515064
----------------------------------------------------------------------------------------------------
| Eval   6 at step    12000 | time: 365.15s | valid loss  1.16 | valid ppl  3.20 | best ppl  3.20 
----------------------------------------------------------------------------------------------------
| epoch   3 step    12100 |   1584 batches | lr 0.0002 | ms/batch 6574.18 | loss  2.40 | avg loss  2.45 | ppl 11.59
| epoch   3 step    12200 |   1684 batches | lr 0.0002 | ms/batch 2812.35 | loss  2.33 | avg loss  2.46 | ppl 11.68
| epoch   3 step    12300 |   1784 batches | lr 0.0002 | ms/batch 2771.64 | loss  2.41 | avg loss  2.45 | ppl 11.54
| epoch   3 step    12400 |   1884 batches | lr 0.0002 | ms/batch 2744.32 | loss  2.47 | avg loss  2.41 | ppl 11.16
| epoch   3 step    12500 |   1984 batches | lr 0.0002 | ms/batch 2874.24 | loss  2.69 | avg loss  2.44 | ppl 11.45
| epoch   3 step    12600 |   2084 batches | lr 0.0002 | ms/batch 2636.82 | loss  2.70 | avg loss  2.39 | ppl 10.87
| epoch   3 step    12700 |   2184 batches | lr 0.0002 | ms/batch 2641.14 | loss  2.27 | avg loss  2.43 | ppl 11.36
| epoch   3 step    12800 |   2284 batches | lr 0.0002 | ms/batch 2878.23 | loss  2.51 | avg loss  2.44 | ppl 11.43
| epoch   3 step    12900 |   2384 batches | lr 0.0002 | ms/batch 2620.47 | loss  2.33 | avg loss  2.44 | ppl 11.43
| epoch   3 step    13000 |   2484 batches | lr 0.0002 | ms/batch 2644.48 | loss  2.91 | avg loss  2.45 | ppl 11.64
saving checkpoint ./trained_models/GPT2_M/e2e/model.13000.pt
| epoch   3 step    13100 |   2584 batches | lr 0.0002 | ms/batch 2896.31 | loss  2.26 | avg loss  2.41 | ppl 11.13
| epoch   3 step    13200 |   2684 batches | lr 0.0002 | ms/batch 2604.40 | loss  2.38 | avg loss  2.46 | ppl 11.74
| epoch   3 step    13300 |   2784 batches | lr 0.0002 | ms/batch 2710.57 | loss  2.34 | avg loss  2.41 | ppl 11.14
| epoch   3 step    13400 |   2884 batches | lr 0.0002 | ms/batch 2819.68 | loss  2.52 | avg loss  2.42 | ppl 11.19
| epoch   3 step    13500 |   2984 batches | lr 0.0002 | ms/batch 2887.02 | loss  2.80 | avg loss  2.45 | ppl 11.61
| epoch   3 step    13600 |   3084 batches | lr 0.0002 | ms/batch 2576.24 | loss  2.24 | avg loss  2.44 | ppl 11.49
| epoch   3 step    13700 |   3184 batches | lr 0.0002 | ms/batch 2675.43 | loss  2.61 | avg loss  2.47 | ppl 11.84
| epoch   3 step    13800 |   3284 batches | lr 0.0002 | ms/batch 2685.20 | loss  2.21 | avg loss  2.41 | ppl 11.10
| epoch   3 step    13900 |   3384 batches | lr 0.0002 | ms/batch 2867.79 | loss  2.77 | avg loss  2.45 | ppl 11.61
| epoch   3 step    14000 |   3484 batches | lr 0.0002 | ms/batch 2828.89 | loss  2.61 | avg loss  2.46 | ppl 11.68
saving checkpoint ./trained_models/GPT2_M/e2e/model.14000.pt
eval samples: 0 loss: tensor(1.0615, device='cuda:0')
eval samples: 100 loss: tensor(0.8306, device='cuda:0')
eval samples: 200 loss: tensor(1.1804, device='cuda:0')
eval samples: 300 loss: tensor(1.0381, device='cuda:0')
eval samples: 400 loss: tensor(0.8522, device='cuda:0')
eval samples: 500 loss: tensor(0.5430, device='cuda:0')
eval samples: 600 loss: tensor(1.2175, device='cuda:0')
eval samples: 700 loss: tensor(0.6856, device='cuda:0')
eval samples: 800 loss: tensor(1.1150, device='cuda:0')
eval samples: 900 loss: tensor(1.6608, device='cuda:0')
eval samples: 1000 loss: tensor(0.9087, device='cuda:0')
eval samples: 1100 loss: tensor(1.3837, device='cuda:0')
average loss 1.1422711568438026
----------------------------------------------------------------------------------------------------
| Eval   7 at step    14000 | time: 363.99s | valid loss  1.14 | valid ppl  3.13 | best ppl  3.13 
----------------------------------------------------------------------------------------------------
| epoch   3 step    14100 |   3584 batches | lr 0.0002 | ms/batch 6335.72 | loss  2.50 | avg loss  2.39 | ppl 10.92
| epoch   3 step    14200 |   3684 batches | lr 0.0002 | ms/batch 2850.19 | loss  2.42 | avg loss  2.41 | ppl 11.16
| epoch   3 step    14300 |   3784 batches | lr 0.0002 | ms/batch 2801.30 | loss  2.65 | avg loss  2.41 | ppl 11.15
| epoch   3 step    14400 |   3884 batches | lr 0.0002 | ms/batch 2641.03 | loss  2.18 | avg loss  2.42 | ppl 11.29
| epoch   3 step    14500 |   3984 batches | lr 0.0002 | ms/batch 2584.01 | loss  2.31 | avg loss  2.43 | ppl 11.39
| epoch   3 step    14600 |   4084 batches | lr 0.0002 | ms/batch 2576.56 | loss  2.42 | avg loss  2.45 | ppl 11.53
| epoch   3 step    14700 |   4184 batches | lr 0.0002 | ms/batch 2842.50 | loss  2.42 | avg loss  2.41 | ppl 11.13
| epoch   3 step    14800 |   4284 batches | lr 0.0002 | ms/batch 2779.79 | loss  2.44 | avg loss  2.44 | ppl 11.53
| epoch   3 step    14900 |   4384 batches | lr 0.0002 | ms/batch 2895.97 | loss  2.42 | avg loss  2.42 | ppl 11.29
| epoch   3 step    15000 |   4484 batches | lr 0.0002 | ms/batch 2672.47 | loss  2.71 | avg loss  2.45 | ppl 11.58
saving checkpoint ./trained_models/GPT2_M/e2e/model.15000.pt
| epoch   3 step    15100 |   4584 batches | lr 0.0002 | ms/batch 2808.05 | loss  2.26 | avg loss  2.42 | ppl 11.26
| epoch   3 step    15200 |   4684 batches | lr 0.0002 | ms/batch 2772.58 | loss  2.40 | avg loss  2.42 | ppl 11.20
| epoch   3 step    15300 |   4784 batches | lr 0.0002 | ms/batch 2694.47 | loss  2.39 | avg loss  2.45 | ppl 11.62
| epoch   3 step    15400 |   4884 batches | lr 0.0002 | ms/batch 2783.89 | loss  2.31 | avg loss  2.43 | ppl 11.37
| epoch   3 step    15500 |   4984 batches | lr 0.0002 | ms/batch 2639.02 | loss  2.36 | avg loss  2.43 | ppl 11.39
| epoch   3 step    15600 |   5084 batches | lr 0.0002 | ms/batch 2391.19 | loss  2.49 | avg loss  2.42 | ppl 11.24
| epoch   3 step    15700 |   5184 batches | lr 0.0002 | ms/batch 2737.01 | loss  2.45 | avg loss  2.40 | ppl 11.04
saving checkpoint ./trained_models/GPT2_M/e2e/model.15774.pt
start to train the model................ 4
| epoch   4 step    15800 |     26 batches | lr 0.0002 | ms/batch 446.66 | loss  2.28 | avg loss  2.40 | ppl 11.04
| epoch   4 step    15900 |    126 batches | lr 0.0002 | ms/batch 2646.30 | loss  2.29 | avg loss  2.41 | ppl 11.09
| epoch   4 step    16000 |    226 batches | lr 0.0002 | ms/batch 2693.68 | loss  2.42 | avg loss  2.43 | ppl 11.32
saving checkpoint ./trained_models/GPT2_M/e2e/model.16000.pt
eval samples: 0 loss: tensor(1.1218, device='cuda:0')
eval samples: 100 loss: tensor(0.8425, device='cuda:0')
eval samples: 200 loss: tensor(1.1522, device='cuda:0')
eval samples: 300 loss: tensor(1.0488, device='cuda:0')
eval samples: 400 loss: tensor(0.8678, device='cuda:0')
eval samples: 500 loss: tensor(0.5383, device='cuda:0')
eval samples: 600 loss: tensor(1.2175, device='cuda:0')
eval samples: 700 loss: tensor(0.6233, device='cuda:0')
eval samples: 800 loss: tensor(1.1778, device='cuda:0')
eval samples: 900 loss: tensor(1.6744, device='cuda:0')
eval samples: 1000 loss: tensor(0.8815, device='cuda:0')
eval samples: 1100 loss: tensor(1.4018, device='cuda:0')
average loss 1.1417378028216836
----------------------------------------------------------------------------------------------------
| Eval   8 at step    16000 | time: 354.14s | valid loss  1.14 | valid ppl  3.13 | best ppl  3.13 
----------------------------------------------------------------------------------------------------
| epoch   4 step    16100 |    326 batches | lr 0.0002 | ms/batch 6230.76 | loss  2.61 | avg loss  2.39 | ppl 10.97
| epoch   4 step    16200 |    426 batches | lr 0.0002 | ms/batch 2840.73 | loss  2.36 | avg loss  2.41 | ppl 11.11
| epoch   4 step    16300 |    526 batches | lr 0.0002 | ms/batch 2746.14 | loss  2.70 | avg loss  2.40 | ppl 10.98
| epoch   4 step    16400 |    626 batches | lr 0.0002 | ms/batch 2848.34 | loss  2.84 | avg loss  2.41 | ppl 11.13
| epoch   4 step    16500 |    726 batches | lr 0.0002 | ms/batch 2498.57 | loss  2.56 | avg loss  2.43 | ppl 11.41
| epoch   4 step    16600 |    826 batches | lr 0.0002 | ms/batch 2799.93 | loss  2.58 | avg loss  2.41 | ppl 11.09
| epoch   4 step    16700 |    926 batches | lr 0.0002 | ms/batch 2830.25 | loss  2.53 | avg loss  2.42 | ppl 11.26
| epoch   4 step    16800 |   1026 batches | lr 0.0002 | ms/batch 2633.60 | loss  2.43 | avg loss  2.41 | ppl 11.17
| epoch   4 step    16900 |   1126 batches | lr 0.0002 | ms/batch 2720.34 | loss  2.14 | avg loss  2.39 | ppl 10.90
| epoch   4 step    17000 |   1226 batches | lr 0.0002 | ms/batch 2623.43 | loss  2.32 | avg loss  2.39 | ppl 10.94
saving checkpoint ./trained_models/GPT2_M/e2e/model.17000.pt
| epoch   4 step    17100 |   1326 batches | lr 0.0002 | ms/batch 2837.14 | loss  2.56 | avg loss  2.44 | ppl 11.45
| epoch   4 step    17200 |   1426 batches | lr 0.0002 | ms/batch 2779.57 | loss  2.33 | avg loss  2.39 | ppl 10.87
| epoch   4 step    17300 |   1526 batches | lr 0.0002 | ms/batch 2675.88 | loss  2.28 | avg loss  2.42 | ppl 11.21
| epoch   4 step    17400 |   1626 batches | lr 0.0002 | ms/batch 2754.90 | loss  2.23 | avg loss  2.42 | ppl 11.24
| epoch   4 step    17500 |   1726 batches | lr 0.0002 | ms/batch 2792.81 | loss  2.65 | avg loss  2.43 | ppl 11.31
| epoch   4 step    17600 |   1826 batches | lr 0.0002 | ms/batch 2736.39 | loss  2.72 | avg loss  2.43 | ppl 11.34
| epoch   4 step    17700 |   1926 batches | lr 0.0002 | ms/batch 2702.05 | loss  2.33 | avg loss  2.40 | ppl 11.03
| epoch   4 step    17800 |   2026 batches | lr 0.0002 | ms/batch 2689.44 | loss  2.62 | avg loss  2.44 | ppl 11.49
| epoch   4 step    17900 |   2126 batches | lr 0.0002 | ms/batch 2735.11 | loss  2.41 | avg loss  2.40 | ppl 11.06
| epoch   4 step    18000 |   2226 batches | lr 0.0002 | ms/batch 2676.49 | loss  2.97 | avg loss  2.41 | ppl 11.15
saving checkpoint ./trained_models/GPT2_M/e2e/model.18000.pt
eval samples: 0 loss: tensor(1.0693, device='cuda:0')
eval samples: 100 loss: tensor(0.8285, device='cuda:0')
eval samples: 200 loss: tensor(1.1845, device='cuda:0')
eval samples: 300 loss: tensor(1.0524, device='cuda:0')
eval samples: 400 loss: tensor(0.8481, device='cuda:0')
eval samples: 500 loss: tensor(0.5747, device='cuda:0')
eval samples: 600 loss: tensor(1.2385, device='cuda:0')
eval samples: 700 loss: tensor(0.6669, device='cuda:0')
eval samples: 800 loss: tensor(1.1531, device='cuda:0')
eval samples: 900 loss: tensor(1.6443, device='cuda:0')
eval samples: 1000 loss: tensor(0.9081, device='cuda:0')
eval samples: 1100 loss: tensor(1.4429, device='cuda:0')
average loss 1.1493349430750903
----------------------------------------------------------------------------------------------------
| Eval   9 at step    18000 | time: 356.08s | valid loss  1.15 | valid ppl  3.16 | best ppl  3.13 
----------------------------------------------------------------------------------------------------
| epoch   4 step    18100 |   2326 batches | lr 0.0002 | ms/batch 6272.81 | loss  2.54 | avg loss  2.40 | ppl 11.04
| epoch   4 step    18200 |   2426 batches | lr 0.0002 | ms/batch 2855.50 | loss  2.32 | avg loss  2.42 | ppl 11.19
| epoch   4 step    18300 |   2526 batches | lr 0.0002 | ms/batch 2651.38 | loss  2.32 | avg loss  2.42 | ppl 11.20
| epoch   4 step    18400 |   2626 batches | lr 0.0002 | ms/batch 2855.11 | loss  2.54 | avg loss  2.40 | ppl 11.03
| epoch   4 step    18500 |   2726 batches | lr 0.0002 | ms/batch 2592.03 | loss  2.45 | avg loss  2.39 | ppl 10.89
| epoch   4 step    18600 |   2826 batches | lr 0.0002 | ms/batch 2529.03 | loss  2.24 | avg loss  2.43 | ppl 11.36
| epoch   4 step    18700 |   2926 batches | lr 0.0002 | ms/batch 2858.57 | loss  2.18 | avg loss  2.39 | ppl 10.94
| epoch   4 step    18800 |   3026 batches | lr 0.0002 | ms/batch 2799.81 | loss  2.22 | avg loss  2.42 | ppl 11.27
| epoch   4 step    18900 |   3126 batches | lr 0.0002 | ms/batch 2665.63 | loss  2.35 | avg loss  2.41 | ppl 11.16
| epoch   4 step    19000 |   3226 batches | lr 0.0002 | ms/batch 2576.03 | loss  2.69 | avg loss  2.42 | ppl 11.27
saving checkpoint ./trained_models/GPT2_M/e2e/model.19000.pt
| epoch   4 step    19100 |   3326 batches | lr 0.0002 | ms/batch 2956.71 | loss  2.56 | avg loss  2.40 | ppl 11.02
| epoch   4 step    19200 |   3426 batches | lr 0.0002 | ms/batch 2599.09 | loss  2.50 | avg loss  2.39 | ppl 10.92
| epoch   4 step    19300 |   3526 batches | lr 0.0002 | ms/batch 2705.12 | loss  2.47 | avg loss  2.42 | ppl 11.28
| epoch   4 step    19400 |   3626 batches | lr 0.0002 | ms/batch 2776.78 | loss  2.52 | avg loss  2.41 | ppl 11.10
| epoch   4 step    19500 |   3726 batches | lr 0.0002 | ms/batch 2532.65 | loss  2.17 | avg loss  2.40 | ppl 11.06
| epoch   4 step    19600 |   3826 batches | lr 0.0002 | ms/batch 2686.43 | loss  2.58 | avg loss  2.41 | ppl 11.18
| epoch   4 step    19700 |   3926 batches | lr 0.0002 | ms/batch 2907.99 | loss  2.50 | avg loss  2.41 | ppl 11.10
| epoch   4 step    19800 |   4026 batches | lr 0.0002 | ms/batch 2768.42 | loss  2.43 | avg loss  2.41 | ppl 11.11
| epoch   4 step    19900 |   4126 batches | lr 0.0002 | ms/batch 2805.40 | loss  2.25 | avg loss  2.44 | ppl 11.46
| epoch   4 step    20000 |   4226 batches | lr 0.0002 | ms/batch 2642.45 | loss  2.32 | avg loss  2.41 | ppl 11.16
saving checkpoint ./trained_models/GPT2_M/e2e/model.20000.pt
eval samples: 0 loss: tensor(1.1573, device='cuda:0')
eval samples: 100 loss: tensor(0.8565, device='cuda:0')
eval samples: 200 loss: tensor(1.1797, device='cuda:0')
eval samples: 300 loss: tensor(1.0287, device='cuda:0')
eval samples: 400 loss: tensor(0.8243, device='cuda:0')
eval samples: 500 loss: tensor(0.5298, device='cuda:0')
eval samples: 600 loss: tensor(1.2213, device='cuda:0')
eval samples: 700 loss: tensor(0.6504, device='cuda:0')
eval samples: 800 loss: tensor(1.1321, device='cuda:0')
eval samples: 900 loss: tensor(1.6356, device='cuda:0')
eval samples: 1000 loss: tensor(0.8998, device='cuda:0')
eval samples: 1100 loss: tensor(1.3646, device='cuda:0')
average loss 1.1376095171252343
----------------------------------------------------------------------------------------------------
| Eval  10 at step    20000 | time: 365.77s | valid loss  1.14 | valid ppl  3.12 | best ppl  3.12 
----------------------------------------------------------------------------------------------------
| epoch   4 step    20100 |   4326 batches | lr 0.0002 | ms/batch 6281.52 | loss  2.29 | avg loss  2.40 | ppl 11.01
| epoch   4 step    20200 |   4426 batches | lr 0.0002 | ms/batch 2778.36 | loss  2.40 | avg loss  2.42 | ppl 11.22
| epoch   4 step    20300 |   4526 batches | lr 0.0002 | ms/batch 2692.50 | loss  2.46 | avg loss  2.43 | ppl 11.41
| epoch   4 step    20400 |   4626 batches | lr 0.0002 | ms/batch 2684.80 | loss  2.39 | avg loss  2.41 | ppl 11.14
| epoch   4 step    20500 |   4726 batches | lr 0.0002 | ms/batch 2749.99 | loss  2.61 | avg loss  2.39 | ppl 10.90
| epoch   4 step    20600 |   4826 batches | lr 0.0002 | ms/batch 2710.36 | loss  2.53 | avg loss  2.43 | ppl 11.37
| epoch   4 step    20700 |   4926 batches | lr 0.0002 | ms/batch 2616.72 | loss  2.50 | avg loss  2.40 | ppl 11.03
| epoch   4 step    20800 |   5026 batches | lr 0.0002 | ms/batch 2853.11 | loss  2.20 | avg loss  2.43 | ppl 11.31
| epoch   4 step    20900 |   5126 batches | lr 0.0002 | ms/batch 2788.78 | loss  2.35 | avg loss  2.40 | ppl 11.00
| epoch   4 step    21000 |   5226 batches | lr 0.0002 | ms/batch 2797.87 | loss  2.24 | avg loss  2.40 | ppl 11.01
saving checkpoint ./trained_models/GPT2_M/e2e/model.21000.pt
saving checkpoint ./trained_models/GPT2_M/e2e/model.21032.pt
start to train the model................ 5
| epoch   5 step    21100 |     68 batches | lr 0.0002 | ms/batch 1612.52 | loss  2.55 | avg loss  2.41 | ppl 11.18
| epoch   5 step    21200 |    168 batches | lr 0.0002 | ms/batch 2693.66 | loss  2.54 | avg loss  2.36 | ppl 10.60
| epoch   5 step    21300 |    268 batches | lr 0.0002 | ms/batch 2705.18 | loss  2.21 | avg loss  2.41 | ppl 11.15
| epoch   5 step    21400 |    368 batches | lr 0.0002 | ms/batch 2614.24 | loss  2.47 | avg loss  2.40 | ppl 11.02
| epoch   5 step    21500 |    468 batches | lr 0.0002 | ms/batch 2870.51 | loss  2.59 | avg loss  2.41 | ppl 11.13
| epoch   5 step    21600 |    568 batches | lr 0.0002 | ms/batch 2670.99 | loss  2.65 | avg loss  2.37 | ppl 10.71
| epoch   5 step    21700 |    668 batches | lr 0.0002 | ms/batch 2735.55 | loss  2.71 | avg loss  2.40 | ppl 11.07
| epoch   5 step    21800 |    768 batches | lr 0.0002 | ms/batch 2880.83 | loss  2.33 | avg loss  2.42 | ppl 11.23
| epoch   5 step    21900 |    868 batches | lr 0.0002 | ms/batch 2634.51 | loss  2.60 | avg loss  2.40 | ppl 11.02
| epoch   5 step    22000 |    968 batches | lr 0.0002 | ms/batch 2723.40 | loss  2.29 | avg loss  2.35 | ppl 10.51
saving checkpoint ./trained_models/GPT2_M/e2e/model.22000.pt
eval samples: 0 loss: tensor(1.0940, device='cuda:0')
eval samples: 100 loss: tensor(0.8751, device='cuda:0')
eval samples: 200 loss: tensor(1.2097, device='cuda:0')
eval samples: 300 loss: tensor(1.0602, device='cuda:0')
eval samples: 400 loss: tensor(0.8131, device='cuda:0')
eval samples: 500 loss: tensor(0.5779, device='cuda:0')
eval samples: 600 loss: tensor(1.1720, device='cuda:0')
eval samples: 700 loss: tensor(0.6568, device='cuda:0')
eval samples: 800 loss: tensor(1.1731, device='cuda:0')
eval samples: 900 loss: tensor(1.6506, device='cuda:0')
eval samples: 1000 loss: tensor(0.8976, device='cuda:0')
eval samples: 1100 loss: tensor(1.4381, device='cuda:0')
average loss 1.144633743886466
----------------------------------------------------------------------------------------------------
| Eval  11 at step    22000 | time: 365.72s | valid loss  1.14 | valid ppl  3.14 | best ppl  3.14 
----------------------------------------------------------------------------------------------------
| epoch   5 step    22100 |   1068 batches | lr 0.0002 | ms/batch 6466.84 | loss  2.52 | avg loss  2.38 | ppl 10.79
| epoch   5 step    22200 |   1168 batches | lr 0.0002 | ms/batch 2847.82 | loss  2.76 | avg loss  2.40 | ppl 11.08
| epoch   5 step    22300 |   1268 batches | lr 0.0002 | ms/batch 2475.43 | loss  2.26 | avg loss  2.41 | ppl 11.12
| epoch   5 step    22400 |   1368 batches | lr 0.0002 | ms/batch 2819.25 | loss  2.24 | avg loss  2.36 | ppl 10.61
| epoch   5 step    22500 |   1468 batches | lr 0.0002 | ms/batch 2717.54 | loss  2.48 | avg loss  2.40 | ppl 11.02
| epoch   5 step    22600 |   1568 batches | lr 0.0002 | ms/batch 2853.14 | loss  2.59 | avg loss  2.40 | ppl 11.05
| epoch   5 step    22700 |   1668 batches | lr 0.0002 | ms/batch 2606.33 | loss  2.29 | avg loss  2.39 | ppl 10.92
| epoch   5 step    22800 |   1768 batches | lr 0.0002 | ms/batch 2709.96 | loss  2.27 | avg loss  2.40 | ppl 11.06
| epoch   5 step    22900 |   1868 batches | lr 0.0002 | ms/batch 2715.53 | loss  2.74 | avg loss  2.44 | ppl 11.46
| epoch   5 step    23000 |   1968 batches | lr 0.0002 | ms/batch 2573.28 | loss  2.31 | avg loss  2.39 | ppl 10.93
saving checkpoint ./trained_models/GPT2_M/e2e/model.23000.pt
| epoch   5 step    23100 |   2068 batches | lr 0.0002 | ms/batch 3022.28 | loss  2.43 | avg loss  2.42 | ppl 11.22
| epoch   5 step    23200 |   2168 batches | lr 0.0002 | ms/batch 2532.06 | loss  2.53 | avg loss  2.39 | ppl 10.91
| epoch   5 step    23300 |   2268 batches | lr 0.0002 | ms/batch 2638.56 | loss  2.28 | avg loss  2.37 | ppl 10.74
| epoch   5 step    23400 |   2368 batches | lr 0.0002 | ms/batch 2808.19 | loss  2.31 | avg loss  2.40 | ppl 11.01
| epoch   5 step    23500 |   2468 batches | lr 0.0002 | ms/batch 2595.54 | loss  2.25 | avg loss  2.37 | ppl 10.72
| epoch   5 step    23600 |   2568 batches | lr 0.0002 | ms/batch 2766.00 | loss  2.12 | avg loss  2.39 | ppl 10.90
| epoch   5 step    23700 |   2668 batches | lr 0.0002 | ms/batch 2779.18 | loss  2.24 | avg loss  2.36 | ppl 10.63
| epoch   5 step    23800 |   2768 batches | lr 0.0002 | ms/batch 2921.34 | loss  2.44 | avg loss  2.40 | ppl 11.07
| epoch   5 step    23900 |   2868 batches | lr 0.0002 | ms/batch 2643.02 | loss  2.46 | avg loss  2.38 | ppl 10.78
| epoch   5 step    24000 |   2968 batches | lr 0.0002 | ms/batch 2807.46 | loss  2.28 | avg loss  2.40 | ppl 11.05
saving checkpoint ./trained_models/GPT2_M/e2e/model.24000.pt
eval samples: 0 loss: tensor(1.0803, device='cuda:0')
eval samples: 100 loss: tensor(0.8090, device='cuda:0')
eval samples: 200 loss: tensor(1.1550, device='cuda:0')
eval samples: 300 loss: tensor(1.0471, device='cuda:0')
eval samples: 400 loss: tensor(0.8105, device='cuda:0')
eval samples: 500 loss: tensor(0.5685, device='cuda:0')
eval samples: 600 loss: tensor(1.1889, device='cuda:0')
eval samples: 700 loss: tensor(0.6468, device='cuda:0')
eval samples: 800 loss: tensor(1.1651, device='cuda:0')
eval samples: 900 loss: tensor(1.6172, device='cuda:0')
eval samples: 1000 loss: tensor(0.8768, device='cuda:0')
eval samples: 1100 loss: tensor(1.4098, device='cuda:0')
average loss 1.1329814055551812
----------------------------------------------------------------------------------------------------
| Eval  12 at step    24000 | time: 366.10s | valid loss  1.13 | valid ppl  3.10 | best ppl  3.10 
----------------------------------------------------------------------------------------------------
| epoch   5 step    24100 |   3068 batches | lr 0.0002 | ms/batch 6467.50 | loss  2.51 | avg loss  2.42 | ppl 11.28
| epoch   5 step    24200 |   3168 batches | lr 0.0002 | ms/batch 2771.49 | loss  2.52 | avg loss  2.36 | ppl 10.55
| epoch   5 step    24300 |   3268 batches | lr 0.0002 | ms/batch 2506.27 | loss  2.53 | avg loss  2.41 | ppl 11.09
| epoch   5 step    24400 |   3368 batches | lr 0.0002 | ms/batch 2741.96 | loss  2.55 | avg loss  2.39 | ppl 10.92
| epoch   5 step    24500 |   3468 batches | lr 0.0002 | ms/batch 2585.12 | loss  2.24 | avg loss  2.39 | ppl 10.89
| epoch   5 step    24600 |   3568 batches | lr 0.0002 | ms/batch 2884.37 | loss  2.43 | avg loss  2.39 | ppl 10.91
| epoch   5 step    24700 |   3668 batches | lr 0.0002 | ms/batch 2786.54 | loss  2.70 | avg loss  2.43 | ppl 11.32
| epoch   5 step    24800 |   3768 batches | lr 0.0002 | ms/batch 2621.42 | loss  2.70 | avg loss  2.39 | ppl 10.91
| epoch   5 step    24900 |   3868 batches | lr 0.0002 | ms/batch 2554.53 | loss  2.23 | avg loss  2.40 | ppl 10.97
| epoch   5 step    25000 |   3968 batches | lr 0.0002 | ms/batch 2710.23 | loss  2.30 | avg loss  2.40 | ppl 10.99
saving checkpoint ./trained_models/GPT2_M/e2e/model.25000.pt
| epoch   5 step    25100 |   4068 batches | lr 0.0002 | ms/batch 2640.48 | loss  2.49 | avg loss  2.38 | ppl 10.81
| epoch   5 step    25200 |   4168 batches | lr 0.0002 | ms/batch 2824.05 | loss  2.27 | avg loss  2.41 | ppl 11.13
| epoch   5 step    25300 |   4268 batches | lr 0.0002 | ms/batch 2764.49 | loss  2.34 | avg loss  2.38 | ppl 10.76
| epoch   5 step    25400 |   4368 batches | lr 0.0002 | ms/batch 2558.17 | loss  2.60 | avg loss  2.37 | ppl 10.65
| epoch   5 step    25500 |   4468 batches | lr 0.0002 | ms/batch 2630.46 | loss  2.45 | avg loss  2.39 | ppl 10.95
| epoch   5 step    25600 |   4568 batches | lr 0.0002 | ms/batch 2765.11 | loss  2.60 | avg loss  2.40 | ppl 11.00
| epoch   5 step    25700 |   4668 batches | lr 0.0002 | ms/batch 2821.67 | loss  2.63 | avg loss  2.44 | ppl 11.45
| epoch   5 step    25800 |   4768 batches | lr 0.0002 | ms/batch 2576.54 | loss  2.45 | avg loss  2.41 | ppl 11.17
| epoch   5 step    25900 |   4868 batches | lr 0.0002 | ms/batch 2796.30 | loss  2.25 | avg loss  2.39 | ppl 10.88
| epoch   5 step    26000 |   4968 batches | lr 0.0002 | ms/batch 2802.42 | loss  2.33 | avg loss  2.41 | ppl 11.10
saving checkpoint ./trained_models/GPT2_M/e2e/model.26000.pt
eval samples: 0 loss: tensor(1.1352, device='cuda:0')
eval samples: 100 loss: tensor(0.8111, device='cuda:0')
eval samples: 200 loss: tensor(1.1800, device='cuda:0')
eval samples: 300 loss: tensor(1.0375, device='cuda:0')
eval samples: 400 loss: tensor(0.8166, device='cuda:0')
eval samples: 500 loss: tensor(0.5313, device='cuda:0')
eval samples: 600 loss: tensor(1.1714, device='cuda:0')
eval samples: 700 loss: tensor(0.6528, device='cuda:0')
eval samples: 800 loss: tensor(1.1633, device='cuda:0')
eval samples: 900 loss: tensor(1.6294, device='cuda:0')
eval samples: 1000 loss: tensor(0.8751, device='cuda:0')
eval samples: 1100 loss: tensor(1.3647, device='cuda:0')
average loss 1.1292643647079599
----------------------------------------------------------------------------------------------------
| Eval  13 at step    26000 | time: 365.60s | valid loss  1.13 | valid ppl  3.09 | best ppl  3.09 
----------------------------------------------------------------------------------------------------
| epoch   5 step    26100 |   5068 batches | lr 0.0002 | ms/batch 6275.54 | loss  2.37 | avg loss  2.39 | ppl 10.90
| epoch   5 step    26200 |   5168 batches | lr 0.0002 | ms/batch 2633.17 | loss  2.47 | avg loss  2.38 | ppl 10.77
saving checkpoint ./trained_models/GPT2_M/e2e/model.26290.pt
----------------------------------------------------------------------------------------------------
End of training
cleanup dist ...
[rank0]:[W712 22:29:52.946022725 ProcessGroupNCCL.cpp:1479] Warning: WARNING: destroy_process_group() was not called before program exit, which can leak resources. For more info, please see https://pytorch.org/docs/stable/distributed.html#shutdown (function operator())
