nohup: ignoring input
myrank: 0 local_rank: 0 device_count: 1 world_size: 1
====================================================================================================
        - platform : local
        - local_rank : 0
        - rank : 0
        - device : cuda:0
        - world_size : 1
        - random_seed : 110
        - lr : 0.0001
        - weight_decay : 0.01
        - correct_bias : True
        - adam_epislon : 1e-06
        - no_decay_bias : False
        - adam_beta1 : 0.9
        - adam_beta2 : 0.999
        - scheduler : None
        - max_step : None
        - max_epoch : 5
        - warmup_step : 500
        - i_steps : 0
        - i_lrs : 0.00025
        - train_data : ./data/e2e/train.jsonl
        - valid_data : ./data/e2e/valid.jsonl
        - train_batch_size : 8
        - valid_batch_size : 4
        - grad_acc : 1
        - clip : 0.0
        - seq_len : 512
        - model_card : gpt2.md
        - init_checkpoint : ./pretrained_checkpoints/gpt2-medium-pytorch_model.bin
        - fp16 : False
        - log_interval : 100
        - eval_interval : 2000
        - save_interval : 1000
        - work_dir : ./trained_models/GPT2_M/e2e
        - lora_dim : 4
        - lora_alpha : 32
        - obj : clm
        - lora_dropout : 0.1
        - label_smooth : 0.1
        - roll_interval : -1
        - roll_lr : 1e-05
        - roll_step : 100
        - eval_epoch : 1
        - dist : <module 'torch.distributed' from '/home/ycyh/miniconda3/envs/LoRA/lib/python3.11/site-packages/torch/distributed/__init__.py'>
====================================================================================================
Experiment dir : ./trained_models/GPT2_M/e2e
loading model pretrained weight.
set max_step: 26290
start to train the model................ 1
| epoch   1 step      100 |    100 batches | lr 0.0001 | ms/batch 1700.95 | loss  5.65 | avg loss  5.64 | ppl 281.00
| epoch   1 step      200 |    200 batches | lr 0.0001 | ms/batch 1711.24 | loss  3.88 | avg loss  4.37 | ppl 78.94
| epoch   1 step      300 |    300 batches | lr 0.0001 | ms/batch 1712.96 | loss  3.34 | avg loss  3.61 | ppl 36.89
| epoch   1 step      400 |    400 batches | lr 0.0001 | ms/batch 1712.39 | loss  3.53 | avg loss  3.38 | ppl 29.49
| epoch   1 step      500 |    500 batches | lr 0.0001 | ms/batch 1713.46 | loss  3.30 | avg loss  3.26 | ppl 26.07
| epoch   1 step      600 |    600 batches | lr 0.0001 | ms/batch 1712.96 | loss  3.11 | avg loss  3.19 | ppl 24.23
| epoch   1 step      700 |    700 batches | lr 0.0001 | ms/batch 1720.86 | loss  3.20 | avg loss  3.14 | ppl 23.02
| epoch   1 step      800 |    800 batches | lr 0.0001 | ms/batch 1735.88 | loss  2.84 | avg loss  3.09 | ppl 22.01
| epoch   1 step      900 |    900 batches | lr 0.0001 | ms/batch 1709.25 | loss  2.84 | avg loss  3.06 | ppl 21.32
| epoch   1 step     1000 |   1000 batches | lr 0.0001 | ms/batch 1714.84 | loss  3.51 | avg loss  3.08 | ppl 21.74
saving checkpoint ./trained_models/GPT2_M/e2e/model.1000.pt
/home/ycyh/miniconda3/envs/LoRA/lib/python3.11/site-packages/torch/distributed/distributed_c10d.py:4631: UserWarning: No device id is provided via `init_process_group` or `barrier `. Using the current device set by the user. 
  warnings.warn(  # warn only once
| epoch   1 step     1100 |   1100 batches | lr 0.0001 | ms/batch 1719.33 | loss  3.19 | avg loss  3.07 | ppl 21.64
| epoch   1 step     1200 |   1200 batches | lr 0.0001 | ms/batch 1711.51 | loss  2.85 | avg loss  3.08 | ppl 21.66
| epoch   1 step     1300 |   1300 batches | lr 0.0001 | ms/batch 1714.10 | loss  2.94 | avg loss  3.02 | ppl 20.50
| epoch   1 step     1400 |   1400 batches | lr 0.0001 | ms/batch 1714.66 | loss  3.06 | avg loss  3.01 | ppl 20.38
| epoch   1 step     1500 |   1500 batches | lr 0.0001 | ms/batch 1717.67 | loss  3.02 | avg loss  3.02 | ppl 20.56
| epoch   1 step     1600 |   1600 batches | lr 0.0001 | ms/batch 1705.95 | loss  2.88 | avg loss  2.97 | ppl 19.43
| epoch   1 step     1700 |   1700 batches | lr 0.0001 | ms/batch 1633.42 | loss  2.85 | avg loss  2.98 | ppl 19.61
| epoch   1 step     1800 |   1800 batches | lr 0.0001 | ms/batch 1646.47 | loss  2.87 | avg loss  2.97 | ppl 19.54
| epoch   1 step     1900 |   1900 batches | lr 0.0001 | ms/batch 1695.90 | loss  3.04 | avg loss  2.96 | ppl 19.23
| epoch   1 step     2000 |   2000 batches | lr 0.0001 | ms/batch 1730.18 | loss  2.77 | avg loss  2.94 | ppl 18.89
saving checkpoint ./trained_models/GPT2_M/e2e/model.2000.pt
/home/ycyh/miniconda3/envs/LoRA/lib/python3.11/site-packages/torch/nn/_reduction.py:51: UserWarning: size_average and reduce args will be deprecated, please use reduction='none' instead.
  warnings.warn(warning.format(ret))
eval samples: 0 loss: tensor(1.6190, device='cuda:0')
eval samples: 100 loss: tensor(1.0826, device='cuda:0')
eval samples: 200 loss: tensor(1.6547, device='cuda:0')
eval samples: 300 loss: tensor(1.4693, device='cuda:0')
eval samples: 400 loss: tensor(1.1241, device='cuda:0')
eval samples: 500 loss: tensor(0.9749, device='cuda:0')
eval samples: 600 loss: tensor(1.4416, device='cuda:0')
eval samples: 700 loss: tensor(1.0601, device='cuda:0')
eval samples: 800 loss: tensor(1.3796, device='cuda:0')
eval samples: 900 loss: tensor(2.0249, device='cuda:0')
eval samples: 1000 loss: tensor(1.3589, device='cuda:0')
eval samples: 1100 loss: tensor(1.6228, device='cuda:0')
average loss 1.5267957014682358
----------------------------------------------------------------------------------------------------
| Eval   1 at step     2000 | time: 450.07s | valid loss  1.53 | valid ppl  4.60 | best ppl  4.60 
----------------------------------------------------------------------------------------------------
| epoch   1 step     2100 |   2100 batches | lr 0.0001 | ms/batch 6238.75 | loss  2.87 | avg loss  2.93 | ppl 18.78
| epoch   1 step     2200 |   2200 batches | lr 0.0001 | ms/batch 1734.71 | loss  3.18 | avg loss  2.92 | ppl 18.53
| epoch   1 step     2300 |   2300 batches | lr 0.0001 | ms/batch 1736.41 | loss  2.87 | avg loss  2.91 | ppl 18.35
| epoch   1 step     2400 |   2400 batches | lr 0.0001 | ms/batch 1733.55 | loss  2.67 | avg loss  2.91 | ppl 18.43
| epoch   1 step     2500 |   2500 batches | lr 0.0001 | ms/batch 1729.24 | loss  3.06 | avg loss  2.93 | ppl 18.76
| epoch   1 step     2600 |   2600 batches | lr 0.0001 | ms/batch 1861.56 | loss  3.09 | avg loss  2.91 | ppl 18.31
| epoch   1 step     2700 |   2700 batches | lr 0.0001 | ms/batch 2550.92 | loss  2.89 | avg loss  2.89 | ppl 18.07
| epoch   1 step     2800 |   2800 batches | lr 0.0001 | ms/batch 1750.01 | loss  2.64 | avg loss  2.92 | ppl 18.54
| epoch   1 step     2900 |   2900 batches | lr 0.0001 | ms/batch 1754.01 | loss  3.15 | avg loss  2.91 | ppl 18.32
| epoch   1 step     3000 |   3000 batches | lr 0.0001 | ms/batch 1732.85 | loss  3.01 | avg loss  2.87 | ppl 17.67
saving checkpoint ./trained_models/GPT2_M/e2e/model.3000.pt
| epoch   1 step     3100 |   3100 batches | lr 0.0001 | ms/batch 1726.33 | loss  3.10 | avg loss  2.86 | ppl 17.51
| epoch   1 step     3200 |   3200 batches | lr 0.0001 | ms/batch 1726.56 | loss  2.94 | avg loss  2.90 | ppl 18.15
| epoch   1 step     3300 |   3300 batches | lr 0.0001 | ms/batch 1726.46 | loss  3.35 | avg loss  2.85 | ppl 17.31
| epoch   1 step     3400 |   3400 batches | lr 0.0001 | ms/batch 1715.10 | loss  2.77 | avg loss  2.85 | ppl 17.25
| epoch   1 step     3500 |   3500 batches | lr 0.0001 | ms/batch 1632.36 | loss  2.69 | avg loss  2.88 | ppl 17.82
| epoch   1 step     3600 |   3600 batches | lr 0.0001 | ms/batch 1633.98 | loss  2.73 | avg loss  2.88 | ppl 17.86
| epoch   1 step     3700 |   3700 batches | lr 0.0001 | ms/batch 1662.70 | loss  2.85 | avg loss  2.85 | ppl 17.26
| epoch   1 step     3800 |   3800 batches | lr 0.0001 | ms/batch 1731.45 | loss  2.82 | avg loss  2.80 | ppl 16.48
| epoch   1 step     3900 |   3900 batches | lr 0.0001 | ms/batch 1735.77 | loss  2.53 | avg loss  2.87 | ppl 17.68
| epoch   1 step     4000 |   4000 batches | lr 0.0001 | ms/batch 1737.74 | loss  2.88 | avg loss  2.87 | ppl 17.68
saving checkpoint ./trained_models/GPT2_M/e2e/model.4000.pt
eval samples: 0 loss: tensor(1.4968, device='cuda:0')
eval samples: 100 loss: tensor(1.0441, device='cuda:0')
eval samples: 200 loss: tensor(1.5632, device='cuda:0')
eval samples: 300 loss: tensor(1.3667, device='cuda:0')
eval samples: 400 loss: tensor(1.0348, device='cuda:0')
eval samples: 500 loss: tensor(0.8484, device='cuda:0')
eval samples: 600 loss: tensor(1.3800, device='cuda:0')
eval samples: 700 loss: tensor(0.9859, device='cuda:0')
eval samples: 800 loss: tensor(1.3179, device='cuda:0')
eval samples: 900 loss: tensor(1.9186, device='cuda:0')
eval samples: 1000 loss: tensor(1.2567, device='cuda:0')
eval samples: 1100 loss: tensor(1.5545, device='cuda:0')
average loss 1.4447062070137018
----------------------------------------------------------------------------------------------------
| Eval   2 at step     4000 | time: 452.32s | valid loss  1.44 | valid ppl  4.24 | best ppl  4.24 
----------------------------------------------------------------------------------------------------
| epoch   1 step     4100 |   4100 batches | lr 0.0001 | ms/batch 6274.79 | loss  2.97 | avg loss  2.82 | ppl 16.75
| epoch   1 step     4200 |   4200 batches | lr 0.0001 | ms/batch 1767.06 | loss  2.92 | avg loss  2.83 | ppl 16.94
| epoch   1 step     4300 |   4300 batches | lr 0.0001 | ms/batch 1804.75 | loss  2.67 | avg loss  2.79 | ppl 16.20
| epoch   1 step     4400 |   4400 batches | lr 0.0001 | ms/batch 1783.46 | loss  2.86 | avg loss  2.81 | ppl 16.69
| epoch   1 step     4500 |   4500 batches | lr 0.0001 | ms/batch 1778.55 | loss  3.02 | avg loss  2.84 | ppl 17.04
| epoch   1 step     4600 |   4600 batches | lr 0.0001 | ms/batch 1754.85 | loss  2.73 | avg loss  2.83 | ppl 16.97
| epoch   1 step     4700 |   4700 batches | lr 0.0001 | ms/batch 1819.66 | loss  2.63 | avg loss  2.83 | ppl 16.87
| epoch   1 step     4800 |   4800 batches | lr 0.0001 | ms/batch 1810.69 | loss  3.04 | avg loss  2.79 | ppl 16.32
| epoch   1 step     4900 |   4900 batches | lr 0.0001 | ms/batch 1803.30 | loss  2.80 | avg loss  2.82 | ppl 16.71
| epoch   1 step     5000 |   5000 batches | lr 0.0001 | ms/batch 1804.53 | loss  2.57 | avg loss  2.78 | ppl 16.10
saving checkpoint ./trained_models/GPT2_M/e2e/model.5000.pt
| epoch   1 step     5100 |   5100 batches | lr 0.0001 | ms/batch 1783.32 | loss  2.82 | avg loss  2.81 | ppl 16.66
| epoch   1 step     5200 |   5200 batches | lr 0.0001 | ms/batch 1753.55 | loss  2.95 | avg loss  2.80 | ppl 16.46
saving checkpoint ./trained_models/GPT2_M/e2e/model.5258.pt
start to train the model................ 2
| epoch   2 step     5300 |     42 batches | lr 0.0001 | ms/batch 712.00 | loss  2.63 | avg loss  2.75 | ppl 15.63
| epoch   2 step     5400 |    142 batches | lr 0.0001 | ms/batch 1764.84 | loss  2.67 | avg loss  2.81 | ppl 16.61
| epoch   2 step     5500 |    242 batches | lr 0.0001 | ms/batch 1778.02 | loss  2.79 | avg loss  2.79 | ppl 16.29
| epoch   2 step     5600 |    342 batches | lr 0.0001 | ms/batch 1802.04 | loss  2.41 | avg loss  2.81 | ppl 16.56
| epoch   2 step     5700 |    442 batches | lr 0.0001 | ms/batch 1781.17 | loss  2.76 | avg loss  2.80 | ppl 16.48
| epoch   2 step     5800 |    542 batches | lr 0.0001 | ms/batch 1784.68 | loss  2.82 | avg loss  2.77 | ppl 15.98
| epoch   2 step     5900 |    642 batches | lr 0.0001 | ms/batch 1790.87 | loss  2.86 | avg loss  2.80 | ppl 16.37
| epoch   2 step     6000 |    742 batches | lr 0.0001 | ms/batch 1784.99 | loss  2.49 | avg loss  2.77 | ppl 15.91
saving checkpoint ./trained_models/GPT2_M/e2e/model.6000.pt
eval samples: 0 loss: tensor(1.4615, device='cuda:0')
eval samples: 100 loss: tensor(1.0246, device='cuda:0')
eval samples: 200 loss: tensor(1.4766, device='cuda:0')
eval samples: 300 loss: tensor(1.3113, device='cuda:0')
eval samples: 400 loss: tensor(1.0095, device='cuda:0')
eval samples: 500 loss: tensor(0.7957, device='cuda:0')
eval samples: 600 loss: tensor(1.3720, device='cuda:0')
eval samples: 700 loss: tensor(0.9562, device='cuda:0')
eval samples: 800 loss: tensor(1.3199, device='cuda:0')
eval samples: 900 loss: tensor(1.9090, device='cuda:0')
eval samples: 1000 loss: tensor(1.2479, device='cuda:0')
eval samples: 1100 loss: tensor(1.5285, device='cuda:0')
average loss 1.4031491035672083
----------------------------------------------------------------------------------------------------
| Eval   3 at step     6000 | time: 445.45s | valid loss  1.40 | valid ppl  4.07 | best ppl  4.07 
----------------------------------------------------------------------------------------------------
| epoch   2 step     6100 |    842 batches | lr 0.0001 | ms/batch 6296.54 | loss  2.51 | avg loss  2.78 | ppl 16.14
| epoch   2 step     6200 |    942 batches | lr 0.0001 | ms/batch 1819.77 | loss  2.66 | avg loss  2.77 | ppl 16.02
| epoch   2 step     6300 |   1042 batches | lr 0.0001 | ms/batch 1821.59 | loss  3.01 | avg loss  2.77 | ppl 16.01
| epoch   2 step     6400 |   1142 batches | lr 0.0001 | ms/batch 1809.18 | loss  2.54 | avg loss  2.78 | ppl 16.11
| epoch   2 step     6500 |   1242 batches | lr 0.0001 | ms/batch 1830.98 | loss  2.58 | avg loss  2.80 | ppl 16.39
| epoch   2 step     6600 |   1342 batches | lr 0.0001 | ms/batch 1808.62 | loss  2.97 | avg loss  2.77 | ppl 15.91
| epoch   2 step     6700 |   1442 batches | lr 0.0001 | ms/batch 1789.54 | loss  2.68 | avg loss  2.78 | ppl 16.06
| epoch   2 step     6800 |   1542 batches | lr 0.0001 | ms/batch 1812.97 | loss  2.79 | avg loss  2.78 | ppl 16.19
| epoch   2 step     6900 |   1642 batches | lr 0.0001 | ms/batch 1744.04 | loss  2.71 | avg loss  2.72 | ppl 15.20
| epoch   2 step     7000 |   1742 batches | lr 0.0001 | ms/batch 1707.27 | loss  2.94 | avg loss  2.77 | ppl 15.95
saving checkpoint ./trained_models/GPT2_M/e2e/model.7000.pt
| epoch   2 step     7100 |   1842 batches | lr 0.0001 | ms/batch 1777.53 | loss  2.88 | avg loss  2.76 | ppl 15.87
| epoch   2 step     7200 |   1942 batches | lr 0.0001 | ms/batch 1801.01 | loss  2.81 | avg loss  2.76 | ppl 15.81
| epoch   2 step     7300 |   2042 batches | lr 0.0001 | ms/batch 1814.65 | loss  2.57 | avg loss  2.73 | ppl 15.34
| epoch   2 step     7400 |   2142 batches | lr 0.0001 | ms/batch 1828.85 | loss  3.02 | avg loss  2.73 | ppl 15.31
| epoch   2 step     7500 |   2242 batches | lr 0.0001 | ms/batch 1791.92 | loss  2.85 | avg loss  2.78 | ppl 16.12
| epoch   2 step     7600 |   2342 batches | lr 0.0001 | ms/batch 1789.34 | loss  2.53 | avg loss  2.74 | ppl 15.45
| epoch   2 step     7700 |   2442 batches | lr 0.0001 | ms/batch 1842.10 | loss  3.05 | avg loss  2.74 | ppl 15.46
| epoch   2 step     7800 |   2542 batches | lr 0.0001 | ms/batch 1754.77 | loss  2.81 | avg loss  2.72 | ppl 15.23
| epoch   2 step     7900 |   2642 batches | lr 0.0001 | ms/batch 1750.74 | loss  3.04 | avg loss  2.76 | ppl 15.78
| epoch   2 step     8000 |   2742 batches | lr 0.0001 | ms/batch 1750.69 | loss  2.78 | avg loss  2.78 | ppl 16.15
saving checkpoint ./trained_models/GPT2_M/e2e/model.8000.pt
eval samples: 0 loss: tensor(1.3867, device='cuda:0')
eval samples: 100 loss: tensor(0.9953, device='cuda:0')
eval samples: 200 loss: tensor(1.4892, device='cuda:0')
eval samples: 300 loss: tensor(1.3298, device='cuda:0')
eval samples: 400 loss: tensor(0.9950, device='cuda:0')
eval samples: 500 loss: tensor(0.8049, device='cuda:0')
eval samples: 600 loss: tensor(1.3697, device='cuda:0')
eval samples: 700 loss: tensor(0.9245, device='cuda:0')
eval samples: 800 loss: tensor(1.2911, device='cuda:0')
eval samples: 900 loss: tensor(1.8447, device='cuda:0')
eval samples: 1000 loss: tensor(1.2410, device='cuda:0')
eval samples: 1100 loss: tensor(1.5253, device='cuda:0')
average loss 1.3813947450930941
----------------------------------------------------------------------------------------------------
| Eval   4 at step     8000 | time: 450.56s | valid loss  1.38 | valid ppl  c| best ppl  3.98
----------------------------------------------------------------------------------------------------
| epoch   2 step     8100 |   2842 batches | lr 0.0001 | ms/batch 6255.72 | loss  2.67 | avg loss  2.73 | ppl 15.39
| epoch   2 step     8200 |   2942 batches | lr 0.0001 | ms/batch 1757.46 | loss  2.77 | avg loss  2.79 | ppl 16.24
| epoch   2 step     8300 |   3042 batches | lr 0.0001 | ms/batch 1756.91 | loss  2.64 | avg loss  2.76 | ppl 15.73
| epoch   2 step     8400 |   3142 batches | lr 0.0001 | ms/batch 1755.97 | loss  2.78 | avg loss  2.74 | ppl 15.48
| epoch   2 step     8500 |   3242 batches | lr 0.0001 | ms/batch 1756.97 | loss  2.68 | avg loss  2.75 | ppl 15.62
| epoch   2 step     8600 |   3342 batches | lr 0.0001 | ms/batch 1711.09 | loss  2.75 | avg loss  2.73 | ppl 15.33
| epoch   2 step     8700 |   3442 batches | lr 0.0001 | ms/batch 1658.73 | loss  3.03 | avg loss  2.73 | ppl 15.37
| epoch   2 step     8800 |   3542 batches | lr 0.0001 | ms/batch 1658.30 | loss  2.59 | avg loss  2.73 | ppl 15.32
| epoch   2 step     8900 |   3642 batches | lr 0.0001 | ms/batch 1748.30 | loss  2.82 | avg loss  2.75 | ppl 15.68
| epoch   2 step     9000 |   3742 batches | lr 0.0001 | ms/batch 1756.72 | loss  2.74 | avg loss  2.74 | ppl 15.45
saving checkpoint ./trained_models/GPT2_M/e2e/model.9000.pt
| epoch   2 step     9100 |   3842 batches | lr 0.0001 | ms/batch 1756.65 | loss  2.69 | avg loss  2.73 | ppl 15.36
| epoch   2 step     9200 |   3942 batches | lr 0.0001 | ms/batch 1755.95 | loss  2.88 | avg loss  2.74 | ppl 15.46
| epoch   2 step     9300 |   4042 batches | lr 0.0001 | ms/batch 1726.57 | loss  2.63 | avg loss  2.75 | ppl 15.71
| epoch   2 step     9400 |   4142 batches | lr 0.0001 | ms/batch 1755.13 | loss  2.78 | avg loss  2.73 | ppl 15.38
| epoch   2 step     9500 |   4242 batches | lr 0.0001 | ms/batch 1755.83 | loss  2.77 | avg loss  2.73 | ppl 15.36
| epoch   2 step     9600 |   4342 batches | lr 0.0001 | ms/batch 1755.50 | loss  3.08 | avg loss  2.74 | ppl 15.55
| epoch   2 step     9700 |   4442 batches | lr 0.0001 | ms/batch 1755.33 | loss  2.48 | avg loss  2.72 | ppl 15.18
| epoch   2 step     9800 |   4542 batches | lr 0.0001 | ms/batch 1755.40 | loss  2.73 | avg loss  2.71 | ppl 15.08
| epoch   2 step     9900 |   4642 batches | lr 0.0001 | ms/batch 1755.40 | loss  2.39 | avg loss  2.71 | ppl 14.97
| epoch   2 step    10000 |   4742 batches | lr 0.0001 | ms/batch 1756.63 | loss  2.88 | avg loss  2.75 | ppl 15.57
saving checkpoint ./trained_models/GPT2_M/e2e/model.10000.pt
eval samples: 0 loss: tensor(1.3296, device='cuda:0')
eval samples: 100 loss: tensor(0.9900, device='cuda:0')
eval samples: 200 loss: tensor(1.4462, device='cuda:0')
eval samples: 300 loss: tensor(1.2477, device='cuda:0')
eval samples: 400 loss: tensor(0.9630, device='cuda:0')
eval samples: 500 loss: tensor(0.7488, device='cuda:0')
eval samples: 600 loss: tensor(1.3375, device='cuda:0')
eval samples: 700 loss: tensor(0.8509, device='cuda:0')
eval samples: 800 loss: tensor(1.2508, device='cuda:0')
eval samples: 900 loss: tensor(1.8319, device='cuda:0')
eval samples: 1000 loss: tensor(1.2077, device='cuda:0')
eval samples: 1100 loss: tensor(1.4963, device='cuda:0')
average loss 1.3415616549143237
----------------------------------------------------------------------------------------------------
| Eval   5 at step    10000 | time: 454.31s | valid loss  1.34 | valid ppl  3.83 | best ppl  3.83 
----------------------------------------------------------------------------------------------------
| epoch   2 step    10100 |   4842 batches | lr 0.0001 | ms/batch 6300.89 | loss  2.62 | avg loss  2.72 | ppl 15.22
| epoch   2 step    10200 |   4942 batches | lr 0.0001 | ms/batch 1759.80 | loss  2.63 | avg loss  2.74 | ppl 15.45
| epoch   2 step    10300 |   5042 batches | lr 0.0001 | ms/batch 1760.99 | loss  3.00 | avg loss  2.71 | ppl 15.07
| epoch   2 step    10400 |   5142 batches | lr 0.0001 | ms/batch 1677.05 | loss  2.78 | avg loss  2.71 | ppl 15.06
| epoch   2 step    10500 |   5242 batches | lr 0.0001 | ms/batch 2093.29 | loss  2.65 | avg loss  2.70 | ppl 14.89
saving checkpoint ./trained_models/GPT2_M/e2e/model.10516.pt
start to train the model................ 3
| epoch   3 step    10600 |     84 batches | lr 0.0001 | ms/batch 2116.29 | loss  2.39 | avg loss  2.71 | ppl 15.05
| epoch   3 step    10700 |    184 batches | lr 0.0001 | ms/batch 2617.37 | loss  2.89 | avg loss  2.73 | ppl 15.28
| epoch   3 step    10800 |    284 batches | lr 0.0001 | ms/batch 2609.97 | loss  2.87 | avg loss  2.71 | ppl 14.96
| epoch   3 step    10900 |    384 batches | lr 0.0001 | ms/batch 2594.38 | loss  2.98 | avg loss  2.71 | ppl 15.05
| epoch   3 step    11000 |    484 batches | lr 0.0001 | ms/batch 2618.10 | loss  2.90 | avg loss  2.71 | ppl 14.98
saving checkpoint ./trained_models/GPT2_M/e2e/model.11000.pt
| epoch   3 step    11100 |    584 batches | lr 0.0001 | ms/batch 2617.59 | loss  2.78 | avg loss  2.76 | ppl 15.88
| epoch   3 step    11200 |    684 batches | lr 0.0001 | ms/batch 2617.99 | loss  2.75 | avg loss  2.72 | ppl 15.15
| epoch   3 step    11300 |    784 batches | lr 0.0001 | ms/batch 2617.79 | loss  2.79 | avg loss  2.73 | ppl 15.34
| epoch   3 step    11400 |    884 batches | lr 0.0001 | ms/batch 2614.45 | loss  2.77 | avg loss  2.73 | ppl 15.29
| epoch   3 step    11500 |    984 batches | lr 0.0001 | ms/batch 2612.96 | loss  2.43 | avg loss  2.72 | ppl 15.25
| epoch   3 step    11600 |   1084 batches | lr 0.0001 | ms/batch 2612.84 | loss  2.35 | avg loss  2.68 | ppl 14.55
| epoch   3 step    11700 |   1184 batches | lr 0.0001 | ms/batch 1956.48 | loss  2.56 | avg loss  2.70 | ppl 14.91
| epoch   3 step    11800 |   1284 batches | lr 0.0001 | ms/batch 1760.26 | loss  2.68 | avg loss  2.67 | ppl 14.47
| epoch   3 step    11900 |   1384 batches | lr 0.0001 | ms/batch 1762.26 | loss  2.59 | avg loss  2.69 | ppl 14.72
| epoch   3 step    12000 |   1484 batches | lr 0.0001 | ms/batch 1760.06 | loss  2.82 | avg loss  2.71 | ppl 14.96
saving checkpoint ./trained_models/GPT2_M/e2e/model.12000.pt
eval samples: 0 loss: tensor(1.3381, device='cuda:0')
eval samples: 100 loss: tensor(0.9783, device='cuda:0')
eval samples: 200 loss: tensor(1.4075, device='cuda:0')
eval samples: 300 loss: tensor(1.2728, device='cuda:0')
eval samples: 400 loss: tensor(0.9853, device='cuda:0')
eval samples: 500 loss: tensor(0.7490, device='cuda:0')
eval samples: 600 loss: tensor(1.3448, device='cuda:0')
eval samples: 700 loss: tensor(0.8654, device='cuda:0')
eval samples: 800 loss: tensor(1.2529, device='cuda:0')
eval samples: 900 loss: tensor(1.8274, device='cuda:0')
eval samples: 1000 loss: tensor(1.1772, device='cuda:0')
eval samples: 1100 loss: tensor(1.5101, device='cuda:0')
average loss 1.343117412945179
----------------------------------------------------------------------------------------------------
| Eval   6 at step    12000 | time: 457.07s | valid loss  1.34 | valid ppl  3.83 | best ppl  3.83 
----------------------------------------------------------------------------------------------------
| epoch   3 step    12100 |   1584 batches | lr 0.0001 | ms/batch 6332.82 | loss  2.64 | avg loss  2.72 | ppl 15.15
| epoch   3 step    12200 |   1684 batches | lr 0.0001 | ms/batch 1709.59 | loss  2.58 | avg loss  2.72 | ppl 15.20
| epoch   3 step    12300 |   1784 batches | lr 0.0001 | ms/batch 1665.65 | loss  2.72 | avg loss  2.71 | ppl 15.06
| epoch   3 step    12400 |   1884 batches | lr 0.0001 | ms/batch 1663.41 | loss  2.78 | avg loss  2.68 | ppl 14.57
| epoch   3 step    12500 |   1984 batches | lr 0.0001 | ms/batch 1743.55 | loss  2.96 | avg loss  2.71 | ppl 15.01
| epoch   3 step    12600 |   2084 batches | lr 0.0001 | ms/batch 1729.01 | loss  2.93 | avg loss  2.64 | ppl 14.04
| epoch   3 step    12700 |   2184 batches | lr 0.0001 | ms/batch 1742.77 | loss  2.51 | avg loss  2.70 | ppl 14.82
| epoch   3 step    12800 |   2284 batches | lr 0.0001 | ms/batch 1749.35 | loss  2.78 | avg loss  2.70 | ppl 14.93
| epoch   3 step    12900 |   2384 batches | lr 0.0001 | ms/batch 1750.02 | loss  2.58 | avg loss  2.70 | ppl 14.95
| epoch   3 step    13000 |   2484 batches | lr 0.0001 | ms/batch 1751.01 | loss  3.23 | avg loss  2.72 | ppl 15.24
saving checkpoint ./trained_models/GPT2_M/e2e/model.13000.pt
| epoch   3 step    13100 |   2584 batches | lr 0.0001 | ms/batch 1753.11 | loss  2.47 | avg loss  2.67 | ppl 14.46
| epoch   3 step    13200 |   2684 batches | lr 0.0001 | ms/batch 1755.05 | loss  2.64 | avg loss  2.74 | ppl 15.42
| epoch   3 step    13300 |   2784 batches | lr 0.0001 | ms/batch 1743.58 | loss  2.62 | avg loss  2.68 | ppl 14.56
| epoch   3 step    13400 |   2884 batches | lr 0.0001 | ms/batch 1755.31 | loss  2.84 | avg loss  2.67 | ppl 14.45
| epoch   3 step    13500 |   2984 batches | lr 0.0001 | ms/batch 1741.37 | loss  3.12 | avg loss  2.71 | ppl 15.09
| epoch   3 step    13600 |   3084 batches | lr 0.0001 | ms/batch 1744.33 | loss  2.56 | avg loss  2.71 | ppl 14.98
| epoch   3 step    13700 |   3184 batches | lr 0.0001 | ms/batch 1725.40 | loss  2.96 | avg loss  2.75 | ppl 15.57
| epoch   3 step    13800 |   3284 batches | lr 0.0001 | ms/batch 1723.50 | loss  2.40 | avg loss  2.67 | ppl 14.44
| epoch   3 step    13900 |   3384 batches | lr 0.0001 | ms/batch 1727.50 | loss  3.08 | avg loss  2.72 | ppl 15.21
| epoch   3 step    14000 |   3484 batches | lr 0.0001 | ms/batch 1709.34 | loss  2.85 | avg loss  2.72 | ppl 15.15
saving checkpoint ./trained_models/GPT2_M/e2e/model.14000.pt
eval samples: 0 loss: tensor(1.2905, device='cuda:0')
eval samples: 100 loss: tensor(0.9737, device='cuda:0')
eval samples: 200 loss: tensor(1.4335, device='cuda:0')
eval samples: 300 loss: tensor(1.2961, device='cuda:0')
eval samples: 400 loss: tensor(0.9793, device='cuda:0')
eval samples: 500 loss: tensor(0.7342, device='cuda:0')
eval samples: 600 loss: tensor(1.3648, device='cuda:0')
eval samples: 700 loss: tensor(0.8467, device='cuda:0')
eval samples: 800 loss: tensor(1.2292, device='cuda:0')
eval samples: 900 loss: tensor(1.8133, device='cuda:0')
eval samples: 1000 loss: tensor(1.1719, device='cuda:0')
eval samples: 1100 loss: tensor(1.4916, device='cuda:0')
average loss 1.3285763227980432
----------------------------------------------------------------------------------------------------
| Eval   7 at step    14000 | time: 446.22s | valid loss  1.33 | valid ppl  3.78 | best ppl  3.78 
----------------------------------------------------------------------------------------------------
| epoch   3 step    14100 |   3584 batches | lr 0.0001 | ms/batch 6116.92 | loss  2.85 | avg loss  2.65 | ppl 14.14
| epoch   3 step    14200 |   3684 batches | lr 0.0001 | ms/batch 1665.57 | loss  2.69 | avg loss  2.67 | ppl 14.45
| epoch   3 step    14300 |   3784 batches | lr 0.0001 | ms/batch 1749.74 | loss  2.88 | avg loss  2.68 | ppl 14.53
| epoch   3 step    14400 |   3884 batches | lr 0.0001 | ms/batch 1747.75 | loss  2.49 | avg loss  2.69 | ppl 14.70
| epoch   3 step    14500 |   3984 batches | lr 0.0001 | ms/batch 1751.02 | loss  2.57 | avg loss  2.70 | ppl 14.88
| epoch   3 step    14600 |   4084 batches | lr 0.0001 | ms/batch 1751.89 | loss  2.61 | avg loss  2.71 | ppl 14.96
| epoch   3 step    14700 |   4184 batches | lr 0.0001 | ms/batch 1750.99 | loss  2.69 | avg loss  2.67 | ppl 14.39
| epoch   3 step    14800 |   4284 batches | lr 0.0001 | ms/batch 1748.26 | loss  2.74 | avg loss  2.71 | ppl 15.04
| epoch   3 step    14900 |   4384 batches | lr 0.0001 | ms/batch 1748.61 | loss  2.62 | avg loss  2.68 | ppl 14.64
| epoch   3 step    15000 |   4484 batches | lr 0.0001 | ms/batch 1750.45 | loss  2.95 | avg loss  2.72 | ppl 15.12
saving checkpoint ./trained_models/GPT2_M/e2e/model.15000.pt
| epoch   3 step    15100 |   4584 batches | lr 0.0001 | ms/batch 1750.94 | loss  2.52 | avg loss  2.68 | ppl 14.55
| epoch   3 step    15200 |   4684 batches | lr 0.0001 | ms/batch 1749.94 | loss  2.74 | avg loss  2.67 | ppl 14.42
| epoch   3 step    15300 |   4784 batches | lr 0.0001 | ms/batch 1747.64 | loss  2.62 | avg loss  2.71 | ppl 15.04
| epoch   3 step    15400 |   4884 batches | lr 0.0001 | ms/batch 1748.60 | loss  2.60 | avg loss  2.69 | ppl 14.78
| epoch   3 step    15500 |   4984 batches | lr 0.0001 | ms/batch 1747.99 | loss  2.55 | avg loss  2.69 | ppl 14.80
| epoch   3 step    15600 |   5084 batches | lr 0.0001 | ms/batch 1748.05 | loss  2.80 | avg loss  2.67 | ppl 14.49
| epoch   3 step    15700 |   5184 batches | lr 0.0001 | ms/batch 1748.34 | loss  2.67 | avg loss  2.65 | ppl 14.12
saving checkpoint ./trained_models/GPT2_M/e2e/model.15774.pt
start to train the model................ 4
| epoch   4 step    15800 |     26 batches | lr 0.0001 | ms/batch 454.61 | loss  2.48 | avg loss  2.65 | ppl 14.17
| epoch   4 step    15900 |    126 batches | lr 0.0001 | ms/batch 1748.51 | loss  2.55 | avg loss  2.68 | ppl 14.54
| epoch   4 step    16000 |    226 batches | lr 0.0001 | ms/batch 1729.26 | loss  2.67 | avg loss  2.70 | ppl 14.84
saving checkpoint ./trained_models/GPT2_M/e2e/model.16000.pt
eval samples: 0 loss: tensor(1.2760, device='cuda:0')
eval samples: 100 loss: tensor(0.9523, device='cuda:0')
eval samples: 200 loss: tensor(1.3932, device='cuda:0')
eval samples: 300 loss: tensor(1.2577, device='cuda:0')
eval samples: 400 loss: tensor(0.9696, device='cuda:0')
eval samples: 500 loss: tensor(0.7163, device='cuda:0')
eval samples: 600 loss: tensor(1.3448, device='cuda:0')
eval samples: 700 loss: tensor(0.8246, device='cuda:0')
eval samples: 800 loss: tensor(1.2691, device='cuda:0')
eval samples: 900 loss: tensor(1.8086, device='cuda:0')
eval samples: 1000 loss: tensor(1.1713, device='cuda:0')
eval samples: 1100 loss: tensor(1.5051, device='cuda:0')
average loss 1.3166580574255284
----------------------------------------------------------------------------------------------------
| Eval   8 at step    16000 | time: 432.56s | valid loss  1.32 | valid ppl  3.73 | best ppl  3.73 
----------------------------------------------------------------------------------------------------
| epoch   4 step    16100 |    326 batches | lr 0.0001 | ms/batch 6074.97 | loss  2.90 | avg loss  2.67 | ppl 14.37
| epoch   4 step    16200 |    426 batches | lr 0.0001 | ms/batch 1749.16 | loss  2.63 | avg loss  2.67 | ppl 14.37
| epoch   4 step    16300 |    526 batches | lr 0.0001 | ms/batch 1750.50 | loss  3.13 | avg loss  2.66 | ppl 14.24
| epoch   4 step    16400 |    626 batches | lr 0.0001 | ms/batch 1750.34 | loss  3.03 | avg loss  2.67 | ppl 14.47
| epoch   4 step    16500 |    726 batches | lr 0.0001 | ms/batch 1750.52 | loss  2.92 | avg loss  2.70 | ppl 14.87
| epoch   4 step    16600 |    826 batches | lr 0.0001 | ms/batch 1752.89 | loss  2.87 | avg loss  2.67 | ppl 14.38
| epoch   4 step    16700 |    926 batches | lr 0.0001 | ms/batch 1753.87 | loss  2.78 | avg loss  2.68 | ppl 14.64
| epoch   4 step    16800 |   1026 batches | lr 0.0001 | ms/batch 1752.09 | loss  2.85 | avg loss  2.68 | ppl 14.65
| epoch   4 step    16900 |   1126 batches | lr 0.0001 | ms/batch 1750.50 | loss  2.38 | avg loss  2.65 | ppl 14.09
| epoch   4 step    17000 |   1226 batches | lr 0.0001 | ms/batch 1747.92 | loss  2.54 | avg loss  2.65 | ppl 14.14
saving checkpoint ./trained_models/GPT2_M/e2e/model.17000.pt
| epoch   4 step    17100 |   1326 batches | lr 0.0001 | ms/batch 1746.88 | loss  2.84 | avg loss  2.70 | ppl 14.94
| epoch   4 step    17200 |   1426 batches | lr 0.0001 | ms/batch 1747.85 | loss  2.57 | avg loss  2.65 | ppl 14.12
| epoch   4 step    17300 |   1526 batches | lr 0.0001 | ms/batch 1749.59 | loss  2.55 | avg loss  2.68 | ppl 14.59
| epoch   4 step    17400 |   1626 batches | lr 0.0001 | ms/batch 1749.12 | loss  2.45 | avg loss  2.68 | ppl 14.57
| epoch   4 step    17500 |   1726 batches | lr 0.0001 | ms/batch 1750.22 | loss  2.99 | avg loss  2.69 | ppl 14.76
| epoch   4 step    17600 |   1826 batches | lr 0.0001 | ms/batch 1752.98 | loss  3.03 | avg loss  2.70 | ppl 14.84
| epoch   4 step    17700 |   1926 batches | lr 0.0001 | ms/batch 1754.12 | loss  2.66 | avg loss  2.66 | ppl 14.35
| epoch   4 step    17800 |   2026 batches | lr 0.0001 | ms/batch 1710.68 | loss  2.93 | avg loss  2.71 | ppl 15.06
| epoch   4 step    17900 |   2126 batches | lr 0.0001 | ms/batch 1658.05 | loss  2.70 | avg loss  2.66 | ppl 14.26
| epoch   4 step    18000 |   2226 batches | lr 0.0001 | ms/batch 1656.86 | loss  3.28 | avg loss  2.67 | ppl 14.41
saving checkpoint ./trained_models/GPT2_M/e2e/model.18000.pt
eval samples: 0 loss: tensor(1.2655, device='cuda:0')
eval samples: 100 loss: tensor(0.9561, device='cuda:0')
eval samples: 200 loss: tensor(1.4279, device='cuda:0')
eval samples: 300 loss: tensor(1.2384, device='cuda:0')
eval samples: 400 loss: tensor(0.9644, device='cuda:0')
eval samples: 500 loss: tensor(0.7247, device='cuda:0')
eval samples: 600 loss: tensor(1.3523, device='cuda:0')
eval samples: 700 loss: tensor(0.8338, device='cuda:0')
eval samples: 800 loss: tensor(1.2247, device='cuda:0')
eval samples: 900 loss: tensor(1.8028, device='cuda:0')
eval samples: 1000 loss: tensor(1.1323, device='cuda:0')
eval samples: 1100 loss: tensor(1.5339, device='cuda:0')
average loss 1.3237817739072728
----------------------------------------------------------------------------------------------------
| Eval   9 at step    18000 | time: 451.46s | valid loss  1.32 | valid ppl  3.76 | best ppl  3.73
----------------------------------------------------------------------------------------------------
| epoch   4 step    18100 |   2326 batches | lr 0.0001 | ms/batch 6262.68 | loss  2.85 | avg loss  2.67 | ppl 14.40
| epoch   4 step    18200 |   2426 batches | lr 0.0001 | ms/batch 1748.80 | loss  2.47 | avg loss  2.67 | ppl 14.42
| epoch   4 step    18300 |   2526 batches | lr 0.0001 | ms/batch 1749.63 | loss  2.55 | avg loss  2.68 | ppl 14.63
| epoch   4 step    18400 |   2626 batches | lr 0.0001 | ms/batch 1748.83 | loss  2.83 | avg loss  2.66 | ppl 14.24
| epoch   4 step    18500 |   2726 batches | lr 0.0001 | ms/batch 1748.51 | loss  2.64 | avg loss  2.64 | ppl 14.05
| epoch   4 step    18600 |   2826 batches | lr 0.0001 | ms/batch 1748.42 | loss  2.42 | avg loss  2.70 | ppl 14.83
| epoch   4 step    18700 |   2926 batches | lr 0.0001 | ms/batch 1727.38 | loss  2.43 | avg loss  2.66 | ppl 14.23
| epoch   4 step    18800 |   3026 batches | lr 0.0001 | ms/batch 1749.00 | loss  2.44 | avg loss  2.68 | ppl 14.60
| epoch   4 step    18900 |   3126 batches | lr 0.0001 | ms/batch 1748.07 | loss  2.64 | avg loss  2.67 | ppl 14.48
| epoch   4 step    19000 |   3226 batches | lr 0.0001 | ms/batch 1749.61 | loss  2.96 | avg loss  2.68 | ppl 14.53
saving checkpoint ./trained_models/GPT2_M/e2e/model.19000.pt
| epoch   4 step    19100 |   3326 batches | lr 0.0001 | ms/batch 1748.53 | loss  2.97 | avg loss  2.66 | ppl 14.32
| epoch   4 step    19200 |   3426 batches | lr 0.0001 | ms/batch 1740.04 | loss  2.73 | avg loss  2.64 | ppl 14.01
| epoch   4 step    19300 |   3526 batches | lr 0.0001 | ms/batch 1735.53 | loss  2.70 | avg loss  2.68 | ppl 14.53
| epoch   4 step    19400 |   3626 batches | lr 0.0001 | ms/batch 1721.20 | loss  2.86 | avg loss  2.66 | ppl 14.33
| epoch   4 step    19500 |   3726 batches | lr 0.0001 | ms/batch 1721.11 | loss  2.34 | avg loss  2.66 | ppl 14.24
| epoch   4 step    19600 |   3826 batches | lr 0.0001 | ms/batch 1665.20 | loss  2.88 | avg loss  2.66 | ppl 14.34
| epoch   4 step    19700 |   3926 batches | lr 0.0001 | ms/batch 1621.80 | loss  2.75 | avg loss  2.66 | ppl 14.33
| epoch   4 step    19800 |   4026 batches | lr 0.0001 | ms/batch 1621.48 | loss  2.64 | avg loss  2.66 | ppl 14.34
| epoch   4 step    19900 |   4126 batches | lr 0.0001 | ms/batch 1709.52 | loss  2.43 | avg loss  2.70 | ppl 14.83
| epoch   4 step    20000 |   4226 batches | lr 0.0001 | ms/batch 1715.30 | loss  2.56 | avg loss  2.66 | ppl 14.29
saving checkpoint ./trained_models/GPT2_M/e2e/model.20000.pt
eval samples: 0 loss: tensor(1.2856, device='cuda:0')
eval samples: 100 loss: tensor(0.9550, device='cuda:0')
eval samples: 200 loss: tensor(1.3927, device='cuda:0')
eval samples: 300 loss: tensor(1.2380, device='cuda:0')
eval samples: 400 loss: tensor(0.9261, device='cuda:0')
eval samples: 500 loss: tensor(0.7239, device='cuda:0')
eval samples: 600 loss: tensor(1.3434, device='cuda:0')
eval samples: 700 loss: tensor(0.8292, device='cuda:0')
eval samples: 800 loss: tensor(1.1979, device='cuda:0')
eval samples: 900 loss: tensor(1.8069, device='cuda:0')
eval samples: 1000 loss: tensor(1.1366, device='cuda:0')
eval samples: 1100 loss: tensor(1.5089, device='cuda:0')
average loss 1.3108379657648197
----------------------------------------------------------------------------------------------------
| Eval  10 at step    20000 | time: 450.78s | valid loss  1.31 | valid ppl  3.71 | best ppl  3.71 
----------------------------------------------------------------------------------------------------
| epoch   4 step    20100 |   4326 batches | lr 0.0001 | ms/batch 6223.99 | loss  2.54 | avg loss  2.65 | ppl 14.20
| epoch   4 step    20200 |   4426 batches | lr 0.0001 | ms/batch 1715.78 | loss  2.74 | avg loss  2.65 | ppl 14.22
| epoch   4 step    20300 |   4526 batches | lr 0.0001 | ms/batch 1715.42 | loss  2.69 | avg loss  2.68 | ppl 14.62
| epoch   4 step    20400 |   4626 batches | lr 0.0001 | ms/batch 1713.84 | loss  2.62 | avg loss  2.67 | ppl 14.39
| epoch   4 step    20500 |   4726 batches | lr 0.0001 | ms/batch 1717.26 | loss  2.82 | avg loss  2.64 | ppl 14.05
| epoch   4 step    20600 |   4826 batches | lr 0.0001 | ms/batch 1716.22 | loss  2.84 | avg loss  2.69 | ppl 14.71
| epoch   4 step    20700 |   4926 batches | lr 0.0001 | ms/batch 1715.70 | loss  2.74 | avg loss  2.64 | ppl 14.04
| epoch   4 step    20800 |   5026 batches | lr 0.0001 | ms/batch 1716.91 | loss  2.43 | avg loss  2.68 | ppl 14.60
| epoch   4 step    20900 |   5126 batches | lr 0.0001 | ms/batch 1718.91 | loss  2.59 | avg loss  2.65 | ppl 14.15
| epoch   4 step    21000 |   5226 batches | lr 0.0001 | ms/batch 1723.01 | loss  2.44 | avg loss  2.65 | ppl 14.15
saving checkpoint ./trained_models/GPT2_M/e2e/model.21000.pt
saving checkpoint ./trained_models/GPT2_M/e2e/model.21032.pt
start to train the model................ 5
| epoch   5 step    21100 |     68 batches | lr 0.0001 | ms/batch 1173.37 | loss  2.80 | avg loss  2.68 | ppl 14.59
| epoch   5 step    21200 |    168 batches | lr 0.0001 | ms/batch 1722.57 | loss  2.83 | avg loss  2.62 | ppl 13.78
| epoch   5 step    21300 |    268 batches | lr 0.0001 | ms/batch 1720.78 | loss  2.40 | avg loss  2.67 | ppl 14.51
| epoch   5 step    21400 |    368 batches | lr 0.0001 | ms/batch 1700.19 | loss  2.71 | avg loss  2.66 | ppl 14.26
| epoch   5 step    21500 |    468 batches | lr 0.0001 | ms/batch 1616.04 | loss  2.90 | avg loss  2.67 | ppl 14.48
| epoch   5 step    21600 |    568 batches | lr 0.0001 | ms/batch 1622.17 | loss  2.98 | avg loss  2.62 | ppl 13.80
| epoch   5 step    21700 |    668 batches | lr 0.0001 | ms/batch 1676.05 | loss  3.01 | avg loss  2.66 | ppl 14.35
| epoch   5 step    21800 |    768 batches | lr 0.0001 | ms/batch 1724.43 | loss  2.56 | avg loss  2.69 | ppl 14.80
| epoch   5 step    21900 |    868 batches | lr 0.0001 | ms/batch 1727.79 | loss  2.91 | avg loss  2.66 | ppl 14.36
| epoch   5 step    22000 |    968 batches | lr 0.0001 | ms/batch 1722.22 | loss  2.56 | avg loss  2.61 | ppl 13.54
saving checkpoint ./trained_models/GPT2_M/e2e/model.22000.pt
eval samples: 0 loss: tensor(1.2705, device='cuda:0')
eval samples: 100 loss: tensor(0.9557, device='cuda:0')
eval samples: 200 loss: tensor(1.3781, device='cuda:0')
eval samples: 300 loss: tensor(1.2172, device='cuda:0')
eval samples: 400 loss: tensor(0.9400, device='cuda:0')
eval samples: 500 loss: tensor(0.7140, device='cuda:0')
eval samples: 600 loss: tensor(1.2913, device='cuda:0')
eval samples: 700 loss: tensor(0.8090, device='cuda:0')
eval samples: 800 loss: tensor(1.2224, device='cuda:0')
eval samples: 900 loss: tensor(1.7971, device='cuda:0')
eval samples: 1000 loss: tensor(1.1101, device='cuda:0')
eval samples: 1100 loss: tensor(1.5448, device='cuda:0')
average loss 1.2952405982842183
----------------------------------------------------------------------------------------------------
| Eval  11 at step    22000 | time: 453.11s | valid loss  1.30 | valid ppl  3.65 | best ppl  3.65 
----------------------------------------------------------------------------------------------------
| epoch   5 step    22100 |   1068 batches | lr 0.0001 | ms/batch 6275.49 | loss  2.77 | avg loss  2.64 | ppl 14.00
| epoch   5 step    22200 |   1168 batches | lr 0.0001 | ms/batch 1744.57 | loss  3.07 | avg loss  2.67 | ppl 14.46
| epoch   5 step    22300 |   1268 batches | lr 0.0001 | ms/batch 1737.25 | loss  2.50 | avg loss  2.67 | ppl 14.44
| epoch   5 step    22400 |   1368 batches | lr 0.0001 | ms/batch 1737.95 | loss  2.51 | avg loss  2.62 | ppl 13.70
| epoch   5 step    22500 |   1468 batches | lr 0.0001 | ms/batch 1739.52 | loss  2.65 | avg loss  2.66 | ppl 14.24
| epoch   5 step    22600 |   1568 batches | lr 0.0001 | ms/batch 1736.38 | loss  2.90 | avg loss  2.68 | ppl 14.54
| epoch   5 step    22700 |   1668 batches | lr 0.0001 | ms/batch 1727.15 | loss  2.53 | avg loss  2.64 | ppl 13.98
| epoch   5 step    22800 |   1768 batches | lr 0.0001 | ms/batch 1743.11 | loss  2.47 | avg loss  2.67 | ppl 14.40
| epoch   5 step    22900 |   1868 batches | lr 0.0001 | ms/batch 1743.49 | loss  3.03 | avg loss  2.71 | ppl 15.00
| epoch   5 step    23000 |   1968 batches | lr 0.0001 | ms/batch 1744.22 | loss  2.53 | avg loss  2.64 | ppl 14.02
saving checkpoint ./trained_models/GPT2_M/e2e/model.23000.pt
| epoch   5 step    23100 |   2068 batches | lr 0.0001 | ms/batch 1742.57 | loss  2.74 | avg loss  2.68 | ppl 14.61
| epoch   5 step    23200 |   2168 batches | lr 0.0001 | ms/batch 1710.69 | loss  2.79 | avg loss  2.65 | ppl 14.13
| epoch   5 step    23300 |   2268 batches | lr 0.0001 | ms/batch 1626.15 | loss  2.46 | avg loss  2.63 | ppl 13.88
| epoch   5 step    23400 |   2368 batches | lr 0.0001 | ms/batch 1629.12 | loss  2.56 | avg loss  2.66 | ppl 14.27
| epoch   5 step    23500 |   2468 batches | lr 0.0001 | ms/batch 1673.82 | loss  2.43 | avg loss  2.63 | ppl 13.86
| epoch   5 step    23600 |   2568 batches | lr 0.0001 | ms/batch 1725.33 | loss  2.32 | avg loss  2.64 | ppl 13.98
| epoch   5 step    23700 |   2668 batches | lr 0.0001 | ms/batch 1725.98 | loss  2.50 | avg loss  2.61 | ppl 13.65
| epoch   5 step    23800 |   2768 batches | lr 0.0001 | ms/batch 1021.54 | loss  2.75 | avg loss  2.66 | ppl 14.34
| epoch   5 step    23900 |   2868 batches | lr 0.0001 | ms/batch 873.06 | loss  2.72 | avg loss  2.63 | ppl 13.84
| epoch   5 step    24000 |   2968 batches | lr 0.0001 | ms/batch 874.46 | loss  2.53 | avg loss  2.65 | ppl 14.20
saving checkpoint ./trained_models/GPT2_M/e2e/model.24000.pt
eval samples: 0 loss: tensor(1.2465, device='cuda:0')
eval samples: 100 loss: tensor(0.9462, device='cuda:0')
eval samples: 200 loss: tensor(1.3374, device='cuda:0')
eval samples: 300 loss: tensor(1.2158, device='cuda:0')
eval samples: 400 loss: tensor(0.9196, device='cuda:0')
eval samples: 500 loss: tensor(0.7248, device='cuda:0')
eval samples: 600 loss: tensor(1.3348, device='cuda:0')
eval samples: 700 loss: tensor(0.8227, device='cuda:0')
eval samples: 800 loss: tensor(1.2137, device='cuda:0')
eval samples: 900 loss: tensor(1.7991, device='cuda:0')
eval samples: 1000 loss: tensor(1.0936, device='cuda:0')
eval samples: 1100 loss: tensor(1.5021, device='cuda:0')
average loss 1.289378176915319
----------------------------------------------------------------------------------------------------
| Eval  12 at step    24000 | time: 199.50s | valid loss  1.29 | valid ppl  3.63 | best ppl  3.63 
----------------------------------------------------------------------------------------------------
| epoch   5 step    24100 |   3068 batches | lr 0.0001 | ms/batch 2868.71 | loss  2.87 | avg loss  2.68 | ppl 14.60
| epoch   5 step    24200 |   3168 batches | lr 0.0001 | ms/batch 873.77 | loss  2.84 | avg loss  2.60 | ppl 13.51
| epoch   5 step    24300 |   3268 batches | lr 0.0001 | ms/batch 874.69 | loss  2.82 | avg loss  2.66 | ppl 14.29
| epoch   5 step    24400 |   3368 batches | lr 0.0001 | ms/batch 874.00 | loss  2.79 | avg loss  2.64 | ppl 14.07
| epoch   5 step    24500 |   3468 batches | lr 0.0001 | ms/batch 875.28 | loss  2.54 | avg loss  2.64 | ppl 13.97
| epoch   5 step    24600 |   3568 batches | lr 0.0001 | ms/batch 874.12 | loss  2.83 | avg loss  2.64 | ppl 13.98
| epoch   5 step    24700 |   3668 batches | lr 0.0001 | ms/batch 876.27 | loss  3.08 | avg loss  2.69 | ppl 14.77
| epoch   5 step    24800 |   3768 batches | lr 0.0001 | ms/batch 874.55 | loss  3.00 | avg loss  2.64 | ppl 13.96
| epoch   5 step    24900 |   3868 batches | lr 0.0001 | ms/batch 873.18 | loss  2.44 | avg loss  2.64 | ppl 14.07
| epoch   5 step    25000 |   3968 batches | lr 0.0001 | ms/batch 874.26 | loss  2.56 | avg loss  2.65 | ppl 14.15
saving checkpoint ./trained_models/GPT2_M/e2e/model.25000.pt
| epoch   5 step    25100 |   4068 batches | lr 0.0001 | ms/batch 873.08 | loss  2.79 | avg loss  2.63 | ppl 13.81
| epoch   5 step    25200 |   4168 batches | lr 0.0001 | ms/batch 1213.87 | loss  2.50 | avg loss  2.66 | ppl 14.34
| epoch   5 step    25300 |   4268 batches | lr 0.0001 | ms/batch 1584.83 | loss  2.56 | avg loss  2.63 | ppl 13.84
| epoch   5 step    25400 |   4368 batches | lr 0.0001 | ms/batch 873.25 | loss  2.87 | avg loss  2.61 | ppl 13.66
| epoch   5 step    25500 |   4468 batches | lr 0.0001 | ms/batch 872.51 | loss  2.67 | avg loss  2.64 | ppl 13.98
| epoch   5 step    25600 |   4568 batches | lr 0.0001 | ms/batch 872.22 | loss  2.86 | avg loss  2.65 | ppl 14.11
| epoch   5 step    25700 |   4668 batches | lr 0.0001 | ms/batch 871.57 | loss  2.95 | avg loss  2.69 | ppl 14.73
| epoch   5 step    25800 |   4768 batches | lr 0.0001 | ms/batch 879.80 | loss  2.66 | avg loss  2.67 | ppl 14.41
| epoch   5 step    25900 |   4868 batches | lr 0.0001 | ms/batch 872.43 | loss  2.46 | avg loss  2.63 | ppl 13.94
| epoch   5 step    26000 |   4968 batches | lr 0.0001 | ms/batch 885.17 | loss  2.60 | avg loss  2.65 | ppl 14.21
saving checkpoint ./trained_models/GPT2_M/e2e/model.26000.pt
eval samples: 0 loss: tensor(1.2669, device='cuda:0')
eval samples: 100 loss: tensor(0.9247, device='cuda:0')
eval samples: 200 loss: tensor(1.4223, device='cuda:0')
eval samples: 300 loss: tensor(1.2105, device='cuda:0')
eval samples: 400 loss: tensor(0.9440, device='cuda:0')
eval samples: 500 loss: tensor(0.6934, device='cuda:0')
eval samples: 600 loss: tensor(1.3246, device='cuda:0')
eval samples: 700 loss: tensor(0.8344, device='cuda:0')
eval samples: 800 loss: tensor(1.2399, device='cuda:0')
eval samples: 900 loss: tensor(1.7731, device='cuda:0')
eval samples: 1000 loss: tensor(1.0961, device='cuda:0')
eval samples: 1100 loss: tensor(1.4864, device='cuda:0')
average loss 1.2954509901265576
----------------------------------------------------------------------------------------------------
| Eval  13 at step    26000 | time: 202.71s | valid loss  1.30 | valid ppl  3.65 | best ppl  3.63 
----------------------------------------------------------------------------------------------------
| epoch   5 step    26100 |   5068 batches | lr 0.0001 | ms/batch 2920.95 | loss  2.67 | avg loss  2.63 | ppl 13.92
| epoch   5 step    26200 |   5168 batches | lr 0.0001 | ms/batch 890.73 | loss  2.81 | avg loss  2.63 | ppl 13.91
saving checkpoint ./trained_models/GPT2_M/e2e/model.26290.pt
----------------------------------------------------------------------------------------------------
End of training
cleanup dist ...
[rank0]:[W422 14:20:47.531566446 ProcessGroupNCCL.cpp:1479] Warning: WARNING: destroy_process_group() was not called before program exit, which can leak resources. For more info, please see https://pytorch.org/docs/stable/distributed.html#shutdown (function operator())
