nohup: ignoring input
myrank: 0 local_rank: 0 device_count: 1 world_size: 1
====================================================================================================
        - platform : local
        - local_rank : 0
        - rank : 0
        - device : cuda:0
        - world_size : 1
        - random_seed : 110
        - lr : 0.0001
        - weight_decay : 0.01
        - correct_bias : True
        - adam_epislon : 1e-06
        - no_decay_bias : False
        - adam_beta1 : 0.9
        - adam_beta2 : 0.999
        - scheduler : None
        - max_step : None
        - max_epoch : 5
        - warmup_step : 500
        - i_steps : 0
        - i_lrs : 0.00025
        - train_data : ./data/e2e/train.jsonl
        - valid_data : ./data/e2e/valid.jsonl
        - train_batch_size : 8
        - valid_batch_size : 4
        - grad_acc : 1
        - clip : 0.0
        - seq_len : 512
        - model_card : gpt2.md
        - init_checkpoint : ./pretrained_checkpoints/gpt2-medium-pytorch_model.bin
        - fp16 : False
        - log_interval : 100
        - eval_interval : 2000
        - save_interval : 1000
        - work_dir : ./trained_models/GPT2_M/e2e
        - lora_dim : 4
        - lora_alpha : 32
        - obj : clm
        - lora_dropout : 0.1
        - label_smooth : 0.1
        - roll_interval : -1
        - roll_lr : 1e-05
        - roll_step : 100
        - eval_epoch : 1
        - dist : <module 'torch.distributed' from '/home/ycyh/miniconda3/envs/LoRA/lib/python3.11/site-packages/torch/distributed/__init__.py'>
====================================================================================================
Experiment dir : ./trained_models/GPT2_M/e2e
loading model pretrained weight.
set max_step: 26290
start to train the model................ 1
| epoch   1 step      100 |    100 batches | lr 0.0001 | ms/batch 842.41 | loss  5.74 | avg loss  5.66 | ppl 287.62
| epoch   1 step      200 |    200 batches | lr 0.0001 | ms/batch 1516.94 | loss  3.90 | avg loss  4.44 | ppl 84.46
| epoch   1 step      300 |    300 batches | lr 0.0001 | ms/batch 1718.09 | loss  3.35 | avg loss  3.62 | ppl 37.21
| epoch   1 step      400 |    400 batches | lr 0.0001 | ms/batch 1705.85 | loss  3.53 | avg loss  3.39 | ppl 29.62
| epoch   1 step      500 |    500 batches | lr 0.0001 | ms/batch 1716.58 | loss  3.31 | avg loss  3.26 | ppl 26.16
| epoch   1 step      600 |    600 batches | lr 0.0001 | ms/batch 1714.08 | loss  3.11 | avg loss  3.19 | ppl 24.26
| epoch   1 step      700 |    700 batches | lr 0.0001 | ms/batch 1713.75 | loss  3.21 | avg loss  3.14 | ppl 23.05
| epoch   1 step      800 |    800 batches | lr 0.0001 | ms/batch 1709.84 | loss  2.84 | avg loss  3.09 | ppl 22.03
| epoch   1 step      900 |    900 batches | lr 0.0001 | ms/batch 1711.65 | loss  2.83 | avg loss  3.06 | ppl 21.32
| epoch   1 step     1000 |   1000 batches | lr 0.0001 | ms/batch 1710.61 | loss  3.52 | avg loss  3.08 | ppl 21.76
saving checkpoint ./trained_models/GPT2_M/e2e/model.1000.pt
/home/ycyh/miniconda3/envs/LoRA/lib/python3.11/site-packages/torch/distributed/distributed_c10d.py:4631: UserWarning: No device id is provided via `init_process_group` or `barrier `. Using the current device set by the user. 
  warnings.warn(  # warn only once
| epoch   1 step     1100 |   1100 batches | lr 0.0001 | ms/batch 1711.34 | loss  3.18 | avg loss  3.08 | ppl 21.66
| epoch   1 step     1200 |   1200 batches | lr 0.0001 | ms/batch 1712.69 | loss  2.85 | avg loss  3.08 | ppl 21.68
| epoch   1 step     1300 |   1300 batches | lr 0.0001 | ms/batch 1715.57 | loss  2.94 | avg loss  3.02 | ppl 20.50
| epoch   1 step     1400 |   1400 batches | lr 0.0001 | ms/batch 1716.08 | loss  3.06 | avg loss  3.02 | ppl 20.39
| epoch   1 step     1500 |   1500 batches | lr 0.0001 | ms/batch 1714.15 | loss  3.02 | avg loss  3.02 | ppl 20.58
| epoch   1 step     1600 |   1600 batches | lr 0.0001 | ms/batch 1714.51 | loss  2.88 | avg loss  2.97 | ppl 19.45
| epoch   1 step     1700 |   1700 batches | lr 0.0001 | ms/batch 1713.89 | loss  2.85 | avg loss  2.98 | ppl 19.63
| epoch   1 step     1800 |   1800 batches | lr 0.0001 | ms/batch 1715.49 | loss  2.87 | avg loss  2.97 | ppl 19.55
| epoch   1 step     1900 |   1900 batches | lr 0.0001 | ms/batch 1716.15 | loss  3.04 | avg loss  2.96 | ppl 19.23
| epoch   1 step     2000 |   2000 batches | lr 0.0001 | ms/batch 1685.06 | loss  2.77 | avg loss  2.94 | ppl 18.89
saving checkpoint ./trained_models/GPT2_M/e2e/model.2000.pt
/home/ycyh/miniconda3/envs/LoRA/lib/python3.11/site-packages/torch/nn/_reduction.py:51: UserWarning: size_average and reduce args will be deprecated, please use reduction='none' instead.
  warnings.warn(warning.format(ret))
eval samples: 0 loss: tensor(1.6133, device='cuda:0')
eval samples: 100 loss: tensor(1.0813, device='cuda:0')
eval samples: 200 loss: tensor(1.6566, device='cuda:0')
eval samples: 300 loss: tensor(1.4761, device='cuda:0')
eval samples: 400 loss: tensor(1.1280, device='cuda:0')
eval samples: 500 loss: tensor(0.9747, device='cuda:0')
eval samples: 600 loss: tensor(1.4418, device='cuda:0')
eval samples: 700 loss: tensor(1.0631, device='cuda:0')
eval samples: 800 loss: tensor(1.3808, device='cuda:0')
eval samples: 900 loss: tensor(2.0139, device='cuda:0')
eval samples: 1000 loss: tensor(1.3577, device='cuda:0')
eval samples: 1100 loss: tensor(1.6253, device='cuda:0')
average loss 1.52809235132108
----------------------------------------------------------------------------------------------------
| Eval   1 at step     2000 | time: 427.35s | valid loss  1.53 | valid ppl  4.61 | best ppl  4.61 
----------------------------------------------------------------------------------------------------
| epoch   1 step     2100 |   2100 batches | lr 0.0001 | ms/batch 5988.62 | loss  2.88 | avg loss  2.93 | ppl 18.79
| epoch   1 step     2200 |   2200 batches | lr 0.0001 | ms/batch 1715.20 | loss  3.18 | avg loss  2.92 | ppl 18.54
| epoch   1 step     2300 |   2300 batches | lr 0.0001 | ms/batch 1715.34 | loss  2.87 | avg loss  2.91 | ppl 18.36
| epoch   1 step     2400 |   2400 batches | lr 0.0001 | ms/batch 1713.96 | loss  2.67 | avg loss  2.91 | ppl 18.44
| epoch   1 step     2500 |   2500 batches | lr 0.0001 | ms/batch 1715.13 | loss  3.06 | avg loss  2.93 | ppl 18.78
| epoch   1 step     2600 |   2600 batches | lr 0.0001 | ms/batch 1714.27 | loss  3.09 | avg loss  2.91 | ppl 18.33
| epoch   1 step     2700 |   2700 batches | lr 0.0001 | ms/batch 1700.45 | loss  2.89 | avg loss  2.89 | ppl 18.08
| epoch   1 step     2800 |   2800 batches | lr 0.0001 | ms/batch 1706.08 | loss  2.64 | avg loss  2.92 | ppl 18.55
| epoch   1 step     2900 |   2900 batches | lr 0.0001 | ms/batch 1715.68 | loss  3.15 | avg loss  2.91 | ppl 18.33
| epoch   1 step     3000 |   3000 batches | lr 0.0001 | ms/batch 1715.79 | loss  3.01 | avg loss  2.87 | ppl 17.68
saving checkpoint ./trained_models/GPT2_M/e2e/model.3000.pt
| epoch   1 step     3100 |   3100 batches | lr 0.0001 | ms/batch 1723.34 | loss  3.10 | avg loss  2.86 | ppl 17.53
| epoch   1 step     3200 |   3200 batches | lr 0.0001 | ms/batch 1716.15 | loss  2.94 | avg loss  2.90 | ppl 18.16
| epoch   1 step     3300 |   3300 batches | lr 0.0001 | ms/batch 1714.69 | loss  3.35 | avg loss  2.85 | ppl 17.32
| epoch   1 step     3400 |   3400 batches | lr 0.0001 | ms/batch 1714.49 | loss  2.78 | avg loss  2.85 | ppl 17.26
| epoch   1 step     3500 |   3500 batches | lr 0.0001 | ms/batch 1713.78 | loss  2.70 | avg loss  2.88 | ppl 17.84
| epoch   1 step     3600 |   3600 batches | lr 0.0001 | ms/batch 1715.23 | loss  2.73 | avg loss  2.88 | ppl 17.87
| epoch   1 step     3700 |   3700 batches | lr 0.0001 | ms/batch 1714.09 | loss  2.85 | avg loss  2.85 | ppl 17.28
| epoch   1 step     3800 |   3800 batches | lr 0.0001 | ms/batch 1705.63 | loss  2.82 | avg loss  2.80 | ppl 16.50
| epoch   1 step     3900 |   3900 batches | lr 0.0001 | ms/batch 1646.34 | loss  2.54 | avg loss  2.87 | ppl 17.70
| epoch   1 step     4000 |   4000 batches | lr 0.0001 | ms/batch 1646.29 | loss  2.88 | avg loss  2.87 | ppl 17.70
saving checkpoint ./trained_models/GPT2_M/e2e/model.4000.pt
eval samples: 0 loss: tensor(1.5021, device='cuda:0')
eval samples: 100 loss: tensor(1.0487, device='cuda:0')
eval samples: 200 loss: tensor(1.5641, device='cuda:0')
eval samples: 300 loss: tensor(1.3668, device='cuda:0')
eval samples: 400 loss: tensor(1.0343, device='cuda:0')
eval samples: 500 loss: tensor(0.8473, device='cuda:0')
eval samples: 600 loss: tensor(1.3838, device='cuda:0')
eval samples: 700 loss: tensor(0.9876, device='cuda:0')
eval samples: 800 loss: tensor(1.3142, device='cuda:0')
eval samples: 900 loss: tensor(1.9143, device='cuda:0')
eval samples: 1000 loss: tensor(1.2571, device='cuda:0')
eval samples: 1100 loss: tensor(1.5605, device='cuda:0')
average loss 1.4460835436435595
----------------------------------------------------------------------------------------------------
| Eval   2 at step     4000 | time: 434.61s | valid loss  1.45 | valid ppl  4.25 | best ppl  4.25 
----------------------------------------------------------------------------------------------------
| epoch   1 step     4100 |   4100 batches | lr 0.0001 | ms/batch 6067.15 | loss  2.96 | avg loss  2.82 | ppl 16.77
| epoch   1 step     4200 |   4200 batches | lr 0.0001 | ms/batch 1721.06 | loss  2.93 | avg loss  2.83 | ppl 16.95
| epoch   1 step     4300 |   4300 batches | lr 0.0001 | ms/batch 1721.48 | loss  2.67 | avg loss  2.79 | ppl 16.23
| epoch   1 step     4400 |   4400 batches | lr 0.0001 | ms/batch 1723.76 | loss  2.86 | avg loss  2.82 | ppl 16.71
| epoch   1 step     4500 |   4500 batches | lr 0.0001 | ms/batch 1724.52 | loss  3.02 | avg loss  2.84 | ppl 17.06
| epoch   1 step     4600 |   4600 batches | lr 0.0001 | ms/batch 1721.44 | loss  2.73 | avg loss  2.83 | ppl 16.99
| epoch   1 step     4700 |   4700 batches | lr 0.0001 | ms/batch 1722.03 | loss  2.62 | avg loss  2.83 | ppl 16.89
| epoch   1 step     4800 |   4800 batches | lr 0.0001 | ms/batch 1720.82 | loss  3.05 | avg loss  2.79 | ppl 16.33
| epoch   1 step     4900 |   4900 batches | lr 0.0001 | ms/batch 1720.20 | loss  2.81 | avg loss  2.82 | ppl 16.73
| epoch   1 step     5000 |   5000 batches | lr 0.0001 | ms/batch 1684.81 | loss  2.57 | avg loss  2.78 | ppl 16.13
saving checkpoint ./trained_models/GPT2_M/e2e/model.5000.pt
| epoch   1 step     5100 |   5100 batches | lr 0.0001 | ms/batch 1720.76 | loss  2.82 | avg loss  2.81 | ppl 16.67
| epoch   1 step     5200 |   5200 batches | lr 0.0001 | ms/batch 1721.13 | loss  2.94 | avg loss  2.80 | ppl 16.48
saving checkpoint ./trained_models/GPT2_M/e2e/model.5258.pt
start to train the model................ 2
| epoch   2 step     5300 |     42 batches | lr 0.0001 | ms/batch 722.53 | loss  2.63 | avg loss  2.75 | ppl 15.65
| epoch   2 step     5400 |    142 batches | lr 0.0001 | ms/batch 1722.85 | loss  2.67 | avg loss  2.81 | ppl 16.64
| epoch   2 step     5500 |    242 batches | lr 0.0001 | ms/batch 1724.70 | loss  2.79 | avg loss  2.79 | ppl 16.32
| epoch   2 step     5600 |    342 batches | lr 0.0001 | ms/batch 1726.47 | loss  2.42 | avg loss  2.81 | ppl 16.59
| epoch   2 step     5700 |    442 batches | lr 0.0001 | ms/batch 1663.94 | loss  2.77 | avg loss  2.80 | ppl 16.50
| epoch   2 step     5800 |    542 batches | lr 0.0001 | ms/batch 1658.59 | loss  2.82 | avg loss  2.77 | ppl 16.01
| epoch   2 step     5900 |    642 batches | lr 0.0001 | ms/batch 1680.28 | loss  2.86 | avg loss  2.80 | ppl 16.39
| epoch   2 step     6000 |    742 batches | lr 0.0001 | ms/batch 1721.99 | loss  2.49 | avg loss  2.77 | ppl 15.93
saving checkpoint ./trained_models/GPT2_M/e2e/model.6000.pt
eval samples: 0 loss: tensor(1.4690, device='cuda:0')
eval samples: 100 loss: tensor(1.0244, device='cuda:0')
eval samples: 200 loss: tensor(1.4687, device='cuda:0')
eval samples: 300 loss: tensor(1.3157, device='cuda:0')
eval samples: 400 loss: tensor(1.0090, device='cuda:0')
eval samples: 500 loss: tensor(0.7917, device='cuda:0')
eval samples: 600 loss: tensor(1.3634, device='cuda:0')
eval samples: 700 loss: tensor(0.9605, device='cuda:0')
eval samples: 800 loss: tensor(1.3119, device='cuda:0')
eval samples: 900 loss: tensor(1.9041, device='cuda:0')
eval samples: 1000 loss: tensor(1.2553, device='cuda:0')
eval samples: 1100 loss: tensor(1.5353, device='cuda:0')
average loss 1.4040535692482778
----------------------------------------------------------------------------------------------------
| Eval   3 at step     6000 | time: 439.30s | valid loss  1.40 | valid ppl  4.07 | best ppl  4.07 
----------------------------------------------------------------------------------------------------
| epoch   2 step     6100 |    842 batches | lr 0.0001 | ms/batch 6115.14 | loss  2.51 | avg loss  2.78 | ppl 16.16
| epoch   2 step     6200 |    942 batches | lr 0.0001 | ms/batch 1721.77 | loss  2.66 | avg loss  2.78 | ppl 16.06
| epoch   2 step     6300 |   1042 batches | lr 0.0001 | ms/batch 1724.58 | loss  3.00 | avg loss  2.78 | ppl 16.04
| epoch   2 step     6400 |   1142 batches | lr 0.0001 | ms/batch 1721.25 | loss  2.54 | avg loss  2.78 | ppl 16.13
| epoch   2 step     6500 |   1242 batches | lr 0.0001 | ms/batch 1722.07 | loss  2.59 | avg loss  2.80 | ppl 16.42
| epoch   2 step     6600 |   1342 batches | lr 0.0001 | ms/batch 1722.99 | loss  2.98 | avg loss  2.77 | ppl 15.94
| epoch   2 step     6700 |   1442 batches | lr 0.0001 | ms/batch 1722.30 | loss  2.68 | avg loss  2.78 | ppl 16.09
| epoch   2 step     6800 |   1542 batches | lr 0.0001 | ms/batch 1721.57 | loss  2.79 | avg loss  2.79 | ppl 16.21
| epoch   2 step     6900 |   1642 batches | lr 0.0001 | ms/batch 1721.48 | loss  2.70 | avg loss  2.72 | ppl 15.22
| epoch   2 step     7000 |   1742 batches | lr 0.0001 | ms/batch 1721.32 | loss  2.94 | avg loss  2.77 | ppl 15.98
saving checkpoint ./trained_models/GPT2_M/e2e/model.7000.pt
| epoch   2 step     7100 |   1842 batches | lr 0.0001 | ms/batch 1718.42 | loss  2.88 | avg loss  2.77 | ppl 15.89
| epoch   2 step     7200 |   1942 batches | lr 0.0001 | ms/batch 1714.41 | loss  2.81 | avg loss  2.76 | ppl 15.83
| epoch   2 step     7300 |   2042 batches | lr 0.0001 | ms/batch 1721.95 | loss  2.57 | avg loss  2.73 | ppl 15.37
| epoch   2 step     7400 |   2142 batches | lr 0.0001 | ms/batch 1721.23 | loss  3.02 | avg loss  2.73 | ppl 15.33
| epoch   2 step     7500 |   2242 batches | lr 0.0001 | ms/batch 1672.90 | loss  2.86 | avg loss  2.78 | ppl 16.14
| epoch   2 step     7600 |   2342 batches | lr 0.0001 | ms/batch 1655.43 | loss  2.53 | avg loss  2.74 | ppl 15.47
| epoch   2 step     7700 |   2442 batches | lr 0.0001 | ms/batch 1667.64 | loss  3.05 | avg loss  2.74 | ppl 15.49
| epoch   2 step     7800 |   2542 batches | lr 0.0001 | ms/batch 1722.78 | loss  2.81 | avg loss  2.72 | ppl 15.26
| epoch   2 step     7900 |   2642 batches | lr 0.0001 | ms/batch 1723.41 | loss  3.04 | avg loss  2.76 | ppl 15.81
| epoch   2 step     8000 |   2742 batches | lr 0.0001 | ms/batch 1721.92 | loss  2.78 | avg loss  2.78 | ppl 16.18
saving checkpoint ./trained_models/GPT2_M/e2e/model.8000.pt
eval samples: 0 loss: tensor(1.4013, device='cuda:0')
eval samples: 100 loss: tensor(0.9954, device='cuda:0')
eval samples: 200 loss: tensor(1.4909, device='cuda:0')
eval samples: 300 loss: tensor(1.3400, device='cuda:0')
eval samples: 400 loss: tensor(0.9952, device='cuda:0')
eval samples: 500 loss: tensor(0.7990, device='cuda:0')
eval samples: 600 loss: tensor(1.3687, device='cuda:0')
eval samples: 700 loss: tensor(0.9275, device='cuda:0')
eval samples: 800 loss: tensor(1.2835, device='cuda:0')
eval samples: 900 loss: tensor(1.8354, device='cuda:0')
eval samples: 1000 loss: tensor(1.2421, device='cuda:0')
eval samples: 1100 loss: tensor(1.5291, device='cuda:0')
average loss 1.3834988594769615
----------------------------------------------------------------------------------------------------
| Eval   4 at step     8000 | time: 439.82s | valid loss  1.38 | valid ppl  3.99 | best ppl  3.99 
----------------------------------------------------------------------------------------------------
| epoch   2 step     8100 |   2842 batches | lr 0.0001 | ms/batch 6122.04 | loss  2.67 | avg loss  2.74 | ppl 15.41
| epoch   2 step     8200 |   2942 batches | lr 0.0001 | ms/batch 1723.86 | loss  2.77 | avg loss  2.79 | ppl 16.27
| epoch   2 step     8300 |   3042 batches | lr 0.0001 | ms/batch 1722.76 | loss  2.64 | avg loss  2.76 | ppl 15.76
| epoch   2 step     8400 |   3142 batches | lr 0.0001 | ms/batch 1723.15 | loss  2.79 | avg loss  2.74 | ppl 15.52
| epoch   2 step     8500 |   3242 batches | lr 0.0001 | ms/batch 1722.99 | loss  2.68 | avg loss  2.75 | ppl 15.66
| epoch   2 step     8600 |   3342 batches | lr 0.0001 | ms/batch 1724.16 | loss  2.76 | avg loss  2.73 | ppl 15.34
| epoch   2 step     8700 |   3442 batches | lr 0.0001 | ms/batch 1722.59 | loss  3.03 | avg loss  2.73 | ppl 15.40
| epoch   2 step     8800 |   3542 batches | lr 0.0001 | ms/batch 1722.03 | loss  2.59 | avg loss  2.73 | ppl 15.34
| epoch   2 step     8900 |   3642 batches | lr 0.0001 | ms/batch 1722.52 | loss  2.82 | avg loss  2.75 | ppl 15.71
| epoch   2 step     9000 |   3742 batches | lr 0.0001 | ms/batch 1722.04 | loss  2.75 | avg loss  2.74 | ppl 15.48
saving checkpoint ./trained_models/GPT2_M/e2e/model.9000.pt
| epoch   2 step     9100 |   3842 batches | lr 0.0001 | ms/batch 1723.25 | loss  2.69 | avg loss  2.73 | ppl 15.39
| epoch   2 step     9200 |   3942 batches | lr 0.0001 | ms/batch 1721.89 | loss  2.88 | avg loss  2.74 | ppl 15.49
| epoch   2 step     9300 |   4042 batches | lr 0.0001 | ms/batch 1682.32 | loss  2.62 | avg loss  2.76 | ppl 15.74
| epoch   2 step     9400 |   4142 batches | lr 0.0001 | ms/batch 1653.15 | loss  2.78 | avg loss  2.73 | ppl 15.40
| epoch   2 step     9500 |   4242 batches | lr 0.0001 | ms/batch 1653.55 | loss  2.77 | avg loss  2.73 | ppl 15.39
| epoch   2 step     9600 |   4342 batches | lr 0.0001 | ms/batch 1723.88 | loss  3.07 | avg loss  2.74 | ppl 15.56
| epoch   2 step     9700 |   4442 batches | lr 0.0001 | ms/batch 1724.22 | loss  2.48 | avg loss  2.72 | ppl 15.20
| epoch   2 step     9800 |   4542 batches | lr 0.0001 | ms/batch 1724.77 | loss  2.73 | avg loss  2.72 | ppl 15.11
| epoch   2 step     9900 |   4642 batches | lr 0.0001 | ms/batch 1723.39 | loss  2.40 | avg loss  2.71 | ppl 14.99
| epoch   2 step    10000 |   4742 batches | lr 0.0001 | ms/batch 1689.81 | loss  2.88 | avg loss  2.75 | ppl 15.59
saving checkpoint ./trained_models/GPT2_M/e2e/model.10000.pt
eval samples: 0 loss: tensor(1.3430, device='cuda:0')
eval samples: 100 loss: tensor(0.9961, device='cuda:0')
eval samples: 200 loss: tensor(1.4431, device='cuda:0')
eval samples: 300 loss: tensor(1.2498, device='cuda:0')
eval samples: 400 loss: tensor(0.9686, device='cuda:0')
eval samples: 500 loss: tensor(0.7467, device='cuda:0')
eval samples: 600 loss: tensor(1.3304, device='cuda:0')
eval samples: 700 loss: tensor(0.8540, device='cuda:0')
eval samples: 800 loss: tensor(1.2476, device='cuda:0')
eval samples: 900 loss: tensor(1.8219, device='cuda:0')
eval samples: 1000 loss: tensor(1.2123, device='cuda:0')
eval samples: 1100 loss: tensor(1.4982, device='cuda:0')
average loss 1.3433743486155385
----------------------------------------------------------------------------------------------------
| Eval   5 at step    10000 | time: 442.63s | valid loss  1.34 | valid ppl  3.83 | best ppl  3.83 
----------------------------------------------------------------------------------------------------
| epoch   2 step    10100 |   4842 batches | lr 0.0001 | ms/batch 6150.21 | loss  2.62 | avg loss  2.72 | ppl 15.25
| epoch   2 step    10200 |   4942 batches | lr 0.0001 | ms/batch 1734.54 | loss  2.63 | avg loss  2.74 | ppl 15.47
| epoch   2 step    10300 |   5042 batches | lr 0.0001 | ms/batch 1747.39 | loss  3.00 | avg loss  2.71 | ppl 15.10
| epoch   2 step    10400 |   5142 batches | lr 0.0001 | ms/batch 1748.82 | loss  2.79 | avg loss  2.71 | ppl 15.09
| epoch   2 step    10500 |   5242 batches | lr 0.0001 | ms/batch 1747.82 | loss  2.64 | avg loss  2.70 | ppl 14.91
saving checkpoint ./trained_models/GPT2_M/e2e/model.10516.pt
start to train the model................ 3
| epoch   3 step    10600 |     84 batches | lr 0.0001 | ms/batch 1468.35 | loss  2.40 | avg loss  2.71 | ppl 15.07
| epoch   3 step    10700 |    184 batches | lr 0.0001 | ms/batch 1748.49 | loss  2.89 | avg loss  2.73 | ppl 15.31
| epoch   3 step    10800 |    284 batches | lr 0.0001 | ms/batch 1749.25 | loss  2.88 | avg loss  2.71 | ppl 14.99
| epoch   3 step    10900 |    384 batches | lr 0.0001 | ms/batch 1748.95 | loss  2.98 | avg loss  2.71 | ppl 15.07
| epoch   3 step    11000 |    484 batches | lr 0.0001 | ms/batch 1749.26 | loss  2.90 | avg loss  2.71 | ppl 15.00
saving checkpoint ./trained_models/GPT2_M/e2e/model.11000.pt
| epoch   3 step    11100 |    584 batches | lr 0.0001 | ms/batch 1700.48 | loss  2.78 | avg loss  2.77 | ppl 15.91
| epoch   3 step    11200 |    684 batches | lr 0.0001 | ms/batch 1676.56 | loss  2.76 | avg loss  2.72 | ppl 15.18
| epoch   3 step    11300 |    784 batches | lr 0.0001 | ms/batch 1687.17 | loss  2.80 | avg loss  2.73 | ppl 15.38
| epoch   3 step    11400 |    884 batches | lr 0.0001 | ms/batch 1749.97 | loss  2.78 | avg loss  2.73 | ppl 15.31
| epoch   3 step    11500 |    984 batches | lr 0.0001 | ms/batch 1748.60 | loss  2.44 | avg loss  2.73 | ppl 15.27
| epoch   3 step    11600 |   1084 batches | lr 0.0001 | ms/batch 1748.30 | loss  2.36 | avg loss  2.68 | ppl 14.59
| epoch   3 step    11700 |   1184 batches | lr 0.0001 | ms/batch 1748.49 | loss  2.57 | avg loss  2.70 | ppl 14.93
| epoch   3 step    11800 |   1284 batches | lr 0.0001 | ms/batch 1749.21 | loss  2.68 | avg loss  2.67 | ppl 14.50
| epoch   3 step    11900 |   1384 batches | lr 0.0001 | ms/batch 1748.11 | loss  2.60 | avg loss  2.69 | ppl 14.75
| epoch   3 step    12000 |   1484 batches | lr 0.0001 | ms/batch 1747.16 | loss  2.82 | avg loss  2.71 | ppl 14.98
saving checkpoint ./trained_models/GPT2_M/e2e/model.12000.pt
eval samples: 0 loss: tensor(1.3552, device='cuda:0')
eval samples: 100 loss: tensor(0.9790, device='cuda:0')
eval samples: 200 loss: tensor(1.4116, device='cuda:0')
eval samples: 300 loss: tensor(1.2782, device='cuda:0')
eval samples: 400 loss: tensor(0.9919, device='cuda:0')
eval samples: 500 loss: tensor(0.7507, device='cuda:0')
eval samples: 600 loss: tensor(1.3376, device='cuda:0')
eval samples: 700 loss: tensor(0.8702, device='cuda:0')
eval samples: 800 loss: tensor(1.2469, device='cuda:0')
eval samples: 900 loss: tensor(1.8245, device='cuda:0')
eval samples: 1000 loss: tensor(1.1791, device='cuda:0')
eval samples: 1100 loss: tensor(1.5120, device='cuda:0')
average loss 1.3456327557461718
----------------------------------------------------------------------------------------------------
| Eval   6 at step    12000 | time: 442.79s | valid loss  1.35 | valid ppl  3.84 | best ppl  3.84 
----------------------------------------------------------------------------------------------------
| epoch   3 step    12100 |   1584 batches | lr 0.0001 | ms/batch 6174.91 | loss  2.64 | avg loss  2.72 | ppl 15.18
| epoch   3 step    12200 |   1684 batches | lr 0.0001 | ms/batch 1746.00 | loss  2.58 | avg loss  2.72 | ppl 15.23
| epoch   3 step    12300 |   1784 batches | lr 0.0001 | ms/batch 1746.33 | loss  2.73 | avg loss  2.71 | ppl 15.09
| epoch   3 step    12400 |   1884 batches | lr 0.0001 | ms/batch 1746.54 | loss  2.78 | avg loss  2.68 | ppl 14.60
| epoch   3 step    12500 |   1984 batches | lr 0.0001 | ms/batch 1746.29 | loss  2.97 | avg loss  2.71 | ppl 15.05
| epoch   3 step    12600 |   2084 batches | lr 0.0001 | ms/batch 1746.53 | loss  2.93 | avg loss  2.64 | ppl 14.07
| epoch   3 step    12700 |   2184 batches | lr 0.0001 | ms/batch 1748.20 | loss  2.51 | avg loss  2.70 | ppl 14.85
| epoch   3 step    12800 |   2284 batches | lr 0.0001 | ms/batch 1746.88 | loss  2.79 | avg loss  2.71 | ppl 14.96
| epoch   3 step    12900 |   2384 batches | lr 0.0001 | ms/batch 1681.14 | loss  2.59 | avg loss  2.71 | ppl 14.98
| epoch   3 step    13000 |   2484 batches | lr 0.0001 | ms/batch 1681.24 | loss  3.23 | avg loss  2.73 | ppl 15.27
saving checkpoint ./trained_models/GPT2_M/e2e/model.13000.pt
| epoch   3 step    13100 |   2584 batches | lr 0.0001 | ms/batch 1714.07 | loss  2.47 | avg loss  2.67 | ppl 14.50
| epoch   3 step    13200 |   2684 batches | lr 0.0001 | ms/batch 1746.33 | loss  2.63 | avg loss  2.74 | ppl 15.45
| epoch   3 step    13300 |   2784 batches | lr 0.0001 | ms/batch 1748.07 | loss  2.62 | avg loss  2.68 | ppl 14.59
| epoch   3 step    13400 |   2884 batches | lr 0.0001 | ms/batch 1747.55 | loss  2.85 | avg loss  2.67 | ppl 14.48
| epoch   3 step    13500 |   2984 batches | lr 0.0001 | ms/batch 1746.96 | loss  3.12 | avg loss  2.72 | ppl 15.11
| epoch   3 step    13600 |   3084 batches | lr 0.0001 | ms/batch 1746.73 | loss  2.56 | avg loss  2.71 | ppl 15.01
| epoch   3 step    13700 |   3184 batches | lr 0.0001 | ms/batch 1746.89 | loss  2.96 | avg loss  2.75 | ppl 15.60
| epoch   3 step    13800 |   3284 batches | lr 0.0001 | ms/batch 1747.52 | loss  2.40 | avg loss  2.67 | ppl 14.47
| epoch   3 step    13900 |   3384 batches | lr 0.0001 | ms/batch 1747.15 | loss  3.08 | avg loss  2.72 | ppl 15.23
| epoch   3 step    14000 |   3484 batches | lr 0.0001 | ms/batch 1746.44 | loss  2.86 | avg loss  2.72 | ppl 15.19
saving checkpoint ./trained_models/GPT2_M/e2e/model.14000.pt
eval samples: 0 loss: tensor(1.3033, device='cuda:0')
eval samples: 100 loss: tensor(0.9765, device='cuda:0')
eval samples: 200 loss: tensor(1.4319, device='cuda:0')
eval samples: 300 loss: tensor(1.3006, device='cuda:0')
eval samples: 400 loss: tensor(0.9831, device='cuda:0')
eval samples: 500 loss: tensor(0.7330, device='cuda:0')
eval samples: 600 loss: tensor(1.3628, device='cuda:0')
eval samples: 700 loss: tensor(0.8440, device='cuda:0')
eval samples: 800 loss: tensor(1.2171, device='cuda:0')
eval samples: 900 loss: tensor(1.8123, device='cuda:0')
eval samples: 1000 loss: tensor(1.1805, device='cuda:0')
eval samples: 1100 loss: tensor(1.4985, device='cuda:0')
average loss 1.3302140244576213
----------------------------------------------------------------------------------------------------
| Eval   7 at step    14000 | time: 440.42s | valid loss  1.33 | valid ppl  3.78 | best ppl  3.78 
----------------------------------------------------------------------------------------------------
| epoch   3 step    14100 |   3584 batches | lr 0.0001 | ms/batch 6150.79 | loss  2.85 | avg loss  2.65 | ppl 14.17
| epoch   3 step    14200 |   3684 batches | lr 0.0001 | ms/batch 1748.31 | loss  2.70 | avg loss  2.67 | ppl 14.48
| epoch   3 step    14300 |   3784 batches | lr 0.0001 | ms/batch 1748.47 | loss  2.88 | avg loss  2.68 | ppl 14.57
| epoch   3 step    14400 |   3884 batches | lr 0.0001 | ms/batch 1715.96 | loss  2.50 | avg loss  2.69 | ppl 14.74
| epoch   3 step    14500 |   3984 batches | lr 0.0001 | ms/batch 1749.46 | loss  2.56 | avg loss  2.70 | ppl 14.91
| epoch   3 step    14600 |   4084 batches | lr 0.0001 | ms/batch 1732.00 | loss  2.61 | avg loss  2.71 | ppl 14.98
| epoch   3 step    14700 |   4184 batches | lr 0.0001 | ms/batch 1680.51 | loss  2.68 | avg loss  2.67 | ppl 14.42
| epoch   3 step    14800 |   4284 batches | lr 0.0001 | ms/batch 1681.21 | loss  2.75 | avg loss  2.71 | ppl 15.07
| epoch   3 step    14900 |   4384 batches | lr 0.0001 | ms/batch 1734.66 | loss  2.62 | avg loss  2.69 | ppl 14.67
| epoch   3 step    15000 |   4484 batches | lr 0.0001 | ms/batch 1750.26 | loss  2.95 | avg loss  2.72 | ppl 15.13
saving checkpoint ./trained_models/GPT2_M/e2e/model.15000.pt
| epoch   3 step    15100 |   4584 batches | lr 0.0001 | ms/batch 1749.25 | loss  2.51 | avg loss  2.68 | ppl 14.59
| epoch   3 step    15200 |   4684 batches | lr 0.0001 | ms/batch 1748.92 | loss  2.74 | avg loss  2.67 | ppl 14.44
| epoch   3 step    15300 |   4784 batches | lr 0.0001 | ms/batch 1748.42 | loss  2.62 | avg loss  2.71 | ppl 15.07
| epoch   3 step    15400 |   4884 batches | lr 0.0001 | ms/batch 1747.96 | loss  2.60 | avg loss  2.70 | ppl 14.81
| epoch   3 step    15500 |   4984 batches | lr 0.0001 | ms/batch 1747.38 | loss  2.56 | avg loss  2.70 | ppl 14.83
| epoch   3 step    15600 |   5084 batches | lr 0.0001 | ms/batch 1748.01 | loss  2.80 | avg loss  2.67 | ppl 14.51
| epoch   3 step    15700 |   5184 batches | lr 0.0001 | ms/batch 1748.42 | loss  2.68 | avg loss  2.65 | ppl 14.15
saving checkpoint ./trained_models/GPT2_M/e2e/model.15774.pt
start to train the model................ 4
| epoch   4 step    15800 |     26 batches | lr 0.0001 | ms/batch 454.52 | loss  2.48 | avg loss  2.65 | ppl 14.20
| epoch   4 step    15900 |    126 batches | lr 0.0001 | ms/batch 1748.74 | loss  2.54 | avg loss  2.68 | ppl 14.56
| epoch   4 step    16000 |    226 batches | lr 0.0001 | ms/batch 1748.10 | loss  2.67 | avg loss  2.70 | ppl 14.87
saving checkpoint ./trained_models/GPT2_M/e2e/model.16000.pt
eval samples: 0 loss: tensor(1.2826, device='cuda:0')
eval samples: 100 loss: tensor(0.9520, device='cuda:0')
eval samples: 200 loss: tensor(1.3988, device='cuda:0')
eval samples: 300 loss: tensor(1.2664, device='cuda:0')
eval samples: 400 loss: tensor(0.9765, device='cuda:0')
eval samples: 500 loss: tensor(0.7200, device='cuda:0')
eval samples: 600 loss: tensor(1.3406, device='cuda:0')
eval samples: 700 loss: tensor(0.8300, device='cuda:0')
eval samples: 800 loss: tensor(1.2596, device='cuda:0')
eval samples: 900 loss: tensor(1.8081, device='cuda:0')
eval samples: 1000 loss: tensor(1.1782, device='cuda:0')
eval samples: 1100 loss: tensor(1.5062, device='cuda:0')
average loss 1.3196720940711564
----------------------------------------------------------------------------------------------------
| Eval   8 at step    16000 | time: 441.71s | valid loss  1.32 | valid ppl  3.74 | best ppl  3.74 
----------------------------------------------------------------------------------------------------
| epoch   4 step    16100 |    326 batches | lr 0.0001 | ms/batch 6165.88 | loss  2.90 | avg loss  2.67 | ppl 14.41
| epoch   4 step    16200 |    426 batches | lr 0.0001 | ms/batch 1749.04 | loss  2.64 | avg loss  2.67 | ppl 14.41
| epoch   4 step    16300 |    526 batches | lr 0.0001 | ms/batch 1747.62 | loss  3.13 | avg loss  2.66 | ppl 14.27
| epoch   4 step    16400 |    626 batches | lr 0.0001 | ms/batch 1699.96 | loss  3.03 | avg loss  2.67 | ppl 14.50
| epoch   4 step    16500 |    726 batches | lr 0.0001 | ms/batch 1679.33 | loss  2.92 | avg loss  2.70 | ppl 14.89
| epoch   4 step    16600 |    826 batches | lr 0.0001 | ms/batch 1693.93 | loss  2.88 | avg loss  2.67 | ppl 14.42
| epoch   4 step    16700 |    926 batches | lr 0.0001 | ms/batch 1746.48 | loss  2.78 | avg loss  2.69 | ppl 14.67
| epoch   4 step    16800 |   1026 batches | lr 0.0001 | ms/batch 1747.14 | loss  2.85 | avg loss  2.69 | ppl 14.69
| epoch   4 step    16900 |   1126 batches | lr 0.0001 | ms/batch 1745.83 | loss  2.38 | avg loss  2.65 | ppl 14.12
| epoch   4 step    17000 |   1226 batches | lr 0.0001 | ms/batch 1746.83 | loss  2.55 | avg loss  2.65 | ppl 14.18
saving checkpoint ./trained_models/GPT2_M/e2e/model.17000.pt
| epoch   4 step    17100 |   1326 batches | lr 0.0001 | ms/batch 1748.63 | loss  2.84 | avg loss  2.71 | ppl 14.97
| epoch   4 step    17200 |   1426 batches | lr 0.0001 | ms/batch 1747.59 | loss  2.58 | avg loss  2.65 | ppl 14.14
| epoch   4 step    17300 |   1526 batches | lr 0.0001 | ms/batch 1748.91 | loss  2.54 | avg loss  2.68 | ppl 14.63
| epoch   4 step    17400 |   1626 batches | lr 0.0001 | ms/batch 1748.91 | loss  2.46 | avg loss  2.68 | ppl 14.60
| epoch   4 step    17500 |   1726 batches | lr 0.0001 | ms/batch 1744.24 | loss  2.99 | avg loss  2.69 | ppl 14.80
| epoch   4 step    17600 |   1826 batches | lr 0.0001 | ms/batch 1739.40 | loss  3.03 | avg loss  2.70 | ppl 14.87
| epoch   4 step    17700 |   1926 batches | lr 0.0001 | ms/batch 1739.55 | loss  2.66 | avg loss  2.67 | ppl 14.39
| epoch   4 step    17800 |   2026 batches | lr 0.0001 | ms/batch 1738.51 | loss  2.94 | avg loss  2.71 | ppl 15.10
| epoch   4 step    17900 |   2126 batches | lr 0.0001 | ms/batch 1738.58 | loss  2.71 | avg loss  2.66 | ppl 14.31
| epoch   4 step    18000 |   2226 batches | lr 0.0001 | ms/batch 1738.60 | loss  3.29 | avg loss  2.67 | ppl 14.44
saving checkpoint ./trained_models/GPT2_M/e2e/model.18000.pt
eval samples: 0 loss: tensor(1.2784, device='cuda:0')
eval samples: 100 loss: tensor(0.9585, device='cuda:0')
eval samples: 200 loss: tensor(1.4360, device='cuda:0')
eval samples: 300 loss: tensor(1.2439, device='cuda:0')
eval samples: 400 loss: tensor(0.9652, device='cuda:0')
eval samples: 500 loss: tensor(0.7322, device='cuda:0')
eval samples: 600 loss: tensor(1.3493, device='cuda:0')
eval samples: 700 loss: tensor(0.8317, device='cuda:0')
eval samples: 800 loss: tensor(1.2188, device='cuda:0')
eval samples: 900 loss: tensor(1.7998, device='cuda:0')
eval samples: 1000 loss: tensor(1.1395, device='cuda:0')
eval samples: 1100 loss: tensor(1.5233, device='cuda:0')
average loss 1.3254401664415452
----------------------------------------------------------------------------------------------------
| Eval   9 at step    18000 | time: 439.56s | valid loss  1.33 | valid ppl  3.76 | best ppl  3.74 
----------------------------------------------------------------------------------------------------
| epoch   4 step    18100 |   2326 batches | lr 0.0001 | ms/batch 6133.69 | loss  2.85 | avg loss  2.67 | ppl 14.43
| epoch   4 step    18200 |   2426 batches | lr 0.0001 | ms/batch 1691.26 | loss  2.47 | avg loss  2.67 | ppl 14.45
| epoch   4 step    18300 |   2526 batches | lr 0.0001 | ms/batch 1689.04 | loss  2.55 | avg loss  2.68 | ppl 14.66
| epoch   4 step    18400 |   2626 batches | lr 0.0001 | ms/batch 1712.46 | loss  2.84 | avg loss  2.66 | ppl 14.27
| epoch   4 step    18500 |   2726 batches | lr 0.0001 | ms/batch 1742.38 | loss  2.64 | avg loss  2.64 | ppl 14.07
| epoch   4 step    18600 |   2826 batches | lr 0.0001 | ms/batch 1748.69 | loss  2.42 | avg loss  2.70 | ppl 14.86
| epoch   4 step    18700 |   2926 batches | lr 0.0001 | ms/batch 1748.66 | loss  2.44 | avg loss  2.66 | ppl 14.26
| epoch   4 step    18800 |   3026 batches | lr 0.0001 | ms/batch 1748.31 | loss  2.44 | avg loss  2.68 | ppl 14.64
| epoch   4 step    18900 |   3126 batches | lr 0.0001 | ms/batch 1748.16 | loss  2.65 | avg loss  2.67 | ppl 14.50
| epoch   4 step    19000 |   3226 batches | lr 0.0001 | ms/batch 1745.41 | loss  2.97 | avg loss  2.68 | ppl 14.55
saving checkpoint ./trained_models/GPT2_M/e2e/model.19000.pt
| epoch   4 step    19100 |   3326 batches | lr 0.0001 | ms/batch 1737.54 | loss  2.97 | avg loss  2.66 | ppl 14.36
| epoch   4 step    19200 |   3426 batches | lr 0.0001 | ms/batch 1739.83 | loss  2.73 | avg loss  2.64 | ppl 14.05
| epoch   4 step    19300 |   3526 batches | lr 0.0001 | ms/batch 1714.89 | loss  2.71 | avg loss  2.68 | ppl 14.56
| epoch   4 step    19400 |   3626 batches | lr 0.0001 | ms/batch 1741.50 | loss  2.86 | avg loss  2.66 | ppl 14.36
| epoch   4 step    19500 |   3726 batches | lr 0.0001 | ms/batch 1739.68 | loss  2.34 | avg loss  2.66 | ppl 14.27
| epoch   4 step    19600 |   3826 batches | lr 0.0001 | ms/batch 1741.81 | loss  2.88 | avg loss  2.67 | ppl 14.37
| epoch   4 step    19700 |   3926 batches | lr 0.0001 | ms/batch 1741.23 | loss  2.75 | avg loss  2.66 | ppl 14.36
| epoch   4 step    19800 |   4026 batches | lr 0.0001 | ms/batch 1739.19 | loss  2.64 | avg loss  2.67 | ppl 14.37
| epoch   4 step    19900 |   4126 batches | lr 0.0001 | ms/batch 1747.13 | loss  2.43 | avg loss  2.70 | ppl 14.86
| epoch   4 step    20000 |   4226 batches | lr 0.0001 | ms/batch 1749.83 | loss  2.56 | avg loss  2.66 | ppl 14.32
saving checkpoint ./trained_models/GPT2_M/e2e/model.20000.pt
eval samples: 0 loss: tensor(1.2958, device='cuda:0')
eval samples: 100 loss: tensor(0.9612, device='cuda:0')
eval samples: 200 loss: tensor(1.4015, device='cuda:0')
eval samples: 300 loss: tensor(1.2475, device='cuda:0')
eval samples: 400 loss: tensor(0.9288, device='cuda:0')
eval samples: 500 loss: tensor(0.7309, device='cuda:0')
eval samples: 600 loss: tensor(1.3476, device='cuda:0')
eval samples: 700 loss: tensor(0.8344, device='cuda:0')
eval samples: 800 loss: tensor(1.1964, device='cuda:0')
eval samples: 900 loss: tensor(1.8127, device='cuda:0')
eval samples: 1000 loss: tensor(1.1473, device='cuda:0')
eval samples: 1100 loss: tensor(1.4973, device='cuda:0')
average loss 1.3136365687193936
----------------------------------------------------------------------------------------------------
| Eval  10 at step    20000 | time: 436.03s | valid loss  1.31 | valid ppl  3.72 | best ppl  3.72 
----------------------------------------------------------------------------------------------------
| epoch   4 step    20100 |   4326 batches | lr 0.0001 | ms/batch 6039.33 | loss  2.55 | avg loss  2.66 | ppl 14.23
| epoch   4 step    20200 |   4426 batches | lr 0.0001 | ms/batch 1728.31 | loss  2.73 | avg loss  2.66 | ppl 14.26
| epoch   4 step    20300 |   4526 batches | lr 0.0001 | ms/batch 1749.64 | loss  2.68 | avg loss  2.68 | ppl 14.65
| epoch   4 step    20400 |   4626 batches | lr 0.0001 | ms/batch 1751.47 | loss  2.63 | avg loss  2.67 | ppl 14.41
| epoch   4 step    20500 |   4726 batches | lr 0.0001 | ms/batch 1751.84 | loss  2.82 | avg loss  2.64 | ppl 14.08
| epoch   4 step    20600 |   4826 batches | lr 0.0001 | ms/batch 1752.03 | loss  2.85 | avg loss  2.69 | ppl 14.74
| epoch   4 step    20700 |   4926 batches | lr 0.0001 | ms/batch 1751.73 | loss  2.75 | avg loss  2.64 | ppl 14.07
| epoch   4 step    20800 |   5026 batches | lr 0.0001 | ms/batch 1752.40 | loss  2.43 | avg loss  2.68 | ppl 14.63
| epoch   4 step    20900 |   5126 batches | lr 0.0001 | ms/batch 1751.32 | loss  2.60 | avg loss  2.65 | ppl 14.17
| epoch   4 step    21000 |   5226 batches | lr 0.0001 | ms/batch 1752.29 | loss  2.44 | avg loss  2.65 | ppl 14.18
saving checkpoint ./trained_models/GPT2_M/e2e/model.21000.pt
saving checkpoint ./trained_models/GPT2_M/e2e/model.21032.pt
start to train the model................ 5
| epoch   5 step    21100 |     68 batches | lr 0.0001 | ms/batch 1190.21 | loss  2.80 | avg loss  2.68 | ppl 14.62
| epoch   5 step    21200 |    168 batches | lr 0.0001 | ms/batch 1750.96 | loss  2.83 | avg loss  2.63 | ppl 13.82
| epoch   5 step    21300 |    268 batches | lr 0.0001 | ms/batch 1749.85 | loss  2.40 | avg loss  2.68 | ppl 14.54
| epoch   5 step    21400 |    368 batches | lr 0.0001 | ms/batch 1749.84 | loss  2.71 | avg loss  2.66 | ppl 14.28
| epoch   5 step    21500 |    468 batches | lr 0.0001 | ms/batch 1749.67 | loss  2.91 | avg loss  2.68 | ppl 14.51
| epoch   5 step    21600 |    568 batches | lr 0.0001 | ms/batch 1750.10 | loss  2.98 | avg loss  2.63 | ppl 13.84
| epoch   5 step    21700 |    668 batches | lr 0.0001 | ms/batch 1750.18 | loss  3.01 | avg loss  2.67 | ppl 14.38
| epoch   5 step    21800 |    768 batches | lr 0.0001 | ms/batch 1750.48 | loss  2.56 | avg loss  2.70 | ppl 14.84
| epoch   5 step    21900 |    868 batches | lr 0.0001 | ms/batch 1748.52 | loss  2.92 | avg loss  2.67 | ppl 14.39
| epoch   5 step    22000 |    968 batches | lr 0.0001 | ms/batch 1675.91 | loss  2.56 | avg loss  2.61 | ppl 13.57
saving checkpoint ./trained_models/GPT2_M/e2e/model.22000.pt
eval samples: 0 loss: tensor(1.2846, device='cuda:0')
eval samples: 100 loss: tensor(0.9682, device='cuda:0')
eval samples: 200 loss: tensor(1.3899, device='cuda:0')
eval samples: 300 loss: tensor(1.2221, device='cuda:0')
eval samples: 400 loss: tensor(0.9456, device='cuda:0')
eval samples: 500 loss: tensor(0.7190, device='cuda:0')
eval samples: 600 loss: tensor(1.2888, device='cuda:0')
eval samples: 700 loss: tensor(0.8121, device='cuda:0')
eval samples: 800 loss: tensor(1.2208, device='cuda:0')
eval samples: 900 loss: tensor(1.8051, device='cuda:0')
eval samples: 1000 loss: tensor(1.1199, device='cuda:0')
eval samples: 1100 loss: tensor(1.5438, device='cuda:0')
average loss 1.2993273920800588
----------------------------------------------------------------------------------------------------
| Eval  11 at step    22000 | time: 434.97s | valid loss  1.30 | valid ppl  3.67 | best ppl  3.67 
----------------------------------------------------------------------------------------------------
| epoch   5 step    22100 |   1068 batches | lr 0.0001 | ms/batch 6099.86 | loss  2.77 | avg loss  2.64 | ppl 14.03
| epoch   5 step    22200 |   1168 batches | lr 0.0001 | ms/batch 1752.83 | loss  3.08 | avg loss  2.67 | ppl 14.50
| epoch   5 step    22300 |   1268 batches | lr 0.0001 | ms/batch 1751.45 | loss  2.51 | avg loss  2.67 | ppl 14.49
| epoch   5 step    22400 |   1368 batches | lr 0.0001 | ms/batch 1734.66 | loss  2.51 | avg loss  2.62 | ppl 13.73
| epoch   5 step    22500 |   1468 batches | lr 0.0001 | ms/batch 1726.06 | loss  2.65 | avg loss  2.66 | ppl 14.28
| epoch   5 step    22600 |   1568 batches | lr 0.0001 | ms/batch 1727.34 | loss  2.91 | avg loss  2.68 | ppl 14.58
| epoch   5 step    22700 |   1668 batches | lr 0.0001 | ms/batch 1745.36 | loss  2.54 | avg loss  2.64 | ppl 14.01
| epoch   5 step    22800 |   1768 batches | lr 0.0001 | ms/batch 1747.63 | loss  2.47 | avg loss  2.67 | ppl 14.43
| epoch   5 step    22900 |   1868 batches | lr 0.0001 | ms/batch 1741.37 | loss  3.03 | avg loss  2.71 | ppl 15.03
| epoch   5 step    23000 |   1968 batches | lr 0.0001 | ms/batch 1741.52 | loss  2.53 | avg loss  2.64 | ppl 14.05
saving checkpoint ./trained_models/GPT2_M/e2e/model.23000.pt
| epoch   5 step    23100 |   2068 batches | lr 0.0001 | ms/batch 1746.03 | loss  2.74 | avg loss  2.69 | ppl 14.66
| epoch   5 step    23200 |   2168 batches | lr 0.0001 | ms/batch 1752.11 | loss  2.79 | avg loss  2.65 | ppl 14.15
| epoch   5 step    23300 |   2268 batches | lr 0.0001 | ms/batch 1750.87 | loss  2.46 | avg loss  2.63 | ppl 13.91
| epoch   5 step    23400 |   2368 batches | lr 0.0001 | ms/batch 1738.66 | loss  2.57 | avg loss  2.66 | ppl 14.31
| epoch   5 step    23500 |   2468 batches | lr 0.0001 | ms/batch 1746.81 | loss  2.43 | avg loss  2.63 | ppl 13.89
| epoch   5 step    23600 |   2568 batches | lr 0.0001 | ms/batch 1733.58 | loss  2.32 | avg loss  2.64 | ppl 14.01
| epoch   5 step    23700 |   2668 batches | lr 0.0001 | ms/batch 1714.85 | loss  2.50 | avg loss  2.62 | ppl 13.68
| epoch   5 step    23800 |   2768 batches | lr 0.0001 | ms/batch 1653.68 | loss  2.75 | avg loss  2.66 | ppl 14.36
| epoch   5 step    23900 |   2868 batches | lr 0.0001 | ms/batch 1656.18 | loss  2.73 | avg loss  2.63 | ppl 13.88
| epoch   5 step    24000 |   2968 batches | lr 0.0001 | ms/batch 1705.56 | loss  2.53 | avg loss  2.66 | ppl 14.23
saving checkpoint ./trained_models/GPT2_M/e2e/model.24000.pt
eval samples: 0 loss: tensor(1.2555, device='cuda:0')
eval samples: 100 loss: tensor(0.9495, device='cuda:0')
eval samples: 200 loss: tensor(1.3488, device='cuda:0')
eval samples: 300 loss: tensor(1.2178, device='cuda:0')
eval samples: 400 loss: tensor(0.9220, device='cuda:0')
eval samples: 500 loss: tensor(0.7338, device='cuda:0')
eval samples: 600 loss: tensor(1.3312, device='cuda:0')
eval samples: 700 loss: tensor(0.8245, device='cuda:0')
eval samples: 800 loss: tensor(1.2176, device='cuda:0')
eval samples: 900 loss: tensor(1.8042, device='cuda:0')
eval samples: 1000 loss: tensor(1.1058, device='cuda:0')
eval samples: 1100 loss: tensor(1.5008, device='cuda:0')
average loss 1.2918418983176148
----------------------------------------------------------------------------------------------------
| Eval  12 at step    24000 | time: 383.55s | valid loss  1.29 | valid ppl  3.64 | best ppl  3.64 
----------------------------------------------------------------------------------------------------
| epoch   5 step    24100 |   3068 batches | lr 0.0001 | ms/batch 4733.77 | loss  2.87 | avg loss  2.68 | ppl 14.64
| epoch   5 step    24200 |   3168 batches | lr 0.0001 | ms/batch 902.30 | loss  2.84 | avg loss  2.61 | ppl 13.55
| epoch   5 step    24300 |   3268 batches | lr 0.0001 | ms/batch 893.61 | loss  2.82 | avg loss  2.66 | ppl 14.33
| epoch   5 step    24400 |   3368 batches | lr 0.0001 | ms/batch 905.50 | loss  2.80 | avg loss  2.65 | ppl 14.10
| epoch   5 step    24500 |   3468 batches | lr 0.0001 | ms/batch 892.77 | loss  2.54 | avg loss  2.64 | ppl 14.00
| epoch   5 step    24600 |   3568 batches | lr 0.0001 | ms/batch 904.47 | loss  2.83 | avg loss  2.64 | ppl 14.01
| epoch   5 step    24700 |   3668 batches | lr 0.0001 | ms/batch 902.92 | loss  3.08 | avg loss  2.69 | ppl 14.81
| epoch   5 step    24800 |   3768 batches | lr 0.0001 | ms/batch 901.09 | loss  3.00 | avg loss  2.64 | ppl 13.99
| epoch   5 step    24900 |   3868 batches | lr 0.0001 | ms/batch 908.24 | loss  2.44 | avg loss  2.65 | ppl 14.11
| epoch   5 step    25000 |   3968 batches | lr 0.0001 | ms/batch 904.85 | loss  2.55 | avg loss  2.65 | ppl 14.18
saving checkpoint ./trained_models/GPT2_M/e2e/model.25000.pt
| epoch   5 step    25100 |   4068 batches | lr 0.0001 | ms/batch 901.46 | loss  2.79 | avg loss  2.63 | ppl 13.85
| epoch   5 step    25200 |   4168 batches | lr 0.0001 | ms/batch 929.76 | loss  2.51 | avg loss  2.67 | ppl 14.37
| epoch   5 step    25300 |   4268 batches | lr 0.0001 | ms/batch 905.46 | loss  2.55 | avg loss  2.63 | ppl 13.88
| epoch   5 step    25400 |   4368 batches | lr 0.0001 | ms/batch 924.48 | loss  2.87 | avg loss  2.62 | ppl 13.68
| epoch   5 step    25500 |   4468 batches | lr 0.0001 | ms/batch 918.17 | loss  2.67 | avg loss  2.64 | ppl 14.01
| epoch   5 step    25600 |   4568 batches | lr 0.0001 | ms/batch 994.84 | loss  2.87 | avg loss  2.65 | ppl 14.15
| epoch   5 step    25700 |   4668 batches | lr 0.0001 | ms/batch 903.87 | loss  2.95 | avg loss  2.69 | ppl 14.76
| epoch   5 step    25800 |   4768 batches | lr 0.0001 | ms/batch 1032.02 | loss  2.67 | avg loss  2.67 | ppl 14.43
| epoch   5 step    25900 |   4868 batches | lr 0.0001 | ms/batch 905.17 | loss  2.47 | avg loss  2.64 | ppl 13.98
| epoch   5 step    26000 |   4968 batches | lr 0.0001 | ms/batch 908.62 | loss  2.60 | avg loss  2.66 | ppl 14.24
saving checkpoint ./trained_models/GPT2_M/e2e/model.26000.pt
eval samples: 0 loss: tensor(1.2733, device='cuda:0')
eval samples: 100 loss: tensor(0.9367, device='cuda:0')
eval samples: 200 loss: tensor(1.4278, device='cuda:0')
eval samples: 300 loss: tensor(1.2177, device='cuda:0')
eval samples: 400 loss: tensor(0.9515, device='cuda:0')
eval samples: 500 loss: tensor(0.7004, device='cuda:0')
eval samples: 600 loss: tensor(1.3224, device='cuda:0')
eval samples: 700 loss: tensor(0.8359, device='cuda:0')
eval samples: 800 loss: tensor(1.2329, device='cuda:0')
eval samples: 900 loss: tensor(1.7822, device='cuda:0')
eval samples: 1000 loss: tensor(1.0982, device='cuda:0')
eval samples: 1100 loss: tensor(1.4889, device='cuda:0')
average loss 1.2971785798770925
----------------------------------------------------------------------------------------------------
| Eval  13 at step    26000 | time: 226.45s | valid loss  1.30 | valid ppl  3.66 | best ppl  3.64 
----------------------------------------------------------------------------------------------------
| epoch   5 step    26100 |   5068 batches | lr 0.0001 | ms/batch 3413.38 | loss  2.68 | avg loss  2.64 | ppl 13.95
| epoch   5 step    26200 |   5168 batches | lr 0.0001 | ms/batch 1003.69 | loss  2.81 | avg loss  2.64 | ppl 13.96
saving checkpoint ./trained_models/GPT2_M/e2e/model.26290.pt
----------------------------------------------------------------------------------------------------
End of training
cleanup dist ...
[rank0]:[W507 03:25:42.883477827 ProcessGroupNCCL.cpp:1479] Warning: WARNING: destroy_process_group() was not called before program exit, which can leak resources. For more info, please see https://pytorch.org/docs/stable/distributed.html#shutdown (function operator())
