nohup: ignoring input
myrank: 0 local_rank: 0 device_count: 1 world_size: 1
====================================================================================================
        - platform : local
        - local_rank : 0
        - rank : 0
        - device : cuda:0
        - world_size : 1
        - random_seed : 110
        - lr : 0.0005
        - weight_decay : 0.01
        - correct_bias : True
        - adam_epislon : 1e-06
        - no_decay_bias : False
        - adam_beta1 : 0.9
        - adam_beta2 : 0.999
        - scheduler : None
        - max_step : None
        - max_epoch : 5
        - warmup_step : 500
        - i_steps : 0
        - i_lrs : 0.00025
        - galore_rank : 4
        - update_proj_gap : 50
        - galore_scale : 1.0
        - proj_type : std
        - save_gradient_energy_gap : 50
        - train_data : ./data/e2e/train.jsonl
        - valid_data : ./data/e2e/valid.jsonl
        - train_batch_size : 8
        - valid_batch_size : 4
        - grad_acc : 1
        - clip : 0.0
        - seq_len : 512
        - model_card : gpt2.md
        - init_checkpoint : ./pretrained_checkpoints/gpt2-medium-pytorch_model.bin
        - fp16 : False
        - log_interval : 100
        - eval_interval : 2000
        - save_interval : 1000
        - work_dir : ./trained_models/GPT2_M/e2e
        - lora_dim : 0
        - lora_alpha : 32
        - obj : clm
        - lora_dropout : 0.1
        - label_smooth : 0.1
        - roll_interval : -1
        - roll_lr : 1e-05
        - roll_step : 100
        - eval_epoch : 1
        - dist : <module 'torch.distributed' from '/home/ycyh/miniconda3/envs/LoRA/lib/python3.11/site-packages/torch/distributed/__init__.py'>
====================================================================================================
Experiment dir : ./trained_models/GPT2_M/e2e
loading model pretrained weight.
MoFaSGD 2D parameter count: 354.50M
Skipped 1D parameter count : 0.32M
set max_step: 26290
start to train the model................ 1
| epoch   1 step      100 |    100 batches | lr 0.0005 | ms/batch 2691.78 | loss  3.26 | avg loss  3.02 | ppl 20.58
| epoch   1 step      200 |    200 batches | lr 0.0005 | ms/batch 2716.66 | loss  2.75 | avg loss  2.76 | ppl 15.87
| epoch   1 step      300 |    300 batches | lr 0.0005 | ms/batch 2810.26 | loss  2.69 | avg loss  2.70 | ppl 14.89
| epoch   1 step      400 |    400 batches | lr 0.0005 | ms/batch 2821.34 | loss  2.76 | avg loss  2.69 | ppl 14.78
| epoch   1 step      500 |    500 batches | lr 0.0005 | ms/batch 2676.11 | loss  2.53 | avg loss  2.64 | ppl 13.97
| epoch   1 step      600 |    600 batches | lr 0.0005 | ms/batch 2843.89 | loss  2.53 | avg loss  2.60 | ppl 13.51
| epoch   1 step      700 |    700 batches | lr 0.0005 | ms/batch 2726.00 | loss  2.69 | avg loss  2.59 | ppl 13.32
| epoch   1 step      800 |    800 batches | lr 0.0005 | ms/batch 2679.10 | loss  2.29 | avg loss  2.57 | ppl 13.02
| epoch   1 step      900 |    900 batches | lr 0.0005 | ms/batch 2798.95 | loss  2.36 | avg loss  2.56 | ppl 12.96
| epoch   1 step     1000 |   1000 batches | lr 0.0005 | ms/batch 2434.37 | loss  2.99 | avg loss  2.58 | ppl 13.23
saving checkpoint ./trained_models/GPT2_M/e2e/model.1000.pt
/home/ycyh/miniconda3/envs/LoRA/lib/python3.11/site-packages/torch/distributed/distributed_c10d.py:4631: UserWarning: No device id is provided via `init_process_group` or `barrier `. Using the current device set by the user. 
  warnings.warn(  # warn only once
| epoch   1 step     1100 |   1100 batches | lr 0.0005 | ms/batch 2805.91 | loss  2.62 | avg loss  2.59 | ppl 13.29
| epoch   1 step     1200 |   1200 batches | lr 0.0005 | ms/batch 2559.85 | loss  2.44 | avg loss  2.58 | ppl 13.25
| epoch   1 step     1300 |   1300 batches | lr 0.0005 | ms/batch 2782.23 | loss  2.47 | avg loss  2.56 | ppl 12.95
| epoch   1 step     1400 |   1400 batches | lr 0.0005 | ms/batch 2711.51 | loss  2.54 | avg loss  2.55 | ppl 12.85
| epoch   1 step     1500 |   1500 batches | lr 0.0005 | ms/batch 2619.49 | loss  2.50 | avg loss  2.57 | ppl 13.08
| epoch   1 step     1600 |   1600 batches | lr 0.0005 | ms/batch 2697.69 | loss  2.61 | avg loss  2.53 | ppl 12.54
| epoch   1 step     1700 |   1700 batches | lr 0.0005 | ms/batch 2923.80 | loss  2.43 | avg loss  2.54 | ppl 12.68
| epoch   1 step     1800 |   1800 batches | lr 0.0005 | ms/batch 2879.21 | loss  2.42 | avg loss  2.54 | ppl 12.65
| epoch   1 step     1900 |   1900 batches | lr 0.0005 | ms/batch 2737.27 | loss  2.55 | avg loss  2.54 | ppl 12.71
| epoch   1 step     2000 |   2000 batches | lr 0.0005 | ms/batch 2740.82 | loss  2.41 | avg loss  2.53 | ppl 12.53
saving checkpoint ./trained_models/GPT2_M/e2e/model.2000.pt
/home/ycyh/miniconda3/envs/LoRA/lib/python3.11/site-packages/torch/nn/_reduction.py:51: UserWarning: size_average and reduce args will be deprecated, please use reduction='none' instead.
  warnings.warn(warning.format(ret))
eval samples: 0 loss: tensor(1.2359, device='cuda:0')
eval samples: 100 loss: tensor(0.9190, device='cuda:0')
eval samples: 200 loss: tensor(1.3317, device='cuda:0')
eval samples: 300 loss: tensor(1.1295, device='cuda:0')
eval samples: 400 loss: tensor(0.8755, device='cuda:0')
eval samples: 500 loss: tensor(0.6994, device='cuda:0')
eval samples: 600 loss: tensor(1.2569, device='cuda:0')
eval samples: 700 loss: tensor(0.7812, device='cuda:0')
eval samples: 800 loss: tensor(1.2073, device='cuda:0')
eval samples: 900 loss: tensor(1.7053, device='cuda:0')
eval samples: 1000 loss: tensor(1.0538, device='cuda:0')
eval samples: 1100 loss: tensor(1.4838, device='cuda:0')
average loss 1.238935519877362
----------------------------------------------------------------------------------------------------
| Eval   1 at step     2000 | time: 360.46s | valid loss  1.24 | valid ppl  3.45 | best ppl  3.45 
----------------------------------------------------------------------------------------------------
| epoch   1 step     2100 |   2100 batches | lr 0.0005 | ms/batch 6510.00 | loss  2.55 | avg loss  2.53 | ppl 12.50
| epoch   1 step     2200 |   2200 batches | lr 0.0005 | ms/batch 2698.65 | loss  2.78 | avg loss  2.52 | ppl 12.44
| epoch   1 step     2300 |   2300 batches | lr 0.0005 | ms/batch 2727.64 | loss  2.47 | avg loss  2.52 | ppl 12.37
| epoch   1 step     2400 |   2400 batches | lr 0.0005 | ms/batch 2414.25 | loss  2.30 | avg loss  2.52 | ppl 12.40
| epoch   1 step     2500 |   2500 batches | lr 0.0005 | ms/batch 2627.77 | loss  2.72 | avg loss  2.54 | ppl 12.63
| epoch   1 step     2600 |   2600 batches | lr 0.0005 | ms/batch 2897.22 | loss  2.67 | avg loss  2.52 | ppl 12.47
| epoch   1 step     2700 |   2700 batches | lr 0.0005 | ms/batch 2701.64 | loss  2.59 | avg loss  2.51 | ppl 12.28
| epoch   1 step     2800 |   2800 batches | lr 0.0005 | ms/batch 2916.29 | loss  2.25 | avg loss  2.54 | ppl 12.71
| epoch   1 step     2900 |   2900 batches | lr 0.0005 | ms/batch 2815.99 | loss  2.71 | avg loss  2.53 | ppl 12.50
| epoch   1 step     3000 |   3000 batches | lr 0.0005 | ms/batch 2718.17 | loss  2.52 | avg loss  2.49 | ppl 12.10
saving checkpoint ./trained_models/GPT2_M/e2e/model.3000.pt
| epoch   1 step     3100 |   3100 batches | lr 0.0005 | ms/batch 2930.86 | loss  2.69 | avg loss  2.49 | ppl 12.11
| epoch   1 step     3200 |   3200 batches | lr 0.0005 | ms/batch 2764.73 | loss  2.57 | avg loss  2.53 | ppl 12.54
| epoch   1 step     3300 |   3300 batches | lr 0.0005 | ms/batch 2719.72 | loss  2.84 | avg loss  2.49 | ppl 12.04
| epoch   1 step     3400 |   3400 batches | lr 0.0005 | ms/batch 2788.55 | loss  2.45 | avg loss  2.49 | ppl 12.02
| epoch   1 step     3500 |   3500 batches | lr 0.0005 | ms/batch 2751.56 | loss  2.25 | avg loss  2.52 | ppl 12.47
| epoch   1 step     3600 |   3600 batches | lr 0.0005 | ms/batch 2842.10 | loss  2.41 | avg loss  2.52 | ppl 12.47
| epoch   1 step     3700 |   3700 batches | lr 0.0005 | ms/batch 2889.86 | loss  2.48 | avg loss  2.49 | ppl 12.10
| epoch   1 step     3800 |   3800 batches | lr 0.0005 | ms/batch 2780.99 | loss  2.46 | avg loss  2.45 | ppl 11.63
| epoch   1 step     3900 |   3900 batches | lr 0.0005 | ms/batch 2689.43 | loss  2.21 | avg loss  2.53 | ppl 12.51
| epoch   1 step     4000 |   4000 batches | lr 0.0005 | ms/batch 2507.46 | loss  2.50 | avg loss  2.53 | ppl 12.50
saving checkpoint ./trained_models/GPT2_M/e2e/model.4000.pt
eval samples: 0 loss: tensor(1.1923, device='cuda:0')
eval samples: 100 loss: tensor(0.8847, device='cuda:0')
eval samples: 200 loss: tensor(1.2591, device='cuda:0')
eval samples: 300 loss: tensor(1.1142, device='cuda:0')
eval samples: 400 loss: tensor(0.8839, device='cuda:0')
eval samples: 500 loss: tensor(0.6216, device='cuda:0')
eval samples: 600 loss: tensor(1.2097, device='cuda:0')
eval samples: 700 loss: tensor(0.7421, device='cuda:0')
eval samples: 800 loss: tensor(1.1583, device='cuda:0')
eval samples: 900 loss: tensor(1.6913, device='cuda:0')
eval samples: 1000 loss: tensor(0.9540, device='cuda:0')
eval samples: 1100 loss: tensor(1.4376, device='cuda:0')
average loss 1.2030445424559182
----------------------------------------------------------------------------------------------------
| Eval   2 at step     4000 | time: 360.84s | valid loss  1.20 | valid ppl  3.33 | best ppl  3.33 
----------------------------------------------------------------------------------------------------
| epoch   1 step     4100 |   4100 batches | lr 0.0005 | ms/batch 6628.27 | loss  2.60 | avg loss  2.48 | ppl 12.00
| epoch   1 step     4200 |   4200 batches | lr 0.0005 | ms/batch 2801.04 | loss  2.53 | avg loss  2.49 | ppl 12.07
| epoch   1 step     4300 |   4300 batches | lr 0.0005 | ms/batch 2785.85 | loss  2.32 | avg loss  2.45 | ppl 11.54
| epoch   1 step     4400 |   4400 batches | lr 0.0005 | ms/batch 2949.98 | loss  2.56 | avg loss  2.48 | ppl 11.88
| epoch   1 step     4500 |   4500 batches | lr 0.0005 | ms/batch 2948.45 | loss  2.64 | avg loss  2.50 | ppl 12.20
| epoch   1 step     4600 |   4600 batches | lr 0.0005 | ms/batch 2536.76 | loss  2.45 | avg loss  2.50 | ppl 12.18
| epoch   1 step     4700 |   4700 batches | lr 0.0005 | ms/batch 2898.05 | loss  2.27 | avg loss  2.49 | ppl 12.07
| epoch   1 step     4800 |   4800 batches | lr 0.0005 | ms/batch 2544.58 | loss  2.64 | avg loss  2.47 | ppl 11.76
| epoch   1 step     4900 |   4900 batches | lr 0.0005 | ms/batch 2907.45 | loss  2.57 | avg loss  2.48 | ppl 11.90
| epoch   1 step     5000 |   5000 batches | lr 0.0005 | ms/batch 2843.87 | loss  2.22 | avg loss  2.46 | ppl 11.66
saving checkpoint ./trained_models/GPT2_M/e2e/model.5000.pt
| epoch   1 step     5100 |   5100 batches | lr 0.0005 | ms/batch 2909.69 | loss  2.57 | avg loss  2.49 | ppl 12.08
| epoch   1 step     5200 |   5200 batches | lr 0.0005 | ms/batch 2938.61 | loss  2.69 | avg loss  2.48 | ppl 11.96
saving checkpoint ./trained_models/GPT2_M/e2e/model.5258.pt
start to train the model................ 2
| epoch   2 step     5300 |     42 batches | lr 0.0005 | ms/batch 629.69 | loss  2.34 | avg loss  2.42 | ppl 11.20
| epoch   2 step     5400 |    142 batches | lr 0.0005 | ms/batch 2851.86 | loss  2.46 | avg loss  2.47 | ppl 11.85
| epoch   2 step     5500 |    242 batches | lr 0.0005 | ms/batch 2773.97 | loss  2.48 | avg loss  2.45 | ppl 11.64
| epoch   2 step     5600 |    342 batches | lr 0.0005 | ms/batch 2794.41 | loss  2.13 | avg loss  2.48 | ppl 11.90
| epoch   2 step     5700 |    442 batches | lr 0.0005 | ms/batch 2706.74 | loss  2.40 | avg loss  2.46 | ppl 11.76
| epoch   2 step     5800 |    542 batches | lr 0.0005 | ms/batch 2895.95 | loss  2.47 | avg loss  2.44 | ppl 11.48
| epoch   2 step     5900 |    642 batches | lr 0.0005 | ms/batch 2653.54 | loss  2.57 | avg loss  2.47 | ppl 11.80
| epoch   2 step     6000 |    742 batches | lr 0.0005 | ms/batch 2744.59 | loss  2.22 | avg loss  2.43 | ppl 11.36
saving checkpoint ./trained_models/GPT2_M/e2e/model.6000.pt
eval samples: 0 loss: tensor(1.1339, device='cuda:0')
eval samples: 100 loss: tensor(0.8792, device='cuda:0')
eval samples: 200 loss: tensor(1.1505, device='cuda:0')
eval samples: 300 loss: tensor(1.0754, device='cuda:0')
eval samples: 400 loss: tensor(0.8562, device='cuda:0')
eval samples: 500 loss: tensor(0.5750, device='cuda:0')
eval samples: 600 loss: tensor(1.1980, device='cuda:0')
eval samples: 700 loss: tensor(0.7028, device='cuda:0')
eval samples: 800 loss: tensor(1.1496, device='cuda:0')
eval samples: 900 loss: tensor(1.6810, device='cuda:0')
eval samples: 1000 loss: tensor(0.9310, device='cuda:0')
eval samples: 1100 loss: tensor(1.4234, device='cuda:0')
average loss 1.1645447076999977
----------------------------------------------------------------------------------------------------
| Eval   3 at step     6000 | time: 357.47s | valid loss  1.16 | valid ppl  3.20 | best ppl  3.20 
----------------------------------------------------------------------------------------------------
| epoch   2 step     6100 |    842 batches | lr 0.0005 | ms/batch 6266.04 | loss  2.26 | avg loss  2.46 | ppl 11.70
| epoch   2 step     6200 |    942 batches | lr 0.0005 | ms/batch 2635.13 | loss  2.32 | avg loss  2.46 | ppl 11.72
| epoch   2 step     6300 |   1042 batches | lr 0.0005 | ms/batch 2844.56 | loss  2.63 | avg loss  2.47 | ppl 11.78
| epoch   2 step     6400 |   1142 batches | lr 0.0005 | ms/batch 2695.06 | loss  2.25 | avg loss  2.45 | ppl 11.62
| epoch   2 step     6500 |   1242 batches | lr 0.0005 | ms/batch 2751.20 | loss  2.31 | avg loss  2.48 | ppl 11.94
| epoch   2 step     6600 |   1342 batches | lr 0.0005 | ms/batch 2903.63 | loss  2.68 | avg loss  2.45 | ppl 11.63
| epoch   2 step     6700 |   1442 batches | lr 0.0005 | ms/batch 2615.44 | loss  2.41 | avg loss  2.46 | ppl 11.74
| epoch   2 step     6800 |   1542 batches | lr 0.0005 | ms/batch 2625.28 | loss  2.38 | avg loss  2.47 | ppl 11.83
| epoch   2 step     6900 |   1642 batches | lr 0.0005 | ms/batch 2752.07 | loss  2.35 | avg loss  2.41 | ppl 11.13
| epoch   2 step     7000 |   1742 batches | lr 0.0005 | ms/batch 2707.88 | loss  2.59 | avg loss  2.47 | ppl 11.80
saving checkpoint ./trained_models/GPT2_M/e2e/model.7000.pt
| epoch   2 step     7100 |   1842 batches | lr 0.0005 | ms/batch 2974.34 | loss  2.58 | avg loss  2.45 | ppl 11.60
| epoch   2 step     7200 |   1942 batches | lr 0.0005 | ms/batch 2529.26 | loss  2.53 | avg loss  2.45 | ppl 11.60
| epoch   2 step     7300 |   2042 batches | lr 0.0005 | ms/batch 2641.60 | loss  2.32 | avg loss  2.43 | ppl 11.33
| epoch   2 step     7400 |   2142 batches | lr 0.0005 | ms/batch 2947.39 | loss  2.78 | avg loss  2.43 | ppl 11.31
| epoch   2 step     7500 |   2242 batches | lr 0.0005 | ms/batch 2860.51 | loss  2.61 | avg loss  2.48 | ppl 11.89
| epoch   2 step     7600 |   2342 batches | lr 0.0005 | ms/batch 2981.96 | loss  2.25 | avg loss  2.43 | ppl 11.38
| epoch   2 step     7700 |   2442 batches | lr 0.0005 | ms/batch 2806.98 | loss  2.65 | avg loss  2.43 | ppl 11.39
| epoch   2 step     7800 |   2542 batches | lr 0.0005 | ms/batch 2543.90 | loss  2.48 | avg loss  2.42 | ppl 11.26
| epoch   2 step     7900 |   2642 batches | lr 0.0005 | ms/batch 2790.51 | loss  2.74 | avg loss  2.46 | ppl 11.71
| epoch   2 step     8000 |   2742 batches | lr 0.0005 | ms/batch 2765.01 | loss  2.48 | avg loss  2.47 | ppl 11.86
saving checkpoint ./trained_models/GPT2_M/e2e/model.8000.pt
eval samples: 0 loss: tensor(1.1513, device='cuda:0')
eval samples: 100 loss: tensor(0.8716, device='cuda:0')
eval samples: 200 loss: tensor(1.2026, device='cuda:0')
eval samples: 300 loss: tensor(1.0533, device='cuda:0')
eval samples: 400 loss: tensor(0.8557, device='cuda:0')
eval samples: 500 loss: tensor(0.6200, device='cuda:0')
eval samples: 600 loss: tensor(1.1884, device='cuda:0')
eval samples: 700 loss: tensor(0.7091, device='cuda:0')
eval samples: 800 loss: tensor(1.1350, device='cuda:0')
eval samples: 900 loss: tensor(1.6962, device='cuda:0')
eval samples: 1000 loss: tensor(0.9221, device='cuda:0')
eval samples: 1100 loss: tensor(1.4098, device='cuda:0')
average loss 1.1699734848911223
----------------------------------------------------------------------------------------------------
| Eval   4 at step     8000 | time: 362.86s | valid loss  1.17 | valid ppl  3.22 | best ppl  3.20 
----------------------------------------------------------------------------------------------------
| epoch   2 step     8100 |   2842 batches | lr 0.0005 | ms/batch 6656.09 | loss  2.31 | avg loss  2.43 | ppl 11.41
| epoch   2 step     8200 |   2942 batches | lr 0.0005 | ms/batch 2602.61 | loss  2.56 | avg loss  2.49 | ppl 12.02
| epoch   2 step     8300 |   3042 batches | lr 0.0005 | ms/batch 2942.14 | loss  2.34 | avg loss  2.45 | ppl 11.62
| epoch   2 step     8400 |   3142 batches | lr 0.0005 | ms/batch 2688.03 | loss  2.50 | avg loss  2.44 | ppl 11.45
| epoch   2 step     8500 |   3242 batches | lr 0.0005 | ms/batch 2722.79 | loss  2.36 | avg loss  2.45 | ppl 11.57
| epoch   2 step     8600 |   3342 batches | lr 0.0005 | ms/batch 2897.26 | loss  2.38 | avg loss  2.43 | ppl 11.37
| epoch   2 step     8700 |   3442 batches | lr 0.0005 | ms/batch 2757.94 | loss  2.72 | avg loss  2.43 | ppl 11.38
| epoch   2 step     8800 |   3542 batches | lr 0.0005 | ms/batch 2704.09 | loss  2.37 | avg loss  2.43 | ppl 11.41
| epoch   2 step     8900 |   3642 batches | lr 0.0005 | ms/batch 2656.95 | loss  2.51 | avg loss  2.45 | ppl 11.62
| epoch   2 step     9000 |   3742 batches | lr 0.0005 | ms/batch 2766.36 | loss  2.45 | avg loss  2.45 | ppl 11.54
saving checkpoint ./trained_models/GPT2_M/e2e/model.9000.pt
| epoch   2 step     9100 |   3842 batches | lr 0.0005 | ms/batch 3038.51 | loss  2.38 | avg loss  2.44 | ppl 11.47
| epoch   2 step     9200 |   3942 batches | lr 0.0005 | ms/batch 2708.56 | loss  2.53 | avg loss  2.44 | ppl 11.49
| epoch   2 step     9300 |   4042 batches | lr 0.0005 | ms/batch 2824.29 | loss  2.44 | avg loss  2.45 | ppl 11.60
| epoch   2 step     9400 |   4142 batches | lr 0.0005 | ms/batch 2860.84 | loss  2.48 | avg loss  2.44 | ppl 11.50
| epoch   2 step     9500 |   4242 batches | lr 0.0005 | ms/batch 2834.22 | loss  2.46 | avg loss  2.44 | ppl 11.49
| epoch   2 step     9600 |   4342 batches | lr 0.0005 | ms/batch 2669.26 | loss  2.79 | avg loss  2.45 | ppl 11.58
| epoch   2 step     9700 |   4442 batches | lr 0.0005 | ms/batch 2681.63 | loss  2.20 | avg loss  2.44 | ppl 11.44
| epoch   2 step     9800 |   4542 batches | lr 0.0005 | ms/batch 2757.32 | loss  2.42 | avg loss  2.43 | ppl 11.41
| epoch   2 step     9900 |   4642 batches | lr 0.0005 | ms/batch 2732.07 | loss  2.12 | avg loss  2.42 | ppl 11.23
| epoch   2 step    10000 |   4742 batches | lr 0.0005 | ms/batch 2904.84 | loss  2.51 | avg loss  2.46 | ppl 11.66
saving checkpoint ./trained_models/GPT2_M/e2e/model.10000.pt
eval samples: 0 loss: tensor(1.1120, device='cuda:0')
eval samples: 100 loss: tensor(0.8369, device='cuda:0')
eval samples: 200 loss: tensor(1.1499, device='cuda:0')
eval samples: 300 loss: tensor(1.0154, device='cuda:0')
eval samples: 400 loss: tensor(0.8445, device='cuda:0')
eval samples: 500 loss: tensor(0.5702, device='cuda:0')
eval samples: 600 loss: tensor(1.1765, device='cuda:0')
eval samples: 700 loss: tensor(0.6572, device='cuda:0')
eval samples: 800 loss: tensor(1.1837, device='cuda:0')
eval samples: 900 loss: tensor(1.6270, device='cuda:0')
eval samples: 1000 loss: tensor(0.9238, device='cuda:0')
eval samples: 1100 loss: tensor(1.4397, device='cuda:0')
average loss 1.1433769326963246
----------------------------------------------------------------------------------------------------
| Eval   5 at step    10000 | time: 363.95s | valid loss  1.14 | valid ppl  3.14 | best ppl  3.14 
----------------------------------------------------------------------------------------------------
| epoch   2 step    10100 |   4842 batches | lr 0.0005 | ms/batch 6316.65 | loss  2.24 | avg loss  2.44 | ppl 11.51
| epoch   2 step    10200 |   4942 batches | lr 0.0005 | ms/batch 2714.52 | loss  2.39 | avg loss  2.44 | ppl 11.51
| epoch   2 step    10300 |   5042 batches | lr 0.0005 | ms/batch 2597.06 | loss  2.69 | avg loss  2.43 | ppl 11.39
| epoch   2 step    10400 |   5142 batches | lr 0.0005 | ms/batch 2812.65 | loss  2.62 | avg loss  2.43 | ppl 11.34
| epoch   2 step    10500 |   5242 batches | lr 0.0005 | ms/batch 2863.55 | loss  2.38 | avg loss  2.41 | ppl 11.17
saving checkpoint ./trained_models/GPT2_M/e2e/model.10516.pt
start to train the model................ 3
| epoch   3 step    10600 |     84 batches | lr 0.0005 | ms/batch 1893.95 | loss  2.09 | avg loss  2.41 | ppl 11.13
| epoch   3 step    10700 |    184 batches | lr 0.0005 | ms/batch 2821.63 | loss  2.47 | avg loss  2.42 | ppl 11.28
| epoch   3 step    10800 |    284 batches | lr 0.0005 | ms/batch 2896.28 | loss  2.59 | avg loss  2.41 | ppl 11.18
| epoch   3 step    10900 |    384 batches | lr 0.0005 | ms/batch 2898.23 | loss  2.73 | avg loss  2.41 | ppl 11.14
| epoch   3 step    11000 |    484 batches | lr 0.0005 | ms/batch 2953.30 | loss  2.55 | avg loss  2.42 | ppl 11.20
saving checkpoint ./trained_models/GPT2_M/e2e/model.11000.pt
| epoch   3 step    11100 |    584 batches | lr 0.0005 | ms/batch 2949.52 | loss  2.49 | avg loss  2.47 | ppl 11.78
| epoch   3 step    11200 |    684 batches | lr 0.0005 | ms/batch 2866.17 | loss  2.41 | avg loss  2.42 | ppl 11.21
| epoch   3 step    11300 |    784 batches | lr 0.0005 | ms/batch 2673.18 | loss  2.41 | avg loss  2.43 | ppl 11.41
| epoch   3 step    11400 |    884 batches | lr 0.0005 | ms/batch 2538.02 | loss  2.34 | avg loss  2.42 | ppl 11.29
| epoch   3 step    11500 |    984 batches | lr 0.0005 | ms/batch 2990.91 | loss  2.19 | avg loss  2.43 | ppl 11.32
| epoch   3 step    11600 |   1084 batches | lr 0.0005 | ms/batch 3016.04 | loss  2.12 | avg loss  2.39 | ppl 10.93
| epoch   3 step    11700 |   1184 batches | lr 0.0005 | ms/batch 2440.61 | loss  2.27 | avg loss  2.41 | ppl 11.16
| epoch   3 step    11800 |   1284 batches | lr 0.0005 | ms/batch 2922.89 | loss  2.43 | avg loss  2.39 | ppl 10.93
| epoch   3 step    11900 |   1384 batches | lr 0.0005 | ms/batch 2778.83 | loss  2.34 | avg loss  2.40 | ppl 11.02
| epoch   3 step    12000 |   1484 batches | lr 0.0005 | ms/batch 2703.35 | loss  2.48 | avg loss  2.41 | ppl 11.19
saving checkpoint ./trained_models/GPT2_M/e2e/model.12000.pt
eval samples: 0 loss: tensor(1.1611, device='cuda:0')
eval samples: 100 loss: tensor(0.8538, device='cuda:0')
eval samples: 200 loss: tensor(1.1576, device='cuda:0')
eval samples: 300 loss: tensor(1.0839, device='cuda:0')
eval samples: 400 loss: tensor(0.8612, device='cuda:0')
eval samples: 500 loss: tensor(0.5597, device='cuda:0')
eval samples: 600 loss: tensor(1.2429, device='cuda:0')
eval samples: 700 loss: tensor(0.6817, device='cuda:0')
eval samples: 800 loss: tensor(1.1660, device='cuda:0')
eval samples: 900 loss: tensor(1.6802, device='cuda:0')
eval samples: 1000 loss: tensor(0.9311, device='cuda:0')
eval samples: 1100 loss: tensor(1.4407, device='cuda:0')
average loss 1.1615674799844011
----------------------------------------------------------------------------------------------------
| Eval   6 at step    12000 | time: 353.37s | valid loss  1.16 | valid ppl  3.19 | best ppl  3.19 
----------------------------------------------------------------------------------------------------
| epoch   3 step    12100 |   1584 batches | lr 0.0005 | ms/batch 6657.45 | loss  2.37 | avg loss  2.43 | ppl 11.36
| epoch   3 step    12200 |   1684 batches | lr 0.0005 | ms/batch 2936.82 | loss  2.32 | avg loss  2.44 | ppl 11.46
| epoch   3 step    12300 |   1784 batches | lr 0.0005 | ms/batch 2869.36 | loss  2.37 | avg loss  2.43 | ppl 11.32
| epoch   3 step    12400 |   1884 batches | lr 0.0005 | ms/batch 2795.71 | loss  2.48 | avg loss  2.40 | ppl 10.97
| epoch   3 step    12500 |   1984 batches | lr 0.0005 | ms/batch 2852.10 | loss  2.61 | avg loss  2.42 | ppl 11.22
| epoch   3 step    12600 |   2084 batches | lr 0.0005 | ms/batch 2718.61 | loss  2.70 | avg loss  2.37 | ppl 10.67
| epoch   3 step    12700 |   2184 batches | lr 0.0005 | ms/batch 2823.77 | loss  2.26 | avg loss  2.41 | ppl 11.18
| epoch   3 step    12800 |   2284 batches | lr 0.0005 | ms/batch 2999.16 | loss  2.51 | avg loss  2.42 | ppl 11.20
| epoch   3 step    12900 |   2384 batches | lr 0.0005 | ms/batch 2670.27 | loss  2.32 | avg loss  2.42 | ppl 11.23
| epoch   3 step    13000 |   2484 batches | lr 0.0005 | ms/batch 2671.23 | loss  2.85 | avg loss  2.44 | ppl 11.45
saving checkpoint ./trained_models/GPT2_M/e2e/model.13000.pt
| epoch   3 step    13100 |   2584 batches | lr 0.0005 | ms/batch 2781.35 | loss  2.28 | avg loss  2.39 | ppl 10.95
| epoch   3 step    13200 |   2684 batches | lr 0.0005 | ms/batch 2755.98 | loss  2.34 | avg loss  2.45 | ppl 11.54
| epoch   3 step    13300 |   2784 batches | lr 0.0005 | ms/batch 2746.12 | loss  2.33 | avg loss  2.40 | ppl 10.99
| epoch   3 step    13400 |   2884 batches | lr 0.0005 | ms/batch 2889.85 | loss  2.52 | avg loss  2.41 | ppl 11.09
| epoch   3 step    13500 |   2984 batches | lr 0.0005 | ms/batch 2960.52 | loss  2.78 | avg loss  2.44 | ppl 11.44
| epoch   3 step    13600 |   3084 batches | lr 0.0005 | ms/batch 2440.01 | loss  2.21 | avg loss  2.42 | ppl 11.30
| epoch   3 step    13700 |   3184 batches | lr 0.0005 | ms/batch 2860.68 | loss  2.61 | avg loss  2.46 | ppl 11.66
| epoch   3 step    13800 |   3284 batches | lr 0.0005 | ms/batch 2762.41 | loss  2.21 | avg loss  2.39 | ppl 10.93
| epoch   3 step    13900 |   3384 batches | lr 0.0005 | ms/batch 2982.59 | loss  2.74 | avg loss  2.44 | ppl 11.42
| epoch   3 step    14000 |   3484 batches | lr 0.0005 | ms/batch 2933.22 | loss  2.59 | avg loss  2.44 | ppl 11.51
saving checkpoint ./trained_models/GPT2_M/e2e/model.14000.pt
eval samples: 0 loss: tensor(1.0336, device='cuda:0')
eval samples: 100 loss: tensor(0.8273, device='cuda:0')
eval samples: 200 loss: tensor(1.1550, device='cuda:0')
eval samples: 300 loss: tensor(1.0261, device='cuda:0')
eval samples: 400 loss: tensor(0.8253, device='cuda:0')
eval samples: 500 loss: tensor(0.5523, device='cuda:0')
eval samples: 600 loss: tensor(1.1720, device='cuda:0')
eval samples: 700 loss: tensor(0.6715, device='cuda:0')
eval samples: 800 loss: tensor(1.1243, device='cuda:0')
eval samples: 900 loss: tensor(1.6708, device='cuda:0')
eval samples: 1000 loss: tensor(0.9043, device='cuda:0')
eval samples: 1100 loss: tensor(1.4329, device='cuda:0')
average loss 1.137766549567858
----------------------------------------------------------------------------------------------------
| Eval   7 at step    14000 | time: 352.88s | valid loss  1.14 | valid ppl  3.12 | best ppl  3.12 
----------------------------------------------------------------------------------------------------
| epoch   3 step    14100 |   3584 batches | lr 0.0005 | ms/batch 6405.22 | loss  2.48 | avg loss  2.38 | ppl 10.75
| epoch   3 step    14200 |   3684 batches | lr 0.0005 | ms/batch 2964.59 | loss  2.38 | avg loss  2.40 | ppl 10.99
| epoch   3 step    14300 |   3784 batches | lr 0.0005 | ms/batch 2927.17 | loss  2.67 | avg loss  2.40 | ppl 11.00
| epoch   3 step    14400 |   3884 batches | lr 0.0005 | ms/batch 2713.90 | loss  2.18 | avg loss  2.41 | ppl 11.13
| epoch   3 step    14500 |   3984 batches | lr 0.0005 | ms/batch 2543.23 | loss  2.28 | avg loss  2.42 | ppl 11.22
| epoch   3 step    14600 |   4084 batches | lr 0.0005 | ms/batch 2743.88 | loss  2.44 | avg loss  2.43 | ppl 11.33
| epoch   3 step    14700 |   4184 batches | lr 0.0005 | ms/batch 2947.46 | loss  2.39 | avg loss  2.40 | ppl 11.01
| epoch   3 step    14800 |   4284 batches | lr 0.0005 | ms/batch 2868.07 | loss  2.41 | avg loss  2.43 | ppl 11.40
| epoch   3 step    14900 |   4384 batches | lr 0.0005 | ms/batch 2994.89 | loss  2.39 | avg loss  2.41 | ppl 11.15
| epoch   3 step    15000 |   4484 batches | lr 0.0005 | ms/batch 2647.05 | loss  2.69 | avg loss  2.44 | ppl 11.44
saving checkpoint ./trained_models/GPT2_M/e2e/model.15000.pt
| epoch   3 step    15100 |   4584 batches | lr 0.0005 | ms/batch 2995.04 | loss  2.27 | avg loss  2.41 | ppl 11.13
| epoch   3 step    15200 |   4684 batches | lr 0.0005 | ms/batch 2864.03 | loss  2.39 | avg loss  2.40 | ppl 11.03
| epoch   3 step    15300 |   4784 batches | lr 0.0005 | ms/batch 2764.92 | loss  2.38 | avg loss  2.44 | ppl 11.49
| epoch   3 step    15400 |   4884 batches | lr 0.0005 | ms/batch 2884.36 | loss  2.30 | avg loss  2.42 | ppl 11.22
| epoch   3 step    15500 |   4984 batches | lr 0.0005 | ms/batch 2595.21 | loss  2.34 | avg loss  2.42 | ppl 11.19
| epoch   3 step    15600 |   5084 batches | lr 0.0005 | ms/batch 2509.35 | loss  2.48 | avg loss  2.41 | ppl 11.10
| epoch   3 step    15700 |   5184 batches | lr 0.0005 | ms/batch 2790.51 | loss  2.38 | avg loss  2.39 | ppl 10.88
saving checkpoint ./trained_models/GPT2_M/e2e/model.15774.pt
start to train the model................ 4
| epoch   4 step    15800 |     26 batches | lr 0.0005 | ms/batch 439.36 | loss  2.26 | avg loss  2.38 | ppl 10.76
| epoch   4 step    15900 |    126 batches | lr 0.0005 | ms/batch 2718.18 | loss  2.31 | avg loss  2.39 | ppl 10.90
| epoch   4 step    16000 |    226 batches | lr 0.0005 | ms/batch 2658.55 | loss  2.42 | avg loss  2.41 | ppl 11.09
saving checkpoint ./trained_models/GPT2_M/e2e/model.16000.pt
eval samples: 0 loss: tensor(1.0978, device='cuda:0')
eval samples: 100 loss: tensor(0.8439, device='cuda:0')
eval samples: 200 loss: tensor(1.0923, device='cuda:0')
eval samples: 300 loss: tensor(1.0668, device='cuda:0')
eval samples: 400 loss: tensor(0.8460, device='cuda:0')
eval samples: 500 loss: tensor(0.5299, device='cuda:0')
eval samples: 600 loss: tensor(1.1731, device='cuda:0')
eval samples: 700 loss: tensor(0.6255, device='cuda:0')
eval samples: 800 loss: tensor(1.2053, device='cuda:0')
eval samples: 900 loss: tensor(1.6776, device='cuda:0')
eval samples: 1000 loss: tensor(0.8926, device='cuda:0')
eval samples: 1100 loss: tensor(1.4357, device='cuda:0')
average loss 1.1384509284916806
----------------------------------------------------------------------------------------------------
| Eval   8 at step    16000 | time: 363.37s | valid loss  1.14 | valid ppl  3.12 | best ppl  3.12 
----------------------------------------------------------------------------------------------------
| epoch   4 step    16100 |    326 batches | lr 0.0005 | ms/batch 6366.92 | loss  2.60 | avg loss  2.38 | ppl 10.82
| epoch   4 step    16200 |    426 batches | lr 0.0005 | ms/batch 2949.48 | loss  2.36 | avg loss  2.39 | ppl 10.94
| epoch   4 step    16300 |    526 batches | lr 0.0005 | ms/batch 2827.30 | loss  2.68 | avg loss  2.38 | ppl 10.77
| epoch   4 step    16400 |    626 batches | lr 0.0005 | ms/batch 2854.90 | loss  2.81 | avg loss  2.39 | ppl 10.92
| epoch   4 step    16500 |    726 batches | lr 0.0005 | ms/batch 2644.12 | loss  2.53 | avg loss  2.41 | ppl 11.19
| epoch   4 step    16600 |    826 batches | lr 0.0005 | ms/batch 2893.91 | loss  2.54 | avg loss  2.39 | ppl 10.89
| epoch   4 step    16700 |    926 batches | lr 0.0005 | ms/batch 2927.20 | loss  2.51 | avg loss  2.40 | ppl 11.03
| epoch   4 step    16800 |   1026 batches | lr 0.0005 | ms/batch 2674.93 | loss  2.43 | avg loss  2.40 | ppl 10.98
| epoch   4 step    16900 |   1126 batches | lr 0.0005 | ms/batch 2668.59 | loss  2.13 | avg loss  2.37 | ppl 10.73
| epoch   4 step    17000 |   1226 batches | lr 0.0005 | ms/batch 2841.08 | loss  2.28 | avg loss  2.37 | ppl 10.75
saving checkpoint ./trained_models/GPT2_M/e2e/model.17000.pt
| epoch   4 step    17100 |   1326 batches | lr 0.0005 | ms/batch 2900.39 | loss  2.58 | avg loss  2.42 | ppl 11.27
| epoch   4 step    17200 |   1426 batches | lr 0.0005 | ms/batch 2896.20 | loss  2.34 | avg loss  2.37 | ppl 10.72
| epoch   4 step    17300 |   1526 batches | lr 0.0005 | ms/batch 2765.55 | loss  2.27 | avg loss  2.40 | ppl 11.06
| epoch   4 step    17400 |   1626 batches | lr 0.0005 | ms/batch 2733.78 | loss  2.23 | avg loss  2.41 | ppl 11.11
| epoch   4 step    17500 |   1726 batches | lr 0.0005 | ms/batch 2893.84 | loss  2.62 | avg loss  2.41 | ppl 11.13
| epoch   4 step    17600 |   1826 batches | lr 0.0005 | ms/batch 2969.97 | loss  2.70 | avg loss  2.41 | ppl 11.18
| epoch   4 step    17700 |   1926 batches | lr 0.0005 | ms/batch 2795.20 | loss  2.35 | avg loss  2.39 | ppl 10.87
| epoch   4 step    17800 |   2026 batches | lr 0.0005 | ms/batch 2765.49 | loss  2.59 | avg loss  2.42 | ppl 11.30
| epoch   4 step    17900 |   2126 batches | lr 0.0005 | ms/batch 2712.20 | loss  2.38 | avg loss  2.39 | ppl 10.91
| epoch   4 step    18000 |   2226 batches | lr 0.0005 | ms/batch 2741.37 | loss  2.91 | avg loss  2.39 | ppl 10.95
saving checkpoint ./trained_models/GPT2_M/e2e/model.18000.pt
eval samples: 0 loss: tensor(1.0640, device='cuda:0')
eval samples: 100 loss: tensor(0.8293, device='cuda:0')
eval samples: 200 loss: tensor(1.1607, device='cuda:0')
eval samples: 300 loss: tensor(1.0491, device='cuda:0')
eval samples: 400 loss: tensor(0.8540, device='cuda:0')
eval samples: 500 loss: tensor(0.5873, device='cuda:0')
eval samples: 600 loss: tensor(1.1489, device='cuda:0')
eval samples: 700 loss: tensor(0.6734, device='cuda:0')
eval samples: 800 loss: tensor(1.1552, device='cuda:0')
eval samples: 900 loss: tensor(1.6548, device='cuda:0')
eval samples: 1000 loss: tensor(0.9137, device='cuda:0')
eval samples: 1100 loss: tensor(1.4619, device='cuda:0')
average loss 1.138050309063433
----------------------------------------------------------------------------------------------------
| Eval   9 at step    18000 | time: 363.53s | valid loss  1.14 | valid ppl  3.12 | best ppl  3.12 
----------------------------------------------------------------------------------------------------
| epoch   4 step    18100 |   2326 batches | lr 0.0005 | ms/batch 6382.43 | loss  2.51 | avg loss  2.38 | ppl 10.84
| epoch   4 step    18200 |   2426 batches | lr 0.0005 | ms/batch 2941.79 | loss  2.33 | avg loss  2.40 | ppl 11.01
| epoch   4 step    18300 |   2526 batches | lr 0.0005 | ms/batch 2607.64 | loss  2.31 | avg loss  2.40 | ppl 11.05
| epoch   4 step    18400 |   2626 batches | lr 0.0005 | ms/batch 2977.44 | loss  2.51 | avg loss  2.39 | ppl 10.86
| epoch   4 step    18500 |   2726 batches | lr 0.0005 | ms/batch 2779.00 | loss  2.43 | avg loss  2.37 | ppl 10.72
| epoch   4 step    18600 |   2826 batches | lr 0.0005 | ms/batch 2562.01 | loss  2.22 | avg loss  2.42 | ppl 11.19
| epoch   4 step    18700 |   2926 batches | lr 0.0005 | ms/batch 3000.88 | loss  2.19 | avg loss  2.38 | ppl 10.79
| epoch   4 step    18800 |   3026 batches | lr 0.0005 | ms/batch 2808.83 | loss  2.19 | avg loss  2.41 | ppl 11.09
| epoch   4 step    18900 |   3126 batches | lr 0.0005 | ms/batch 2745.78 | loss  2.35 | avg loss  2.40 | ppl 10.97
| epoch   4 step    19000 |   3226 batches | lr 0.0005 | ms/batch 2747.98 | loss  2.68 | avg loss  2.41 | ppl 11.08
saving checkpoint ./trained_models/GPT2_M/e2e/model.19000.pt
| epoch   4 step    19100 |   3326 batches | lr 0.0005 | ms/batch 3096.96 | loss  2.54 | avg loss  2.39 | ppl 10.87
| epoch   4 step    19200 |   3426 batches | lr 0.0005 | ms/batch 2653.84 | loss  2.50 | avg loss  2.37 | ppl 10.74
| epoch   4 step    19300 |   3526 batches | lr 0.0005 | ms/batch 2658.41 | loss  2.46 | avg loss  2.41 | ppl 11.14
| epoch   4 step    19400 |   3626 batches | lr 0.0005 | ms/batch 2875.24 | loss  2.43 | avg loss  2.39 | ppl 10.89
| epoch   4 step    19500 |   3726 batches | lr 0.0005 | ms/batch 2734.34 | loss  2.17 | avg loss  2.39 | ppl 10.94
| epoch   4 step    19600 |   3826 batches | lr 0.0005 | ms/batch 2781.02 | loss  2.54 | avg loss  2.40 | ppl 11.05
| epoch   4 step    19700 |   3926 batches | lr 0.0005 | ms/batch 3065.96 | loss  2.49 | avg loss  2.39 | ppl 10.96
| epoch   4 step    19800 |   4026 batches | lr 0.0005 | ms/batch 2754.81 | loss  2.42 | avg loss  2.40 | ppl 11.00
| epoch   4 step    19900 |   4126 batches | lr 0.0005 | ms/batch 2900.43 | loss  2.23 | avg loss  2.43 | ppl 11.31
| epoch   4 step    20000 |   4226 batches | lr 0.0005 | ms/batch 2831.19 | loss  2.32 | avg loss  2.40 | ppl 11.02
saving checkpoint ./trained_models/GPT2_M/e2e/model.20000.pt
eval samples: 0 loss: tensor(1.1655, device='cuda:0')
eval samples: 100 loss: tensor(0.8724, device='cuda:0')
eval samples: 200 loss: tensor(1.1258, device='cuda:0')
eval samples: 300 loss: tensor(1.0664, device='cuda:0')
eval samples: 400 loss: tensor(0.8265, device='cuda:0')
eval samples: 500 loss: tensor(0.6150, device='cuda:0')
eval samples: 600 loss: tensor(1.1345, device='cuda:0')
eval samples: 700 loss: tensor(0.7216, device='cuda:0')
eval samples: 800 loss: tensor(1.1567, device='cuda:0')
eval samples: 900 loss: tensor(1.5882, device='cuda:0')
eval samples: 1000 loss: tensor(0.9574, device='cuda:0')
eval samples: 1100 loss: tensor(1.4156, device='cuda:0')
average loss 1.1477077889626157
----------------------------------------------------------------------------------------------------
| Eval  10 at step    20000 | time: 363.37s | valid loss  1.15 | valid ppl  3.15 | best ppl  3.12 
----------------------------------------------------------------------------------------------------
| epoch   4 step    20100 |   4326 batches | lr 0.0005 | ms/batch 6300.06 | loss  2.29 | avg loss  2.39 | ppl 10.89
| epoch   4 step    20200 |   4426 batches | lr 0.0005 | ms/batch 2756.44 | loss  2.39 | avg loss  2.40 | ppl 11.06
| epoch   4 step    20300 |   4526 batches | lr 0.0005 | ms/batch 2760.68 | loss  2.45 | avg loss  2.42 | ppl 11.26
| epoch   4 step    20400 |   4626 batches | lr 0.0005 | ms/batch 2904.86 | loss  2.37 | avg loss  2.40 | ppl 10.97
| epoch   4 step    20500 |   4726 batches | lr 0.0005 | ms/batch 2853.34 | loss  2.57 | avg loss  2.38 | ppl 10.77
| epoch   4 step    20600 |   4826 batches | lr 0.0005 | ms/batch 2802.03 | loss  2.53 | avg loss  2.42 | ppl 11.21
| epoch   4 step    20700 |   4926 batches | lr 0.0005 | ms/batch 2588.07 | loss  2.47 | avg loss  2.39 | ppl 10.89
| epoch   4 step    20800 |   5026 batches | lr 0.0005 | ms/batch 2990.21 | loss  2.20 | avg loss  2.41 | ppl 11.15
| epoch   4 step    20900 |   5126 batches | lr 0.0005 | ms/batch 3015.33 | loss  2.32 | avg loss  2.38 | ppl 10.85
| epoch   4 step    21000 |   5226 batches | lr 0.0005 | ms/batch 2886.57 | loss  2.23 | avg loss  2.39 | ppl 10.87
saving checkpoint ./trained_models/GPT2_M/e2e/model.21000.pt
saving checkpoint ./trained_models/GPT2_M/e2e/model.21032.pt
start to train the model................ 5
| epoch   5 step    21100 |     68 batches | lr 0.0005 | ms/batch 1622.69 | loss  2.54 | avg loss  2.40 | ppl 10.98
| epoch   5 step    21200 |    168 batches | lr 0.0005 | ms/batch 2649.33 | loss  2.50 | avg loss  2.34 | ppl 10.41
| epoch   5 step    21300 |    268 batches | lr 0.0005 | ms/batch 2748.64 | loss  2.20 | avg loss  2.39 | ppl 10.92
| epoch   5 step    21400 |    368 batches | lr 0.0005 | ms/batch 2787.94 | loss  2.44 | avg loss  2.38 | ppl 10.85
| epoch   5 step    21500 |    468 batches | lr 0.0005 | ms/batch 2996.04 | loss  2.52 | avg loss  2.39 | ppl 10.95
| epoch   5 step    21600 |    568 batches | lr 0.0005 | ms/batch 2745.60 | loss  2.64 | avg loss  2.35 | ppl 10.50
| epoch   5 step    21700 |    668 batches | lr 0.0005 | ms/batch 2706.47 | loss  2.70 | avg loss  2.39 | ppl 10.87
| epoch   5 step    21800 |    768 batches | lr 0.0005 | ms/batch 2978.45 | loss  2.33 | avg loss  2.40 | ppl 11.02
| epoch   5 step    21900 |    868 batches | lr 0.0005 | ms/batch 2773.49 | loss  2.57 | avg loss  2.38 | ppl 10.83
| epoch   5 step    22000 |    968 batches | lr 0.0005 | ms/batch 2864.75 | loss  2.29 | avg loss  2.34 | ppl 10.36
saving checkpoint ./trained_models/GPT2_M/e2e/model.22000.pt
eval samples: 0 loss: tensor(1.0958, device='cuda:0')
eval samples: 100 loss: tensor(0.8714, device='cuda:0')
eval samples: 200 loss: tensor(1.1873, device='cuda:0')
eval samples: 300 loss: tensor(1.0729, device='cuda:0')
eval samples: 400 loss: tensor(0.8160, device='cuda:0')
eval samples: 500 loss: tensor(0.5669, device='cuda:0')
eval samples: 600 loss: tensor(1.1281, device='cuda:0')
eval samples: 700 loss: tensor(0.6800, device='cuda:0')
eval samples: 800 loss: tensor(1.1648, device='cuda:0')
eval samples: 900 loss: tensor(1.6569, device='cuda:0')
eval samples: 1000 loss: tensor(0.9219, device='cuda:0')
eval samples: 1100 loss: tensor(1.4847, device='cuda:0')
average loss 1.138164131098414
----------------------------------------------------------------------------------------------------
| Eval  11 at step    22000 | time: 363.03s | valid loss  1.14 | valid ppl  3.12 | best ppl  3.12 
----------------------------------------------------------------------------------------------------
| epoch   5 step    22100 |   1068 batches | lr 0.0005 | ms/batch 6411.45 | loss  2.51 | avg loss  2.36 | ppl 10.62
| epoch   5 step    22200 |   1168 batches | lr 0.0005 | ms/batch 2970.40 | loss  2.76 | avg loss  2.39 | ppl 10.90
| epoch   5 step    22300 |   1268 batches | lr 0.0005 | ms/batch 2723.23 | loss  2.27 | avg loss  2.39 | ppl 10.96
| epoch   5 step    22400 |   1368 batches | lr 0.0005 | ms/batch 2930.91 | loss  2.18 | avg loss  2.35 | ppl 10.45
| epoch   5 step    22500 |   1468 batches | lr 0.0005 | ms/batch 2796.43 | loss  2.46 | avg loss  2.38 | ppl 10.86
| epoch   5 step    22600 |   1568 batches | lr 0.0005 | ms/batch 2864.72 | loss  2.60 | avg loss  2.38 | ppl 10.85
| epoch   5 step    22700 |   1668 batches | lr 0.0005 | ms/batch 2664.82 | loss  2.24 | avg loss  2.38 | ppl 10.76
| epoch   5 step    22800 |   1768 batches | lr 0.0005 | ms/batch 2778.13 | loss  2.24 | avg loss  2.39 | ppl 10.89
| epoch   5 step    22900 |   1868 batches | lr 0.0005 | ms/batch 2932.65 | loss  2.67 | avg loss  2.42 | ppl 11.23
| epoch   5 step    23000 |   1968 batches | lr 0.0005 | ms/batch 2611.41 | loss  2.33 | avg loss  2.37 | ppl 10.74
saving checkpoint ./trained_models/GPT2_M/e2e/model.23000.pt
| epoch   5 step    23100 |   2068 batches | lr 0.0005 | ms/batch 3005.41 | loss  2.45 | avg loss  2.41 | ppl 11.10
| epoch   5 step    23200 |   2168 batches | lr 0.0005 | ms/batch 2573.60 | loss  2.52 | avg loss  2.37 | ppl 10.74
| epoch   5 step    23300 |   2268 batches | lr 0.0005 | ms/batch 2713.33 | loss  2.26 | avg loss  2.36 | ppl 10.61
| epoch   5 step    23400 |   2368 batches | lr 0.0005 | ms/batch 3006.01 | loss  2.32 | avg loss  2.38 | ppl 10.85
| epoch   5 step    23500 |   2468 batches | lr 0.0005 | ms/batch 2641.06 | loss  2.23 | avg loss  2.36 | ppl 10.59
| epoch   5 step    23600 |   2568 batches | lr 0.0005 | ms/batch 2651.03 | loss  2.11 | avg loss  2.37 | ppl 10.71
| epoch   5 step    23700 |   2668 batches | lr 0.0005 | ms/batch 2847.13 | loss  2.23 | avg loss  2.35 | ppl 10.52
| epoch   5 step    23800 |   2768 batches | lr 0.0005 | ms/batch 3054.59 | loss  2.43 | avg loss  2.39 | ppl 10.89
| epoch   5 step    23900 |   2868 batches | lr 0.0005 | ms/batch 2796.80 | loss  2.43 | avg loss  2.37 | ppl 10.65
| epoch   5 step    24000 |   2968 batches | lr 0.0005 | ms/batch 2911.95 | loss  2.28 | avg loss  2.39 | ppl 10.92
saving checkpoint ./trained_models/GPT2_M/e2e/model.24000.pt
eval samples: 0 loss: tensor(1.0665, device='cuda:0')
eval samples: 100 loss: tensor(0.8126, device='cuda:0')
eval samples: 200 loss: tensor(1.1512, device='cuda:0')
eval samples: 300 loss: tensor(1.0198, device='cuda:0')
eval samples: 400 loss: tensor(0.8275, device='cuda:0')
eval samples: 500 loss: tensor(0.5936, device='cuda:0')
eval samples: 600 loss: tensor(1.1515, device='cuda:0')
eval samples: 700 loss: tensor(0.6649, device='cuda:0')
eval samples: 800 loss: tensor(1.1416, device='cuda:0')
eval samples: 900 loss: tensor(1.6285, device='cuda:0')
eval samples: 1000 loss: tensor(0.8882, device='cuda:0')
eval samples: 1100 loss: tensor(1.4190, device='cuda:0')
average loss 1.1328577929724977
----------------------------------------------------------------------------------------------------
| Eval  12 at step    24000 | time: 343.66s | valid loss  1.13 | valid ppl  3.10 | best ppl  3.10 
----------------------------------------------------------------------------------------------------
| epoch   5 step    24100 |   3068 batches | lr 0.0005 | ms/batch 6312.42 | loss  2.48 | avg loss  2.41 | ppl 11.12
| epoch   5 step    24200 |   3168 batches | lr 0.0005 | ms/batch 2828.18 | loss  2.52 | avg loss  2.34 | ppl 10.43
| epoch   5 step    24300 |   3268 batches | lr 0.0005 | ms/batch 2603.45 | loss  2.48 | avg loss  2.39 | ppl 10.95
| epoch   5 step    24400 |   3368 batches | lr 0.0005 | ms/batch 2780.78 | loss  2.48 | avg loss  2.38 | ppl 10.77
| epoch   5 step    24500 |   3468 batches | lr 0.0005 | ms/batch 2429.83 | loss  2.22 | avg loss  2.38 | ppl 10.78
| epoch   5 step    24600 |   3568 batches | lr 0.0005 | ms/batch 2923.96 | loss  2.42 | avg loss  2.38 | ppl 10.81
| epoch   5 step    24700 |   3668 batches | lr 0.0005 | ms/batch 2817.66 | loss  2.64 | avg loss  2.41 | ppl 11.15
| epoch   5 step    24800 |   3768 batches | lr 0.0005 | ms/batch 2756.95 | loss  2.67 | avg loss  2.37 | ppl 10.75
| epoch   5 step    24900 |   3868 batches | lr 0.0005 | ms/batch 2552.53 | loss  2.22 | avg loss  2.38 | ppl 10.81
| epoch   5 step    25000 |   3968 batches | lr 0.0005 | ms/batch 2747.95 | loss  2.30 | avg loss  2.39 | ppl 10.90
saving checkpoint ./trained_models/GPT2_M/e2e/model.25000.pt
| epoch   5 step    25100 |   4068 batches | lr 0.0005 | ms/batch 2485.04 | loss  2.51 | avg loss  2.37 | ppl 10.68
| epoch   5 step    25200 |   4168 batches | lr 0.0005 | ms/batch 2885.48 | loss  2.26 | avg loss  2.39 | ppl 10.96
| epoch   5 step    25300 |   4268 batches | lr 0.0005 | ms/batch 2959.44 | loss  2.31 | avg loss  2.36 | ppl 10.62
| epoch   5 step    25400 |   4368 batches | lr 0.0005 | ms/batch 2583.20 | loss  2.59 | avg loss  2.36 | ppl 10.56
| epoch   5 step    25500 |   4468 batches | lr 0.0005 | ms/batch 2688.89 | loss  2.41 | avg loss  2.38 | ppl 10.81
| epoch   5 step    25600 |   4568 batches | lr 0.0005 | ms/batch 2741.41 | loss  2.62 | avg loss  2.38 | ppl 10.85
| epoch   5 step    25700 |   4668 batches | lr 0.0005 | ms/batch 2939.00 | loss  2.63 | avg loss  2.43 | ppl 11.31
| epoch   5 step    25800 |   4768 batches | lr 0.0005 | ms/batch 2705.03 | loss  2.44 | avg loss  2.40 | ppl 11.00
| epoch   5 step    25900 |   4868 batches | lr 0.0005 | ms/batch 2972.97 | loss  2.26 | avg loss  2.38 | ppl 10.75
| epoch   5 step    26000 |   4968 batches | lr 0.0005 | ms/batch 2920.34 | loss  2.35 | avg loss  2.40 | ppl 11.01
saving checkpoint ./trained_models/GPT2_M/e2e/model.26000.pt
eval samples: 0 loss: tensor(1.1217, device='cuda:0')
eval samples: 100 loss: tensor(0.8309, device='cuda:0')
eval samples: 200 loss: tensor(1.1489, device='cuda:0')
eval samples: 300 loss: tensor(1.0431, device='cuda:0')
eval samples: 400 loss: tensor(0.8206, device='cuda:0')
eval samples: 500 loss: tensor(0.5477, device='cuda:0')
eval samples: 600 loss: tensor(1.1131, device='cuda:0')
eval samples: 700 loss: tensor(0.6691, device='cuda:0')
eval samples: 800 loss: tensor(1.1341, device='cuda:0')
eval samples: 900 loss: tensor(1.5956, device='cuda:0')
eval samples: 1000 loss: tensor(0.8927, device='cuda:0')
eval samples: 1100 loss: tensor(1.4261, device='cuda:0')
average loss 1.1198140582554552
----------------------------------------------------------------------------------------------------
| Eval  13 at step    26000 | time: 352.67s | valid loss  1.12 | valid ppl  3.06 | best ppl  3.06 
----------------------------------------------------------------------------------------------------
| epoch   5 step    26100 |   5068 batches | lr 0.0005 | ms/batch 6170.12 | loss  2.37 | avg loss  2.38 | ppl 10.77
| epoch   5 step    26200 |   5168 batches | lr 0.0005 | ms/batch 2810.35 | loss  2.45 | avg loss  2.37 | ppl 10.65
saving checkpoint ./trained_models/GPT2_M/e2e/model.26290.pt
----------------------------------------------------------------------------------------------------
End of training
cleanup dist ...
[rank0]:[W630 00:28:35.898585950 ProcessGroupNCCL.cpp:1479] Warning: WARNING: destroy_process_group() was not called before program exit, which can leak resources. For more info, please see https://pytorch.org/docs/stable/distributed.html#shutdown (function operator())
