nohup: ignoring input
myrank: 0 local_rank: 0 device_count: 1 world_size: 1
====================================================================================================
        - platform : local
        - local_rank : 0
        - rank : 0
        - device : cuda:0
        - world_size : 1
        - random_seed : 110
        - lr : 0.0001
        - weight_decay : 0.01
        - correct_bias : True
        - adam_epislon : 1e-06
        - no_decay_bias : False
        - adam_beta1 : 0.9
        - adam_beta2 : 0.999
        - scheduler : None
        - max_step : None
        - max_epoch : 5
        - warmup_step : 500
        - i_steps : 0
        - i_lrs : 0.00025
        - galore_rank : 1
        - update_proj_gap : 50
        - galore_scale : 1.0
        - proj_type : std
        - train_data : ./data/e2e/train.jsonl
        - valid_data : ./data/e2e/valid.jsonl
        - train_batch_size : 8
        - valid_batch_size : 4
        - grad_acc : 1
        - clip : 0.0
        - seq_len : 512
        - model_card : gpt2.md
        - init_checkpoint : ./pretrained_checkpoints/gpt2-medium-pytorch_model.bin
        - fp16 : False
        - log_interval : 100
        - eval_interval : 2000
        - save_interval : 1000
        - work_dir : ./trained_models/GPT2_M/e2e
        - lora_dim : 0
        - lora_alpha : 32
        - obj : clm
        - lora_dropout : 0.1
        - label_smooth : 0.1
        - roll_interval : -1
        - roll_lr : 1e-05
        - roll_step : 100
        - eval_epoch : 1
        - dist : <module 'torch.distributed' from '/home/ycyh/miniconda3/envs/LoRA/lib/python3.11/site-packages/torch/distributed/__init__.py'>
====================================================================================================
Experiment dir : ./trained_models/GPT2_M/e2e
loading model pretrained weight.
MoFaSGD 2D parameter count: 354.50M
Skipped 1D parameter count : 0.32M
set max_step: 26290
start to train the model................ 1
| epoch   1 step      100 |    100 batches | lr 0.0001 | ms/batch 2640.10 | loss  3.61 | avg loss  3.70 | ppl 40.38
| epoch   1 step      200 |    200 batches | lr 0.0001 | ms/batch 2471.17 | loss  2.97 | avg loss  3.03 | ppl 20.69
| epoch   1 step      300 |    300 batches | lr 0.0001 | ms/batch 2757.97 | loss  2.85 | avg loss  2.90 | ppl 18.16
| epoch   1 step      400 |    400 batches | lr 0.0001 | ms/batch 2766.15 | loss  3.03 | avg loss  2.87 | ppl 17.68
| epoch   1 step      500 |    500 batches | lr 0.0001 | ms/batch 2679.81 | loss  2.74 | avg loss  2.81 | ppl 16.54
| epoch   1 step      600 |    600 batches | lr 0.0001 | ms/batch 2706.00 | loss  2.70 | avg loss  2.76 | ppl 15.86
| epoch   1 step      700 |    700 batches | lr 0.0001 | ms/batch 2675.47 | loss  2.80 | avg loss  2.74 | ppl 15.49
| epoch   1 step      800 |    800 batches | lr 0.0001 | ms/batch 2619.83 | loss  2.45 | avg loss  2.72 | ppl 15.16
| epoch   1 step      900 |    900 batches | lr 0.0001 | ms/batch 2727.44 | loss  2.49 | avg loss  2.71 | ppl 14.97
| epoch   1 step     1000 |   1000 batches | lr 0.0001 | ms/batch 2489.99 | loss  3.12 | avg loss  2.73 | ppl 15.30
saving checkpoint ./trained_models/GPT2_M/e2e/model.1000.pt
/home/ycyh/miniconda3/envs/LoRA/lib/python3.11/site-packages/torch/distributed/distributed_c10d.py:4631: UserWarning: No device id is provided via `init_process_group` or `barrier `. Using the current device set by the user. 
  warnings.warn(  # warn only once
| epoch   1 step     1100 |   1100 batches | lr 0.0001 | ms/batch 2641.08 | loss  2.80 | avg loss  2.73 | ppl 15.30
| epoch   1 step     1200 |   1200 batches | lr 0.0001 | ms/batch 2516.64 | loss  2.53 | avg loss  2.73 | ppl 15.31
| epoch   1 step     1300 |   1300 batches | lr 0.0001 | ms/batch 2741.16 | loss  2.59 | avg loss  2.69 | ppl 14.77
| epoch   1 step     1400 |   1400 batches | lr 0.0001 | ms/batch 2651.14 | loss  2.67 | avg loss  2.69 | ppl 14.79
| epoch   1 step     1500 |   1500 batches | lr 0.0001 | ms/batch 2595.52 | loss  2.65 | avg loss  2.70 | ppl 14.95
| epoch   1 step     1600 |   1600 batches | lr 0.0001 | ms/batch 2641.54 | loss  2.68 | avg loss  2.66 | ppl 14.30
| epoch   1 step     1700 |   1700 batches | lr 0.0001 | ms/batch 2835.82 | loss  2.56 | avg loss  2.67 | ppl 14.47
| epoch   1 step     1800 |   1800 batches | lr 0.0001 | ms/batch 2791.79 | loss  2.53 | avg loss  2.67 | ppl 14.39
| epoch   1 step     1900 |   1900 batches | lr 0.0001 | ms/batch 2576.36 | loss  2.69 | avg loss  2.67 | ppl 14.42
| epoch   1 step     2000 |   2000 batches | lr 0.0001 | ms/batch 2786.36 | loss  2.49 | avg loss  2.65 | ppl 14.16
saving checkpoint ./trained_models/GPT2_M/e2e/model.2000.pt
/home/ycyh/miniconda3/envs/LoRA/lib/python3.11/site-packages/torch/nn/_reduction.py:51: UserWarning: size_average and reduce args will be deprecated, please use reduction='none' instead.
  warnings.warn(warning.format(ret))
eval samples: 0 loss: tensor(1.3551, device='cuda:0')
eval samples: 100 loss: tensor(0.9461, device='cuda:0')
eval samples: 200 loss: tensor(1.4058, device='cuda:0')
eval samples: 300 loss: tensor(1.2614, device='cuda:0')
eval samples: 400 loss: tensor(0.9086, device='cuda:0')
eval samples: 500 loss: tensor(0.7800, device='cuda:0')
eval samples: 600 loss: tensor(1.3441, device='cuda:0')
eval samples: 700 loss: tensor(0.8550, device='cuda:0')
eval samples: 800 loss: tensor(1.2255, device='cuda:0')
eval samples: 900 loss: tensor(1.7776, device='cuda:0')
eval samples: 1000 loss: tensor(1.2215, device='cuda:0')
eval samples: 1100 loss: tensor(1.5236, device='cuda:0')
average loss 1.329898546768786
----------------------------------------------------------------------------------------------------
| Eval   1 at step     2000 | time: 363.55s | valid loss  1.33 | valid ppl  3.78 | best ppl  3.78 
----------------------------------------------------------------------------------------------------
| epoch   1 step     2100 |   2100 batches | lr 0.0001 | ms/batch 6453.78 | loss  2.69 | avg loss  2.65 | ppl 14.18
| epoch   1 step     2200 |   2200 batches | lr 0.0001 | ms/batch 2535.66 | loss  2.89 | avg loss  2.64 | ppl 14.01
| epoch   1 step     2300 |   2300 batches | lr 0.0001 | ms/batch 2658.21 | loss  2.60 | avg loss  2.64 | ppl 13.98
| epoch   1 step     2400 |   2400 batches | lr 0.0001 | ms/batch 2468.65 | loss  2.39 | avg loss  2.64 | ppl 13.99
| epoch   1 step     2500 |   2500 batches | lr 0.0001 | ms/batch 2542.69 | loss  2.83 | avg loss  2.66 | ppl 14.26
| epoch   1 step     2600 |   2600 batches | lr 0.0001 | ms/batch 2710.71 | loss  2.82 | avg loss  2.64 | ppl 13.98
| epoch   1 step     2700 |   2700 batches | lr 0.0001 | ms/batch 2630.14 | loss  2.67 | avg loss  2.63 | ppl 13.88
| epoch   1 step     2800 |   2800 batches | lr 0.0001 | ms/batch 2779.10 | loss  2.34 | avg loss  2.66 | ppl 14.26
| epoch   1 step     2900 |   2900 batches | lr 0.0001 | ms/batch 2768.24 | loss  2.86 | avg loss  2.64 | ppl 14.06
| epoch   1 step     3000 |   3000 batches | lr 0.0001 | ms/batch 2638.95 | loss  2.66 | avg loss  2.61 | ppl 13.57
saving checkpoint ./trained_models/GPT2_M/e2e/model.3000.pt
| epoch   1 step     3100 |   3100 batches | lr 0.0001 | ms/batch 2749.09 | loss  2.83 | avg loss  2.61 | ppl 13.58
| epoch   1 step     3200 |   3200 batches | lr 0.0001 | ms/batch 2672.63 | loss  2.71 | avg loss  2.64 | ppl 14.07
| epoch   1 step     3300 |   3300 batches | lr 0.0001 | ms/batch 2631.79 | loss  3.01 | avg loss  2.60 | ppl 13.52
| epoch   1 step     3400 |   3400 batches | lr 0.0001 | ms/batch 2764.42 | loss  2.54 | avg loss  2.60 | ppl 13.49
| epoch   1 step     3500 |   3500 batches | lr 0.0001 | ms/batch 2429.61 | loss  2.41 | avg loss  2.63 | ppl 13.93
| epoch   1 step     3600 |   3600 batches | lr 0.0001 | ms/batch 2739.21 | loss  2.51 | avg loss  2.64 | ppl 13.99
| epoch   1 step     3700 |   3700 batches | lr 0.0001 | ms/batch 2756.65 | loss  2.56 | avg loss  2.60 | ppl 13.50
| epoch   1 step     3800 |   3800 batches | lr 0.0001 | ms/batch 2654.16 | loss  2.56 | avg loss  2.56 | ppl 12.95
| epoch   1 step     3900 |   3900 batches | lr 0.0001 | ms/batch 2458.49 | loss  2.31 | avg loss  2.63 | ppl 13.93
| epoch   1 step     4000 |   4000 batches | lr 0.0001 | ms/batch 2521.36 | loss  2.64 | avg loss  2.64 | ppl 13.96
saving checkpoint ./trained_models/GPT2_M/e2e/model.4000.pt
eval samples: 0 loss: tensor(1.2859, device='cuda:0')
eval samples: 100 loss: tensor(0.9265, device='cuda:0')
eval samples: 200 loss: tensor(1.3711, device='cuda:0')
eval samples: 300 loss: tensor(1.1841, device='cuda:0')
eval samples: 400 loss: tensor(0.9137, device='cuda:0')
eval samples: 500 loss: tensor(0.7199, device='cuda:0')
eval samples: 600 loss: tensor(1.3196, device='cuda:0')
eval samples: 700 loss: tensor(0.7933, device='cuda:0')
eval samples: 800 loss: tensor(1.1824, device='cuda:0')
eval samples: 900 loss: tensor(1.7515, device='cuda:0')
eval samples: 1000 loss: tensor(1.1517, device='cuda:0')
eval samples: 1100 loss: tensor(1.4890, device='cuda:0')
average loss 1.285121605412601
----------------------------------------------------------------------------------------------------
| Eval   2 at step     4000 | time: 362.57s | valid loss  1.29 | valid ppl  3.62 | best ppl  3.62 
----------------------------------------------------------------------------------------------------
| epoch   1 step     4100 |   4100 batches | lr 0.0001 | ms/batch 6516.27 | loss  2.71 | avg loss  2.59 | ppl 13.36
| epoch   1 step     4200 |   4200 batches | lr 0.0001 | ms/batch 2622.01 | loss  2.66 | avg loss  2.60 | ppl 13.51
| epoch   1 step     4300 |   4300 batches | lr 0.0001 | ms/batch 2768.89 | loss  2.40 | avg loss  2.55 | ppl 12.83
| epoch   1 step     4400 |   4400 batches | lr 0.0001 | ms/batch 2831.56 | loss  2.68 | avg loss  2.59 | ppl 13.27
| epoch   1 step     4500 |   4500 batches | lr 0.0001 | ms/batch 2851.44 | loss  2.78 | avg loss  2.61 | ppl 13.58
| epoch   1 step     4600 |   4600 batches | lr 0.0001 | ms/batch 2480.18 | loss  2.53 | avg loss  2.61 | ppl 13.58
| epoch   1 step     4700 |   4700 batches | lr 0.0001 | ms/batch 2692.35 | loss  2.39 | avg loss  2.60 | ppl 13.52
| epoch   1 step     4800 |   4800 batches | lr 0.0001 | ms/batch 2550.40 | loss  2.79 | avg loss  2.57 | ppl 13.04
| epoch   1 step     4900 |   4900 batches | lr 0.0001 | ms/batch 2830.58 | loss  2.60 | avg loss  2.59 | ppl 13.31
| epoch   1 step     5000 |   5000 batches | lr 0.0001 | ms/batch 2741.87 | loss  2.35 | avg loss  2.56 | ppl 12.99
saving checkpoint ./trained_models/GPT2_M/e2e/model.5000.pt
| epoch   1 step     5100 |   5100 batches | lr 0.0001 | ms/batch 2718.82 | loss  2.65 | avg loss  2.60 | ppl 13.43
| epoch   1 step     5200 |   5200 batches | lr 0.0001 | ms/batch 2815.74 | loss  2.76 | avg loss  2.58 | ppl 13.23
saving checkpoint ./trained_models/GPT2_M/e2e/model.5258.pt
start to train the model................ 2
| epoch   2 step     5300 |     42 batches | lr 0.0001 | ms/batch 714.41 | loss  2.47 | avg loss  2.53 | ppl 12.60
| epoch   2 step     5400 |    142 batches | lr 0.0001 | ms/batch 2733.21 | loss  2.52 | avg loss  2.59 | ppl 13.35
| epoch   2 step     5500 |    242 batches | lr 0.0001 | ms/batch 2570.56 | loss  2.59 | avg loss  2.57 | ppl 13.09
| epoch   2 step     5600 |    342 batches | lr 0.0001 | ms/batch 2677.15 | loss  2.21 | avg loss  2.59 | ppl 13.30
| epoch   2 step     5700 |    442 batches | lr 0.0001 | ms/batch 2635.80 | loss  2.55 | avg loss  2.58 | ppl 13.26
| epoch   2 step     5800 |    542 batches | lr 0.0001 | ms/batch 2909.70 | loss  2.60 | avg loss  2.56 | ppl 12.88
| epoch   2 step     5900 |    642 batches | lr 0.0001 | ms/batch 2389.66 | loss  2.65 | avg loss  2.59 | ppl 13.30
| epoch   2 step     6000 |    742 batches | lr 0.0001 | ms/batch 2653.69 | loss  2.29 | avg loss  2.55 | ppl 12.79
saving checkpoint ./trained_models/GPT2_M/e2e/model.6000.pt
eval samples: 0 loss: tensor(1.2657, device='cuda:0')
eval samples: 100 loss: tensor(0.9053, device='cuda:0')
eval samples: 200 loss: tensor(1.3102, device='cuda:0')
eval samples: 300 loss: tensor(1.1584, device='cuda:0')
eval samples: 400 loss: tensor(0.8907, device='cuda:0')
eval samples: 500 loss: tensor(0.6772, device='cuda:0')
eval samples: 600 loss: tensor(1.2920, device='cuda:0')
eval samples: 700 loss: tensor(0.7665, device='cuda:0')
eval samples: 800 loss: tensor(1.1818, device='cuda:0')
eval samples: 900 loss: tensor(1.7790, device='cuda:0')
eval samples: 1000 loss: tensor(1.1272, device='cuda:0')
eval samples: 1100 loss: tensor(1.4738, device='cuda:0')
average loss 1.2571670843211755
----------------------------------------------------------------------------------------------------
| Eval   3 at step     6000 | time: 358.72s | valid loss  1.26 | valid ppl  3.52 | best ppl  3.52 
----------------------------------------------------------------------------------------------------
| epoch   2 step     6100 |    842 batches | lr 0.0001 | ms/batch 6216.78 | loss  2.36 | avg loss  2.57 | ppl 13.05
| epoch   2 step     6200 |    942 batches | lr 0.0001 | ms/batch 2611.83 | loss  2.44 | avg loss  2.57 | ppl 13.04
| epoch   2 step     6300 |   1042 batches | lr 0.0001 | ms/batch 2780.43 | loss  2.80 | avg loss  2.57 | ppl 13.01
| epoch   2 step     6400 |   1142 batches | lr 0.0001 | ms/batch 2606.12 | loss  2.37 | avg loss  2.57 | ppl 13.02
| epoch   2 step     6500 |   1242 batches | lr 0.0001 | ms/batch 2645.23 | loss  2.39 | avg loss  2.59 | ppl 13.27
| epoch   2 step     6600 |   1342 batches | lr 0.0001 | ms/batch 2731.11 | loss  2.78 | avg loss  2.56 | ppl 12.92
| epoch   2 step     6700 |   1442 batches | lr 0.0001 | ms/batch 2347.19 | loss  2.49 | avg loss  2.57 | ppl 13.07
| epoch   2 step     6800 |   1542 batches | lr 0.0001 | ms/batch 2609.02 | loss  2.53 | avg loss  2.58 | ppl 13.16
| epoch   2 step     6900 |   1642 batches | lr 0.0001 | ms/batch 2660.79 | loss  2.50 | avg loss  2.52 | ppl 12.37
| epoch   2 step     7000 |   1742 batches | lr 0.0001 | ms/batch 2602.22 | loss  2.71 | avg loss  2.57 | ppl 13.05
saving checkpoint ./trained_models/GPT2_M/e2e/model.7000.pt
| epoch   2 step     7100 |   1842 batches | lr 0.0001 | ms/batch 2735.04 | loss  2.66 | avg loss  2.56 | ppl 12.93
| epoch   2 step     7200 |   1942 batches | lr 0.0001 | ms/batch 2481.38 | loss  2.62 | avg loss  2.56 | ppl 12.88
| epoch   2 step     7300 |   2042 batches | lr 0.0001 | ms/batch 2643.22 | loss  2.40 | avg loss  2.53 | ppl 12.57
| epoch   2 step     7400 |   2142 batches | lr 0.0001 | ms/batch 2773.70 | loss  2.84 | avg loss  2.53 | ppl 12.57
| epoch   2 step     7500 |   2242 batches | lr 0.0001 | ms/batch 2524.15 | loss  2.68 | avg loss  2.58 | ppl 13.19
| epoch   2 step     7600 |   2342 batches | lr 0.0001 | ms/batch 2813.63 | loss  2.34 | avg loss  2.54 | ppl 12.63
| epoch   2 step     7700 |   2442 batches | lr 0.0001 | ms/batch 2684.15 | loss  2.82 | avg loss  2.54 | ppl 12.66
| epoch   2 step     7800 |   2542 batches | lr 0.0001 | ms/batch 2559.66 | loss  2.59 | avg loss  2.53 | ppl 12.54
| epoch   2 step     7900 |   2642 batches | lr 0.0001 | ms/batch 2660.72 | loss  2.85 | avg loss  2.56 | ppl 12.96
| epoch   2 step     8000 |   2742 batches | lr 0.0001 | ms/batch 2554.91 | loss  2.62 | avg loss  2.58 | ppl 13.23
saving checkpoint ./trained_models/GPT2_M/e2e/model.8000.pt
eval samples: 0 loss: tensor(1.2409, device='cuda:0')
eval samples: 100 loss: tensor(0.9192, device='cuda:0')
eval samples: 200 loss: tensor(1.2998, device='cuda:0')
eval samples: 300 loss: tensor(1.1484, device='cuda:0')
eval samples: 400 loss: tensor(0.9101, device='cuda:0')
eval samples: 500 loss: tensor(0.7274, device='cuda:0')
eval samples: 600 loss: tensor(1.2771, device='cuda:0')
eval samples: 700 loss: tensor(0.7640, device='cuda:0')
eval samples: 800 loss: tensor(1.1693, device='cuda:0')
eval samples: 900 loss: tensor(1.7372, device='cuda:0')
eval samples: 1000 loss: tensor(1.1023, device='cuda:0')
eval samples: 1100 loss: tensor(1.4587, device='cuda:0')
average loss 1.2494465891935238
----------------------------------------------------------------------------------------------------
| Eval   4 at step     8000 | time: 362.55s | valid loss  1.25 | valid ppl  3.49 | best ppl  3.49 
----------------------------------------------------------------------------------------------------
| epoch   2 step     8100 |   2842 batches | lr 0.0001 | ms/batch 6531.39 | loss  2.46 | avg loss  2.54 | ppl 12.67
| epoch   2 step     8200 |   2942 batches | lr 0.0001 | ms/batch 2685.12 | loss  2.58 | avg loss  2.59 | ppl 13.37
| epoch   2 step     8300 |   3042 batches | lr 0.0001 | ms/batch 2671.32 | loss  2.44 | avg loss  2.56 | ppl 12.90
| epoch   2 step     8400 |   3142 batches | lr 0.0001 | ms/batch 2594.88 | loss  2.58 | avg loss  2.54 | ppl 12.72
| epoch   2 step     8500 |   3242 batches | lr 0.0001 | ms/batch 2664.07 | loss  2.49 | avg loss  2.55 | ppl 12.81
| epoch   2 step     8600 |   3342 batches | lr 0.0001 | ms/batch 2772.63 | loss  2.49 | avg loss  2.54 | ppl 12.64
| epoch   2 step     8700 |   3442 batches | lr 0.0001 | ms/batch 2634.84 | loss  2.84 | avg loss  2.54 | ppl 12.65
| epoch   2 step     8800 |   3542 batches | lr 0.0001 | ms/batch 2626.94 | loss  2.45 | avg loss  2.54 | ppl 12.66
| epoch   2 step     8900 |   3642 batches | lr 0.0001 | ms/batch 2585.26 | loss  2.60 | avg loss  2.56 | ppl 12.93
| epoch   2 step     9000 |   3742 batches | lr 0.0001 | ms/batch 2649.18 | loss  2.53 | avg loss  2.55 | ppl 12.75
saving checkpoint ./trained_models/GPT2_M/e2e/model.9000.pt
| epoch   2 step     9100 |   3842 batches | lr 0.0001 | ms/batch 2690.60 | loss  2.47 | avg loss  2.54 | ppl 12.71
| epoch   2 step     9200 |   3942 batches | lr 0.0001 | ms/batch 2672.52 | loss  2.68 | avg loss  2.55 | ppl 12.80
| epoch   2 step     9300 |   4042 batches | lr 0.0001 | ms/batch 2677.92 | loss  2.50 | avg loss  2.56 | ppl 12.90
| epoch   2 step     9400 |   4142 batches | lr 0.0001 | ms/batch 2714.80 | loss  2.57 | avg loss  2.54 | ppl 12.71
| epoch   2 step     9500 |   4242 batches | lr 0.0001 | ms/batch 2722.43 | loss  2.57 | avg loss  2.54 | ppl 12.73
| epoch   2 step     9600 |   4342 batches | lr 0.0001 | ms/batch 2481.57 | loss  2.85 | avg loss  2.55 | ppl 12.84
| epoch   2 step     9700 |   4442 batches | lr 0.0001 | ms/batch 2635.53 | loss  2.29 | avg loss  2.53 | ppl 12.58
| epoch   2 step     9800 |   4542 batches | lr 0.0001 | ms/batch 2651.95 | loss  2.51 | avg loss  2.53 | ppl 12.55
| epoch   2 step     9900 |   4642 batches | lr 0.0001 | ms/batch 2625.89 | loss  2.23 | avg loss  2.52 | ppl 12.45
| epoch   2 step    10000 |   4742 batches | lr 0.0001 | ms/batch 2646.38 | loss  2.65 | avg loss  2.56 | ppl 12.87
saving checkpoint ./trained_models/GPT2_M/e2e/model.10000.pt
eval samples: 0 loss: tensor(1.1939, device='cuda:0')
eval samples: 100 loss: tensor(0.9164, device='cuda:0')
eval samples: 200 loss: tensor(1.3086, device='cuda:0')
eval samples: 300 loss: tensor(1.0993, device='cuda:0')
eval samples: 400 loss: tensor(0.8646, device='cuda:0')
eval samples: 500 loss: tensor(0.6611, device='cuda:0')
eval samples: 600 loss: tensor(1.2607, device='cuda:0')
eval samples: 700 loss: tensor(0.7186, device='cuda:0')
eval samples: 800 loss: tensor(1.1559, device='cuda:0')
eval samples: 900 loss: tensor(1.7516, device='cuda:0')
eval samples: 1000 loss: tensor(1.0533, device='cuda:0')
eval samples: 1100 loss: tensor(1.4627, device='cuda:0')
average loss 1.2260504557865939
----------------------------------------------------------------------------------------------------
| Eval   5 at step    10000 | time: 362.72s | valid loss  1.23 | valid ppl  3.41 | best ppl  3.41 
----------------------------------------------------------------------------------------------------
| epoch   2 step    10100 |   4842 batches | lr 0.0001 | ms/batch 6328.44 | loss  2.38 | avg loss  2.54 | ppl 12.64
| epoch   2 step    10200 |   4942 batches | lr 0.0001 | ms/batch 2622.32 | loss  2.42 | avg loss  2.55 | ppl 12.76
| epoch   2 step    10300 |   5042 batches | lr 0.0001 | ms/batch 2429.71 | loss  2.78 | avg loss  2.53 | ppl 12.54
| epoch   2 step    10400 |   5142 batches | lr 0.0001 | ms/batch 2686.51 | loss  2.66 | avg loss  2.53 | ppl 12.52
| epoch   2 step    10500 |   5242 batches | lr 0.0001 | ms/batch 2716.69 | loss  2.48 | avg loss  2.51 | ppl 12.35
saving checkpoint ./trained_models/GPT2_M/e2e/model.10516.pt
start to train the model................ 3
| epoch   3 step    10600 |     84 batches | lr 0.0001 | ms/batch 2000.91 | loss  2.25 | avg loss  2.52 | ppl 12.46
| epoch   3 step    10700 |    184 batches | lr 0.0001 | ms/batch 2627.91 | loss  2.65 | avg loss  2.54 | ppl 12.64
| epoch   3 step    10800 |    284 batches | lr 0.0001 | ms/batch 2780.84 | loss  2.72 | avg loss  2.52 | ppl 12.45
| epoch   3 step    10900 |    384 batches | lr 0.0001 | ms/batch 2773.04 | loss  2.79 | avg loss  2.53 | ppl 12.50
| epoch   3 step    11000 |    484 batches | lr 0.0001 | ms/batch 2829.63 | loss  2.66 | avg loss  2.52 | ppl 12.47
saving checkpoint ./trained_models/GPT2_M/e2e/model.11000.pt
| epoch   3 step    11100 |    584 batches | lr 0.0001 | ms/batch 2853.35 | loss  2.61 | avg loss  2.57 | ppl 13.13
| epoch   3 step    11200 |    684 batches | lr 0.0001 | ms/batch 2745.51 | loss  2.58 | avg loss  2.53 | ppl 12.60
| epoch   3 step    11300 |    784 batches | lr 0.0001 | ms/batch 2622.25 | loss  2.63 | avg loss  2.55 | ppl 12.75
| epoch   3 step    11400 |    884 batches | lr 0.0001 | ms/batch 2485.66 | loss  2.54 | avg loss  2.54 | ppl 12.63
| epoch   3 step    11500 |    984 batches | lr 0.0001 | ms/batch 2721.58 | loss  2.24 | avg loss  2.54 | ppl 12.62
| epoch   3 step    11600 |   1084 batches | lr 0.0001 | ms/batch 2840.02 | loss  2.18 | avg loss  2.50 | ppl 12.13
| epoch   3 step    11700 |   1184 batches | lr 0.0001 | ms/batch 2496.32 | loss  2.34 | avg loss  2.52 | ppl 12.40
| epoch   3 step    11800 |   1284 batches | lr 0.0001 | ms/batch 2766.27 | loss  2.49 | avg loss  2.49 | ppl 12.07
| epoch   3 step    11900 |   1384 batches | lr 0.0001 | ms/batch 2668.91 | loss  2.43 | avg loss  2.51 | ppl 12.26
| epoch   3 step    12000 |   1484 batches | lr 0.0001 | ms/batch 2502.08 | loss  2.59 | avg loss  2.52 | ppl 12.42
saving checkpoint ./trained_models/GPT2_M/e2e/model.12000.pt
eval samples: 0 loss: tensor(1.1889, device='cuda:0')
eval samples: 100 loss: tensor(0.8803, device='cuda:0')
eval samples: 200 loss: tensor(1.2790, device='cuda:0')
eval samples: 300 loss: tensor(1.1314, device='cuda:0')
eval samples: 400 loss: tensor(0.8933, device='cuda:0')
eval samples: 500 loss: tensor(0.6597, device='cuda:0')
eval samples: 600 loss: tensor(1.2610, device='cuda:0')
eval samples: 700 loss: tensor(0.7228, device='cuda:0')
eval samples: 800 loss: tensor(1.1522, device='cuda:0')
eval samples: 900 loss: tensor(1.7305, device='cuda:0')
eval samples: 1000 loss: tensor(1.0062, device='cuda:0')
eval samples: 1100 loss: tensor(1.4371, device='cuda:0')
average loss 1.2167170477954492
----------------------------------------------------------------------------------------------------
| Eval   6 at step    12000 | time: 359.04s | valid loss  1.22 | valid ppl  3.38 | best ppl  3.38 
----------------------------------------------------------------------------------------------------
| epoch   3 step    12100 |   1584 batches | lr 0.0001 | ms/batch 6555.02 | loss  2.47 | avg loss  2.54 | ppl 12.65
| epoch   3 step    12200 |   1684 batches | lr 0.0001 | ms/batch 2773.67 | loss  2.37 | avg loss  2.54 | ppl 12.65
| epoch   3 step    12300 |   1784 batches | lr 0.0001 | ms/batch 2579.37 | loss  2.56 | avg loss  2.53 | ppl 12.56
| epoch   3 step    12400 |   1884 batches | lr 0.0001 | ms/batch 1239.44 | loss  2.59 | avg loss  2.50 | ppl 12.13
| epoch   3 step    12500 |   1984 batches | lr 0.0001 | ms/batch 1266.71 | loss  2.74 | avg loss  2.52 | ppl 12.48
| epoch   3 step    12600 |   2084 batches | lr 0.0001 | ms/batch 1176.51 | loss  2.78 | avg loss  2.47 | ppl 11.79
| epoch   3 step    12700 |   2184 batches | lr 0.0001 | ms/batch 1205.13 | loss  2.32 | avg loss  2.51 | ppl 12.35
| epoch   3 step    12800 |   2284 batches | lr 0.0001 | ms/batch 1256.42 | loss  2.59 | avg loss  2.53 | ppl 12.50
| epoch   3 step    12900 |   2384 batches | lr 0.0001 | ms/batch 1166.57 | loss  2.43 | avg loss  2.52 | ppl 12.48
| epoch   3 step    13000 |   2484 batches | lr 0.0001 | ms/batch 1175.37 | loss  3.00 | avg loss  2.54 | ppl 12.72
saving checkpoint ./trained_models/GPT2_M/e2e/model.13000.pt
| epoch   3 step    13100 |   2584 batches | lr 0.0001 | ms/batch 1336.52 | loss  2.36 | avg loss  2.49 | ppl 12.10
| epoch   3 step    13200 |   2684 batches | lr 0.0001 | ms/batch 1202.09 | loss  2.47 | avg loss  2.56 | ppl 12.88
| epoch   3 step    13300 |   2784 batches | lr 0.0001 | ms/batch 1202.01 | loss  2.42 | avg loss  2.50 | ppl 12.14
| epoch   3 step    13400 |   2884 batches | lr 0.0001 | ms/batch 1252.29 | loss  2.63 | avg loss  2.50 | ppl 12.13
| epoch   3 step    13500 |   2984 batches | lr 0.0001 | ms/batch 1281.49 | loss  2.89 | avg loss  2.53 | ppl 12.59
| epoch   3 step    13600 |   3084 batches | lr 0.0001 | ms/batch 1155.14 | loss  2.33 | avg loss  2.53 | ppl 12.52
| epoch   3 step    13700 |   3184 batches | lr 0.0001 | ms/batch 1234.08 | loss  2.71 | avg loss  2.56 | ppl 12.92
| epoch   3 step    13800 |   3284 batches | lr 0.0001 | ms/batch 1195.59 | loss  2.27 | avg loss  2.49 | ppl 12.06
| epoch   3 step    13900 |   3384 batches | lr 0.0001 | ms/batch 1256.22 | loss  2.90 | avg loss  2.54 | ppl 12.64
| epoch   3 step    14000 |   3484 batches | lr 0.0001 | ms/batch 1241.22 | loss  2.67 | avg loss  2.54 | ppl 12.70
saving checkpoint ./trained_models/GPT2_M/e2e/model.14000.pt
eval samples: 0 loss: tensor(1.1643, device='cuda:0')
eval samples: 100 loss: tensor(0.8849, device='cuda:0')
eval samples: 200 loss: tensor(1.2854, device='cuda:0')
eval samples: 300 loss: tensor(1.1181, device='cuda:0')
eval samples: 400 loss: tensor(0.8869, device='cuda:0')
eval samples: 500 loss: tensor(0.6375, device='cuda:0')
eval samples: 600 loss: tensor(1.2432, device='cuda:0')
eval samples: 700 loss: tensor(0.7229, device='cuda:0')
eval samples: 800 loss: tensor(1.1154, device='cuda:0')
eval samples: 900 loss: tensor(1.7315, device='cuda:0')
eval samples: 1000 loss: tensor(1.0093, device='cuda:0')
eval samples: 1100 loss: tensor(1.4325, device='cuda:0')
average loss 1.204058414656822
----------------------------------------------------------------------------------------------------
| Eval   7 at step    14000 | time: 165.86s | valid loss  1.20 | valid ppl  3.33 | best ppl  3.33 
----------------------------------------------------------------------------------------------------
| epoch   3 step    14100 |   3584 batches | lr 0.0001 | ms/batch 2979.68 | loss  2.60 | avg loss  2.47 | ppl 11.87
| epoch   3 step    14200 |   3684 batches | lr 0.0001 | ms/batch 1262.57 | loss  2.51 | avg loss  2.50 | ppl 12.14
| epoch   3 step    14300 |   3784 batches | lr 0.0001 | ms/batch 1248.02 | loss  2.69 | avg loss  2.49 | ppl 12.10
| epoch   3 step    14400 |   3884 batches | lr 0.0001 | ms/batch 1184.48 | loss  2.26 | avg loss  2.51 | ppl 12.25
| epoch   3 step    14500 |   3984 batches | lr 0.0001 | ms/batch 1162.62 | loss  2.38 | avg loss  2.52 | ppl 12.42
| epoch   3 step    14600 |   4084 batches | lr 0.0001 | ms/batch 1191.92 | loss  2.50 | avg loss  2.53 | ppl 12.49
| epoch   3 step    14700 |   4184 batches | lr 0.0001 | ms/batch 1259.97 | loss  2.49 | avg loss  2.49 | ppl 12.09
| epoch   3 step    14800 |   4284 batches | lr 0.0001 | ms/batch 1226.68 | loss  2.54 | avg loss  2.53 | ppl 12.58
| epoch   3 step    14900 |   4384 batches | lr 0.0001 | ms/batch 1271.08 | loss  2.48 | avg loss  2.50 | ppl 12.24
| epoch   3 step    15000 |   4484 batches | lr 0.0001 | ms/batch 1191.81 | loss  2.75 | avg loss  2.53 | ppl 12.61
saving checkpoint ./trained_models/GPT2_M/e2e/model.15000.pt
| epoch   3 step    15100 |   4584 batches | lr 0.0001 | ms/batch 1338.15 | loss  2.33 | avg loss  2.50 | ppl 12.19
| epoch   3 step    15200 |   4684 batches | lr 0.0001 | ms/batch 1230.57 | loss  2.53 | avg loss  2.50 | ppl 12.13
| epoch   3 step    15300 |   4784 batches | lr 0.0001 | ms/batch 1199.85 | loss  2.48 | avg loss  2.53 | ppl 12.58
| epoch   3 step    15400 |   4884 batches | lr 0.0001 | ms/batch 1227.95 | loss  2.44 | avg loss  2.52 | ppl 12.40
| epoch   3 step    15500 |   4984 batches | lr 0.0001 | ms/batch 1175.58 | loss  2.42 | avg loss  2.52 | ppl 12.38
| epoch   3 step    15600 |   5084 batches | lr 0.0001 | ms/batch 1123.97 | loss  2.55 | avg loss  2.50 | ppl 12.16
| epoch   3 step    15700 |   5184 batches | lr 0.0001 | ms/batch 1215.15 | loss  2.52 | avg loss  2.48 | ppl 11.94
saving checkpoint ./trained_models/GPT2_M/e2e/model.15774.pt
start to train the model................ 4
| epoch   4 step    15800 |     26 batches | lr 0.0001 | ms/batch 206.90 | loss  2.34 | avg loss  2.49 | ppl 12.03
| epoch   4 step    15900 |    126 batches | lr 0.0001 | ms/batch 1178.07 | loss  2.39 | avg loss  2.50 | ppl 12.13
| epoch   4 step    16000 |    226 batches | lr 0.0001 | ms/batch 1200.83 | loss  2.55 | avg loss  2.52 | ppl 12.41
saving checkpoint ./trained_models/GPT2_M/e2e/model.16000.pt
eval samples: 0 loss: tensor(1.2085, device='cuda:0')
eval samples: 100 loss: tensor(0.8917, device='cuda:0')
eval samples: 200 loss: tensor(1.2361, device='cuda:0')
eval samples: 300 loss: tensor(1.1133, device='cuda:0')
eval samples: 400 loss: tensor(0.8818, device='cuda:0')
eval samples: 500 loss: tensor(0.6241, device='cuda:0')
eval samples: 600 loss: tensor(1.2328, device='cuda:0')
eval samples: 700 loss: tensor(0.6905, device='cuda:0')
eval samples: 800 loss: tensor(1.1688, device='cuda:0')
eval samples: 900 loss: tensor(1.7518, device='cuda:0')
eval samples: 1000 loss: tensor(1.0144, device='cuda:0')
eval samples: 1100 loss: tensor(1.4256, device='cuda:0')
average loss 1.2019703922002283
----------------------------------------------------------------------------------------------------
| Eval   8 at step    16000 | time: 165.79s | valid loss  1.20 | valid ppl  3.33 | best ppl  3.33 
----------------------------------------------------------------------------------------------------
| epoch   4 step    16100 |    326 batches | lr 0.0001 | ms/batch 2915.25 | loss  2.69 | avg loss  2.49 | ppl 12.02
| epoch   4 step    16200 |    426 batches | lr 0.0001 | ms/batch 1256.60 | loss  2.45 | avg loss  2.49 | ppl 12.07
| epoch   4 step    16300 |    526 batches | lr 0.0001 | ms/batch 1218.32 | loss  2.85 | avg loss  2.48 | ppl 11.93
| epoch   4 step    16400 |    626 batches | lr 0.0001 | ms/batch 1247.52 | loss  2.91 | avg loss  2.50 | ppl 12.14
| epoch   4 step    16500 |    726 batches | lr 0.0001 | ms/batch 1152.70 | loss  2.71 | avg loss  2.52 | ppl 12.48
| epoch   4 step    16600 |    826 batches | lr 0.0001 | ms/batch 1231.80 | loss  2.69 | avg loss  2.49 | ppl 12.05
| epoch   4 step    16700 |    926 batches | lr 0.0001 | ms/batch 1234.94 | loss  2.62 | avg loss  2.51 | ppl 12.27
| epoch   4 step    16800 |   1026 batches | lr 0.0001 | ms/batch 1157.88 | loss  2.61 | avg loss  2.50 | ppl 12.21
| epoch   4 step    16900 |   1126 batches | lr 0.0001 | ms/batch 1208.63 | loss  2.22 | avg loss  2.47 | ppl 11.86
| epoch   4 step    17000 |   1226 batches | lr 0.0001 | ms/batch 1213.06 | loss  2.41 | avg loss  2.48 | ppl 11.92
saving checkpoint ./trained_models/GPT2_M/e2e/model.17000.pt
| epoch   4 step    17100 |   1326 batches | lr 0.0001 | ms/batch 1309.64 | loss  2.65 | avg loss  2.53 | ppl 12.55
| epoch   4 step    17200 |   1426 batches | lr 0.0001 | ms/batch 1225.11 | loss  2.41 | avg loss  2.47 | ppl 11.83
| epoch   4 step    17300 |   1526 batches | lr 0.0001 | ms/batch 1186.86 | loss  2.35 | avg loss  2.51 | ppl 12.27
| epoch   4 step    17400 |   1626 batches | lr 0.0001 | ms/batch 1214.73 | loss  2.31 | avg loss  2.50 | ppl 12.23
| epoch   4 step    17500 |   1726 batches | lr 0.0001 | ms/batch 1232.51 | loss  2.70 | avg loss  2.51 | ppl 12.29
| epoch   4 step    17600 |   1826 batches | lr 0.0001 | ms/batch 1255.02 | loss  2.83 | avg loss  2.52 | ppl 12.40
| epoch   4 step    17700 |   1926 batches | lr 0.0001 | ms/batch 1200.55 | loss  2.45 | avg loss  2.49 | ppl 12.01
| epoch   4 step    17800 |   2026 batches | lr 0.0001 | ms/batch 1183.35 | loss  2.67 | avg loss  2.53 | ppl 12.54
| epoch   4 step    17900 |   2126 batches | lr 0.0001 | ms/batch 1206.94 | loss  2.50 | avg loss  2.49 | ppl 12.05
| epoch   4 step    18000 |   2226 batches | lr 0.0001 | ms/batch 1185.62 | loss  3.09 | avg loss  2.50 | ppl 12.14
saving checkpoint ./trained_models/GPT2_M/e2e/model.18000.pt
eval samples: 0 loss: tensor(1.1585, device='cuda:0')
eval samples: 100 loss: tensor(0.8814, device='cuda:0')
eval samples: 200 loss: tensor(1.2660, device='cuda:0')
eval samples: 300 loss: tensor(1.0994, device='cuda:0')
eval samples: 400 loss: tensor(0.8773, device='cuda:0')
eval samples: 500 loss: tensor(0.6311, device='cuda:0')
eval samples: 600 loss: tensor(1.2525, device='cuda:0')
eval samples: 700 loss: tensor(0.7183, device='cuda:0')
eval samples: 800 loss: tensor(1.1497, device='cuda:0')
eval samples: 900 loss: tensor(1.7132, device='cuda:0')
eval samples: 1000 loss: tensor(0.9859, device='cuda:0')
eval samples: 1100 loss: tensor(1.4458, device='cuda:0')
average loss 1.2055245250055235
----------------------------------------------------------------------------------------------------
| Eval   9 at step    18000 | time: 165.48s | valid loss  1.21 | valid ppl  3.34 | best ppl  3.33 
----------------------------------------------------------------------------------------------------
| epoch   4 step    18100 |   2326 batches | lr 0.0001 | ms/batch 2918.39 | loss  2.61 | avg loss  2.49 | ppl 12.05
| epoch   4 step    18200 |   2426 batches | lr 0.0001 | ms/batch 1250.13 | loss  2.38 | avg loss  2.50 | ppl 12.19
| epoch   4 step    18300 |   2526 batches | lr 0.0001 | ms/batch 1179.25 | loss  2.37 | avg loss  2.50 | ppl 12.22
| epoch   4 step    18400 |   2626 batches | lr 0.0001 | ms/batch 1259.57 | loss  2.67 | avg loss  2.48 | ppl 11.93
| epoch   4 step    18500 |   2726 batches | lr 0.0001 | ms/batch 1194.52 | loss  2.49 | avg loss  2.47 | ppl 11.85
| epoch   4 step    18600 |   2826 batches | lr 0.0001 | ms/batch 1128.51 | loss  2.28 | avg loss  2.52 | ppl 12.37
| epoch   4 step    18700 |   2926 batches | lr 0.0001 | ms/batch 1244.67 | loss  2.25 | avg loss  2.48 | ppl 11.93
| epoch   4 step    18800 |   3026 batches | lr 0.0001 | ms/batch 1222.65 | loss  2.28 | avg loss  2.51 | ppl 12.25
| epoch   4 step    18900 |   3126 batches | lr 0.0001 | ms/batch 1180.36 | loss  2.46 | avg loss  2.50 | ppl 12.17
| epoch   4 step    19000 |   3226 batches | lr 0.0001 | ms/batch 1187.81 | loss  2.80 | avg loss  2.50 | ppl 12.22
saving checkpoint ./trained_models/GPT2_M/e2e/model.19000.pt
| epoch   4 step    19100 |   3326 batches | lr 0.0001 | ms/batch 1360.52 | loss  2.75 | avg loss  2.48 | ppl 11.98
| epoch   4 step    19200 |   3426 batches | lr 0.0001 | ms/batch 1159.99 | loss  2.58 | avg loss  2.47 | ppl 11.85
| epoch   4 step    19300 |   3526 batches | lr 0.0001 | ms/batch 1188.52 | loss  2.53 | avg loss  2.51 | ppl 12.25
| epoch   4 step    19400 |   3626 batches | lr 0.0001 | ms/batch 1226.39 | loss  2.68 | avg loss  2.49 | ppl 12.04
| epoch   4 step    19500 |   3726 batches | lr 0.0001 | ms/batch 1175.02 | loss  2.21 | avg loss  2.48 | ppl 11.99
| epoch   4 step    19600 |   3826 batches | lr 0.0001 | ms/batch 1198.80 | loss  2.68 | avg loss  2.49 | ppl 12.11
| epoch   4 step    19700 |   3926 batches | lr 0.0001 | ms/batch 1283.70 | loss  2.60 | avg loss  2.49 | ppl 12.06
| epoch   4 step    19800 |   4026 batches | lr 0.0001 | ms/batch 1225.20 | loss  2.52 | avg loss  2.49 | ppl 12.09
| epoch   4 step    19900 |   4126 batches | lr 0.0001 | ms/batch 1229.33 | loss  2.31 | avg loss  2.52 | ppl 12.45
| epoch   4 step    20000 |   4226 batches | lr 0.0001 | ms/batch 1211.87 | loss  2.41 | avg loss  2.49 | ppl 12.10
saving checkpoint ./trained_models/GPT2_M/e2e/model.20000.pt
eval samples: 0 loss: tensor(1.2051, device='cuda:0')
eval samples: 100 loss: tensor(0.8668, device='cuda:0')
eval samples: 200 loss: tensor(1.2630, device='cuda:0')
eval samples: 300 loss: tensor(1.0962, device='cuda:0')
eval samples: 400 loss: tensor(0.8644, device='cuda:0')
eval samples: 500 loss: tensor(0.6193, device='cuda:0')
eval samples: 600 loss: tensor(1.2481, device='cuda:0')
eval samples: 700 loss: tensor(0.6945, device='cuda:0')
eval samples: 800 loss: tensor(1.1349, device='cuda:0')
eval samples: 900 loss: tensor(1.7227, device='cuda:0')
eval samples: 1000 loss: tensor(0.9737, device='cuda:0')
eval samples: 1100 loss: tensor(1.4291, device='cuda:0')
average loss 1.1915323683252073
----------------------------------------------------------------------------------------------------
| Eval  10 at step    20000 | time: 165.67s | valid loss  1.19 | valid ppl  3.29 | best ppl  3.29 
----------------------------------------------------------------------------------------------------
| epoch   4 step    20100 |   4326 batches | lr 0.0001 | ms/batch 2894.85 | loss  2.36 | avg loss  2.48 | ppl 11.96
| epoch   4 step    20200 |   4426 batches | lr 0.0001 | ms/batch 1231.52 | loss  2.57 | avg loss  2.50 | ppl 12.13
| epoch   4 step    20300 |   4526 batches | lr 0.0001 | ms/batch 1193.62 | loss  2.51 | avg loss  2.51 | ppl 12.36
| epoch   4 step    20400 |   4626 batches | lr 0.0001 | ms/batch 1239.02 | loss  2.45 | avg loss  2.49 | ppl 12.11
| epoch   4 step    20500 |   4726 batches | lr 0.0001 | ms/batch 1220.44 | loss  2.67 | avg loss  2.47 | ppl 11.79
| epoch   4 step    20600 |   4826 batches | lr 0.0001 | ms/batch 1203.24 | loss  2.63 | avg loss  2.51 | ppl 12.33
| epoch   4 step    20700 |   4926 batches | lr 0.0001 | ms/batch 1165.06 | loss  2.57 | avg loss  2.48 | ppl 11.95
| epoch   4 step    20800 |   5026 batches | lr 0.0001 | ms/batch 1260.82 | loss  2.27 | avg loss  2.51 | ppl 12.27
| epoch   4 step    20900 |   5126 batches | lr 0.0001 | ms/batch 1268.87 | loss  2.40 | avg loss  2.48 | ppl 11.91
| epoch   4 step    21000 |   5226 batches | lr 0.0001 | ms/batch 1237.08 | loss  2.26 | avg loss  2.48 | ppl 11.92
saving checkpoint ./trained_models/GPT2_M/e2e/model.21000.pt
saving checkpoint ./trained_models/GPT2_M/e2e/model.21032.pt
start to train the model................ 5
| epoch   5 step    21100 |     68 batches | lr 0.0001 | ms/batch 722.21 | loss  2.66 | avg loss  2.51 | ppl 12.29
| epoch   5 step    21200 |    168 batches | lr 0.0001 | ms/batch 1200.16 | loss  2.62 | avg loss  2.45 | ppl 11.57
| epoch   5 step    21300 |    268 batches | lr 0.0001 | ms/batch 1184.07 | loss  2.27 | avg loss  2.50 | ppl 12.19
| epoch   5 step    21400 |    368 batches | lr 0.0001 | ms/batch 1198.14 | loss  2.52 | avg loss  2.49 | ppl 12.01
| epoch   5 step    21500 |    468 batches | lr 0.0001 | ms/batch 1270.32 | loss  2.72 | avg loss  2.50 | ppl 12.12
| epoch   5 step    21600 |    568 batches | lr 0.0001 | ms/batch 1186.57 | loss  2.74 | avg loss  2.45 | ppl 11.63
| epoch   5 step    21700 |    668 batches | lr 0.0001 | ms/batch 1207.47 | loss  2.83 | avg loss  2.50 | ppl 12.12
| epoch   5 step    21800 |    768 batches | lr 0.0001 | ms/batch 1257.68 | loss  2.39 | avg loss  2.51 | ppl 12.36
| epoch   5 step    21900 |    868 batches | lr 0.0001 | ms/batch 1199.02 | loss  2.72 | avg loss  2.49 | ppl 12.05
| epoch   5 step    22000 |    968 batches | lr 0.0001 | ms/batch 1230.72 | loss  2.39 | avg loss  2.44 | ppl 11.44
saving checkpoint ./trained_models/GPT2_M/e2e/model.22000.pt
eval samples: 0 loss: tensor(1.1839, device='cuda:0')
eval samples: 100 loss: tensor(0.8732, device='cuda:0')
eval samples: 200 loss: tensor(1.2679, device='cuda:0')
eval samples: 300 loss: tensor(1.1037, device='cuda:0')
eval samples: 400 loss: tensor(0.8547, device='cuda:0')
eval samples: 500 loss: tensor(0.6209, device='cuda:0')
eval samples: 600 loss: tensor(1.2133, device='cuda:0')
eval samples: 700 loss: tensor(0.6830, device='cuda:0')
eval samples: 800 loss: tensor(1.1673, device='cuda:0')
eval samples: 900 loss: tensor(1.7282, device='cuda:0')
eval samples: 1000 loss: tensor(0.9490, device='cuda:0')
eval samples: 1100 loss: tensor(1.4820, device='cuda:0')
average loss 1.1890936653601796
----------------------------------------------------------------------------------------------------
| Eval  11 at step    22000 | time: 166.14s | valid loss  1.19 | valid ppl  3.28 | best ppl  3.28 
----------------------------------------------------------------------------------------------------
| epoch   5 step    22100 |   1068 batches | lr 0.0001 | ms/batch 2961.28 | loss  2.60 | avg loss  2.47 | ppl 11.77
| epoch   5 step    22200 |   1168 batches | lr 0.0001 | ms/batch 1254.83 | loss  2.84 | avg loss  2.49 | ppl 12.11
| epoch   5 step    22300 |   1268 batches | lr 0.0001 | ms/batch 1175.84 | loss  2.36 | avg loss  2.50 | ppl 12.14
| epoch   5 step    22400 |   1368 batches | lr 0.0001 | ms/batch 1248.98 | loss  2.34 | avg loss  2.45 | ppl 11.54
| epoch   5 step    22500 |   1468 batches | lr 0.0001 | ms/batch 1198.53 | loss  2.55 | avg loss  2.48 | ppl 11.98
| epoch   5 step    22600 |   1568 batches | lr 0.0001 | ms/batch 1253.66 | loss  2.71 | avg loss  2.49 | ppl 12.07
| epoch   5 step    22700 |   1668 batches | lr 0.0001 | ms/batch 1160.60 | loss  2.37 | avg loss  2.47 | ppl 11.87
| epoch   5 step    22800 |   1768 batches | lr 0.0001 | ms/batch 1203.08 | loss  2.34 | avg loss  2.49 | ppl 12.06
| epoch   5 step    22900 |   1868 batches | lr 0.0001 | ms/batch 1248.78 | loss  2.83 | avg loss  2.53 | ppl 12.51
| epoch   5 step    23000 |   1968 batches | lr 0.0001 | ms/batch 1153.74 | loss  2.36 | avg loss  2.47 | ppl 11.84
saving checkpoint ./trained_models/GPT2_M/e2e/model.23000.pt
| epoch   5 step    23100 |   2068 batches | lr 0.0001 | ms/batch 1374.86 | loss  2.52 | avg loss  2.50 | ppl 12.23
| epoch   5 step    23200 |   2168 batches | lr 0.0001 | ms/batch 1132.57 | loss  2.62 | avg loss  2.47 | ppl 11.86
| epoch   5 step    23300 |   2268 batches | lr 0.0001 | ms/batch 1167.48 | loss  2.32 | avg loss  2.46 | ppl 11.69
| epoch   5 step    23400 |   2368 batches | lr 0.0001 | ms/batch 1272.76 | loss  2.36 | avg loss  2.48 | ppl 11.95
| epoch   5 step    23500 |   2468 batches | lr 0.0001 | ms/batch 1154.57 | loss  2.29 | avg loss  2.46 | ppl 11.70
| epoch   5 step    23600 |   2568 batches | lr 0.0001 | ms/batch 1224.82 | loss  2.20 | avg loss  2.47 | ppl 11.83
| epoch   5 step    23700 |   2668 batches | lr 0.0001 | ms/batch 1226.75 | loss  2.31 | avg loss  2.44 | ppl 11.50
| epoch   5 step    23800 |   2768 batches | lr 0.0001 | ms/batch 1274.61 | loss  2.55 | avg loss  2.49 | ppl 12.03
| epoch   5 step    23900 |   2868 batches | lr 0.0001 | ms/batch 1208.49 | loss  2.54 | avg loss  2.46 | ppl 11.69
| epoch   5 step    24000 |   2968 batches | lr 0.0001 | ms/batch 1226.47 | loss  2.33 | avg loss  2.49 | ppl 12.00
saving checkpoint ./trained_models/GPT2_M/e2e/model.24000.pt
eval samples: 0 loss: tensor(1.1494, device='cuda:0')
eval samples: 100 loss: tensor(0.8735, device='cuda:0')
eval samples: 200 loss: tensor(1.2294, device='cuda:0')
eval samples: 300 loss: tensor(1.0937, device='cuda:0')
eval samples: 400 loss: tensor(0.8403, device='cuda:0')
eval samples: 500 loss: tensor(0.6327, device='cuda:0')
eval samples: 600 loss: tensor(1.2515, device='cuda:0')
eval samples: 700 loss: tensor(0.6835, device='cuda:0')
eval samples: 800 loss: tensor(1.1588, device='cuda:0')
eval samples: 900 loss: tensor(1.7285, device='cuda:0')
eval samples: 1000 loss: tensor(0.9411, device='cuda:0')
eval samples: 1100 loss: tensor(1.4505, device='cuda:0')
average loss 1.185874773138394
----------------------------------------------------------------------------------------------------
| Eval  12 at step    24000 | time: 165.87s | valid loss  1.19 | valid ppl  3.27 | best ppl  3.27 
----------------------------------------------------------------------------------------------------
| epoch   5 step    24100 |   3068 batches | lr 0.0001 | ms/batch 2970.00 | loss  2.61 | avg loss  2.51 | ppl 12.29
| epoch   5 step    24200 |   3168 batches | lr 0.0001 | ms/batch 1227.84 | loss  2.60 | avg loss  2.44 | ppl 11.42
| epoch   5 step    24300 |   3268 batches | lr 0.0001 | ms/batch 1161.99 | loss  2.62 | avg loss  2.49 | ppl 12.07
| epoch   5 step    24400 |   3368 batches | lr 0.0001 | ms/batch 1211.39 | loss  2.63 | avg loss  2.47 | ppl 11.85
| epoch   5 step    24500 |   3468 batches | lr 0.0001 | ms/batch 1150.69 | loss  2.33 | avg loss  2.47 | ppl 11.82
| epoch   5 step    24600 |   3568 batches | lr 0.0001 | ms/batch 1262.55 | loss  2.55 | avg loss  2.47 | ppl 11.88
| epoch   5 step    24700 |   3668 batches | lr 0.0001 | ms/batch 1222.92 | loss  2.87 | avg loss  2.52 | ppl 12.38
| epoch   5 step    24800 |   3768 batches | lr 0.0001 | ms/batch 1203.30 | loss  2.82 | avg loss  2.47 | ppl 11.80
| epoch   5 step    24900 |   3868 batches | lr 0.0001 | ms/batch 1133.84 | loss  2.30 | avg loss  2.48 | ppl 11.89
| epoch   5 step    25000 |   3968 batches | lr 0.0001 | ms/batch 1201.51 | loss  2.38 | avg loss  2.48 | ppl 11.91
saving checkpoint ./trained_models/GPT2_M/e2e/model.25000.pt
| epoch   5 step    25100 |   4068 batches | lr 0.0001 | ms/batch 1229.25 | loss  2.59 | avg loss  2.46 | ppl 11.72
| epoch   5 step    25200 |   4168 batches | lr 0.0001 | ms/batch 1238.70 | loss  2.34 | avg loss  2.49 | ppl 12.06
| epoch   5 step    25300 |   4268 batches | lr 0.0001 | ms/batch 1265.32 | loss  2.42 | avg loss  2.46 | ppl 11.68
| epoch   5 step    25400 |   4368 batches | lr 0.0001 | ms/batch 1140.42 | loss  2.71 | avg loss  2.44 | ppl 11.52
| epoch   5 step    25500 |   4468 batches | lr 0.0001 | ms/batch 1162.44 | loss  2.50 | avg loss  2.48 | ppl 11.90
| epoch   5 step    25600 |   4568 batches | lr 0.0001 | ms/batch 1219.79 | loss  2.65 | avg loss  2.48 | ppl 11.94
| epoch   5 step    25700 |   4668 batches | lr 0.0001 | ms/batch 1247.40 | loss  2.76 | avg loss  2.52 | ppl 12.47
| epoch   5 step    25800 |   4768 batches | lr 0.0001 | ms/batch 1174.78 | loss  2.54 | avg loss  2.50 | ppl 12.14
| epoch   5 step    25900 |   4868 batches | lr 0.0001 | ms/batch 1245.64 | loss  2.30 | avg loss  2.47 | ppl 11.79
| epoch   5 step    26000 |   4968 batches | lr 0.0001 | ms/batch 1238.19 | loss  2.41 | avg loss  2.49 | ppl 12.02
saving checkpoint ./trained_models/GPT2_M/e2e/model.26000.pt
eval samples: 0 loss: tensor(1.1945, device='cuda:0')
eval samples: 100 loss: tensor(0.8487, device='cuda:0')
eval samples: 200 loss: tensor(1.2531, device='cuda:0')
eval samples: 300 loss: tensor(1.1055, device='cuda:0')
eval samples: 400 loss: tensor(0.8838, device='cuda:0')
eval samples: 500 loss: tensor(0.6087, device='cuda:0')
eval samples: 600 loss: tensor(1.2471, device='cuda:0')
eval samples: 700 loss: tensor(0.6935, device='cuda:0')
eval samples: 800 loss: tensor(1.1494, device='cuda:0')
eval samples: 900 loss: tensor(1.7394, device='cuda:0')
eval samples: 1000 loss: tensor(0.9412, device='cuda:0')
eval samples: 1100 loss: tensor(1.4307, device='cuda:0')
average loss 1.1856219733312523
----------------------------------------------------------------------------------------------------
| Eval  13 at step    26000 | time: 165.32s | valid loss  1.19 | valid ppl  3.27 | best ppl  3.27 
----------------------------------------------------------------------------------------------------
| epoch   5 step    26100 |   5068 batches | lr 0.0001 | ms/batch 2880.15 | loss  2.44 | avg loss  2.47 | ppl 11.79
| epoch   5 step    26200 |   5168 batches | lr 0.0001 | ms/batch 1208.77 | loss  2.57 | avg loss  2.46 | ppl 11.69
saving checkpoint ./trained_models/GPT2_M/e2e/model.26290.pt
----------------------------------------------------------------------------------------------------
End of training
cleanup dist ...
[rank0]:[W624 06:45:54.995170195 ProcessGroupNCCL.cpp:1479] Warning: WARNING: destroy_process_group() was not called before program exit, which can leak resources. For more info, please see https://pytorch.org/docs/stable/distributed.html#shutdown (function operator())
