nohup: ignoring input
myrank: 0 local_rank: 0 device_count: 1 world_size: 1
====================================================================================================
        - platform : local
        - local_rank : 0
        - rank : 0
        - device : cuda:0
        - world_size : 1
        - random_seed : 110
        - lr : 0.0005
        - weight_decay : 0.01
        - correct_bias : True
        - adam_epislon : 1e-06
        - no_decay_bias : False
        - adam_beta1 : 0.9
        - adam_beta2 : 0.999
        - scheduler : cosine
        - max_step : None
        - max_epoch : 5
        - warmup_step : 500
        - i_steps : 0
        - i_lrs : 0.00025
        - galore_rank : 4
        - update_proj_gap : 50
        - galore_scale : 1.0
        - proj_type : std
        - gamma : 0.0
        - train_data : ./data/e2e/train.jsonl
        - valid_data : ./data/e2e/valid.jsonl
        - train_batch_size : 8
        - valid_batch_size : 4
        - grad_acc : 1
        - clip : 0.0
        - seq_len : 512
        - model_card : gpt2.md
        - init_checkpoint : ./pretrained_checkpoints/gpt2-medium-pytorch_model.bin
        - fp16 : False
        - log_interval : 100
        - eval_interval : 2000
        - save_interval : 1000
        - work_dir : ./trained_models/GPT2_M/e2e
        - lora_dim : 0
        - lora_alpha : 32
        - obj : clm
        - lora_dropout : 0.1
        - label_smooth : 0.1
        - roll_interval : -1
        - roll_lr : 1e-05
        - roll_step : 100
        - eval_epoch : 1
        - dist : <module 'torch.distributed' from '/home/ycyh/miniconda3/envs/LoRA/lib/python3.11/site-packages/torch/distributed/__init__.py'>
====================================================================================================
Experiment dir : ./trained_models/GPT2_M/e2e
loading model pretrained weight.
MoFaSGD 2D parameter count: 354.50M
Skipped 1D parameter count : 0.32M
set max_step: 26290
start to train the model................ 1
| epoch   1 step      100 |    100 batches | lr 0.0001 | ms/batch 985.35 | loss  3.50 | avg loss  4.18 | ppl 65.04
| epoch   1 step      200 |    200 batches | lr 0.0002 | ms/batch 1006.76 | loss  2.80 | avg loss  2.87 | ppl 17.57
| epoch   1 step      300 |    300 batches | lr 0.0003 | ms/batch 1011.05 | loss  2.78 | avg loss  2.76 | ppl 15.76
| epoch   1 step      400 |    400 batches | lr 0.0004 | ms/batch 1004.66 | loss  2.88 | avg loss  2.74 | ppl 15.56
| epoch   1 step      500 |    500 batches | lr 0.0005 | ms/batch 1003.92 | loss  2.59 | avg loss  2.69 | ppl 14.69
| epoch   1 step      600 |    600 batches | lr 0.000499 | ms/batch 1005.93 | loss  2.54 | avg loss  2.65 | ppl 14.13
| epoch   1 step      700 |    700 batches | lr 0.000499 | ms/batch 1000.85 | loss  2.78 | avg loss  2.62 | ppl 13.71
| epoch   1 step      800 |    800 batches | lr 0.000499 | ms/batch 1004.60 | loss  2.38 | avg loss  2.60 | ppl 13.46
| epoch   1 step      900 |    900 batches | lr 0.000499 | ms/batch 964.29 | loss  2.36 | avg loss  2.59 | ppl 13.34
| epoch   1 step     1000 |   1000 batches | lr 0.000498 | ms/batch 933.90 | loss  3.03 | avg loss  2.60 | ppl 13.53
saving checkpoint ./trained_models/GPT2_M/e2e/model.1000.pt
/home/ycyh/miniconda3/envs/LoRA/lib/python3.11/site-packages/torch/distributed/distributed_c10d.py:4631: UserWarning: No device id is provided via `init_process_group` or `barrier `. Using the current device set by the user. 
  warnings.warn(  # warn only once
| epoch   1 step     1100 |   1100 batches | lr 0.000498 | ms/batch 1066.63 | loss  2.67 | avg loss  2.61 | ppl 13.62
| epoch   1 step     1200 |   1200 batches | lr 0.000497 | ms/batch 1030.84 | loss  2.43 | avg loss  2.61 | ppl 13.53
| epoch   1 step     1300 |   1300 batches | lr 0.000497 | ms/batch 1030.90 | loss  2.47 | avg loss  2.57 | ppl 13.12
| epoch   1 step     1400 |   1400 batches | lr 0.000497 | ms/batch 1028.81 | loss  2.52 | avg loss  2.57 | ppl 13.06
| epoch   1 step     1500 |   1500 batches | lr 0.000496 | ms/batch 1024.20 | loss  2.50 | avg loss  2.58 | ppl 13.24
| epoch   1 step     1600 |   1600 batches | lr 0.000495 | ms/batch 1015.44 | loss  2.59 | avg loss  2.54 | ppl 12.69
| epoch   1 step     1700 |   1700 batches | lr 0.000495 | ms/batch 998.85 | loss  2.43 | avg loss  2.56 | ppl 12.89
| epoch   1 step     1800 |   1800 batches | lr 0.000494 | ms/batch 1001.00 | loss  2.41 | avg loss  2.55 | ppl 12.85
| epoch   1 step     1900 |   1900 batches | lr 0.000494 | ms/batch 978.77 | loss  2.57 | avg loss  2.55 | ppl 12.83
| epoch   1 step     2000 |   2000 batches | lr 0.000493 | ms/batch 927.96 | loss  2.46 | avg loss  2.54 | ppl 12.68
saving checkpoint ./trained_models/GPT2_M/e2e/model.2000.pt
/home/ycyh/miniconda3/envs/LoRA/lib/python3.11/site-packages/torch/nn/_reduction.py:51: UserWarning: size_average and reduce args will be deprecated, please use reduction='none' instead.
  warnings.warn(warning.format(ret))
eval samples: 0 loss: tensor(1.2445, device='cuda:0')
eval samples: 100 loss: tensor(0.8854, device='cuda:0')
eval samples: 200 loss: tensor(1.3172, device='cuda:0')
eval samples: 300 loss: tensor(1.1375, device='cuda:0')
eval samples: 400 loss: tensor(0.8855, device='cuda:0')
eval samples: 500 loss: tensor(0.6615, device='cuda:0')
eval samples: 600 loss: tensor(1.3354, device='cuda:0')
eval samples: 700 loss: tensor(0.7708, device='cuda:0')
eval samples: 800 loss: tensor(1.2372, device='cuda:0')
eval samples: 900 loss: tensor(1.6780, device='cuda:0')
eval samples: 1000 loss: tensor(1.0095, device='cuda:0')
eval samples: 1100 loss: tensor(1.5275, device='cuda:0')
average loss 1.2343664457128471
----------------------------------------------------------------------------------------------------
| Eval   1 at step     2000 | time: 183.70s | valid loss  1.23 | valid ppl  3.44 | best ppl  3.44 
----------------------------------------------------------------------------------------------------
| epoch   1 step     2100 |   2100 batches | lr 0.000492 | ms/batch 2846.51 | loss  2.58 | avg loss  2.54 | ppl 12.64
| epoch   1 step     2200 |   2200 batches | lr 0.000491 | ms/batch 891.58 | loss  2.79 | avg loss  2.53 | ppl 12.59
| epoch   1 step     2300 |   2300 batches | lr 0.000491 | ms/batch 893.39 | loss  2.52 | avg loss  2.53 | ppl 12.54
| epoch   1 step     2400 |   2400 batches | lr 0.00049 | ms/batch 891.35 | loss  2.34 | avg loss  2.53 | ppl 12.55
| epoch   1 step     2500 |   2500 batches | lr 0.000489 | ms/batch 872.75 | loss  2.77 | avg loss  2.55 | ppl 12.84
| epoch   1 step     2600 |   2600 batches | lr 0.000488 | ms/batch 844.48 | loss  2.65 | avg loss  2.54 | ppl 12.67
| epoch   1 step     2700 |   2700 batches | lr 0.000487 | ms/batch 886.61 | loss  2.61 | avg loss  2.52 | ppl 12.45
| epoch   1 step     2800 |   2800 batches | lr 0.000486 | ms/batch 984.46 | loss  2.20 | avg loss  2.56 | ppl 12.96
| epoch   1 step     2900 |   2900 batches | lr 0.000485 | ms/batch 994.91 | loss  2.74 | avg loss  2.54 | ppl 12.69
| epoch   1 step     3000 |   3000 batches | lr 0.000484 | ms/batch 1007.37 | loss  2.54 | avg loss  2.51 | ppl 12.28
saving checkpoint ./trained_models/GPT2_M/e2e/model.3000.pt
| epoch   1 step     3100 |   3100 batches | lr 0.000483 | ms/batch 1109.80 | loss  2.73 | avg loss  2.51 | ppl 12.31
| epoch   1 step     3200 |   3200 batches | lr 0.000482 | ms/batch 993.33 | loss  2.60 | avg loss  2.54 | ppl 12.72
| epoch   1 step     3300 |   3300 batches | lr 0.000481 | ms/batch 1001.31 | loss  2.90 | avg loss  2.50 | ppl 12.17
| epoch   1 step     3400 |   3400 batches | lr 0.00048 | ms/batch 1014.66 | loss  2.50 | avg loss  2.50 | ppl 12.24
| epoch   1 step     3500 |   3500 batches | lr 0.000478 | ms/batch 987.89 | loss  2.24 | avg loss  2.54 | ppl 12.69
| epoch   1 step     3600 |   3600 batches | lr 0.000477 | ms/batch 914.84 | loss  2.44 | avg loss  2.54 | ppl 12.66
| epoch   1 step     3700 |   3700 batches | lr 0.000476 | ms/batch 887.67 | loss  2.48 | avg loss  2.50 | ppl 12.21
| epoch   1 step     3800 |   3800 batches | lr 0.000475 | ms/batch 885.41 | loss  2.46 | avg loss  2.47 | ppl 11.78
| epoch   1 step     3900 |   3900 batches | lr 0.000473 | ms/batch 887.83 | loss  2.20 | avg loss  2.54 | ppl 12.72
| epoch   1 step     4000 |   4000 batches | lr 0.000472 | ms/batch 882.97 | loss  2.55 | avg loss  2.54 | ppl 12.74
saving checkpoint ./trained_models/GPT2_M/e2e/model.4000.pt
eval samples: 0 loss: tensor(1.2101, device='cuda:0')
eval samples: 100 loss: tensor(0.8351, device='cuda:0')
eval samples: 200 loss: tensor(1.2925, device='cuda:0')
eval samples: 300 loss: tensor(1.1147, device='cuda:0')
eval samples: 400 loss: tensor(0.8987, device='cuda:0')
eval samples: 500 loss: tensor(0.5444, device='cuda:0')
eval samples: 600 loss: tensor(1.2446, device='cuda:0')
eval samples: 700 loss: tensor(0.6517, device='cuda:0')
eval samples: 800 loss: tensor(1.1803, device='cuda:0')
eval samples: 900 loss: tensor(1.7550, device='cuda:0')
eval samples: 1000 loss: tensor(0.8887, device='cuda:0')
eval samples: 1100 loss: tensor(1.4898, device='cuda:0')
average loss 1.2029403261585188
----------------------------------------------------------------------------------------------------
| Eval   2 at step     4000 | time: 218.57s | valid loss  1.20 | valid ppl  3.33 | best ppl  3.33 
----------------------------------------------------------------------------------------------------
| epoch   1 step     4100 |   4100 batches | lr 0.000471 | ms/batch 3398.68 | loss  2.66 | avg loss  2.50 | ppl 12.23
| epoch   1 step     4200 |   4200 batches | lr 0.000469 | ms/batch 1106.90 | loss  2.53 | avg loss  2.51 | ppl 12.25
| epoch   1 step     4300 |   4300 batches | lr 0.000468 | ms/batch 1103.26 | loss  2.32 | avg loss  2.46 | ppl 11.69
| epoch   1 step     4400 |   4400 batches | lr 0.000466 | ms/batch 1097.70 | loss  2.61 | avg loss  2.49 | ppl 12.01
| epoch   1 step     4500 |   4500 batches | lr 0.000465 | ms/batch 1084.68 | loss  2.61 | avg loss  2.52 | ppl 12.44
| epoch   1 step     4600 |   4600 batches | lr 0.000463 | ms/batch 1016.00 | loss  2.48 | avg loss  2.52 | ppl 12.46
| epoch   1 step     4700 |   4700 batches | lr 0.000462 | ms/batch 981.73 | loss  2.28 | avg loss  2.51 | ppl 12.31
| epoch   1 step     4800 |   4800 batches | lr 0.00046 | ms/batch 951.95 | loss  2.65 | avg loss  2.48 | ppl 11.94
| epoch   1 step     4900 |   4900 batches | lr 0.000458 | ms/batch 999.40 | loss  2.58 | avg loss  2.49 | ppl 12.07
| epoch   1 step     5000 |   5000 batches | lr 0.000457 | ms/batch 1036.60 | loss  2.21 | avg loss  2.47 | ppl 11.84
saving checkpoint ./trained_models/GPT2_M/e2e/model.5000.pt
| epoch   1 step     5100 |   5100 batches | lr 0.000455 | ms/batch 1120.45 | loss  2.56 | avg loss  2.51 | ppl 12.29
| epoch   1 step     5200 |   5200 batches | lr 0.000453 | ms/batch 991.68 | loss  2.65 | avg loss  2.51 | ppl 12.24
saving checkpoint ./trained_models/GPT2_M/e2e/model.5258.pt
start to train the model................ 2
| epoch   2 step     5300 |     42 batches | lr 0.000452 | ms/batch 399.99 | loss  2.32 | avg loss  2.43 | ppl 11.37
| epoch   2 step     5400 |    142 batches | lr 0.00045 | ms/batch 951.39 | loss  2.42 | avg loss  2.48 | ppl 11.93
| epoch   2 step     5500 |    242 batches | lr 0.000448 | ms/batch 948.44 | loss  2.48 | avg loss  2.47 | ppl 11.80
| epoch   2 step     5600 |    342 batches | lr 0.000446 | ms/batch 954.78 | loss  2.15 | avg loss  2.49 | ppl 12.01
| epoch   2 step     5700 |    442 batches | lr 0.000444 | ms/batch 960.91 | loss  2.41 | avg loss  2.48 | ppl 11.93
| epoch   2 step     5800 |    542 batches | lr 0.000442 | ms/batch 947.97 | loss  2.40 | avg loss  2.45 | ppl 11.61
| epoch   2 step     5900 |    642 batches | lr 0.00044 | ms/batch 947.83 | loss  2.58 | avg loss  2.49 | ppl 12.01
| epoch   2 step     6000 |    742 batches | lr 0.000438 | ms/batch 954.16 | loss  2.19 | avg loss  2.44 | ppl 11.53
saving checkpoint ./trained_models/GPT2_M/e2e/model.6000.pt
eval samples: 0 loss: tensor(1.1697, device='cuda:0')
eval samples: 100 loss: tensor(0.8728, device='cuda:0')
eval samples: 200 loss: tensor(1.2265, device='cuda:0')
eval samples: 300 loss: tensor(1.1234, device='cuda:0')
eval samples: 400 loss: tensor(0.8779, device='cuda:0')
eval samples: 500 loss: tensor(0.5867, device='cuda:0')
eval samples: 600 loss: tensor(1.2846, device='cuda:0')
eval samples: 700 loss: tensor(0.7109, device='cuda:0')
eval samples: 800 loss: tensor(1.2001, device='cuda:0')
eval samples: 900 loss: tensor(1.7380, device='cuda:0')
eval samples: 1000 loss: tensor(0.9431, device='cuda:0')
eval samples: 1100 loss: tensor(1.5149, device='cuda:0')
average loss 1.1994518243184644
----------------------------------------------------------------------------------------------------
| Eval   3 at step     6000 | time: 188.66s | valid loss  1.20 | valid ppl  3.32 | best ppl  3.32 
----------------------------------------------------------------------------------------------------
| epoch   2 step     6100 |    842 batches | lr 0.000436 | ms/batch 2934.90 | loss  2.25 | avg loss  2.47 | ppl 11.83
| epoch   2 step     6200 |    942 batches | lr 0.000434 | ms/batch 943.08 | loss  2.31 | avg loss  2.47 | ppl 11.88
| epoch   2 step     6300 |   1042 batches | lr 0.000432 | ms/batch 943.69 | loss  2.67 | avg loss  2.48 | ppl 11.91
| epoch   2 step     6400 |   1142 batches | lr 0.00043 | ms/batch 943.58 | loss  2.26 | avg loss  2.47 | ppl 11.82
| epoch   2 step     6500 |   1242 batches | lr 0.000428 | ms/batch 953.22 | loss  2.32 | avg loss  2.50 | ppl 12.14
| epoch   2 step     6600 |   1342 batches | lr 0.000426 | ms/batch 947.94 | loss  2.77 | avg loss  2.47 | ppl 11.78
| epoch   2 step     6700 |   1442 batches | lr 0.000424 | ms/batch 943.76 | loss  2.47 | avg loss  2.48 | ppl 11.89
| epoch   2 step     6800 |   1542 batches | lr 0.000422 | ms/batch 941.92 | loss  2.40 | avg loss  2.49 | ppl 12.04
| epoch   2 step     6900 |   1642 batches | lr 0.00042 | ms/batch 943.70 | loss  2.36 | avg loss  2.42 | ppl 11.30
| epoch   2 step     7000 |   1742 batches | lr 0.000418 | ms/batch 945.68 | loss  2.59 | avg loss  2.48 | ppl 11.98
saving checkpoint ./trained_models/GPT2_M/e2e/model.7000.pt
| epoch   2 step     7100 |   1842 batches | lr 0.000415 | ms/batch 1049.19 | loss  2.63 | avg loss  2.47 | ppl 11.79
| epoch   2 step     7200 |   1942 batches | lr 0.000413 | ms/batch 943.67 | loss  2.54 | avg loss  2.47 | ppl 11.77
| epoch   2 step     7300 |   2042 batches | lr 0.000411 | ms/batch 956.52 | loss  2.34 | avg loss  2.44 | ppl 11.51
| epoch   2 step     7400 |   2142 batches | lr 0.000408 | ms/batch 951.15 | loss  2.81 | avg loss  2.44 | ppl 11.46
| epoch   2 step     7500 |   2242 batches | lr 0.000406 | ms/batch 951.29 | loss  2.70 | avg loss  2.49 | ppl 12.12
| epoch   2 step     7600 |   2342 batches | lr 0.000404 | ms/batch 952.48 | loss  2.28 | avg loss  2.45 | ppl 11.56
| epoch   2 step     7700 |   2442 batches | lr 0.000401 | ms/batch 933.36 | loss  2.70 | avg loss  2.45 | ppl 11.53
| epoch   2 step     7800 |   2542 batches | lr 0.000399 | ms/batch 957.48 | loss  2.50 | avg loss  2.43 | ppl 11.38
| epoch   2 step     7900 |   2642 batches | lr 0.000397 | ms/batch 955.44 | loss  2.75 | avg loss  2.48 | ppl 11.94
| epoch   2 step     8000 |   2742 batches | lr 0.000394 | ms/batch 945.89 | loss  2.52 | avg loss  2.49 | ppl 12.10
saving checkpoint ./trained_models/GPT2_M/e2e/model.8000.pt
eval samples: 0 loss: tensor(1.2026, device='cuda:0')
eval samples: 100 loss: tensor(0.8505, device='cuda:0')
eval samples: 200 loss: tensor(1.2837, device='cuda:0')
eval samples: 300 loss: tensor(1.0643, device='cuda:0')
eval samples: 400 loss: tensor(0.8554, device='cuda:0')
eval samples: 500 loss: tensor(0.5983, device='cuda:0')
eval samples: 600 loss: tensor(1.2315, device='cuda:0')
eval samples: 700 loss: tensor(0.6841, device='cuda:0')
eval samples: 800 loss: tensor(1.1270, device='cuda:0')
eval samples: 900 loss: tensor(1.6733, device='cuda:0')
eval samples: 1000 loss: tensor(0.9134, device='cuda:0')
eval samples: 1100 loss: tensor(1.5405, device='cuda:0')
average loss 1.1827440508577514
----------------------------------------------------------------------------------------------------
| Eval   4 at step     8000 | time: 189.57s | valid loss  1.18 | valid ppl  3.26 | best ppl  3.26 
----------------------------------------------------------------------------------------------------
| epoch   2 step     8100 |   2842 batches | lr 0.000392 | ms/batch 2954.71 | loss  2.36 | avg loss  2.45 | ppl 11.64
| epoch   2 step     8200 |   2942 batches | lr 0.000389 | ms/batch 948.60 | loss  2.54 | avg loss  2.50 | ppl 12.24
| epoch   2 step     8300 |   3042 batches | lr 0.000387 | ms/batch 953.01 | loss  2.36 | avg loss  2.46 | ppl 11.76
| epoch   2 step     8400 |   3142 batches | lr 0.000384 | ms/batch 957.95 | loss  2.49 | avg loss  2.45 | ppl 11.60
| epoch   2 step     8500 |   3242 batches | lr 0.000382 | ms/batch 945.96 | loss  2.37 | avg loss  2.47 | ppl 11.77
| epoch   2 step     8600 |   3342 batches | lr 0.000379 | ms/batch 956.33 | loss  2.32 | avg loss  2.45 | ppl 11.54
| epoch   2 step     8700 |   3442 batches | lr 0.000377 | ms/batch 956.18 | loss  2.77 | avg loss  2.45 | ppl 11.55
| epoch   2 step     8800 |   3542 batches | lr 0.000374 | ms/batch 945.74 | loss  2.37 | avg loss  2.45 | ppl 11.56
| epoch   2 step     8900 |   3642 batches | lr 0.000371 | ms/batch 956.54 | loss  2.51 | avg loss  2.47 | ppl 11.77
| epoch   2 step     9000 |   3742 batches | lr 0.000369 | ms/batch 955.71 | loss  2.44 | avg loss  2.46 | ppl 11.71
saving checkpoint ./trained_models/GPT2_M/e2e/model.9000.pt
| epoch   2 step     9100 |   3842 batches | lr 0.000366 | ms/batch 1045.23 | loss  2.40 | avg loss  2.46 | ppl 11.69
| epoch   2 step     9200 |   3942 batches | lr 0.000364 | ms/batch 950.90 | loss  2.55 | avg loss  2.45 | ppl 11.64
| epoch   2 step     9300 |   4042 batches | lr 0.000361 | ms/batch 957.36 | loss  2.46 | avg loss  2.47 | ppl 11.80
| epoch   2 step     9400 |   4142 batches | lr 0.000358 | ms/batch 954.80 | loss  2.49 | avg loss  2.46 | ppl 11.68
| epoch   2 step     9500 |   4242 batches | lr 0.000355 | ms/batch 948.86 | loss  2.46 | avg loss  2.46 | ppl 11.66
| epoch   2 step     9600 |   4342 batches | lr 0.000353 | ms/batch 956.76 | loss  2.82 | avg loss  2.46 | ppl 11.74
| epoch   2 step     9700 |   4442 batches | lr 0.00035 | ms/batch 957.62 | loss  2.20 | avg loss  2.45 | ppl 11.57
| epoch   2 step     9800 |   4542 batches | lr 0.000347 | ms/batch 943.80 | loss  2.42 | avg loss  2.45 | ppl 11.57
| epoch   2 step     9900 |   4642 batches | lr 0.000345 | ms/batch 956.78 | loss  2.16 | avg loss  2.43 | ppl 11.40
| epoch   2 step    10000 |   4742 batches | lr 0.000342 | ms/batch 947.84 | loss  2.53 | avg loss  2.47 | ppl 11.87
saving checkpoint ./trained_models/GPT2_M/e2e/model.10000.pt
eval samples: 0 loss: tensor(1.1868, device='cuda:0')
eval samples: 100 loss: tensor(0.8885, device='cuda:0')
eval samples: 200 loss: tensor(1.2512, device='cuda:0')
eval samples: 300 loss: tensor(1.0594, device='cuda:0')
eval samples: 400 loss: tensor(0.8551, device='cuda:0')
eval samples: 500 loss: tensor(0.6116, device='cuda:0')
eval samples: 600 loss: tensor(1.2621, device='cuda:0')
eval samples: 700 loss: tensor(0.6810, device='cuda:0')
eval samples: 800 loss: tensor(1.2163, device='cuda:0')
eval samples: 900 loss: tensor(1.6936, device='cuda:0')
eval samples: 1000 loss: tensor(0.9806, device='cuda:0')
eval samples: 1100 loss: tensor(1.5523, device='cuda:0')
average loss 1.2015641627654636
----------------------------------------------------------------------------------------------------
| Eval   5 at step    10000 | time: 190.19s | valid loss  1.20 | valid ppl  3.33 | best ppl  3.26 
----------------------------------------------------------------------------------------------------
| epoch   2 step    10100 |   4842 batches | lr 0.000339 | ms/batch 2857.57 | loss  2.25 | avg loss  2.46 | ppl 11.68
| epoch   2 step    10200 |   4942 batches | lr 0.000336 | ms/batch 847.11 | loss  2.38 | avg loss  2.46 | ppl 11.72
| epoch   2 step    10300 |   5042 batches | lr 0.000333 | ms/batch 1080.85 | loss  2.74 | avg loss  2.44 | ppl 11.49
| epoch   2 step    10400 |   5142 batches | lr 0.000331 | ms/batch 1118.10 | loss  2.60 | avg loss  2.44 | ppl 11.48
| epoch   2 step    10500 |   5242 batches | lr 0.000328 | ms/batch 1113.26 | loss  2.36 | avg loss  2.42 | ppl 11.27
saving checkpoint ./trained_models/GPT2_M/e2e/model.10516.pt
start to train the model................ 3
| epoch   3 step    10600 |     84 batches | lr 0.000325 | ms/batch 929.39 | loss  2.12 | avg loss  2.42 | ppl 11.23
| epoch   3 step    10700 |    184 batches | lr 0.000322 | ms/batch 1384.81 | loss  2.45 | avg loss  2.43 | ppl 11.32
| epoch   3 step    10800 |    284 batches | lr 0.000319 | ms/batch 1123.44 | loss  2.61 | avg loss  2.42 | ppl 11.20
| epoch   3 step    10900 |    384 batches | lr 0.000316 | ms/batch 1117.97 | loss  2.75 | avg loss  2.41 | ppl 11.17
| epoch   3 step    11000 |    484 batches | lr 0.000313 | ms/batch 1033.02 | loss  2.51 | avg loss  2.42 | ppl 11.22
saving checkpoint ./trained_models/GPT2_M/e2e/model.11000.pt
| epoch   3 step    11100 |    584 batches | lr 0.00031 | ms/batch 1092.86 | loss  2.49 | avg loss  2.47 | ppl 11.83
| epoch   3 step    11200 |    684 batches | lr 0.000308 | ms/batch 967.76 | loss  2.43 | avg loss  2.42 | ppl 11.23
| epoch   3 step    11300 |    784 batches | lr 0.000305 | ms/batch 972.20 | loss  2.43 | avg loss  2.44 | ppl 11.43
| epoch   3 step    11400 |    884 batches | lr 0.000302 | ms/batch 971.79 | loss  2.32 | avg loss  2.42 | ppl 11.30
| epoch   3 step    11500 |    984 batches | lr 0.000299 | ms/batch 969.35 | loss  2.17 | avg loss  2.43 | ppl 11.37
| epoch   3 step    11600 |   1084 batches | lr 0.000296 | ms/batch 971.03 | loss  2.10 | avg loss  2.39 | ppl 10.94
| epoch   3 step    11700 |   1184 batches | lr 0.000293 | ms/batch 973.70 | loss  2.27 | avg loss  2.41 | ppl 11.12
| epoch   3 step    11800 |   1284 batches | lr 0.00029 | ms/batch 943.67 | loss  2.42 | avg loss  2.39 | ppl 10.95
| epoch   3 step    11900 |   1384 batches | lr 0.000287 | ms/batch 894.01 | loss  2.31 | avg loss  2.40 | ppl 11.07
| epoch   3 step    12000 |   1484 batches | lr 0.000284 | ms/batch 878.00 | loss  2.47 | avg loss  2.41 | ppl 11.14
saving checkpoint ./trained_models/GPT2_M/e2e/model.12000.pt
eval samples: 0 loss: tensor(1.1511, device='cuda:0')
eval samples: 100 loss: tensor(0.8494, device='cuda:0')
eval samples: 200 loss: tensor(1.2165, device='cuda:0')
eval samples: 300 loss: tensor(1.0613, device='cuda:0')
eval samples: 400 loss: tensor(0.8639, device='cuda:0')
eval samples: 500 loss: tensor(0.5739, device='cuda:0')
eval samples: 600 loss: tensor(1.2151, device='cuda:0')
eval samples: 700 loss: tensor(0.6481, device='cuda:0')
eval samples: 800 loss: tensor(1.1352, device='cuda:0')
eval samples: 900 loss: tensor(1.7239, device='cuda:0')
eval samples: 1000 loss: tensor(0.9256, device='cuda:0')
eval samples: 1100 loss: tensor(1.5563, device='cuda:0')
average loss 1.1709012921185118
----------------------------------------------------------------------------------------------------
| Eval   6 at step    12000 | time: 361.05s | valid loss  1.17 | valid ppl  3.22 | best ppl  3.22 
----------------------------------------------------------------------------------------------------
| epoch   3 step    12100 |   1584 batches | lr 0.000281 | ms/batch 5624.12 | loss  2.36 | avg loss  2.43 | ppl 11.34
| epoch   3 step    12200 |   1684 batches | lr 0.000278 | ms/batch 2089.03 | loss  2.28 | avg loss  2.44 | ppl 11.52
| epoch   3 step    12300 |   1784 batches | lr 0.000275 | ms/batch 2188.66 | loss  2.40 | avg loss  2.43 | ppl 11.32
| epoch   3 step    12400 |   1884 batches | lr 0.000272 | ms/batch 2051.80 | loss  2.45 | avg loss  2.39 | ppl 10.96
| epoch   3 step    12500 |   1984 batches | lr 0.000269 | ms/batch 2146.17 | loss  2.63 | avg loss  2.42 | ppl 11.21
| epoch   3 step    12600 |   2084 batches | lr 0.000266 | ms/batch 1985.32 | loss  2.65 | avg loss  2.37 | ppl 10.66
| epoch   3 step    12700 |   2184 batches | lr 0.000263 | ms/batch 1973.28 | loss  2.25 | avg loss  2.41 | ppl 11.13
| epoch   3 step    12800 |   2284 batches | lr 0.00026 | ms/batch 1985.64 | loss  2.50 | avg loss  2.42 | ppl 11.25
| epoch   3 step    12900 |   2384 batches | lr 0.000257 | ms/batch 1965.74 | loss  2.34 | avg loss  2.42 | ppl 11.19
| epoch   3 step    13000 |   2484 batches | lr 0.000254 | ms/batch 1942.63 | loss  2.82 | avg loss  2.44 | ppl 11.47
saving checkpoint ./trained_models/GPT2_M/e2e/model.13000.pt
| epoch   3 step    13100 |   2584 batches | lr 0.000251 | ms/batch 2013.19 | loss  2.26 | avg loss  2.39 | ppl 10.89
| epoch   3 step    13200 |   2684 batches | lr 0.000248 | ms/batch 1825.70 | loss  2.33 | avg loss  2.45 | ppl 11.61
| epoch   3 step    13300 |   2784 batches | lr 0.000245 | ms/batch 1816.27 | loss  2.30 | avg loss  2.39 | ppl 10.90
| epoch   3 step    13400 |   2884 batches | lr 0.000242 | ms/batch 1986.60 | loss  2.48 | avg loss  2.40 | ppl 10.99
| epoch   3 step    13500 |   2984 batches | lr 0.000239 | ms/batch 1811.77 | loss  2.76 | avg loss  2.43 | ppl 11.37
| epoch   3 step    13600 |   3084 batches | lr 0.000236 | ms/batch 1911.73 | loss  2.19 | avg loss  2.42 | ppl 11.23
| epoch   3 step    13700 |   3184 batches | lr 0.000233 | ms/batch 1910.32 | loss  2.54 | avg loss  2.46 | ppl 11.70
| epoch   3 step    13800 |   3284 batches | lr 0.00023 | ms/batch 1879.62 | loss  2.18 | avg loss  2.39 | ppl 10.87
| epoch   3 step    13900 |   3384 batches | lr 0.000227 | ms/batch 1935.66 | loss  2.73 | avg loss  2.43 | ppl 11.40
| epoch   3 step    14000 |   3484 batches | lr 0.000225 | ms/batch 1903.08 | loss  2.52 | avg loss  2.44 | ppl 11.49
saving checkpoint ./trained_models/GPT2_M/e2e/model.14000.pt
eval samples: 0 loss: tensor(1.0745, device='cuda:0')
eval samples: 100 loss: tensor(0.8484, device='cuda:0')
eval samples: 200 loss: tensor(1.2174, device='cuda:0')
eval samples: 300 loss: tensor(1.0295, device='cuda:0')
eval samples: 400 loss: tensor(0.8589, device='cuda:0')
eval samples: 500 loss: tensor(0.5642, device='cuda:0')
eval samples: 600 loss: tensor(1.2007, device='cuda:0')
eval samples: 700 loss: tensor(0.6948, device='cuda:0')
eval samples: 800 loss: tensor(1.1283, device='cuda:0')
eval samples: 900 loss: tensor(1.7045, device='cuda:0')
eval samples: 1000 loss: tensor(0.9284, device='cuda:0')
eval samples: 1100 loss: tensor(1.5522, device='cuda:0')
average loss 1.1598057627473792
----------------------------------------------------------------------------------------------------
| Eval   7 at step    14000 | time: 384.42s | valid loss  1.16 | valid ppl  3.19 | best ppl  3.19 
----------------------------------------------------------------------------------------------------
| epoch   3 step    14100 |   3584 batches | lr 0.000222 | ms/batch 6086.79 | loss  2.49 | avg loss  2.38 | ppl 10.76
| epoch   3 step    14200 |   3684 batches | lr 0.000219 | ms/batch 2230.36 | loss  2.38 | avg loss  2.39 | ppl 10.86
| epoch   3 step    14300 |   3784 batches | lr 0.000216 | ms/batch 2170.54 | loss  2.67 | avg loss  2.39 | ppl 10.95
| epoch   3 step    14400 |   3884 batches | lr 0.000213 | ms/batch 2241.42 | loss  2.14 | avg loss  2.40 | ppl 11.07
| epoch   3 step    14500 |   3984 batches | lr 0.00021 | ms/batch 2028.03 | loss  2.24 | avg loss  2.41 | ppl 11.18
| epoch   3 step    14600 |   4084 batches | lr 0.000207 | ms/batch 1923.86 | loss  2.42 | avg loss  2.42 | ppl 11.30
| epoch   3 step    14700 |   4184 batches | lr 0.000204 | ms/batch 2024.59 | loss  2.36 | avg loss  2.39 | ppl 10.90
| epoch   3 step    14800 |   4284 batches | lr 0.000201 | ms/batch 1900.32 | loss  2.41 | avg loss  2.42 | ppl 11.29
| epoch   3 step    14900 |   4384 batches | lr 0.000198 | ms/batch 1902.08 | loss  2.36 | avg loss  2.40 | ppl 11.02
| epoch   3 step    15000 |   4484 batches | lr 0.000195 | ms/batch 1772.80 | loss  2.71 | avg loss  2.43 | ppl 11.33
saving checkpoint ./trained_models/GPT2_M/e2e/model.15000.pt
| epoch   3 step    15100 |   4584 batches | lr 0.000192 | ms/batch 1930.58 | loss  2.25 | avg loss  2.40 | ppl 11.02
| epoch   3 step    15200 |   4684 batches | lr 0.000189 | ms/batch 1825.38 | loss  2.41 | avg loss  2.39 | ppl 10.96
| epoch   3 step    15300 |   4784 batches | lr 0.000186 | ms/batch 1920.24 | loss  2.33 | avg loss  2.43 | ppl 11.38
| epoch   3 step    15400 |   4884 batches | lr 0.000183 | ms/batch 1883.94 | loss  2.28 | avg loss  2.41 | ppl 11.13
| epoch   3 step    15500 |   4984 batches | lr 0.000181 | ms/batch 2068.87 | loss  2.34 | avg loss  2.40 | ppl 11.05
| epoch   3 step    15600 |   5084 batches | lr 0.000178 | ms/batch 1909.24 | loss  2.48 | avg loss  2.40 | ppl 11.01
| epoch   3 step    15700 |   5184 batches | lr 0.000175 | ms/batch 1924.21 | loss  2.36 | avg loss  2.38 | ppl 10.82
saving checkpoint ./trained_models/GPT2_M/e2e/model.15774.pt
start to train the model................ 4
| epoch   4 step    15800 |     26 batches | lr 0.000172 | ms/batch 496.19 | loss  2.22 | avg loss  2.35 | ppl 10.52
| epoch   4 step    15900 |    126 batches | lr 0.000169 | ms/batch 1870.90 | loss  2.23 | avg loss  2.36 | ppl 10.62
| epoch   4 step    16000 |    226 batches | lr 0.000166 | ms/batch 1815.62 | loss  2.42 | avg loss  2.39 | ppl 10.87
saving checkpoint ./trained_models/GPT2_M/e2e/model.16000.pt
eval samples: 0 loss: tensor(1.1250, device='cuda:0')
eval samples: 100 loss: tensor(0.8514, device='cuda:0')
eval samples: 200 loss: tensor(1.1711, device='cuda:0')
eval samples: 300 loss: tensor(1.0968, device='cuda:0')
eval samples: 400 loss: tensor(0.8448, device='cuda:0')
eval samples: 500 loss: tensor(0.5668, device='cuda:0')
eval samples: 600 loss: tensor(1.2265, device='cuda:0')
eval samples: 700 loss: tensor(0.6250, device='cuda:0')
eval samples: 800 loss: tensor(1.2011, device='cuda:0')
eval samples: 900 loss: tensor(1.6705, device='cuda:0')
eval samples: 1000 loss: tensor(0.9490, device='cuda:0')
eval samples: 1100 loss: tensor(1.5105, device='cuda:0')
average loss 1.1658351083018192
----------------------------------------------------------------------------------------------------
| Eval   8 at step    16000 | time: 364.95s | valid loss  1.17 | valid ppl  3.21 | best ppl  3.21 
----------------------------------------------------------------------------------------------------
| epoch   4 step    16100 |    326 batches | lr 0.000164 | ms/batch 5568.61 | loss  2.57 | avg loss  2.36 | ppl 10.55
| epoch   4 step    16200 |    426 batches | lr 0.000161 | ms/batch 1426.37 | loss  2.37 | avg loss  2.37 | ppl 10.73
| epoch   4 step    16300 |    526 batches | lr 0.000158 | ms/batch 1273.01 | loss  2.66 | avg loss  2.36 | ppl 10.57
| epoch   4 step    16400 |    626 batches | lr 0.000155 | ms/batch 1412.75 | loss  2.76 | avg loss  2.36 | ppl 10.63
| epoch   4 step    16500 |    726 batches | lr 0.000152 | ms/batch 1409.35 | loss  2.53 | avg loss  2.39 | ppl 10.94
| epoch   4 step    16600 |    826 batches | lr 0.00015 | ms/batch 1321.54 | loss  2.52 | avg loss  2.37 | ppl 10.68
| epoch   4 step    16700 |    926 batches | lr 0.000147 | ms/batch 1426.53 | loss  2.52 | avg loss  2.38 | ppl 10.76
| epoch   4 step    16800 |   1026 batches | lr 0.000144 | ms/batch 1442.02 | loss  2.38 | avg loss  2.37 | ppl 10.70
| epoch   4 step    16900 |   1126 batches | lr 0.000142 | ms/batch 1418.10 | loss  2.08 | avg loss  2.35 | ppl 10.46
| epoch   4 step    17000 |   1226 batches | lr 0.000139 | ms/batch 1391.51 | loss  2.24 | avg loss  2.35 | ppl 10.45
saving checkpoint ./trained_models/GPT2_M/e2e/model.17000.pt
| epoch   4 step    17100 |   1326 batches | lr 0.000136 | ms/batch 1556.64 | loss  2.58 | avg loss  2.40 | ppl 10.97
| epoch   4 step    17200 |   1426 batches | lr 0.000134 | ms/batch 1423.70 | loss  2.33 | avg loss  2.35 | ppl 10.47
| epoch   4 step    17300 |   1526 batches | lr 0.000131 | ms/batch 1488.46 | loss  2.22 | avg loss  2.38 | ppl 10.75
| epoch   4 step    17400 |   1626 batches | lr 0.000128 | ms/batch 1421.76 | loss  2.19 | avg loss  2.38 | ppl 10.77
| epoch   4 step    17500 |   1726 batches | lr 0.000126 | ms/batch 1386.75 | loss  2.62 | avg loss  2.38 | ppl 10.80
| epoch   4 step    17600 |   1826 batches | lr 0.000123 | ms/batch 1348.94 | loss  2.62 | avg loss  2.39 | ppl 10.88
| epoch   4 step    17700 |   1926 batches | lr 0.000121 | ms/batch 1458.50 | loss  2.27 | avg loss  2.36 | ppl 10.61
| epoch   4 step    17800 |   2026 batches | lr 0.000118 | ms/batch 1440.08 | loss  2.53 | avg loss  2.39 | ppl 10.88
| epoch   4 step    17900 |   2126 batches | lr 0.000115 | ms/batch 1447.42 | loss  2.32 | avg loss  2.36 | ppl 10.60
| epoch   4 step    18000 |   2226 batches | lr 0.000113 | ms/batch 1415.41 | loss  2.82 | avg loss  2.37 | ppl 10.67
saving checkpoint ./trained_models/GPT2_M/e2e/model.18000.pt
eval samples: 0 loss: tensor(1.0828, device='cuda:0')
eval samples: 100 loss: tensor(0.8447, device='cuda:0')
eval samples: 200 loss: tensor(1.1734, device='cuda:0')
eval samples: 300 loss: tensor(1.0031, device='cuda:0')
eval samples: 400 loss: tensor(0.8449, device='cuda:0')
eval samples: 500 loss: tensor(0.5930, device='cuda:0')
eval samples: 600 loss: tensor(1.2248, device='cuda:0')
eval samples: 700 loss: tensor(0.6564, device='cuda:0')
eval samples: 800 loss: tensor(1.1328, device='cuda:0')
eval samples: 900 loss: tensor(1.6801, device='cuda:0')
eval samples: 1000 loss: tensor(0.9137, device='cuda:0')
eval samples: 1100 loss: tensor(1.5413, device='cuda:0')
average loss 1.151777469744421
----------------------------------------------------------------------------------------------------
| Eval   9 at step    18000 | time: 282.05s | valid loss  1.15 | valid ppl  3.16 | best ppl  3.16 
----------------------------------------------------------------------------------------------------
| epoch   4 step    18100 |   2326 batches | lr 0.00011 | ms/batch 4376.15 | loss  2.47 | avg loss  2.35 | ppl 10.51
| epoch   4 step    18200 |   2426 batches | lr 0.000108 | ms/batch 1424.33 | loss  2.30 | avg loss  2.37 | ppl 10.70
| epoch   4 step    18300 |   2526 batches | lr 0.000106 | ms/batch 1377.26 | loss  2.30 | avg loss  2.37 | ppl 10.71
| epoch   4 step    18400 |   2626 batches | lr 0.000103 | ms/batch 1496.60 | loss  2.46 | avg loss  2.35 | ppl 10.50
| epoch   4 step    18500 |   2726 batches | lr 0.000101 | ms/batch 1439.77 | loss  2.42 | avg loss  2.34 | ppl 10.40
| epoch   4 step    18600 |   2826 batches | lr 9.83e-05 | ms/batch 1386.90 | loss  2.18 | avg loss  2.38 | ppl 10.79
| epoch   4 step    18700 |   2926 batches | lr 9.6e-05 | ms/batch 1540.63 | loss  2.17 | avg loss  2.35 | ppl 10.44
| epoch   4 step    18800 |   3026 batches | lr 9.36e-05 | ms/batch 1401.30 | loss  2.17 | avg loss  2.38 | ppl 10.75
| epoch   4 step    18900 |   3126 batches | lr 9.13e-05 | ms/batch 1439.27 | loss  2.33 | avg loss  2.36 | ppl 10.62
| epoch   4 step    19000 |   3226 batches | lr 8.9e-05 | ms/batch 1484.60 | loss  2.63 | avg loss  2.37 | ppl 10.71
saving checkpoint ./trained_models/GPT2_M/e2e/model.19000.pt
| epoch   4 step    19100 |   3326 batches | lr 8.67e-05 | ms/batch 1550.58 | loss  2.50 | avg loss  2.35 | ppl 10.52
| epoch   4 step    19200 |   3426 batches | lr 8.45e-05 | ms/batch 1485.21 | loss  2.48 | avg loss  2.34 | ppl 10.37
| epoch   4 step    19300 |   3526 batches | lr 8.23e-05 | ms/batch 1412.73 | loss  2.39 | avg loss  2.38 | ppl 10.76
| epoch   4 step    19400 |   3626 batches | lr 8.01e-05 | ms/batch 1456.27 | loss  2.38 | avg loss  2.36 | ppl 10.54
| epoch   4 step    19500 |   3726 batches | lr 7.79e-05 | ms/batch 1527.92 | loss  2.14 | avg loss  2.36 | ppl 10.55
| epoch   4 step    19600 |   3826 batches | lr 7.57e-05 | ms/batch 1418.72 | loss  2.63 | avg loss  2.36 | ppl 10.63
| epoch   4 step    19700 |   3926 batches | lr 7.36e-05 | ms/batch 1425.22 | loss  2.47 | avg loss  2.35 | ppl 10.53
| epoch   4 step    19800 |   4026 batches | lr 7.15e-05 | ms/batch 1421.42 | loss  2.41 | avg loss  2.36 | ppl 10.62
| epoch   4 step    19900 |   4126 batches | lr 6.94e-05 | ms/batch 1467.60 | loss  2.22 | avg loss  2.39 | ppl 10.92
| epoch   4 step    20000 |   4226 batches | lr 6.74e-05 | ms/batch 1440.57 | loss  2.27 | avg loss  2.36 | ppl 10.59
saving checkpoint ./trained_models/GPT2_M/e2e/model.20000.pt
eval samples: 0 loss: tensor(1.1334, device='cuda:0')
eval samples: 100 loss: tensor(0.8660, device='cuda:0')
eval samples: 200 loss: tensor(1.1788, device='cuda:0')
eval samples: 300 loss: tensor(1.0083, device='cuda:0')
eval samples: 400 loss: tensor(0.8046, device='cuda:0')
eval samples: 500 loss: tensor(0.5879, device='cuda:0')
eval samples: 600 loss: tensor(1.1679, device='cuda:0')
eval samples: 700 loss: tensor(0.6589, device='cuda:0')
eval samples: 800 loss: tensor(1.1593, device='cuda:0')
eval samples: 900 loss: tensor(1.6622, device='cuda:0')
eval samples: 1000 loss: tensor(0.9064, device='cuda:0')
eval samples: 1100 loss: tensor(1.5232, device='cuda:0')
average loss 1.147047386874687
----------------------------------------------------------------------------------------------------
| Eval  10 at step    20000 | time: 278.89s | valid loss  1.15 | valid ppl  3.15 | best ppl  3.15 
----------------------------------------------------------------------------------------------------
| epoch   4 step    20100 |   4326 batches | lr 6.53e-05 | ms/batch 4246.67 | loss  2.29 | avg loss  2.35 | ppl 10.50
| epoch   4 step    20200 |   4426 batches | lr 6.33e-05 | ms/batch 1372.18 | loss  2.33 | avg loss  2.37 | ppl 10.65
| epoch   4 step    20300 |   4526 batches | lr 6.14e-05 | ms/batch 1390.60 | loss  2.41 | avg loss  2.38 | ppl 10.80
| epoch   4 step    20400 |   4626 batches | lr 5.94e-05 | ms/batch 1244.91 | loss  2.34 | avg loss  2.36 | ppl 10.54
| epoch   4 step    20500 |   4726 batches | lr 5.75e-05 | ms/batch 1256.81 | loss  2.53 | avg loss  2.34 | ppl 10.34
| epoch   4 step    20600 |   4826 batches | lr 5.56e-05 | ms/batch 1300.91 | loss  2.50 | avg loss  2.38 | ppl 10.82
| epoch   4 step    20700 |   4926 batches | lr 5.37e-05 | ms/batch 1250.15 | loss  2.46 | avg loss  2.35 | ppl 10.47
| epoch   4 step    20800 |   5026 batches | lr 5.19e-05 | ms/batch 1228.63 | loss  2.18 | avg loss  2.37 | ppl 10.71
| epoch   4 step    20900 |   5126 batches | lr 5.01e-05 | ms/batch 1170.33 | loss  2.29 | avg loss  2.34 | ppl 10.42
| epoch   4 step    21000 |   5226 batches | lr 4.83e-05 | ms/batch 1157.84 | loss  2.19 | avg loss  2.35 | ppl 10.47
saving checkpoint ./trained_models/GPT2_M/e2e/model.21000.pt
saving checkpoint ./trained_models/GPT2_M/e2e/model.21032.pt
start to train the model................ 5
| epoch   5 step    21100 |     68 batches | lr 4.66e-05 | ms/batch 794.02 | loss  2.51 | avg loss  2.36 | ppl 10.60
| epoch   5 step    21200 |    168 batches | lr 4.48e-05 | ms/batch 1236.55 | loss  2.44 | avg loss  2.30 | ppl  9.95
| epoch   5 step    21300 |    268 batches | lr 4.31e-05 | ms/batch 1165.61 | loss  2.16 | avg loss  2.35 | ppl 10.49
| epoch   5 step    21400 |    368 batches | lr 4.15e-05 | ms/batch 1172.34 | loss  2.43 | avg loss  2.34 | ppl 10.37
| epoch   5 step    21500 |    468 batches | lr 3.98e-05 | ms/batch 1160.99 | loss  2.42 | avg loss  2.34 | ppl 10.39
| epoch   5 step    21600 |    568 batches | lr 3.82e-05 | ms/batch 1200.47 | loss  2.62 | avg loss  2.31 | ppl 10.05
| epoch   5 step    21700 |    668 batches | lr 3.67e-05 | ms/batch 1191.95 | loss  2.64 | avg loss  2.34 | ppl 10.39
| epoch   5 step    21800 |    768 batches | lr 3.51e-05 | ms/batch 1192.37 | loss  2.30 | avg loss  2.35 | ppl 10.44
| epoch   5 step    21900 |    868 batches | lr 3.36e-05 | ms/batch 1224.11 | loss  2.55 | avg loss  2.33 | ppl 10.27
| epoch   5 step    22000 |    968 batches | lr 3.21e-05 | ms/batch 1178.37 | loss  2.24 | avg loss  2.29 | ppl  9.85
saving checkpoint ./trained_models/GPT2_M/e2e/model.22000.pt
eval samples: 0 loss: tensor(1.0985, device='cuda:0')
eval samples: 100 loss: tensor(0.8413, device='cuda:0')
eval samples: 200 loss: tensor(1.1623, device='cuda:0')
eval samples: 300 loss: tensor(1.0077, device='cuda:0')
eval samples: 400 loss: tensor(0.7998, device='cuda:0')
eval samples: 500 loss: tensor(0.5690, device='cuda:0')
eval samples: 600 loss: tensor(1.1710, device='cuda:0')
eval samples: 700 loss: tensor(0.6466, device='cuda:0')
eval samples: 800 loss: tensor(1.1503, device='cuda:0')
eval samples: 900 loss: tensor(1.6568, device='cuda:0')
eval samples: 1000 loss: tensor(0.9180, device='cuda:0')
eval samples: 1100 loss: tensor(1.5534, device='cuda:0')
average loss 1.1382445914492214
----------------------------------------------------------------------------------------------------
| Eval  11 at step    22000 | time: 242.25s | valid loss  1.14 | valid ppl  3.12 | best ppl  3.12 
----------------------------------------------------------------------------------------------------
| epoch   5 step    22100 |   1068 batches | lr 3.07e-05 | ms/batch 3679.31 | loss  2.44 | avg loss  2.31 | ppl 10.09
| epoch   5 step    22200 |   1168 batches | lr 2.93e-05 | ms/batch 1218.94 | loss  2.70 | avg loss  2.34 | ppl 10.37
| epoch   5 step    22300 |   1268 batches | lr 2.79e-05 | ms/batch 1112.57 | loss  2.21 | avg loss  2.34 | ppl 10.43
| epoch   5 step    22400 |   1368 batches | lr 2.65e-05 | ms/batch 1182.91 | loss  2.16 | avg loss  2.29 | ppl  9.90
| epoch   5 step    22500 |   1468 batches | lr 2.52e-05 | ms/batch 1142.95 | loss  2.44 | avg loss  2.33 | ppl 10.27
| epoch   5 step    22600 |   1568 batches | lr 2.39e-05 | ms/batch 1188.93 | loss  2.54 | avg loss  2.33 | ppl 10.32
| epoch   5 step    22700 |   1668 batches | lr 2.27e-05 | ms/batch 1123.54 | loss  2.22 | avg loss  2.33 | ppl 10.23
| epoch   5 step    22800 |   1768 batches | lr 2.14e-05 | ms/batch 1209.13 | loss  2.18 | avg loss  2.33 | ppl 10.29
| epoch   5 step    22900 |   1868 batches | lr 2.02e-05 | ms/batch 1139.55 | loss  2.66 | avg loss  2.36 | ppl 10.62
| epoch   5 step    23000 |   1968 batches | lr 1.91e-05 | ms/batch 1179.10 | loss  2.24 | avg loss  2.32 | ppl 10.23
saving checkpoint ./trained_models/GPT2_M/e2e/model.23000.pt
| epoch   5 step    23100 |   2068 batches | lr 1.79e-05 | ms/batch 1258.78 | loss  2.43 | avg loss  2.35 | ppl 10.47
| epoch   5 step    23200 |   2168 batches | lr 1.69e-05 | ms/batch 1187.25 | loss  2.49 | avg loss  2.32 | ppl 10.19
| epoch   5 step    23300 |   2268 batches | lr 1.58e-05 | ms/batch 1159.33 | loss  2.22 | avg loss  2.31 | ppl 10.04
| epoch   5 step    23400 |   2368 batches | lr 1.48e-05 | ms/batch 1184.87 | loss  2.30 | avg loss  2.33 | ppl 10.24
| epoch   5 step    23500 |   2468 batches | lr 1.38e-05 | ms/batch 1159.58 | loss  2.17 | avg loss  2.30 | ppl 10.02
| epoch   5 step    23600 |   2568 batches | lr 1.28e-05 | ms/batch 1152.71 | loss  2.11 | avg loss  2.32 | ppl 10.15
| epoch   5 step    23700 |   2668 batches | lr 1.19e-05 | ms/batch 1177.64 | loss  2.22 | avg loss  2.30 | ppl  9.95
| epoch   5 step    23800 |   2768 batches | lr 1.1e-05 | ms/batch 1147.22 | loss  2.36 | avg loss  2.33 | ppl 10.28
| epoch   5 step    23900 |   2868 batches | lr 1.01e-05 | ms/batch 1202.65 | loss  2.38 | avg loss  2.31 | ppl 10.03
| epoch   5 step    24000 |   2968 batches | lr 9.3e-06 | ms/batch 1173.05 | loss  2.20 | avg loss  2.33 | ppl 10.31
saving checkpoint ./trained_models/GPT2_M/e2e/model.24000.pt
eval samples: 0 loss: tensor(1.0996, device='cuda:0')
eval samples: 100 loss: tensor(0.8416, device='cuda:0')
eval samples: 200 loss: tensor(1.1462, device='cuda:0')
eval samples: 300 loss: tensor(1.0090, device='cuda:0')
eval samples: 400 loss: tensor(0.8068, device='cuda:0')
eval samples: 500 loss: tensor(0.5686, device='cuda:0')
eval samples: 600 loss: tensor(1.1657, device='cuda:0')
eval samples: 700 loss: tensor(0.6466, device='cuda:0')
eval samples: 800 loss: tensor(1.1473, device='cuda:0')
eval samples: 900 loss: tensor(1.6570, device='cuda:0')
eval samples: 1000 loss: tensor(0.9213, device='cuda:0')
eval samples: 1100 loss: tensor(1.5551, device='cuda:0')
average loss 1.137025616935467
----------------------------------------------------------------------------------------------------
| Eval  12 at step    24000 | time: 243.60s | valid loss  1.14 | valid ppl  3.12 | best ppl  3.12 
----------------------------------------------------------------------------------------------------
| epoch   5 step    24100 |   3068 batches | lr 8.51e-06 | ms/batch 3721.38 | loss  2.44 | avg loss  2.35 | ppl 10.51
| epoch   5 step    24200 |   3168 batches | lr 7.76e-06 | ms/batch 1219.99 | loss  2.51 | avg loss  2.29 | ppl  9.91
| epoch   5 step    24300 |   3268 batches | lr 7.04e-06 | ms/batch 1184.33 | loss  2.44 | avg loss  2.34 | ppl 10.36
| epoch   5 step    24400 |   3368 batches | lr 6.35e-06 | ms/batch 1220.02 | loss  2.45 | avg loss  2.32 | ppl 10.14
| epoch   5 step    24500 |   3468 batches | lr 5.7e-06 | ms/batch 1196.43 | loss  2.16 | avg loss  2.33 | ppl 10.23
| epoch   5 step    24600 |   3568 batches | lr 5.08e-06 | ms/batch 1162.95 | loss  2.38 | avg loss  2.32 | ppl 10.16
| epoch   5 step    24700 |   3668 batches | lr 4.5e-06 | ms/batch 1240.24 | loss  2.56 | avg loss  2.35 | ppl 10.52
| epoch   5 step    24800 |   3768 batches | lr 3.95e-06 | ms/batch 1147.08 | loss  2.64 | avg loss  2.32 | ppl 10.20
| epoch   5 step    24900 |   3868 batches | lr 3.44e-06 | ms/batch 1227.88 | loss  2.17 | avg loss  2.32 | ppl 10.22
| epoch   5 step    25000 |   3968 batches | lr 2.96e-06 | ms/batch 1160.88 | loss  2.23 | avg loss  2.33 | ppl 10.27
saving checkpoint ./trained_models/GPT2_M/e2e/model.25000.pt
| epoch   5 step    25100 |   4068 batches | lr 2.52e-06 | ms/batch 1293.24 | loss  2.39 | avg loss  2.31 | ppl 10.10
| epoch   5 step    25200 |   4168 batches | lr 2.12e-06 | ms/batch 1198.56 | loss  2.18 | avg loss  2.34 | ppl 10.38
| epoch   5 step    25300 |   4268 batches | lr 1.75e-06 | ms/batch 1148.14 | loss  2.31 | avg loss  2.30 | ppl 10.02
| epoch   5 step    25400 |   4368 batches | lr 1.41e-06 | ms/batch 1038.95 | loss  2.52 | avg loss  2.29 | ppl  9.92
| epoch   5 step    25500 |   4468 batches | lr 1.11e-06 | ms/batch 1071.19 | loss  2.32 | avg loss  2.32 | ppl 10.22
| epoch   5 step    25600 |   4568 batches | lr 8.49e-07 | ms/batch 1036.92 | loss  2.50 | avg loss  2.33 | ppl 10.26
| epoch   5 step    25700 |   4668 batches | lr 6.21e-07 | ms/batch 1040.44 | loss  2.56 | avg loss  2.36 | ppl 10.64
| epoch   5 step    25800 |   4768 batches | lr 4.28e-07 | ms/batch 1057.59 | loss  2.38 | avg loss  2.34 | ppl 10.42
| epoch   5 step    25900 |   4868 batches | lr 2.71e-07 | ms/batch 1052.06 | loss  2.21 | avg loss  2.31 | ppl 10.11
| epoch   5 step    26000 |   4968 batches | lr 1.5e-07 | ms/batch 1039.12 | loss  2.27 | avg loss  2.34 | ppl 10.38
saving checkpoint ./trained_models/GPT2_M/e2e/model.26000.pt
eval samples: 0 loss: tensor(1.0984, device='cuda:0')
eval samples: 100 loss: tensor(0.8404, device='cuda:0')
eval samples: 200 loss: tensor(1.1493, device='cuda:0')
eval samples: 300 loss: tensor(1.0061, device='cuda:0')
eval samples: 400 loss: tensor(0.8056, device='cuda:0')
eval samples: 500 loss: tensor(0.5664, device='cuda:0')
eval samples: 600 loss: tensor(1.1639, device='cuda:0')
eval samples: 700 loss: tensor(0.6387, device='cuda:0')
eval samples: 800 loss: tensor(1.1458, device='cuda:0')
eval samples: 900 loss: tensor(1.6573, device='cuda:0')
eval samples: 1000 loss: tensor(0.9193, device='cuda:0')
eval samples: 1100 loss: tensor(1.5460, device='cuda:0')
average loss 1.135398880769945
----------------------------------------------------------------------------------------------------
| Eval  13 at step    26000 | time: 210.58s | valid loss  1.14 | valid ppl  3.11 | best ppl  3.11 
----------------------------------------------------------------------------------------------------
| epoch   5 step    26100 |   5068 batches | lr 6.44e-08 | ms/batch 3243.08 | loss  2.31 | avg loss  2.32 | ppl 10.15
| epoch   5 step    26200 |   5168 batches | lr 1.45e-08 | ms/batch 1036.77 | loss  2.44 | avg loss  2.31 | ppl 10.06
saving checkpoint ./trained_models/GPT2_M/e2e/model.26290.pt
----------------------------------------------------------------------------------------------------
End of training
cleanup dist ...
[rank0]:[W722 21:33:50.656390917 ProcessGroupNCCL.cpp:1479] Warning: WARNING: destroy_process_group() was not called before program exit, which can leak resources. For more info, please see https://pytorch.org/docs/stable/distributed.html#shutdown (function operator())
