nohup: ignoring input
myrank: 0 local_rank: 0 device_count: 1 world_size: 1
====================================================================================================
        - platform : local
        - local_rank : 0
        - rank : 0
        - device : cuda:0
        - world_size : 1
        - random_seed : 110
        - lr : 0.0001
        - weight_decay : 0.01
        - correct_bias : True
        - adam_epislon : 1e-06
        - no_decay_bias : False
        - adam_beta1 : 0.9
        - adam_beta2 : 0.999
        - scheduler : None
        - max_step : None
        - max_epoch : 5
        - warmup_step : 500
        - i_steps : 0
        - i_lrs : 0.00025
        - train_data : ./data/e2e/train.jsonl
        - valid_data : ./data/e2e/valid.jsonl
        - train_batch_size : 8
        - valid_batch_size : 4
        - grad_acc : 1
        - clip : 0.0
        - seq_len : 512
        - model_card : gpt2.md
        - init_checkpoint : ./pretrained_checkpoints/gpt2-medium-pytorch_model.bin
        - fp16 : False
        - log_interval : 100
        - eval_interval : 2000
        - save_interval : 1000
        - work_dir : ./trained_models/GPT2_M/e2e
        - lora_dim : 0
        - lora_alpha : 32
        - obj : clm
        - lora_dropout : 0.1
        - label_smooth : 0.1
        - roll_interval : -1
        - roll_lr : 1e-05
        - roll_step : 100
        - eval_epoch : 1
        - dist : <module 'torch.distributed' from '/home/ycyh/miniconda3/envs/LoRA/lib/python3.11/site-packages/torch/distributed/__init__.py'>
====================================================================================================
Experiment dir : ./trained_models/GPT2_M/e2e
loading model pretrained weight.
MoFaSGD 2D parameter count: 354.50M
Skipped 1D parameter count : 0.32M
set max_step: 26290
start to train the model................ 1
| epoch   1 step      100 |    100 batches | lr 0.0001 | ms/batch 851.50 | loss  3.32 | avg loss  2.99 | ppl 19.89
| epoch   1 step      200 |    200 batches | lr 0.0001 | ms/batch 858.32 | loss  2.77 | avg loss  2.79 | ppl 16.29
| epoch   1 step      300 |    300 batches | lr 0.0001 | ms/batch 859.76 | loss  2.73 | avg loss  2.72 | ppl 15.17
| epoch   1 step      400 |    400 batches | lr 0.0001 | ms/batch 859.70 | loss  2.72 | avg loss  2.70 | ppl 14.94
| epoch   1 step      500 |    500 batches | lr 0.0001 | ms/batch 859.75 | loss  2.49 | avg loss  2.64 | ppl 14.00
| epoch   1 step      600 |    600 batches | lr 0.0001 | ms/batch 859.78 | loss  2.48 | avg loss  2.61 | ppl 13.61
| epoch   1 step      700 |    700 batches | lr 0.0001 | ms/batch 859.71 | loss  2.76 | avg loss  2.59 | ppl 13.40
| epoch   1 step      800 |    800 batches | lr 0.0001 | ms/batch 859.73 | loss  2.29 | avg loss  2.57 | ppl 13.07
| epoch   1 step      900 |    900 batches | lr 0.0001 | ms/batch 859.73 | loss  2.36 | avg loss  2.57 | ppl 13.04
| epoch   1 step     1000 |   1000 batches | lr 0.0001 | ms/batch 859.68 | loss  3.05 | avg loss  2.59 | ppl 13.30
saving checkpoint ./trained_models/GPT2_M/e2e/model.1000.pt
/home/ycyh/miniconda3/envs/LoRA/lib/python3.11/site-packages/torch/distributed/distributed_c10d.py:4631: UserWarning: No device id is provided via `init_process_group` or `barrier `. Using the current device set by the user. 
  warnings.warn(  # warn only once
| epoch   1 step     1100 |   1100 batches | lr 0.0001 | ms/batch 964.70 | loss  2.64 | avg loss  2.60 | ppl 13.51
| epoch   1 step     1200 |   1200 batches | lr 0.0001 | ms/batch 859.74 | loss  2.38 | avg loss  2.59 | ppl 13.40
| epoch   1 step     1300 |   1300 batches | lr 0.0001 | ms/batch 859.74 | loss  2.42 | avg loss  2.57 | ppl 13.09
| epoch   1 step     1400 |   1400 batches | lr 0.0001 | ms/batch 859.73 | loss  2.48 | avg loss  2.56 | ppl 12.88
| epoch   1 step     1500 |   1500 batches | lr 0.0001 | ms/batch 859.74 | loss  2.57 | avg loss  2.58 | ppl 13.17
| epoch   1 step     1600 |   1600 batches | lr 0.0001 | ms/batch 859.75 | loss  2.67 | avg loss  2.54 | ppl 12.70
| epoch   1 step     1700 |   1700 batches | lr 0.0001 | ms/batch 859.79 | loss  2.38 | avg loss  2.55 | ppl 12.84
| epoch   1 step     1800 |   1800 batches | lr 0.0001 | ms/batch 859.75 | loss  2.40 | avg loss  2.56 | ppl 12.94
E0626 06:46:46.808000 802443 site-packages/torch/distributed/elastic/multiprocessing/api.py:874] failed (exitcode: -9) local_rank: 0 (pid: 802520) of binary: /home/ycyh/miniconda3/envs/LoRA/bin/python3.11
Traceback (most recent call last):
  File "/home/ycyh/miniconda3/envs/LoRA/bin/torchrun", line 7, in <module>
    sys.exit(main())
             ^^^^^^
  File "/home/ycyh/miniconda3/envs/LoRA/lib/python3.11/site-packages/torch/distributed/elastic/multiprocessing/errors/__init__.py", line 355, in wrapper
    return f(*args, **kwargs)
           ^^^^^^^^^^^^^^^^^^
  File "/home/ycyh/miniconda3/envs/LoRA/lib/python3.11/site-packages/torch/distributed/run.py", line 892, in main
    run(args)
  File "/home/ycyh/miniconda3/envs/LoRA/lib/python3.11/site-packages/torch/distributed/run.py", line 883, in run
    elastic_launch(
  File "/home/ycyh/miniconda3/envs/LoRA/lib/python3.11/site-packages/torch/distributed/launcher/api.py", line 139, in __call__
    return launch_agent(self._config, self._entrypoint, list(args))
           ^^^^^^^^^^^^^^^^^^^^^^^^^^^^^^^^^^^^^^^^^^^^^^^^^^^^^^^^
  File "/home/ycyh/miniconda3/envs/LoRA/lib/python3.11/site-packages/torch/distributed/launcher/api.py", line 270, in launch_agent
    raise ChildFailedError(
torch.distributed.elastic.multiprocessing.errors.ChildFailedError: 
=======================================================
src/gpt2_ft.py FAILED
-------------------------------------------------------
Failures:
  <NO_OTHER_FAILURES>
-------------------------------------------------------
Root Cause (first observed failure):
[0]:
  time      : 2026-06-26_06:46:46
  host      : h3c
  rank      : 0 (local_rank: 0)
  exitcode  : -9 (pid: 802520)
  error_file: <N/A>
  traceback : Signal 9 (SIGKILL) received by PID 802520
=======================================================
