nohup: ignoring input
myrank: 0 local_rank: 0 device_count: 1 world_size: 1
====================================================================================================
        - platform : local
        - local_rank : 0
        - rank : 0
        - device : cuda:0
        - world_size : 1
        - random_seed : 110
        - lr : 0.0005
        - weight_decay : 0.01
        - correct_bias : True
        - adam_epislon : 1e-06
        - no_decay_bias : False
        - adam_beta1 : 0.9
        - adam_beta2 : 0.999
        - scheduler : None
        - max_step : None
        - max_epoch : 5
        - warmup_step : 500
        - i_steps : 0
        - i_lrs : 0.00025
        - train_data : ./data/e2e/train.jsonl
        - valid_data : ./data/e2e/valid.jsonl
        - train_batch_size : 8
        - valid_batch_size : 4
        - grad_acc : 1
        - clip : 0.0
        - seq_len : 512
        - model_card : gpt2.md
        - init_checkpoint : ./pretrained_checkpoints/gpt2-medium-pytorch_model.bin
        - fp16 : False
        - log_interval : 100
        - eval_interval : 2000
        - save_interval : 1000
        - work_dir : ./trained_models/GPT2_M/e2e
        - lora_dim : 4
        - lora_alpha : 32
        - obj : clm
        - lora_dropout : 0.1
        - label_smooth : 0.1
        - roll_interval : -1
        - roll_lr : 1e-05
        - roll_step : 100
        - eval_epoch : 1
        - dist : <module 'torch.distributed' from '/home/ycyh/miniconda3/envs/LoRA/lib/python3.11/site-packages/torch/distributed/__init__.py'>
====================================================================================================
Experiment dir : ./trained_models/GPT2_M/e2e
loading model pretrained weight.
set max_step: 26290
start to train the model................ 1
| epoch   1 step      100 |    100 batches | lr 0.0005 | ms/batch 783.70 | loss  3.61 | avg loss  3.21 | ppl 24.85
| epoch   1 step      200 |    200 batches | lr 0.0005 | ms/batch 790.23 | loss  3.03 | avg loss  3.03 | ppl 20.80
| epoch   1 step      300 |    300 batches | lr 0.0005 | ms/batch 784.11 | loss  3.16 | avg loss  3.03 | ppl 20.73
| epoch   1 step      400 |    400 batches | lr 0.0005 | ms/batch 785.44 | loss  3.29 | avg loss  3.07 | ppl 21.45
| epoch   1 step      500 |    500 batches | lr 0.0005 | ms/batch 784.86 | loss  2.89 | avg loss  3.02 | ppl 20.58
| epoch   1 step      600 |    600 batches | lr 0.0005 | ms/batch 791.85 | loss  2.89 | avg loss  3.02 | ppl 20.55
| epoch   1 step      700 |    700 batches | lr 0.0005 | ms/batch 789.46 | loss  3.24 | avg loss  3.01 | ppl 20.38
| epoch   1 step      800 |    800 batches | lr 0.0005 | ms/batch 789.38 | loss  2.71 | avg loss  3.02 | ppl 20.56
| epoch   1 step      900 |    900 batches | lr 0.0005 | ms/batch 793.31 | loss  2.75 | avg loss  3.03 | ppl 20.70
| epoch   1 step     1000 |   1000 batches | lr 0.0005 | ms/batch 787.31 | loss  3.45 | avg loss  3.09 | ppl 22.03
saving checkpoint ./trained_models/GPT2_M/e2e/model.1000.pt
/home/ycyh/miniconda3/envs/LoRA/lib/python3.11/site-packages/torch/distributed/distributed_c10d.py:4631: UserWarning: No device id is provided via `init_process_group` or `barrier `. Using the current device set by the user. 
  warnings.warn(  # warn only once
| epoch   1 step     1100 |   1100 batches | lr 0.0005 | ms/batch 794.32 | loss  3.22 | avg loss  3.13 | ppl 22.81
| epoch   1 step     1200 |   1200 batches | lr 0.0005 | ms/batch 787.81 | loss  2.76 | avg loss  3.16 | ppl 23.45
| epoch   1 step     1300 |   1300 batches | lr 0.0005 | ms/batch 791.18 | loss  2.92 | avg loss  3.14 | ppl 23.10
| epoch   1 step     1400 |   1400 batches | lr 0.0005 | ms/batch 793.57 | loss  3.09 | avg loss  3.15 | ppl 23.37
| epoch   1 step     1500 |   1500 batches | lr 0.0005 | ms/batch 782.87 | loss  3.39 | avg loss  3.25 | ppl 25.67
| epoch   1 step     1600 |   1600 batches | lr 0.0005 | ms/batch 788.58 | loss  3.04 | avg loss  3.24 | ppl 25.66
| epoch   1 step     1700 |   1700 batches | lr 0.0005 | ms/batch 785.69 | loss  3.22 | avg loss  3.36 | ppl 28.68
| epoch   1 step     1800 |   1800 batches | lr 0.0005 | ms/batch 789.93 | loss  3.44 | avg loss  3.44 | ppl 31.16
| epoch   1 step     1900 |   1900 batches | lr 0.0005 | ms/batch 791.31 | loss  3.38 | avg loss  3.41 | ppl 30.19
| epoch   1 step     2000 |   2000 batches | lr 0.0005 | ms/batch 781.53 | loss  3.31 | avg loss  3.49 | ppl 32.80
saving checkpoint ./trained_models/GPT2_M/e2e/model.2000.pt
/home/ycyh/miniconda3/envs/LoRA/lib/python3.11/site-packages/torch/nn/_reduction.py:51: UserWarning: size_average and reduce args will be deprecated, please use reduction='none' instead.
  warnings.warn(warning.format(ret))
eval samples: 0 loss: tensor(1.9005, device='cuda:0')
eval samples: 100 loss: tensor(1.3231, device='cuda:0')
eval samples: 200 loss: tensor(2.5128, device='cuda:0')
eval samples: 300 loss: tensor(1.7180, device='cuda:0')
eval samples: 400 loss: tensor(1.6172, device='cuda:0')
eval samples: 500 loss: tensor(1.2352, device='cuda:0')
eval samples: 600 loss: tensor(2.0788, device='cuda:0')
eval samples: 700 loss: tensor(1.3334, device='cuda:0')
eval samples: 800 loss: tensor(1.6593, device='cuda:0')
eval samples: 900 loss: tensor(2.6305, device='cuda:0')
eval samples: 1000 loss: tensor(1.8747, device='cuda:0')
eval samples: 1100 loss: tensor(2.7206, device='cuda:0')
average loss 1.9845904123089084
----------------------------------------------------------------------------------------------------
| Eval   1 at step     2000 | time: 204.03s | valid loss  1.98 | valid ppl  7.28 | best ppl  7.28 
----------------------------------------------------------------------------------------------------
| epoch   1 step     2100 |   2100 batches | lr 0.0005 | ms/batch 2827.52 | loss  3.61 | avg loss  3.68 | ppl 39.58
| epoch   1 step     2200 |   2200 batches | lr 0.0005 | ms/batch 785.41 | loss  6.92 | avg loss  4.75 | ppl 115.43
| epoch   1 step     2300 |   2300 batches | lr 0.0005 | ms/batch 789.78 | loss  6.22 | avg loss  7.65 | ppl 2103.93
| epoch   1 step     2400 |   2400 batches | lr 0.0005 | ms/batch 789.92 | loss  6.42 | avg loss  6.38 | ppl 588.91
| epoch   1 step     2500 |   2500 batches | lr 0.0005 | ms/batch 788.43 | loss  6.29 | avg loss  6.31 | ppl 549.61
| epoch   1 step     2600 |   2600 batches | lr 0.0005 | ms/batch 788.79 | loss  6.33 | avg loss  6.38 | ppl 588.36
| epoch   1 step     2700 |   2700 batches | lr 0.0005 | ms/batch 790.24 | loss  6.36 | avg loss  6.35 | ppl 573.93
| epoch   1 step     2800 |   2800 batches | lr 0.0005 | ms/batch 793.27 | loss  6.30 | avg loss  6.65 | ppl 771.08
| epoch   1 step     2900 |   2900 batches | lr 0.0005 | ms/batch 793.26 | loss  6.33 | avg loss  6.34 | ppl 569.55
| epoch   1 step     3000 |   3000 batches | lr 0.0005 | ms/batch 794.74 | loss  6.39 | avg loss  6.20 | ppl 494.54
saving checkpoint ./trained_models/GPT2_M/e2e/model.3000.pt
| epoch   1 step     3100 |   3100 batches | lr 0.0005 | ms/batch 792.99 | loss  6.67 | avg loss  6.21 | ppl 497.06
| epoch   1 step     3200 |   3200 batches | lr 0.0005 | ms/batch 792.21 | loss  6.24 | avg loss  6.26 | ppl 521.75
| epoch   1 step     3300 |   3300 batches | lr 0.0005 | ms/batch 790.81 | loss  6.42 | avg loss  6.16 | ppl 472.95
| epoch   1 step     3400 |   3400 batches | lr 0.0005 | ms/batch 791.05 | loss  6.31 | avg loss  6.20 | ppl 492.65
| epoch   1 step     3500 |   3500 batches | lr 0.0005 | ms/batch 792.12 | loss  6.29 | avg loss  6.21 | ppl 498.09
| epoch   1 step     3600 |   3600 batches | lr 0.0005 | ms/batch 796.49 | loss  6.39 | avg loss  6.26 | ppl 524.54
| epoch   1 step     3700 |   3700 batches | lr 0.0005 | ms/batch 793.41 | loss  6.30 | avg loss  6.30 | ppl 543.24
| epoch   1 step     3800 |   3800 batches | lr 0.0005 | ms/batch 788.53 | loss  6.48 | avg loss  6.26 | ppl 520.93
| epoch   1 step     3900 |   3900 batches | lr 0.0005 | ms/batch 787.56 | loss  6.21 | avg loss  6.27 | ppl 529.85
| epoch   1 step     4000 |   4000 batches | lr 0.0005 | ms/batch 785.32 | loss  6.22 | avg loss  6.26 | ppl 522.42
saving checkpoint ./trained_models/GPT2_M/e2e/model.4000.pt
eval samples: 0 loss: tensor(5.1415, device='cuda:0')
eval samples: 100 loss: tensor(5.3526, device='cuda:0')
eval samples: 200 loss: tensor(5.5405, device='cuda:0')
eval samples: 300 loss: tensor(5.1673, device='cuda:0')
eval samples: 400 loss: tensor(5.2954, device='cuda:0')
eval samples: 500 loss: tensor(4.9473, device='cuda:0')
eval samples: 600 loss: tensor(5.8401, device='cuda:0')
eval samples: 700 loss: tensor(4.8603, device='cuda:0')
eval samples: 800 loss: tensor(5.1668, device='cuda:0')
eval samples: 900 loss: tensor(5.8390, device='cuda:0')
eval samples: 1000 loss: tensor(5.3615, device='cuda:0')
eval samples: 1100 loss: tensor(5.5211, device='cuda:0')
average loss 5.321269447264606
----------------------------------------------------------------------------------------------------
| Eval   2 at step     4000 | time: 198.99s | valid loss  5.32 | valid ppl 204.64 | best ppl  7.28 
----------------------------------------------------------------------------------------------------
| epoch   1 step     4100 |   4100 batches | lr 0.0005 | ms/batch 2777.83 | loss  6.25 | avg loss  6.25 | ppl 518.45
| epoch   1 step     4200 |   4200 batches | lr 0.0005 | ms/batch 788.30 | loss  5.99 | avg loss  6.26 | ppl 521.80
| epoch   1 step     4300 |   4300 batches | lr 0.0005 | ms/batch 788.91 | loss  6.00 | avg loss  6.10 | ppl 447.03
| epoch   1 step     4400 |   4400 batches | lr 0.0005 | ms/batch 789.62 | loss  6.25 | avg loss  6.14 | ppl 462.49
| epoch   1 step     4500 |   4500 batches | lr 0.0005 | ms/batch 792.08 | loss  6.54 | avg loss  6.19 | ppl 488.43
| epoch   1 step     4600 |   4600 batches | lr 0.0005 | ms/batch 791.63 | loss  6.10 | avg loss  6.22 | ppl 503.43
| epoch   1 step     4700 |   4700 batches | lr 0.0005 | ms/batch 792.78 | loss  6.63 | avg loss  6.19 | ppl 487.75
| epoch   1 step     4800 |   4800 batches | lr 0.0005 | ms/batch 794.86 | loss  6.41 | avg loss  6.20 | ppl 493.78
| epoch   1 step     4900 |   4900 batches | lr 0.0005 | ms/batch 795.08 | loss  6.16 | avg loss  6.20 | ppl 492.03
| epoch   1 step     5000 |   5000 batches | lr 0.0005 | ms/batch 792.44 | loss  6.06 | avg loss  6.18 | ppl 481.35
saving checkpoint ./trained_models/GPT2_M/e2e/model.5000.pt
| epoch   1 step     5100 |   5100 batches | lr 0.0005 | ms/batch 791.78 | loss  6.12 | avg loss  6.21 | ppl 499.79
| epoch   1 step     5200 |   5200 batches | lr 0.0005 | ms/batch 787.71 | loss  6.54 | avg loss  6.19 | ppl 487.95
saving checkpoint ./trained_models/GPT2_M/e2e/model.5258.pt
start to train the model................ 2
| epoch   2 step     5300 |     42 batches | lr 0.0005 | ms/batch 332.85 | loss  6.12 | avg loss  6.23 | ppl 507.58
| epoch   2 step     5400 |    142 batches | lr 0.0005 | ms/batch 795.06 | loss  5.98 | avg loss  6.26 | ppl 522.59
| epoch   2 step     5500 |    242 batches | lr 0.0005 | ms/batch 797.12 | loss  6.42 | avg loss  6.26 | ppl 525.62
| epoch   2 step     5600 |    342 batches | lr 0.0005 | ms/batch 791.65 | loss  6.20 | avg loss  6.30 | ppl 542.27
| epoch   2 step     5700 |    442 batches | lr 0.0005 | ms/batch 789.52 | loss  6.06 | avg loss  6.28 | ppl 535.61
| epoch   2 step     5800 |    542 batches | lr 0.0005 | ms/batch 788.08 | loss  6.25 | avg loss  6.26 | ppl 521.51
| epoch   2 step     5900 |    642 batches | lr 0.0005 | ms/batch 785.49 | loss  6.36 | avg loss  6.34 | ppl 569.08
| epoch   2 step     6000 |    742 batches | lr 0.0005 | ms/batch 783.57 | loss  6.20 | avg loss  6.30 | ppl 545.36
saving checkpoint ./trained_models/GPT2_M/e2e/model.6000.pt
eval samples: 0 loss: tensor(5.2853, device='cuda:0')
eval samples: 100 loss: tensor(5.2818, device='cuda:0')
eval samples: 200 loss: tensor(5.4417, device='cuda:0')
eval samples: 300 loss: tensor(5.3235, device='cuda:0')
eval samples: 400 loss: tensor(5.5220, device='cuda:0')
eval samples: 500 loss: tensor(5.0337, device='cuda:0')
eval samples: 600 loss: tensor(5.8462, device='cuda:0')
eval samples: 700 loss: tensor(5.0495, device='cuda:0')
eval samples: 800 loss: tensor(5.1059, device='cuda:0')
eval samples: 900 loss: tensor(5.8512, device='cuda:0')
eval samples: 1000 loss: tensor(5.2975, device='cuda:0')
eval samples: 1100 loss: tensor(5.6085, device='cuda:0')
average loss 5.349646504202934
----------------------------------------------------------------------------------------------------
| Eval   3 at step     6000 | time: 198.65s | valid loss  5.35 | valid ppl 210.53 | best ppl 210.53 
----------------------------------------------------------------------------------------------------
| epoch   2 step     6100 |    842 batches | lr 0.0005 | ms/batch 2770.77 | loss  6.37 | avg loss  6.35 | ppl 574.51
| epoch   2 step     6200 |    942 batches | lr 0.0005 | ms/batch 785.55 | loss  6.21 | avg loss  6.33 | ppl 561.55
| epoch   2 step     6300 |   1042 batches | lr 0.0005 | ms/batch 781.53 | loss  6.54 | avg loss  6.31 | ppl 552.33
| epoch   2 step     6400 |   1142 batches | lr 0.0005 | ms/batch 782.36 | loss  6.28 | avg loss  6.34 | ppl 564.05
| epoch   2 step     6500 |   1242 batches | lr 0.0005 | ms/batch 783.86 | loss  6.17 | avg loss  6.33 | ppl 558.97
| epoch   2 step     6600 |   1342 batches | lr 0.0005 | ms/batch 784.86 | loss  6.36 | avg loss  6.31 | ppl 551.42
| epoch   2 step     6700 |   1442 batches | lr 0.0005 | ms/batch 783.64 | loss  6.30 | avg loss  6.32 | ppl 554.65
| epoch   2 step     6800 |   1542 batches | lr 0.0005 | ms/batch 789.35 | loss  6.05 | avg loss  6.33 | ppl 559.38
| epoch   2 step     6900 |   1642 batches | lr 0.0005 | ms/batch 781.88 | loss  6.29 | avg loss  6.27 | ppl 529.24
| epoch   2 step     7000 |   1742 batches | lr 0.0005 | ms/batch 782.22 | loss  6.29 | avg loss  6.29 | ppl 536.97
saving checkpoint ./trained_models/GPT2_M/e2e/model.7000.pt
| epoch   2 step     7100 |   1842 batches | lr 0.0005 | ms/batch 783.72 | loss  6.34 | avg loss  6.29 | ppl 538.13
| epoch   2 step     7200 |   1942 batches | lr 0.0005 | ms/batch 786.46 | loss  6.09 | avg loss  6.32 | ppl 553.23
| epoch   2 step     7300 |   2042 batches | lr 0.0005 | ms/batch 785.35 | loss  6.20 | avg loss  6.27 | ppl 529.45
| epoch   2 step     7400 |   2142 batches | lr 0.0005 | ms/batch 790.10 | loss  6.40 | avg loss  6.27 | ppl 530.27
| epoch   2 step     7500 |   2242 batches | lr 0.0005 | ms/batch 788.84 | loss  6.70 | avg loss  6.39 | ppl 594.53
| epoch   2 step     7600 |   2342 batches | lr 0.0005 | ms/batch 788.12 | loss  6.00 | avg loss  6.31 | ppl 551.57
| epoch   2 step     7700 |   2442 batches | lr 0.0005 | ms/batch 787.49 | loss  6.49 | avg loss  6.31 | ppl 548.21
| epoch   2 step     7800 |   2542 batches | lr 0.0005 | ms/batch 786.38 | loss  6.36 | avg loss  6.31 | ppl 551.17
| epoch   2 step     7900 |   2642 batches | lr 0.0005 | ms/batch 1313.97 | loss  6.62 | avg loss  6.30 | ppl 543.54
| epoch   2 step     8000 |   2742 batches | lr 0.0005 | ms/batch 1628.82 | loss  6.22 | avg loss  6.33 | ppl 561.38
saving checkpoint ./trained_models/GPT2_M/e2e/model.8000.pt
eval samples: 0 loss: tensor(5.2983, device='cuda:0')
eval samples: 100 loss: tensor(5.4594, device='cuda:0')
eval samples: 200 loss: tensor(5.4955, device='cuda:0')
eval samples: 300 loss: tensor(5.2989, device='cuda:0')
eval samples: 400 loss: tensor(5.3286, device='cuda:0')
eval samples: 500 loss: tensor(5.1540, device='cuda:0')
eval samples: 600 loss: tensor(5.8454, device='cuda:0')
eval samples: 700 loss: tensor(5.0108, device='cuda:0')
eval samples: 800 loss: tensor(5.2843, device='cuda:0')
eval samples: 900 loss: tensor(5.9407, device='cuda:0')
eval samples: 1000 loss: tensor(5.3638, device='cuda:0')
eval samples: 1100 loss: tensor(5.5557, device='cuda:0')
average loss 5.441402731284703
----------------------------------------------------------------------------------------------------
| Eval   4 at step     8000 | time: 436.38s | valid loss  5.44 | valid ppl 230.77 | best ppl 210.53 
----------------------------------------------------------------------------------------------------
| epoch   2 step     8100 |   2842 batches | lr 0.0005 | ms/batch 5991.67 | loss  6.23 | avg loss  6.34 | ppl 565.88
| epoch   2 step     8200 |   2942 batches | lr 0.0005 | ms/batch 1623.66 | loss  6.64 | avg loss  6.32 | ppl 555.04
| epoch   2 step     8300 |   3042 batches | lr 0.0005 | ms/batch 1625.58 | loss  6.11 | avg loss  6.30 | ppl 544.85
| epoch   2 step     8400 |   3142 batches | lr 0.0005 | ms/batch 1633.21 | loss  6.06 | avg loss  6.32 | ppl 555.34
| epoch   2 step     8500 |   3242 batches | lr 0.0005 | ms/batch 1619.44 | loss  6.43 | avg loss  6.33 | ppl 560.91
| epoch   2 step     8600 |   3342 batches | lr 0.0005 | ms/batch 1623.36 | loss  6.28 | avg loss  6.35 | ppl 569.73
| epoch   2 step     8700 |   3442 batches | lr 0.0005 | ms/batch 1621.66 | loss  6.64 | avg loss  6.34 | ppl 568.07
| epoch   2 step     8800 |   3542 batches | lr 0.0005 | ms/batch 1622.49 | loss  6.15 | avg loss  6.32 | ppl 557.22
| epoch   2 step     8900 |   3642 batches | lr 0.0005 | ms/batch 1621.21 | loss  6.45 | avg loss  6.32 | ppl 554.22
| epoch   2 step     9000 |   3742 batches | lr 0.0005 | ms/batch 1625.20 | loss  6.16 | avg loss  6.32 | ppl 557.93
saving checkpoint ./trained_models/GPT2_M/e2e/model.9000.pt
| epoch   2 step     9100 |   3842 batches | lr 0.0005 | ms/batch 1623.67 | loss  6.19 | avg loss  6.34 | ppl 566.34
| epoch   2 step     9200 |   3942 batches | lr 0.0005 | ms/batch 1622.02 | loss  6.45 | avg loss  6.35 | ppl 574.49
| epoch   2 step     9300 |   4042 batches | lr 0.0005 | ms/batch 1622.74 | loss  6.14 | avg loss  6.34 | ppl 566.91
| epoch   2 step     9400 |   4142 batches | lr 0.0005 | ms/batch 1624.76 | loss  6.10 | avg loss  6.36 | ppl 580.01
| epoch   2 step     9500 |   4242 batches | lr 0.0005 | ms/batch 1622.75 | loss  6.08 | avg loss  6.35 | ppl 573.35
| epoch   2 step     9600 |   4342 batches | lr 0.0005 | ms/batch 1598.34 | loss  6.66 | avg loss  6.34 | ppl 566.79
| epoch   2 step     9700 |   4442 batches | lr 0.0005 | ms/batch 1562.27 | loss  6.16 | avg loss  6.30 | ppl 546.80
| epoch   2 step     9800 |   4542 batches | lr 0.0005 | ms/batch 1561.31 | loss  6.24 | avg loss  6.33 | ppl 562.79
| epoch   2 step     9900 |   4642 batches | lr 0.0005 | ms/batch 1598.34 | loss  6.00 | avg loss  6.31 | ppl 548.70
| epoch   2 step    10000 |   4742 batches | lr 0.0005 | ms/batch 1626.66 | loss  6.39 | avg loss  6.33 | ppl 559.41
saving checkpoint ./trained_models/GPT2_M/e2e/model.10000.pt
eval samples: 0 loss: tensor(5.1858, device='cuda:0')
eval samples: 100 loss: tensor(5.3618, device='cuda:0')
eval samples: 200 loss: tensor(5.4260, device='cuda:0')
eval samples: 300 loss: tensor(5.1936, device='cuda:0')
eval samples: 400 loss: tensor(5.2404, device='cuda:0')
eval samples: 500 loss: tensor(5.0620, device='cuda:0')
eval samples: 600 loss: tensor(5.8572, device='cuda:0')
eval samples: 700 loss: tensor(4.8471, device='cuda:0')
eval samples: 800 loss: tensor(5.1595, device='cuda:0')
eval samples: 900 loss: tensor(5.8634, device='cuda:0')
eval samples: 1000 loss: tensor(5.2837, device='cuda:0')
eval samples: 1100 loss: tensor(5.5414, device='cuda:0')
average loss 5.346312184856362
----------------------------------------------------------------------------------------------------
| Eval   5 at step    10000 | time: 439.90s | valid loss  5.35 | valid ppl 209.83 | best ppl 209.83 
----------------------------------------------------------------------------------------------------
| epoch   2 step    10100 |   4842 batches | lr 0.0005 | ms/batch 6023.34 | loss  6.07 | avg loss  6.30 | ppl 546.82
| epoch   2 step    10200 |   4942 batches | lr 0.0005 | ms/batch 1628.21 | loss  6.18 | avg loss  6.33 | ppl 563.63
| epoch   2 step    10300 |   5042 batches | lr 0.0005 | ms/batch 1625.17 | loss  6.32 | avg loss  6.31 | ppl 549.70
| epoch   2 step    10400 |   5142 batches | lr 0.0005 | ms/batch 1620.12 | loss  6.37 | avg loss  6.35 | ppl 574.12
| epoch   2 step    10500 |   5242 batches | lr 0.0005 | ms/batch 1618.84 | loss 16.60 | avg loss 13.11 | ppl 494516.04
saving checkpoint ./trained_models/GPT2_M/e2e/model.10516.pt
start to train the model................ 3
| epoch   3 step    10600 |     84 batches | lr 0.0005 | ms/batch 1367.06 | loss 15.10 | avg loss 16.11 | ppl 9873376.81
| epoch   3 step    10700 |    184 batches | lr 0.0005 | ms/batch 1629.65 | loss 12.63 | avg loss 13.88 | ppl 1067242.19
| epoch   3 step    10800 |    284 batches | lr 0.0005 | ms/batch 1624.32 | loss  9.79 | avg loss 11.17 | ppl 71156.31
| epoch   3 step    10900 |    384 batches | lr 0.0005 | ms/batch 1625.69 | loss  9.35 | avg loss  9.17 | ppl 9609.60
| epoch   3 step    11000 |    484 batches | lr 0.0005 | ms/batch 1624.88 | loss  8.14 | avg loss  8.56 | ppl 5217.12
saving checkpoint ./trained_models/GPT2_M/e2e/model.11000.pt
| epoch   3 step    11100 |    584 batches | lr 0.0005 | ms/batch 1622.57 | loss  7.94 | avg loss  8.15 | ppl 3453.52
| epoch   3 step    11200 |    684 batches | lr 0.0005 | ms/batch 1619.72 | loss  7.51 | avg loss  7.81 | ppl 2468.21
| epoch   3 step    11300 |    784 batches | lr 0.0005 | ms/batch 1619.54 | loss  7.59 | avg loss  7.53 | ppl 1856.65
| epoch   3 step    11400 |    884 batches | lr 0.0005 | ms/batch 1618.10 | loss  7.22 | avg loss  7.29 | ppl 1467.98
| epoch   3 step    11500 |    984 batches | lr 0.0005 | ms/batch 1617.17 | loss  6.87 | avg loss  7.11 | ppl 1224.50
| epoch   3 step    11600 |   1084 batches | lr 0.0005 | ms/batch 1594.95 | loss  6.72 | avg loss  7.00 | ppl 1100.42
| epoch   3 step    11700 |   1184 batches | lr 0.0005 | ms/batch 1568.33 | loss  7.08 | avg loss  6.92 | ppl 1010.87
| epoch   3 step    11800 |   1284 batches | lr 0.0005 | ms/batch 1567.99 | loss  6.56 | avg loss  6.84 | ppl 938.85
| epoch   3 step    11900 |   1384 batches | lr 0.0005 | ms/batch 1607.16 | loss  6.54 | avg loss  6.82 | ppl 912.82
| epoch   3 step    12000 |   1484 batches | lr 0.0005 | ms/batch 1623.26 | loss  7.08 | avg loss  6.78 | ppl 878.65
saving checkpoint ./trained_models/GPT2_M/e2e/model.12000.pt
eval samples: 0 loss: tensor(5.9158, device='cuda:0')
eval samples: 100 loss: tensor(5.7954, device='cuda:0')
eval samples: 200 loss: tensor(5.9362, device='cuda:0')
eval samples: 300 loss: tensor(5.7871, device='cuda:0')
eval samples: 400 loss: tensor(5.7326, device='cuda:0')
eval samples: 500 loss: tensor(5.5832, device='cuda:0')
eval samples: 600 loss: tensor(6.2576, device='cuda:0')
eval samples: 700 loss: tensor(5.4003, device='cuda:0')
eval samples: 800 loss: tensor(5.6349, device='cuda:0')
eval samples: 900 loss: tensor(6.2551, device='cuda:0')
eval samples: 1000 loss: tensor(5.7823, device='cuda:0')
eval samples: 1100 loss: tensor(5.9107, device='cuda:0')
average loss 5.86984878492682
----------------------------------------------------------------------------------------------------
| Eval   6 at step    12000 | time: 425.70s | valid loss  5.87 | valid ppl 354.20 | best ppl 354.20 
----------------------------------------------------------------------------------------------------
| epoch   3 step    12100 |   1584 batches | lr 0.0005 | ms/batch 5879.24 | loss  6.90 | avg loss  6.77 | ppl 867.48
| epoch   3 step    12200 |   1684 batches | lr 0.0005 | ms/batch 1621.10 | loss  6.50 | avg loss  6.73 | ppl 839.44
| epoch   3 step    12300 |   1784 batches | lr 0.0005 | ms/batch 1603.79 | loss  6.59 | avg loss  6.73 | ppl 836.01
| epoch   3 step    12400 |   1884 batches | lr 0.0005 | ms/batch 1614.11 | loss  6.84 | avg loss  6.68 | ppl 796.24
| epoch   3 step    12500 |   1984 batches | lr 0.0005 | ms/batch 1626.98 | loss  6.91 | avg loss  6.70 | ppl 809.16
| epoch   3 step    12600 |   2084 batches | lr 0.0005 | ms/batch 1618.01 | loss  6.73 | avg loss  6.62 | ppl 747.47
| epoch   3 step    12700 |   2184 batches | lr 0.0005 | ms/batch 1623.29 | loss  6.50 | avg loss  6.64 | ppl 762.26
| epoch   3 step    12800 |   2284 batches | lr 0.0005 | ms/batch 1632.38 | loss  6.74 | avg loss  6.64 | ppl 762.34
| epoch   3 step    12900 |   2384 batches | lr 0.0005 | ms/batch 1599.41 | loss  6.70 | avg loss  6.64 | ppl 763.36
| epoch   3 step    13000 |   2484 batches | lr 0.0005 | ms/batch 1611.00 | loss  6.52 | avg loss  6.64 | ppl 765.71
saving checkpoint ./trained_models/GPT2_M/e2e/model.13000.pt
| epoch   3 step    13100 |   2584 batches | lr 0.0005 | ms/batch 1619.91 | loss  6.41 | avg loss  6.61 | ppl 739.96
| epoch   3 step    13200 |   2684 batches | lr 0.0005 | ms/batch 1628.98 | loss  6.54 | avg loss  6.64 | ppl 766.11
| epoch   3 step    13300 |   2784 batches | lr 0.0005 | ms/batch 1625.64 | loss  6.45 | avg loss  6.61 | ppl 739.81
| epoch   3 step    13400 |   2884 batches | lr 0.0005 | ms/batch 1620.51 | loss  6.58 | avg loss  6.59 | ppl 728.55
| epoch   3 step    13500 |   2984 batches | lr 0.0005 | ms/batch 1621.30 | loss  6.66 | avg loss  6.60 | ppl 733.78
| epoch   3 step    13600 |   3084 batches | lr 0.0005 | ms/batch 1606.67 | loss  6.55 | avg loss  6.59 | ppl 725.49
| epoch   3 step    13700 |   3184 batches | lr 0.0005 | ms/batch 1569.39 | loss  6.51 | avg loss  6.61 | ppl 745.20
| epoch   3 step    13800 |   3284 batches | lr 0.0005 | ms/batch 1569.66 | loss  6.24 | avg loss  6.55 | ppl 696.59
| epoch   3 step    13900 |   3384 batches | lr 0.0005 | ms/batch 1600.16 | loss  6.98 | avg loss  6.61 | ppl 743.39
| epoch   3 step    14000 |   3484 batches | lr 0.0005 | ms/batch 1614.53 | loss  6.93 | avg loss  6.59 | ppl 725.83
saving checkpoint ./trained_models/GPT2_M/e2e/model.14000.pt
eval samples: 0 loss: tensor(5.5731, device='cuda:0')
eval samples: 100 loss: tensor(5.5982, device='cuda:0')
eval samples: 200 loss: tensor(5.6604, device='cuda:0')
eval samples: 300 loss: tensor(5.4972, device='cuda:0')
eval samples: 400 loss: tensor(5.4971, device='cuda:0')
eval samples: 500 loss: tensor(5.3150, device='cuda:0')
eval samples: 600 loss: tensor(6.0282, device='cuda:0')
eval samples: 700 loss: tensor(5.1294, device='cuda:0')
eval samples: 800 loss: tensor(5.3656, device='cuda:0')
eval samples: 900 loss: tensor(6.0185, device='cuda:0')
eval samples: 1000 loss: tensor(5.5194, device='cuda:0')
eval samples: 1100 loss: tensor(5.6979, device='cuda:0')
average loss 5.612581272239554
----------------------------------------------------------------------------------------------------
| Eval   7 at step    14000 | time: 429.29s | valid loss  5.61 | valid ppl 273.85 | best ppl 273.85 
----------------------------------------------------------------------------------------------------
| epoch   3 step    14100 |   3584 batches | lr 0.0005 | ms/batch 5919.02 | loss  6.58 | avg loss  6.55 | ppl 699.53
| epoch   3 step    14200 |   3684 batches | lr 0.0005 | ms/batch 1624.60 | loss  6.60 | avg loss  6.56 | ppl 705.75
| epoch   3 step    14300 |   3784 batches | lr 0.0005 | ms/batch 1620.83 | loss  6.54 | avg loss  6.56 | ppl 704.64
| epoch   3 step    14400 |   3884 batches | lr 0.0005 | ms/batch 1616.13 | loss  6.62 | avg loss  6.55 | ppl 701.91
| epoch   3 step    14500 |   3984 batches | lr 0.0005 | ms/batch 1616.21 | loss  6.53 | avg loss  6.57 | ppl 715.26
| epoch   3 step    14600 |   4084 batches | lr 0.0005 | ms/batch 1620.55 | loss  6.62 | avg loss  6.56 | ppl 709.49
| epoch   3 step    14700 |   4184 batches | lr 0.0005 | ms/batch 1629.75 | loss  6.87 | avg loss  6.53 | ppl 682.35
| epoch   3 step    14800 |   4284 batches | lr 0.0005 | ms/batch 1626.14 | loss  6.47 | avg loss  6.54 | ppl 695.38
| epoch   3 step    14900 |   4384 batches | lr 0.0005 | ms/batch 1631.11 | loss  6.58 | avg loss  6.56 | ppl 704.19
| epoch   3 step    15000 |   4484 batches | lr 0.0005 | ms/batch 1625.81 | loss  6.36 | avg loss  6.56 | ppl 709.71
saving checkpoint ./trained_models/GPT2_M/e2e/model.15000.pt
| epoch   3 step    15100 |   4584 batches | lr 0.0005 | ms/batch 1627.16 | loss  6.63 | avg loss  6.56 | ppl 703.07
| epoch   3 step    15200 |   4684 batches | lr 0.0005 | ms/batch 1622.11 | loss  6.52 | avg loss  6.54 | ppl 694.18
| epoch   3 step    15300 |   4784 batches | lr 0.0005 | ms/batch 1631.22 | loss  6.42 | avg loss  6.54 | ppl 695.21
| epoch   3 step    15400 |   4884 batches | lr 0.0005 | ms/batch 1624.24 | loss  6.54 | avg loss  6.54 | ppl 691.95
| epoch   3 step    15500 |   4984 batches | lr 0.0005 | ms/batch 1627.69 | loss  6.49 | avg loss  6.54 | ppl 690.68
| epoch   3 step    15600 |   5084 batches | lr 0.0005 | ms/batch 1606.26 | loss  6.41 | avg loss  6.54 | ppl 689.21
| epoch   3 step    15700 |   5184 batches | lr 0.0005 | ms/batch 1557.72 | loss  6.47 | avg loss  6.53 | ppl 683.52
saving checkpoint ./trained_models/GPT2_M/e2e/model.15774.pt
start to train the model................ 4
| epoch   4 step    15800 |     26 batches | lr 0.0005 | ms/batch 405.96 | loss  6.43 | avg loss  6.51 | ppl 674.74
| epoch   4 step    15900 |    126 batches | lr 0.0005 | ms/batch 1595.69 | loss  6.29 | avg loss  6.51 | ppl 674.76
| epoch   4 step    16000 |    226 batches | lr 0.0005 | ms/batch 1625.41 | loss  6.33 | avg loss  6.54 | ppl 691.35
saving checkpoint ./trained_models/GPT2_M/e2e/model.16000.pt
eval samples: 0 loss: tensor(5.5237, device='cuda:0')
eval samples: 100 loss: tensor(5.5419, device='cuda:0')
eval samples: 200 loss: tensor(5.6096, device='cuda:0')
eval samples: 300 loss: tensor(5.4500, device='cuda:0')
eval samples: 400 loss: tensor(5.4743, device='cuda:0')
eval samples: 500 loss: tensor(5.2391, device='cuda:0')
eval samples: 600 loss: tensor(5.9979, device='cuda:0')
eval samples: 700 loss: tensor(5.0476, device='cuda:0')
eval samples: 800 loss: tensor(5.3105, device='cuda:0')
eval samples: 900 loss: tensor(5.9846, device='cuda:0')
eval samples: 1000 loss: tensor(5.4570, device='cuda:0')
eval samples: 1100 loss: tensor(5.6594, device='cuda:0')
average loss 5.5613271985968495
----------------------------------------------------------------------------------------------------
| Eval   8 at step    16000 | time: 427.16s | valid loss  5.56 | valid ppl 260.17 | best ppl 260.17 
----------------------------------------------------------------------------------------------------
| epoch   4 step    16100 |    326 batches | lr 0.0005 | ms/batch 5900.85 | loss  6.66 | avg loss  6.52 | ppl 677.06
| epoch   4 step    16200 |    426 batches | lr 0.0005 | ms/batch 1633.91 | loss  6.81 | avg loss  6.51 | ppl 673.14
| epoch   4 step    16300 |    526 batches | lr 0.0005 | ms/batch 1628.99 | loss  6.73 | avg loss  6.52 | ppl 675.71
| epoch   4 step    16400 |    626 batches | lr 0.0005 | ms/batch 1618.28 | loss  6.41 | avg loss  6.53 | ppl 688.38
| epoch   4 step    16500 |    726 batches | lr 0.0005 | ms/batch 1616.85 | loss  6.45 | avg loss  6.55 | ppl 699.49
| epoch   4 step    16600 |    826 batches | lr 0.0005 | ms/batch 1617.00 | loss  6.94 | avg loss  6.49 | ppl 661.64
| epoch   4 step    16700 |    926 batches | lr 0.0005 | ms/batch 1613.38 | loss  6.63 | avg loss  6.55 | ppl 700.39
| epoch   4 step    16800 |   1026 batches | lr 0.0005 | ms/batch 1623.62 | loss  6.31 | avg loss  6.54 | ppl 691.51
| epoch   4 step    16900 |   1126 batches | lr 0.0005 | ms/batch 1623.89 | loss  6.34 | avg loss  6.52 | ppl 675.42
| epoch   4 step    17000 |   1226 batches | lr 0.0005 | ms/batch 1619.45 | loss  6.37 | avg loss  6.53 | ppl 686.28
saving checkpoint ./trained_models/GPT2_M/e2e/model.17000.pt
| epoch   4 step    17100 |   1326 batches | lr 0.0005 | ms/batch 1619.61 | loss  6.66 | avg loss  6.56 | ppl 705.53
| epoch   4 step    17200 |   1426 batches | lr 0.0005 | ms/batch 1618.73 | loss  6.55 | avg loss  6.51 | ppl 669.77
| epoch   4 step    17300 |   1526 batches | lr 0.0005 | ms/batch 1764.97 | loss  6.62 | avg loss  6.52 | ppl 679.76
| epoch   4 step    17400 |   1626 batches | lr 0.0005 | ms/batch 1763.81 | loss  6.25 | avg loss  6.54 | ppl 691.03
| epoch   4 step    17500 |   1726 batches | lr 0.0005 | ms/batch 1761.55 | loss  6.63 | avg loss  6.50 | ppl 664.15
| epoch   4 step    17600 |   1826 batches | lr 0.0005 | ms/batch 1752.38 | loss  6.72 | avg loss  6.53 | ppl 685.75
| epoch   4 step    17700 |   1926 batches | lr 0.0005 | ms/batch 1733.31 | loss  6.37 | avg loss  6.50 | ppl 666.45
| epoch   4 step    17800 |   2026 batches | lr 0.0005 | ms/batch 1736.04 | loss  6.56 | avg loss  6.54 | ppl 694.22
| epoch   4 step    17900 |   2126 batches | lr 0.0005 | ms/batch 1746.47 | loss  6.73 | avg loss  6.52 | ppl 679.56
| epoch   4 step    18000 |   2226 batches | lr 0.0005 | ms/batch 1760.84 | loss  6.78 | avg loss  6.54 | ppl 691.79
saving checkpoint ./trained_models/GPT2_M/e2e/model.18000.pt
eval samples: 0 loss: tensor(5.4539, device='cuda:0')
eval samples: 100 loss: tensor(5.5366, device='cuda:0')
eval samples: 200 loss: tensor(5.5859, device='cuda:0')
eval samples: 300 loss: tensor(5.4357, device='cuda:0')
eval samples: 400 loss: tensor(5.4199, device='cuda:0')
eval samples: 500 loss: tensor(5.2220, device='cuda:0')
eval samples: 600 loss: tensor(5.9790, device='cuda:0')
eval samples: 700 loss: tensor(5.0299, device='cuda:0')
eval samples: 800 loss: tensor(5.2942, device='cuda:0')
eval samples: 900 loss: tensor(5.9562, device='cuda:0')
eval samples: 1000 loss: tensor(5.4479, device='cuda:0')
eval samples: 1100 loss: tensor(5.6670, device='cuda:0')
average loss 5.533727720992206
----------------------------------------------------------------------------------------------------
| Eval   9 at step    18000 | time: 456.12s | valid loss  5.53 | valid ppl 253.09 | best ppl 253.09 
----------------------------------------------------------------------------------------------------
| epoch   4 step    18100 |   2326 batches | lr 0.0005 | ms/batch 6299.06 | loss  6.53 | avg loss  6.52 | ppl 681.39
| epoch   4 step    18200 |   2426 batches | lr 0.0005 | ms/batch 1748.13 | loss  6.49 | avg loss  6.53 | ppl 688.42
| epoch   4 step    18300 |   2526 batches | lr 0.0005 | ms/batch 1748.66 | loss  6.42 | avg loss  6.54 | ppl 688.84
| epoch   4 step    18400 |   2626 batches | lr 0.0005 | ms/batch 1752.03 | loss  6.80 | avg loss  6.50 | ppl 667.39
| epoch   4 step    18500 |   2726 batches | lr 0.0005 | ms/batch 1746.44 | loss  6.52 | avg loss  6.49 | ppl 658.83
| epoch   4 step    18600 |   2826 batches | lr 0.0005 | ms/batch 1751.27 | loss  6.53 | avg loss  6.52 | ppl 677.75
| epoch   4 step    18700 |   2926 batches | lr 0.0005 | ms/batch 1748.59 | loss  6.22 | avg loss  6.49 | ppl 656.57
| epoch   4 step    18800 |   3026 batches | lr 0.0005 | ms/batch 1744.99 | loss  6.40 | avg loss  6.52 | ppl 681.55
| epoch   4 step    18900 |   3126 batches | lr 0.0005 | ms/batch 1747.10 | loss  6.84 | avg loss  6.51 | ppl 669.70
| epoch   4 step    19000 |   3226 batches | lr 0.0005 | ms/batch 1746.85 | loss  6.45 | avg loss  6.51 | ppl 672.33
saving checkpoint ./trained_models/GPT2_M/e2e/model.19000.pt
| epoch   4 step    19100 |   3326 batches | lr 0.0005 | ms/batch 1743.89 | loss  6.79 | avg loss  6.49 | ppl 661.10
| epoch   4 step    19200 |   3426 batches | lr 0.0005 | ms/batch 1759.73 | loss  6.29 | avg loss  6.48 | ppl 654.09
| epoch   4 step    19300 |   3526 batches | lr 0.0005 | ms/batch 1750.83 | loss  6.66 | avg loss  6.50 | ppl 663.59
| epoch   4 step    19400 |   3626 batches | lr 0.0005 | ms/batch 1752.26 | loss  6.85 | avg loss  6.50 | ppl 667.67
| epoch   4 step    19500 |   3726 batches | lr 0.0005 | ms/batch 1748.86 | loss  6.40 | avg loss  6.48 | ppl 651.00
| epoch   4 step    19600 |   3826 batches | lr 0.0005 | ms/batch 1745.60 | loss  6.82 | avg loss  6.46 | ppl 639.86
| epoch   4 step    19700 |   3926 batches | lr 0.0005 | ms/batch 1714.55 | loss  6.48 | avg loss  6.48 | ppl 654.91
| epoch   4 step    19800 |   4026 batches | lr 0.0005 | ms/batch 1711.84 | loss  6.29 | avg loss  6.48 | ppl 651.91
| epoch   4 step    19900 |   4126 batches | lr 0.0005 | ms/batch 1726.85 | loss  6.21 | avg loss  6.47 | ppl 647.39
| epoch   4 step    20000 |   4226 batches | lr 0.0005 | ms/batch 1754.13 | loss  6.55 | avg loss  6.46 | ppl 637.39
saving checkpoint ./trained_models/GPT2_M/e2e/model.20000.pt
eval samples: 0 loss: tensor(5.4842, device='cuda:0')
eval samples: 100 loss: tensor(5.5103, device='cuda:0')
eval samples: 200 loss: tensor(5.5558, device='cuda:0')
eval samples: 300 loss: tensor(5.4180, device='cuda:0')
eval samples: 400 loss: tensor(5.3907, device='cuda:0')
eval samples: 500 loss: tensor(5.2377, device='cuda:0')
eval samples: 600 loss: tensor(5.9589, device='cuda:0')
eval samples: 700 loss: tensor(5.0404, device='cuda:0')
eval samples: 800 loss: tensor(5.3224, device='cuda:0')
eval samples: 900 loss: tensor(5.9764, device='cuda:0')
eval samples: 1000 loss: tensor(5.4608, device='cuda:0')
eval samples: 1100 loss: tensor(5.6404, device='cuda:0')
average loss 5.53177569296262
----------------------------------------------------------------------------------------------------
| Eval  10 at step    20000 | time: 457.67s | valid loss  5.53 | valid ppl 252.59 | best ppl 252.59 
----------------------------------------------------------------------------------------------------
| epoch   4 step    20100 |   4326 batches | lr 0.0005 | ms/batch 6336.50 | loss  6.36 | avg loss  6.44 | ppl 628.78
| epoch   4 step    20200 |   4426 batches | lr 0.0005 | ms/batch 1754.82 | loss  6.65 | avg loss  6.47 | ppl 642.36
| epoch   4 step    20300 |   4526 batches | lr 0.0005 | ms/batch 1749.08 | loss  6.55 | avg loss  6.44 | ppl 625.10
| epoch   4 step    20400 |   4626 batches | lr 0.0005 | ms/batch 1745.59 | loss  6.52 | avg loss  6.44 | ppl 626.82
| epoch   4 step    20500 |   4726 batches | lr 0.0005 | ms/batch 1753.23 | loss  6.46 | avg loss  6.44 | ppl 623.45
| epoch   4 step    20600 |   4826 batches | lr 0.0005 | ms/batch 1747.86 | loss  6.47 | avg loss  6.45 | ppl 632.93
| epoch   4 step    20700 |   4926 batches | lr 0.0005 | ms/batch 1744.26 | loss  6.37 | avg loss  6.44 | ppl 624.20
| epoch   4 step    20800 |   5026 batches | lr 0.0005 | ms/batch 1748.72 | loss  6.38 | avg loss  6.45 | ppl 634.80
| epoch   4 step    20900 |   5126 batches | lr 0.0005 | ms/batch 1745.11 | loss  6.40 | avg loss  6.40 | ppl 603.19
| epoch   4 step    21000 |   5226 batches | lr 0.0005 | ms/batch 1751.41 | loss  6.50 | avg loss  6.43 | ppl 619.00
saving checkpoint ./trained_models/GPT2_M/e2e/model.21000.pt
saving checkpoint ./trained_models/GPT2_M/e2e/model.21032.pt
start to train the model................ 5
| epoch   5 step    21100 |     68 batches | lr 0.0005 | ms/batch 1188.31 | loss  6.53 | avg loss  6.43 | ppl 621.66
| epoch   5 step    21200 |    168 batches | lr 0.0005 | ms/batch 1745.02 | loss  6.42 | avg loss  6.39 | ppl 595.35
| epoch   5 step    21300 |    268 batches | lr 0.0005 | ms/batch 1753.08 | loss  6.18 | avg loss  6.41 | ppl 609.87
| epoch   5 step    21400 |    368 batches | lr 0.0005 | ms/batch 1756.97 | loss  6.47 | avg loss  6.42 | ppl 615.60
| epoch   5 step    21500 |    468 batches | lr 0.0005 | ms/batch 1750.22 | loss  6.60 | avg loss  6.46 | ppl 638.75
| epoch   5 step    21600 |    568 batches | lr 0.0005 | ms/batch 1739.49 | loss  6.60 | avg loss  6.41 | ppl 606.79
| epoch   5 step    21700 |    668 batches | lr 0.0005 | ms/batch 1707.56 | loss  6.44 | avg loss  6.44 | ppl 628.45
| epoch   5 step    21800 |    768 batches | lr 0.0005 | ms/batch 1710.97 | loss  6.05 | avg loss  6.41 | ppl 607.87
| epoch   5 step    21900 |    868 batches | lr 0.0005 | ms/batch 1730.24 | loss  6.44 | avg loss  6.43 | ppl 621.63
| epoch   5 step    22000 |    968 batches | lr 0.0005 | ms/batch 1748.53 | loss  6.38 | avg loss  6.36 | ppl 578.42
saving checkpoint ./trained_models/GPT2_M/e2e/model.22000.pt
eval samples: 0 loss: tensor(5.3480, device='cuda:0')
eval samples: 100 loss: tensor(5.4767, device='cuda:0')
eval samples: 200 loss: tensor(5.4910, device='cuda:0')
eval samples: 300 loss: tensor(5.2980, device='cuda:0')
eval samples: 400 loss: tensor(5.3780, device='cuda:0')
eval samples: 500 loss: tensor(5.1486, device='cuda:0')
eval samples: 600 loss: tensor(5.9129, device='cuda:0')
eval samples: 700 loss: tensor(4.9521, device='cuda:0')
eval samples: 800 loss: tensor(5.2645, device='cuda:0')
eval samples: 900 loss: tensor(5.9156, device='cuda:0')
eval samples: 1000 loss: tensor(5.3635, device='cuda:0')
eval samples: 1100 loss: tensor(5.6073, device='cuda:0')
average loss 5.447627234540573
----------------------------------------------------------------------------------------------------
| Eval  11 at step    22000 | time: 454.89s | valid loss  5.45 | valid ppl 232.21 | best ppl 232.21 
----------------------------------------------------------------------------------------------------
| epoch   5 step    22100 |   1068 batches | lr 0.0005 | ms/batch 6302.39 | loss  6.74 | avg loss  6.36 | ppl 578.20
| epoch   5 step    22200 |   1168 batches | lr 0.0005 | ms/batch 1744.70 | loss  6.97 | avg loss  6.43 | ppl 618.90
| epoch   5 step    22300 |   1268 batches | lr 0.0005 | ms/batch 1748.33 | loss  6.22 | avg loss  6.39 | ppl 597.62
| epoch   5 step    22400 |   1368 batches | lr 0.0005 | ms/batch 1738.36 | loss  6.31 | avg loss  6.36 | ppl 578.21
| epoch   5 step    22500 |   1468 batches | lr 0.0005 | ms/batch 1744.72 | loss  6.55 | avg loss  6.37 | ppl 586.87
| epoch   5 step    22600 |   1568 batches | lr 0.0005 | ms/batch 1747.84 | loss  6.54 | avg loss  6.39 | ppl 596.61
| epoch   5 step    22700 |   1668 batches | lr 0.0005 | ms/batch 1745.92 | loss  6.42 | avg loss  6.40 | ppl 600.29
| epoch   5 step    22800 |   1768 batches | lr 0.0005 | ms/batch 1771.20 | loss  6.31 | avg loss  6.38 | ppl 592.64
| epoch   5 step    22900 |   1868 batches | lr 0.0005 | ms/batch 1773.32 | loss  6.86 | avg loss  6.43 | ppl 617.35
| epoch   5 step    23000 |   1968 batches | lr 0.0005 | ms/batch 1764.84 | loss  6.16 | avg loss  6.40 | ppl 602.57
saving checkpoint ./trained_models/GPT2_M/e2e/model.23000.pt
| epoch   5 step    23100 |   2068 batches | lr 0.0005 | ms/batch 1777.81 | loss  6.32 | avg loss  6.40 | ppl 603.00
| epoch   5 step    23200 |   2168 batches | lr 0.0005 | ms/batch 1775.53 | loss  6.48 | avg loss  6.39 | ppl 594.30
| epoch   5 step    23300 |   2268 batches | lr 0.0005 | ms/batch 1763.22 | loss  6.01 | avg loss  6.37 | ppl 581.98
| epoch   5 step    23400 |   2368 batches | lr 0.0005 | ms/batch 1748.21 | loss  6.43 | avg loss  6.37 | ppl 583.57
| epoch   5 step    23500 |   2468 batches | lr 0.0005 | ms/batch 1747.34 | loss  6.27 | avg loss  6.38 | ppl 589.22
| epoch   5 step    23600 |   2568 batches | lr 0.0005 | ms/batch 1744.13 | loss  6.38 | avg loss  6.39 | ppl 594.47
| epoch   5 step    23700 |   2668 batches | lr 0.0005 | ms/batch 1719.52 | loss  6.15 | avg loss  6.36 | ppl 578.95
| epoch   5 step    23800 |   2768 batches | lr 0.0005 | ms/batch 1716.40 | loss  6.30 | avg loss  6.37 | ppl 585.29
| epoch   5 step    23900 |   2868 batches | lr 0.0005 | ms/batch 1758.01 | loss  6.35 | avg loss  6.35 | ppl 572.10
| epoch   5 step    24000 |   2968 batches | lr 0.0005 | ms/batch 1753.16 | loss  6.27 | avg loss  6.36 | ppl 577.31
saving checkpoint ./trained_models/GPT2_M/e2e/model.24000.pt
eval samples: 0 loss: tensor(5.2910, device='cuda:0')
eval samples: 100 loss: tensor(5.4421, device='cuda:0')
eval samples: 200 loss: tensor(5.4703, device='cuda:0')
eval samples: 300 loss: tensor(5.2171, device='cuda:0')
eval samples: 400 loss: tensor(5.3504, device='cuda:0')
eval samples: 500 loss: tensor(5.0696, device='cuda:0')
eval samples: 600 loss: tensor(5.8910, device='cuda:0')
eval samples: 700 loss: tensor(4.8801, device='cuda:0')
eval samples: 800 loss: tensor(5.2097, device='cuda:0')
eval samples: 900 loss: tensor(5.8930, device='cuda:0')
eval samples: 1000 loss: tensor(5.3186, device='cuda:0')
eval samples: 1100 loss: tensor(5.5416, device='cuda:0')
average loss 5.3813088728140475
----------------------------------------------------------------------------------------------------
| Eval  12 at step    24000 | time: 460.17s | valid loss  5.38 | valid ppl 217.31 | best ppl 217.31 
----------------------------------------------------------------------------------------------------
| epoch   5 step    24100 |   3068 batches | lr 0.0005 | ms/batch 6369.83 | loss  6.35 | avg loss  6.38 | ppl 587.05
| epoch   5 step    24200 |   3168 batches | lr 0.0005 | ms/batch 1779.47 | loss  6.31 | avg loss  6.35 | ppl 570.07
| epoch   5 step    24300 |   3268 batches | lr 0.0005 | ms/batch 1754.47 | loss  6.38 | avg loss  6.37 | ppl 586.69
| epoch   5 step    24400 |   3368 batches | lr 0.0005 | ms/batch 1750.02 | loss  6.50 | avg loss  6.35 | ppl 572.87
| epoch   5 step    24500 |   3468 batches | lr 0.0005 | ms/batch 1752.27 | loss  6.16 | avg loss  6.34 | ppl 565.87
| epoch   5 step    24600 |   3568 batches | lr 0.0005 | ms/batch 1762.16 | loss  6.43 | avg loss  6.37 | ppl 585.07
| epoch   5 step    24700 |   3668 batches | lr 0.0005 | ms/batch 1749.16 | loss  6.77 | avg loss  6.40 | ppl 599.25
| epoch   5 step    24800 |   3768 batches | lr 0.0005 | ms/batch 1748.15 | loss  6.71 | avg loss  6.36 | ppl 581.03
| epoch   5 step    24900 |   3868 batches | lr 0.0005 | ms/batch 1743.19 | loss  6.34 | avg loss  6.36 | ppl 580.07
| epoch   5 step    25000 |   3968 batches | lr 0.0005 | ms/batch 1741.25 | loss  6.23 | avg loss  6.36 | ppl 577.26
saving checkpoint ./trained_models/GPT2_M/e2e/model.25000.pt
| epoch   5 step    25100 |   4068 batches | lr 0.0005 | ms/batch 1740.07 | loss  6.61 | avg loss  6.36 | ppl 578.58
| epoch   5 step    25200 |   4168 batches | lr 0.0005 | ms/batch 1738.09 | loss  6.16 | avg loss  6.37 | ppl 585.25
| epoch   5 step    25300 |   4268 batches | lr 0.0005 | ms/batch 1752.88 | loss  6.14 | avg loss  6.33 | ppl 562.66
| epoch   5 step    25400 |   4368 batches | lr 0.0005 | ms/batch 1744.85 | loss  6.67 | avg loss  6.32 | ppl 556.11
| epoch   5 step    25500 |   4468 batches | lr 0.0005 | ms/batch 1744.16 | loss  6.33 | avg loss  6.35 | ppl 571.72
| epoch   5 step    25600 |   4568 batches | lr 0.0005 | ms/batch 1725.76 | loss  6.62 | avg loss  6.35 | ppl 569.73
| epoch   5 step    25700 |   4668 batches | lr 0.0005 | ms/batch 1713.42 | loss  6.68 | avg loss  6.39 | ppl 593.52
| epoch   5 step    25800 |   4768 batches | lr 0.0005 | ms/batch 1714.22 | loss  6.26 | avg loss  6.35 | ppl 573.26
| epoch   5 step    25900 |   4868 batches | lr 0.0005 | ms/batch 1734.69 | loss  6.09 | avg loss  6.34 | ppl 565.71
| epoch   5 step    26000 |   4968 batches | lr 0.0005 | ms/batch 1745.85 | loss  6.53 | avg loss  6.37 | ppl 585.32
saving checkpoint ./trained_models/GPT2_M/e2e/model.26000.pt
eval samples: 0 loss: tensor(5.2284, device='cuda:0')
eval samples: 100 loss: tensor(5.3965, device='cuda:0')
eval samples: 200 loss: tensor(5.4531, device='cuda:0')
eval samples: 300 loss: tensor(5.1795, device='cuda:0')
eval samples: 400 loss: tensor(5.3072, device='cuda:0')
eval samples: 500 loss: tensor(5.0437, device='cuda:0')
eval samples: 600 loss: tensor(5.8420, device='cuda:0')
eval samples: 700 loss: tensor(4.8385, device='cuda:0')
eval samples: 800 loss: tensor(5.1730, device='cuda:0')
eval samples: 900 loss: tensor(5.8783, device='cuda:0')
eval samples: 1000 loss: tensor(5.3052, device='cuda:0')
eval samples: 1100 loss: tensor(5.5300, device='cuda:0')
average loss 5.346845222662573
----------------------------------------------------------------------------------------------------
| Eval  13 at step    26000 | time: 456.03s | valid loss  5.35 | valid ppl 209.94 | best ppl 209.94 
----------------------------------------------------------------------------------------------------
| epoch   5 step    26100 |   5068 batches | lr 0.0005 | ms/batch 6310.85 | loss  6.31 | avg loss  6.35 | ppl 575.35
| epoch   5 step    26200 |   5168 batches | lr 0.0005 | ms/batch 1738.36 | loss  6.19 | avg loss  6.34 | ppl 568.65
saving checkpoint ./trained_models/GPT2_M/e2e/model.26290.pt
----------------------------------------------------------------------------------------------------
End of training
cleanup dist ...
[rank0]:[W416 20:35:33.659749967 ProcessGroupNCCL.cpp:1479] Warning: WARNING: destroy_process_group() was not called before program exit, which can leak resources. For more info, please see https://pytorch.org/docs/stable/distributed.html#shutdown (function operator())
