kfnohup: ignoring input
myrank: 0 local_rank: 0 device_count: 1 world_size: 1
====================================================================================================
        - platform : local
        - local_rank : 0
        - rank : 0
        - device : cuda:0
        - world_size : 1
        - random_seed : 110
        - lr : 0.0001
        - weight_decay : 0.01
        - correct_bias : True
        - adam_epislon : 1e-06
        - no_decay_bias : False
        - adam_beta1 : 0.9
        - adam_beta2 : 0.999
        - scheduler : None
        - max_step : None
        - max_epoch : 5
        - warmup_step : 500
        - i_steps : 0
        - i_lrs : 0.00025
        - train_data : ./data/e2e/train.jsonl
        - valid_data : ./data/e2e/valid.jsonl
        - train_batch_size : 8
        - valid_batch_size : 4
        - grad_acc : 1
        - clip : 0.0
        - seq_len : 512
        - model_card : gpt2.md
        - init_checkpoint : ./pretrained_checkpoints/gpt2-medium-pytorch_model.bin
        - fp16 : False
        - log_interval : 100
        - eval_interval : 2000
        - save_interval : 1000
        - work_dir : ./trained_models/GPT2_M/e2e
        - lora_dim : 4
        - lora_alpha : 32
        - obj : clm
        - lora_dropout : 0.1
        - label_smooth : 0.1
        - roll_interval : -1
        - roll_lr : 1e-05
        - roll_step : 100
        - eval_epoch : 1
        - dist : <module 'torch.distributed' from '/home/ycyh/miniconda3/envs/LoRA/lib/python3.11/site-packages/torch/distributed/__init__.py'>
====================================================================================================
Experiment dir : ./trained_models/GPT2_M/e2e
loading model pretrained weight.
set max_step: 26290
start to train the model................ 1
| epoch   1 step      100 |    100 batches | lr 0.0001 | ms/batch 1628.84 | loss  3.68 | avg loss  4.13 | ppl 61.92
| epoch   1 step      200 |    200 batches | lr 0.0001 | ms/batch 1623.99 | loss  2.93 | avg loss  3.01 | ppl 20.24
| epoch   1 step      300 |    300 batches | lr 0.0001 | ms/batch 1620.81 | loss  2.86 | avg loss  2.88 | ppl 17.81
| epoch   1 step      400 |    400 batches | lr 0.0001 | ms/batch 1621.19 | loss  2.99 | avg loss  2.85 | ppl 17.26
| epoch   1 step      500 |    500 batches | lr 0.0001 | ms/batch 1626.02 | loss  2.73 | avg loss  2.79 | ppl 16.32
| epoch   1 step      600 |    600 batches | lr 0.0001 | ms/batch 1626.83 | loss  2.68 | avg loss  2.75 | ppl 15.65
| epoch   1 step      700 |    700 batches | lr 0.0001 | ms/batch 1623.18 | loss  2.81 | avg loss  2.73 | ppl 15.27
| epoch   1 step      800 |    800 batches | lr 0.0001 | ms/batch 1624.10 | loss  2.42 | avg loss  2.70 | ppl 14.82
| epoch   1 step      900 |    900 batches | lr 0.0001 | ms/batch 1578.98 | loss  2.47 | avg loss  2.69 | ppl 14.70
| epoch   1 step     1000 |   1000 batches | lr 0.0001 | ms/batch 1562.74 | loss  3.17 | avg loss  2.71 | ppl 15.09
saving checkpoint ./trained_models/GPT2_M/e2e/model.1000.pt
/home/ycyh/miniconda3/envs/LoRA/lib/python3.11/site-packages/torch/distributed/distributed_c10d.py:4631: UserWarning: No device id is provided via `init_process_group` or `barrier `. Using the current device set by the user. 
  warnings.warn(  # warn only once
| epoch   1 step     1100 |   1100 batches | lr 0.0001 | ms/batch 1565.23 | loss  2.78 | avg loss  2.71 | ppl 15.08
| epoch   1 step     1200 |   1200 batches | lr 0.0001 | ms/batch 1616.96 | loss  2.54 | avg loss  2.71 | ppl 14.99
| epoch   1 step     1300 |   1300 batches | lr 0.0001 | ms/batch 1620.63 | loss  2.60 | avg loss  2.67 | ppl 14.51
| epoch   1 step     1400 |   1400 batches | lr 0.0001 | ms/batch 1623.20 | loss  2.63 | avg loss  2.68 | ppl 14.52
| epoch   1 step     1500 |   1500 batches | lr 0.0001 | ms/batch 1624.33 | loss  2.63 | avg loss  2.69 | ppl 14.67
| epoch   1 step     1600 |   1600 batches | lr 0.0001 | ms/batch 1624.69 | loss  2.69 | avg loss  2.64 | ppl 14.02
| epoch   1 step     1700 |   1700 batches | lr 0.0001 | ms/batch 1624.60 | loss  2.56 | avg loss  2.66 | ppl 14.23
| epoch   1 step     1800 |   1800 batches | lr 0.0001 | ms/batch 1618.85 | loss  2.53 | avg loss  2.65 | ppl 14.10
| epoch   1 step     1900 |   1900 batches | lr 0.0001 | ms/batch 1618.49 | loss  2.65 | avg loss  2.65 | ppl 14.13
| epoch   1 step     2000 |   2000 batches | lr 0.0001 | ms/batch 1619.29 | loss  2.50 | avg loss  2.63 | ppl 13.93
saving checkpoint ./trained_models/GPT2_M/e2e/model.2000.pt
/home/ycyh/miniconda3/envs/LoRA/lib/python3.11/site-packages/torch/nn/_reduction.py:51: UserWarning: size_average and reduce args will be deprecated, please use reduction='none' instead.
  warnings.warn(warning.format(ret))
eval samples: 0 loss: tensor(1.2973, device='cuda:0')
eval samples: 100 loss: tensor(0.8868, device='cuda:0')
eval samples: 200 loss: tensor(1.3432, device='cuda:0')
eval samples: 300 loss: tensor(1.1365, device='cuda:0')
eval samples: 400 loss: tensor(0.9125, device='cuda:0')
eval samples: 500 loss: tensor(0.6902, device='cuda:0')
eval samples: 600 loss: tensor(1.2741, device='cuda:0')
eval samples: 700 loss: tensor(0.7772, device='cuda:0')
eval samples: 800 loss: tensor(1.2134, device='cuda:0')
eval samples: 900 loss: tensor(1.7210, device='cuda:0')
eval samples: 1000 loss: tensor(1.1014, device='cuda:0')
eval samples: 1100 loss: tensor(1.4593, device='cuda:0')
average loss 1.2687698882838634
----------------------------------------------------------------------------------------------------
| Eval   1 at step     2000 | time: 436.47s | valid loss  1.27 | valid ppl  3.56 | best ppl  3.56 
----------------------------------------------------------------------------------------------------
| epoch   1 step     2100 |   2100 batches | lr 0.0001 | ms/batch 5988.85 | loss  2.64 | avg loss  2.64 | ppl 13.95
| epoch   1 step     2200 |   2200 batches | lr 0.0001 | ms/batch 1619.65 | loss  2.88 | avg loss  2.63 | ppl 13.84
| epoch   1 step     2300 |   2300 batches | lr 0.0001 | ms/batch 1619.53 | loss  2.67 | avg loss  2.62 | ppl 13.72
| epoch   1 step     2400 |   2400 batches | lr 0.0001 | ms/batch 1619.10 | loss  2.38 | avg loss  2.62 | ppl 13.77
| epoch   1 step     2500 |   2500 batches | lr 0.0001 | ms/batch 1623.10 | loss  2.80 | avg loss  2.64 | ppl 13.98
| epoch   1 step     2600 |   2600 batches | lr 0.0001 | ms/batch 1627.00 | loss  2.76 | avg loss  2.62 | ppl 13.77
| epoch   1 step     2700 |   2700 batches | lr 0.0001 | ms/batch 1624.60 | loss  2.68 | avg loss  2.61 | ppl 13.58
| epoch   1 step     2800 |   2800 batches | lr 0.0001 | ms/batch 1625.29 | loss  2.32 | avg loss  2.64 | ppl 14.07
| epoch   1 step     2900 |   2900 batches | lr 0.0001 | ms/batch 1580.37 | loss  2.79 | avg loss  2.63 | ppl 13.85
| epoch   1 step     3000 |   3000 batches | lr 0.0001 | ms/batch 1568.61 | loss  2.65 | avg loss  2.59 | ppl 13.36
saving checkpoint ./trained_models/GPT2_M/e2e/model.3000.pt
| epoch   1 step     3100 |   3100 batches | lr 0.0001 | ms/batch 1571.28 | loss  2.84 | avg loss  2.59 | ppl 13.38
| epoch   1 step     3200 |   3200 batches | lr 0.0001 | ms/batch 1625.91 | loss  2.68 | avg loss  2.63 | ppl 13.88
| epoch   1 step     3300 |   3300 batches | lr 0.0001 | ms/batch 1619.83 | loss  2.95 | avg loss  2.58 | ppl 13.22
| epoch   1 step     3400 |   3400 batches | lr 0.0001 | ms/batch 1618.10 | loss  2.56 | avg loss  2.58 | ppl 13.25
| epoch   1 step     3500 |   3500 batches | lr 0.0001 | ms/batch 1619.31 | loss  2.33 | avg loss  2.62 | ppl 13.69
| epoch   1 step     3600 |   3600 batches | lr 0.0001 | ms/batch 1620.06 | loss  2.49 | avg loss  2.62 | ppl 13.72
| epoch   1 step     3700 |   3700 batches | lr 0.0001 | ms/batch 1620.67 | loss  2.56 | avg loss  2.59 | ppl 13.32
| epoch   1 step     3800 |   3800 batches | lr 0.0001 | ms/batch 1620.44 | loss  2.58 | avg loss  2.54 | ppl 12.74
| epoch   1 step     3900 |   3900 batches | lr 0.0001 | ms/batch 1619.28 | loss  2.30 | avg loss  2.62 | ppl 13.77
| epoch   1 step     4000 |   4000 batches | lr 0.0001 | ms/batch 1617.80 | loss  2.65 | avg loss  2.62 | ppl 13.74
saving checkpoint ./trained_models/GPT2_M/e2e/model.4000.pt
eval samples: 0 loss: tensor(1.2450, device='cuda:0')
eval samples: 100 loss: tensor(0.9161, device='cuda:0')
eval samples: 200 loss: tensor(1.3601, device='cuda:0')
eval samples: 300 loss: tensor(1.1247, device='cuda:0')
eval samples: 400 loss: tensor(0.9373, device='cuda:0')
eval samples: 500 loss: tensor(0.6186, device='cuda:0')
eval samples: 600 loss: tensor(1.2535, device='cuda:0')
eval samples: 700 loss: tensor(0.7656, device='cuda:0')
eval samples: 800 loss: tensor(1.2169, device='cuda:0')
eval samples: 900 loss: tensor(1.7944, device='cuda:0')
eval samples: 1000 loss: tensor(0.9791, device='cuda:0')
eval samples: 1100 loss: tensor(1.4704, device='cuda:0')
average loss 1.2459517355038696
----------------------------------------------------------------------------------------------------
| Eval   2 at step     4000 | time: 432.56s | valid loss  1.25 | valid ppl  3.48 | best ppl  3.48 
----------------------------------------------------------------------------------------------------
| epoch   1 step     4100 |   4100 batches | lr 0.0001 | ms/batch 5909.37 | loss  2.72 | avg loss  2.57 | ppl 13.08
| epoch   1 step     4200 |   4200 batches | lr 0.0001 | ms/batch 1623.76 | loss  2.65 | avg loss  2.58 | ppl 13.19
| epoch   1 step     4300 |   4300 batches | lr 0.0001 | ms/batch 1625.69 | loss  2.37 | avg loss  2.54 | ppl 12.62
| epoch   1 step     4400 |   4400 batches | lr 0.0001 | ms/batch 1626.39 | loss  2.60 | avg loss  2.57 | ppl 13.02
| epoch   1 step     4500 |   4500 batches | lr 0.0001 | ms/batch 1625.97 | loss  2.71 | avg loss  2.59 | ppl 13.36
| epoch   1 step     4600 |   4600 batches | lr 0.0001 | ms/batch 1627.26 | loss  2.56 | avg loss  2.59 | ppl 13.39
| epoch   1 step     4700 |   4700 batches | lr 0.0001 | ms/batch 1625.26 | loss  2.36 | avg loss  2.59 | ppl 13.31
| epoch   1 step     4800 |   4800 batches | lr 0.0001 | ms/batch 1626.39 | loss  2.78 | avg loss  2.56 | ppl 12.87
| epoch   1 step     4900 |   4900 batches | lr 0.0001 | ms/batch 1584.31 | loss  2.61 | avg loss  2.57 | ppl 13.05
| epoch   1 step     5000 |   5000 batches | lr 0.0001 | ms/batch 1569.42 | loss  2.30 | avg loss  2.54 | ppl 12.73
saving checkpoint ./trained_models/GPT2_M/e2e/model.5000.pt
| epoch   1 step     5100 |   5100 batches | lr 0.0001 | ms/batch 1568.53 | loss  2.68 | avg loss  2.58 | ppl 13.20
| epoch   1 step     5200 |   5200 batches | lr 0.0001 | ms/batch 1622.65 | loss  2.73 | avg loss  2.57 | ppl 13.05
saving checkpoint ./trained_models/GPT2_M/e2e/model.5258.pt
start to train the model................ 2
| epoch   2 step     5300 |     42 batches | lr 0.0001 | ms/batch 680.18 | loss  2.43 | avg loss  2.51 | ppl 12.34
| epoch   2 step     5400 |    142 batches | lr 0.0001 | ms/batch 1619.40 | loss  2.51 | avg loss  2.57 | ppl 13.03
| epoch   2 step     5500 |    242 batches | lr 0.0001 | ms/batch 1618.70 | loss  2.58 | avg loss  2.55 | ppl 12.80
| epoch   2 step     5600 |    342 batches | lr 0.0001 | ms/batch 1618.38 | loss  2.19 | avg loss  2.57 | ppl 13.01
| epoch   2 step     5700 |    442 batches | lr 0.0001 | ms/batch 1619.38 | loss  2.50 | avg loss  2.56 | ppl 12.92
| epoch   2 step     5800 |    542 batches | lr 0.0001 | ms/batch 1618.99 | loss  2.53 | avg loss  2.53 | ppl 12.60
| epoch   2 step     5900 |    642 batches | lr 0.0001 | ms/batch 1620.66 | loss  2.65 | avg loss  2.56 | ppl 12.96
| epoch   2 step     6000 |    742 batches | lr 0.0001 | ms/batch 1628.26 | loss  2.28 | avg loss  2.52 | ppl 12.47
saving checkpoint ./trained_models/GPT2_M/e2e/model.6000.pt
eval samples: 0 loss: tensor(1.2196, device='cuda:0')
eval samples: 100 loss: tensor(0.8938, device='cuda:0')
eval samples: 200 loss: tensor(1.2391, device='cuda:0')
eval samples: 300 loss: tensor(1.1417, device='cuda:0')
eval samples: 400 loss: tensor(0.8989, device='cuda:0')
eval samples: 500 loss: tensor(0.5764, device='cuda:0')
eval samples: 600 loss: tensor(1.2820, device='cuda:0')
eval samples: 700 loss: tensor(0.7387, device='cuda:0')
eval samples: 800 loss: tensor(1.1869, device='cuda:0')
eval samples: 900 loss: tensor(1.8011, device='cuda:0')
eval samples: 1000 loss: tensor(0.9538, device='cuda:0')
eval samples: 1100 loss: tensor(1.4722, device='cuda:0')
average loss 1.2121851938228085
----------------------------------------------------------------------------------------------------
| Eval   3 at step     6000 | time: 434.96s | valid loss  1.21 | valid ppl  3.36 | best ppl  3.36 
----------------------------------------------------------------------------------------------------
| epoch   2 step     6100 |    842 batches | lr 0.0001 | ms/batch 5969.59 | loss  2.29 | avg loss  2.55 | ppl 12.77
| epoch   2 step     6200 |    942 batches | lr 0.0001 | ms/batch 1618.83 | loss  2.41 | avg loss  2.55 | ppl 12.79
| epoch   2 step     6300 |   1042 batches | lr 0.0001 | ms/batch 1623.34 | loss  2.75 | avg loss  2.55 | ppl 12.86
| epoch   2 step     6400 |   1142 batches | lr 0.0001 | ms/batch 1614.73 | loss  2.34 | avg loss  2.54 | ppl 12.73
| epoch   2 step     6500 |   1242 batches | lr 0.0001 | ms/batch 1626.86 | loss  2.42 | avg loss  2.56 | ppl 12.98
| epoch   2 step     6600 |   1342 batches | lr 0.0001 | ms/batch 1620.24 | loss  2.81 | avg loss  2.54 | ppl 12.69
| epoch   2 step     6700 |   1442 batches | lr 0.0001 | ms/batch 1619.13 | loss  2.52 | avg loss  2.54 | ppl 12.73
| epoch   2 step     6800 |   1542 batches | lr 0.0001 | ms/batch 1619.35 | loss  2.52 | avg loss  2.56 | ppl 12.93
| epoch   2 step     6900 |   1642 batches | lr 0.0001 | ms/batch 1576.02 | loss  2.48 | avg loss  2.50 | ppl 12.18
| epoch   2 step     7000 |   1742 batches | lr 0.0001 | ms/batch 1563.70 | loss  2.66 | avg loss  2.55 | ppl 12.83
saving checkpoint ./trained_models/GPT2_M/e2e/model.7000.pt
| epoch   2 step     7100 |   1842 batches | lr 0.0001 | ms/batch 1568.54 | loss  2.65 | avg loss  2.54 | ppl 12.68
| epoch   2 step     7200 |   1942 batches | lr 0.0001 | ms/batch 1624.14 | loss  2.58 | avg loss  2.54 | ppl 12.66
| epoch   2 step     7300 |   2042 batches | lr 0.0001 | ms/batch 1626.28 | loss  2.40 | avg loss  2.52 | ppl 12.38
| epoch   2 step     7400 |   2142 batches | lr 0.0001 | ms/batch 1628.18 | loss  2.91 | avg loss  2.51 | ppl 12.33
| epoch   2 step     7500 |   2242 batches | lr 0.0001 | ms/batch 1625.11 | loss  2.68 | avg loss  2.56 | ppl 12.99
| epoch   2 step     7600 |   2342 batches | lr 0.0001 | ms/batch 1627.40 | loss  2.36 | avg loss  2.52 | ppl 12.44
| epoch   2 step     7700 |   2442 batches | lr 0.0001 | ms/batch 1623.05 | loss  2.68 | avg loss  2.52 | ppl 12.44
| epoch   2 step     7800 |   2542 batches | lr 0.0001 | ms/batch 1621.89 | loss  2.57 | avg loss  2.51 | ppl 12.32
| epoch   2 step     7900 |   2642 batches | lr 0.0001 | ms/batch 1624.47 | loss  2.84 | avg loss  2.55 | ppl 12.79
| epoch   2 step     8000 |   2742 batches | lr 0.0001 | ms/batch 1630.35 | loss  2.61 | avg loss  2.56 | ppl 12.98
saving checkpoint ./trained_models/GPT2_M/e2e/model.8000.pt
eval samples: 0 loss: tensor(1.1642, device='cuda:0')
eval samples: 100 loss: tensor(0.8833, device='cuda:0')
eval samples: 200 loss: tensor(1.2784, device='cuda:0')
eval samples: 300 loss: tensor(1.0817, device='cuda:0')
eval samples: 400 loss: tensor(0.8787, device='cuda:0')
eval samples: 500 loss: tensor(0.5806, device='cuda:0')
eval samples: 600 loss: tensor(1.2108, device='cuda:0')
eval samples: 700 loss: tensor(0.6970, device='cuda:0')
eval samples: 800 loss: tensor(1.1309, device='cuda:0')
eval samples: 900 loss: tensor(1.7161, device='cuda:0')
eval samples: 1000 loss: tensor(0.9474, device='cuda:0')
eval samples: 1100 loss: tensor(1.4343, device='cuda:0')
average loss 1.1863437176567235
----------------------------------------------------------------------------------------------------
| Eval   4 at step     8000 | time: 433.63s | valid loss  1.19 | valid ppl  3.28 | best ppl  3.28 
----------------------------------------------------------------------------------------------------
| epoch   2 step     8100 |   2842 batches | lr 0.0001 | ms/batch 5955.60 | loss  2.38 | avg loss  2.52 | ppl 12.48
| epoch   2 step     8200 |   2942 batches | lr 0.0001 | ms/batch 1617.55 | loss  2.60 | avg loss  2.57 | ppl 13.13
| epoch   2 step     8300 |   3042 batches | lr 0.0001 | ms/batch 1624.59 | loss  2.41 | avg loss  2.54 | ppl 12.73
| epoch   2 step     8400 |   3142 batches | lr 0.0001 | ms/batch 1619.88 | loss  2.57 | avg loss  2.53 | ppl 12.51
| epoch   2 step     8500 |   3242 batches | lr 0.0001 | ms/batch 1617.25 | loss  2.53 | avg loss  2.54 | ppl 12.66
| epoch   2 step     8600 |   3342 batches | lr 0.0001 | ms/batch 1618.16 | loss  2.50 | avg loss  2.52 | ppl 12.39
| epoch   2 step     8700 |   3442 batches | lr 0.0001 | ms/batch 1617.93 | loss  2.87 | avg loss  2.53 | ppl 12.51
| epoch   2 step     8800 |   3542 batches | lr 0.0001 | ms/batch 1617.96 | loss  2.42 | avg loss  2.52 | ppl 12.46
| epoch   2 step     8900 |   3642 batches | lr 0.0001 | ms/batch 1576.79 | loss  2.63 | avg loss  2.55 | ppl 12.7| epoch   2 step     9000 |   3742 batches | lr 0.0001 | ms/batch 1562.04 | loss  2.55 | avg loss  2.54 | ppl 12.62
saving checkpoint ./trained_models/GPT2_M/e2e/model.9000.pt
| epoch   2 step     9100 |   3842 batches | lr 0.0001 | ms/batch 1560.60 | loss  2.45 | avg loss  2.53 | ppl 12.53
| epoch   2 step     9200 |   3942 batches | lr 0.0001 | ms/batch 1616.13 | loss  2.67 | avg loss  2.53 | ppl 12.55
| epoch   2 step     9300 |   4042 batches | lr 0.0001 | ms/batch 1619.90 | loss  2.51 | avg loss  2.54 | ppl 12.73
| epoch   2 step     9400 |   4142 batches | lr 0.0001 | ms/batch 1618.92 | loss  2.53 | avg loss  2.53 | ppl 12.58
| epoch   2 step     9500 |   4242 batches | lr 0.0001 | ms/batch 1622.78 | loss  2.54 | avg loss  2.53 | ppl 12.56
| epoch   2 step     9600 |   4342 batches | lr 0.0001 | ms/batch 1620.34 | loss  2.86 | avg loss  2.53 | ppl 12.61
| epoch   2 step     9700 |   4442 batches | lr 0.0001 | ms/batch 1574.68 | loss  2.29 | avg loss  2.52 | ppl 12.46
| epoch   2 step     9800 |   4542 batches | lr 0.0001 | ms/batch 1620.63 | loss  2.52 | avg loss  2.52 | ppl 12.39
| epoch   2 step     9900 |   4642 batches | lr 0.0001 | ms/batch 1622.09 | loss  2.20 | avg loss  2.51 | ppl 12.25
| epoch   2 step    10000 |   4742 batches | lr 0.0001 | ms/batch 1624.30 | loss  2.59 | avg loss  2.54 | ppl 12.70
saving checkpoint ./trained_models/GPT2_M/e2e/model.10000.pt
eval samples: 0 loss: tensor(1.1505, device='cuda:0')
eval samples: 100 loss: tensor(0.8641, device='cuda:0')
eval samples: 200 loss: tensor(1.2716, device='cuda:0')
eval samples: 300 loss: tensor(1.0758, device='cuda:0')
eval samples: 400 loss: tensor(0.8660, device='cuda:0')
eval samples: 500 loss: tensor(0.5373, device='cuda:0')
eval samples: 600 loss: tensor(1.2242, device='cuda:0')
eval samples: 700 loss: tensor(0.6757, device='cuda:0')
eval samples: 800 loss: tensor(1.2164, device='cuda:0')
eval samples: 900 loss: tensor(1.7303, device='cuda:0')
eval samples: 1000 loss: tensor(0.9536, device='cuda:0')
eval samples: 1100 loss: tensor(1.5117, device='cuda:0')
average loss 1.1890354283051947
----------------------------------------------------------------------------------------------------
| Eval   5 at step    10000 | time: 425.99s | valid loss  1.19 | valid ppl  3.28 | best ppl  3.28 
----------------------------------------------------------------------------------------------------
| epoch   2 step    10100 |   4842 batches | lr 0.0001 | ms/batch 5878.59 | loss  2.30 | avg loss  2.53 | ppl 12.58
| epoch   2 step    10200 |   4942 batches | lr 0.0001 | ms/batch 1620.79 | loss  2.46 | avg loss  2.53 | ppl 12.56
| epoch   2 step    10300 |   5042 batches | lr 0.0001 | ms/batch 1620.39 | loss  2.78 | avg loss  2.52 | ppl 12.38
| epoch   2 step    10400 |   5142 batches | lr 0.0001 | ms/batch 1626.21 | loss  2.70 | avg loss  2.52 | ppl 12.39
| epoch   2 step    10500 |   5242 batches | lr 0.0001 | ms/batch 1627.59 | loss  2.46 | avg loss  2.50 | ppl 12.12
saving checkpoint ./trained_models/GPT2_M/e2e/model.10516.pt
start to train the model................ 3
| epoch   3 step    10600 |     84 batches | lr 0.0001 | ms/batch 1358.60 | loss  2.17 | avg loss  2.50 | ppl 12.20
| epoch   3 step    10700 |    184 batches | lr 0.0001 | ms/batch 1614.69 | loss  2.57 | avg loss  2.51 | ppl 12.33
| epoch   3 step    10800 |    284 batches | lr 0.0001 | ms/batch 1615.19 | loss  2.74 | avg loss  2.50 | ppl 12.21
| epoch   3 step    10900 |    384 batches | lr 0.0001 | ms/batch 1590.71 | loss  2.83 | avg loss  2.50 | ppl 12.19
| epoch   3 step    11000 |    484 batches | lr 0.0001 | ms/batch 1570.31 | loss  2.59 | avg loss  2.50 | ppl 12.22
saving checkpoint ./trained_models/GPT2_M/e2e/model.11000.pt
| epoch   3 step    11100 |    584 batches | lr 0.0001 | ms/batch 1571.69 | loss  2.54 | avg loss  2.55 | ppl 12.87
| epoch   3 step    11200 |    684 batches | lr 0.0001 | ms/batch 1612.28 | loss  2.50 | avg loss  2.51 | ppl 12.30
| epoch   3 step    11300 |    784 batches | lr 0.0001 | ms/batch 1617.01 | loss  2.54 | avg loss  2.52 | ppl 12.47
| epoch   3 step    11400 |    884 batches | lr 0.0001 | ms/batch 1615.05 | loss  2.50 | avg loss  2.52 | ppl 12.39
| epoch   3 step    11500 |    984 batches | lr 0.0001 | ms/batch 1615.13 | loss  2.25 | avg loss  2.52 | ppl 12.40
| epoch   3 step    11600 |   1084 batches | lr 0.0001 | ms/batch 1619.52 | loss  2.17 | avg loss  2.47 | ppl 11.88
| epoch   3 step    11700 |   1184 batches | lr 0.0001 | ms/batch 1642.78 | loss  2.33 | avg loss  2.50 | ppl 12.18
| epoch   3 step    11800 |   1284 batches | lr 0.0001 | ms/batch 1639.73 | loss  2.53 | avg loss  2.48 | ppl 11.92
| epoch   3 step    11900 |   1384 batches | lr 0.0001 | ms/batch 1638.43 | loss  2.41 | avg loss  2.49 | ppl 12.06
| epoch   3 step    12000 |   1484 batches | lr 0.0001 | ms/batch 1638.49 | loss  2.54 | avg loss  2.50 | ppl 12.23
saving checkpoint ./trained_models/GPT2_M/e2e/model.12000.pt
eval samples: 0 loss: tensor(1.1420, device='cuda:0')
eval samples: 100 loss: tensor(0.8887, device='cuda:0')
eval samples: 200 loss: tensor(1.2695, device='cuda:0')
eval samples: 300 loss: tensor(1.0720, device='cuda:0')
eval samples: 400 loss: tensor(0.9263, device='cuda:0')
eval samples: 500 loss: tensor(0.5428, device='cuda:0')
eval samples: 600 loss: tensor(1.2310, device='cuda:0')
eval samples: 700 loss: tensor(0.6827, device='cuda:0')
eval samples: 800 loss: tensor(1.1825, device='cuda:0')
eval samples: 900 loss: tensor(1.7771, device='cuda:0')
eval samples: 1000 loss: tensor(0.9200, device='cuda:0')
eval samples: 1100 loss: tensor(1.4898, device='cuda:0')
average loss 1.1892895506669396
----------------------------------------------------------------------------------------------------
| Eval   6 at step    12000 | time: 432.35s | valid loss  1.19 | valid ppl  3.28 | best ppl  3.28 
----------------------------------------------------------------------------------------------------
| epoch   3 step    12100 |   1584 batches | lr 0.0001 | ms/batch 5970.80 | loss  2.47 | avg loss  2.52 | ppl 12.40
| epoch   3 step    12200 |   1684 batches | lr 0.0001 | ms/batch 1642.76 | loss  2.44 | avg loss  2.53 | ppl 12.57
| epoch   3 step    12300 |   1784 batches | lr 0.0001 | ms/batch 1642.45 | loss  2.46 | avg loss  2.51 | ppl 12.33
| epoch   3 step    12400 |   1884 batches | lr 0.0001 | ms/batch 1639.57 | loss  2.59 | avg loss  2.48 | ppl 11.99
| epoch   3 step    12500 |   1984 batches | lr 0.0001 | ms/batch 1628.58 | loss  2.76 | avg loss  2.51 | ppl 12.29
| epoch   3 step    12600 |   2084 batches | lr 0.0001 | ms/batch 1624.47 | loss  2.80 | avg loss  2.46 | ppl 11.65
| epoch   3 step    12700 |   2184 batches | lr 0.0001 | ms/batch 1626.50 | loss  2.34 | avg loss  2.50 | ppl 12.23
| epoch   3 step    12800 |   2284 batches | lr 0.0001 | ms/batch 1625.50 | loss  2.61 | avg loss  2.51 | ppl 12.27
| epoch   3 step    12900 |   2384 batches | lr 0.0001 | ms/batch 1599.44 | loss  2.43 | avg loss  2.51 | ppl 12.27
| epoch   3 step    13000 |   2484 batches | lr 0.0001 | ms/batch 1577.55 | loss  2.99 | avg loss  2.52 | ppl 12.48
saving checkpoint ./trained_models/GPT2_M/e2e/model.13000.pt
| epoch   3 step    13100 |   2584 batches | lr 0.0001 | ms/batch 1582.85 | loss  2.36 | avg loss  2.48 | ppl 11.94
| epoch   3 step    13200 |   2684 batches | lr 0.0001 | ms/batch 1608.70 | loss  2.45 | avg loss  2.53 | ppl 12.60
| epoch   3 step    13300 |   2784 batches | lr 0.0001 | ms/batch 1621.43 | loss  2.41 | avg loss  2.49 | ppl 12.02
| epoch   3 step    13400 |   2884 batches | lr 0.0001 | ms/batch 1619.49 | loss  2.63 | avg loss  2.48 | ppl 11.99
| epoch   3 step    13500 |   2984 batches | lr 0.0001 | ms/batch 1617.08 | loss  2.92 | avg loss  2.52 | ppl 12.48
| epoch   3 step    13600 |   3084 batches | lr 0.0001 | ms/batch 1619.97 | loss  2.28 | avg loss  2.51 | ppl 12.35
| epoch   3 step    13700 |   3184 batches | lr 0.0001 | ms/batch 1623.92 | loss  2.68 | avg loss  2.54 | ppl 12.72
| epoch   3 step    13800 |   3284 batches | lr 0.0001 | ms/batch 1624.28 | loss  2.29 | avg loss  2.48 | ppl 11.93
| epoch   3 step    13900 |   3384 batches | lr 0.0001 | ms/batch 1621.22 | loss  2.90 | avg loss  2.53 | ppl 12.52
| epoch   3 step    14000 |   3484 batches | lr 0.0001 | ms/batch 1622.74 | loss  2.60 | avg loss  2.53 | ppl 12.53
saving checkpoint ./trained_models/GPT2_M/e2e/model.14000.pt
eval samples: 0 loss: tensor(1.0801, device='cuda:0')
eval samples: 100 loss: tensor(0.8258, device='cuda:0')
eval samples: 200 loss: tensor(1.2558, device='cuda:0')
eval samples: 300 loss: tensor(1.0759, device='cuda:0')
eval samples: 400 loss: tensor(0.8654, device='cuda:0')
eval samples: 500 loss: tensor(0.5282, device='cuda:0')
eval samples: 600 loss: tensor(1.2398, device='cuda:0')
eval samples: 700 loss: tensor(0.6913, device='cuda:0')
eval samples: 800 loss: tensor(1.1392, device='cuda:0')
eval samples: 900 loss: tensor(1.7901, device='cuda:0')
eval samples: 1000 loss: tensor(0.9521, device='cuda:0')
eval samples: 1100 loss: tensor(1.4498, device='cuda:0')
average loss 1.1711938416406715
----------------------------------------------------------------------------------------------------
| Eval   7 at step    14000 | time: 432.48s | valid loss  1.17 | valid ppl  3.23 | best ppl  3.23 
----------------------------------------------------------------------------------------------------
| epoch   3 step    14100 |   3584 batches | lr 0.0001 | ms/batch 5944.41 | loss  2.55 | avg loss  2.46 | ppl 11.70
| epoch   3 step    14200 |   3684 batches | lr 0.0001 | ms/batch 1616.62 | loss  2.49 | avg loss  2.48 | ppl 11.95
| epoch   3 step    14300 |   3784 batches | lr 0.0001 | ms/batch 1619.31 | loss  2.72 | avg loss  2.48 | ppl 11.99
| epoch   3 step    14400 |   3884 batches | lr 0.0001 | ms/batch 1629.87 | loss  2.26 | avg loss  2.50 | ppl 12.15
| epoch   3 step    14500 |   3984 batches | lr 0.0001 | ms/batch 1623.10 | loss  2.36 | avg loss  2.51 | ppl 12.31
| epoch   3 step    14600 |   4084 batches | lr 0.0001 | ms/batch 1629.08 | loss  2.50 | avg loss  2.52 | ppl 12.40
| epoch   3 step    14700 |   4184 batches | lr 0.0001 | ms/batch 1583.80 | loss  2.50 | avg loss  2.48 | ppl 11.93
| epoch   3 step    14800 |   4284 batches | lr 0.0001 | ms/batch 1628.20 | loss  2.51 | avg loss  2.52 | ppl 12.45
| epoch   3 step    14900 |   4384 batches | lr 0.0001 | ms/batch 1600.46 | loss  2.46 | avg loss  2.49 | ppl 12.12
| epoch   3 step    15000 |   4484 batches | lr 0.0001 | ms/batch 1564.84 | loss  2.82 | avg loss  2.53 | ppl 12.52
saving checkpoint ./trained_models/GPT2_M/e2e/model.15000.pt
| epoch   3 step    15100 |   4584 batches | lr 0.0001 | ms/batch 1564.16 | loss  2.31 | avg loss  2.49 | ppl 12.12
| epoch   3 step    15200 |   4684 batches | lr 0.0001 | ms/batch 1597.44 | loss  2.49 | avg loss  2.49 | ppl 12.04
| epoch   3 step    15300 |   4784 batches | lr 0.0001 | ms/batch 1624.73 | loss  2.46 | avg loss  2.53 | ppl 12.53
| epoch   3 step    15400 |   4884 batches | lr 0.0001 | ms/batch 1623.42 | loss  2.36 | avg loss  2.51 | ppl 12.27
| epoch   3 step    15500 |   4984 batches | lr 0.0001 | ms/batch 1621.80 | loss  2.41 | avg loss  2.50 | ppl 12.20
| epoch   3 step    15600 |   5084 batches | lr 0.0001 | ms/batch 1624.99 | loss  2.60 | avg loss  2.49 | ppl 12.04
| epoch   3 step    15700 |   5184 batches | lr 0.0001 | ms/batch 1626.61 | loss  2.46 | avg loss  2.47 | ppl 11.87
saving checkpoint ./trained_models/GPT2_M/e2e/model.15774.pt
start to train the model................ 4
| epoch   4 step    15800 |     26 batches | lr 0.0001 | ms/batch 421.79 | loss  2.36 | avg loss  2.47 | ppl 11.82
| epoch   4 step    15900 |    126 batches | lr 0.0001 | ms/batch 1623.90 | loss  2.38 | avg loss  2.48 | ppl 11.93
| epoch   4 step    16000 |    226 batches | lr 0.0001 | ms/batch 1626.62 | loss  2.51 | avg loss  2.50 | ppl 12.15
saving checkpoint ./trained_models/GPT2_M/e2e/model.16000.pt
eval samples: 0 loss: tensor(1.1272, device='cuda:0')
eval samples: 100 loss: tensor(0.8678, device='cuda:0')
eval samples: 200 loss: tensor(1.2181, device='cuda:0')
eval samples: 300 loss: tensor(1.0766, device='cuda:0')
eval samples: 400 loss: tensor(0.8750, device='cuda:0')
eval samples: 500 loss: tensor(0.5111, device='cuda:0')
eval samples: 600 loss: tensor(1.1816, device='cuda:0')
eval samples: 700 loss: tensor(0.6363, device='cuda:0')
eval samples: 800 loss: tensor(1.1912, device='cuda:0')
eval samples: 900 loss: tensor(1.7610, device='cuda:0')
eval samples: 1000 loss: tensor(0.9200, device='cuda:0')
eval samples: 1100 loss: tensor(1.4456, device='cuda:0')
average loss 1.1765189433393821
----------------------------------------------------------------------------------------------------
| Eval   8 at step    16000 | time: 432.28s | valid loss  1.18 | valid ppl  3.24 | best ppl  3.24 
----------------------------------------------------------------------------------------------------
| epoch   4 step    16100 |    326 batches | lr 0.0001 | ms/batch 5947.99 | loss  2.69 | avg loss  2.46 | ppl 11.76
| epoch   4 step    16200 |    426 batches | lr 0.0001 | ms/batch 1629.91 | loss  2.42 | avg loss  2.48 | ppl 11.91
| epoch   4 step    16300 |    526 batches | lr 0.0001 | ms/batch 1626.66 | loss  2.78 | avg loss  2.47 | ppl 11.79
| epoch   4 step    16400 |    626 batches | lr 0.0001 | ms/batch 1624.69 | loss  2.93 | avg loss  2.48 | ppl 11.92
| epoch   4 step    16500 |    726 batches | lr 0.0001 | ms/batch 1623.50 | loss  2.67 | avg loss  2.51 | ppl 12.29
| epoch   4 step    16600 |    826 batches | lr 0.0001 | ms/batch 1615.65 | loss  2.67 | avg loss  2.48 | ppl 11.89
| epoch   4 step    16700 |    926 batches | lr 0.0001 | ms/batch 1623.10 | loss  2.67 | avg loss  2.49 | ppl 12.05
| epoch   4 step    16800 |   1026 batches | lr 0.0001 | ms/batch 1617.03 | loss  2.58 | avg loss  2.49 | ppl 12.07
| epoch   4 step    16900 |   1126 batches | lr 0.0001 | ms/batch 1601.72 | loss  2.20 | avg loss  2.46 | ppl 11.71
| epoch   4 step    17000 |   1226 batches | lr 0.0001 | ms/batch 1572.50 | loss  2.35 | avg loss  2.46 | ppl 11.69
saving checkpoint ./trained_models/GPT2_M/e2e/model.17000.pt
| epoch   4 step    17100 |   1326 batches | lr 0.0001 | ms/batch 1572.38 | loss  2.60 | avg loss  2.51 | ppl 12.34
| epoch   4 step    17200 |   1426 batches | lr 0.0001 | ms/batch 1605.29 | loss  2.38 | avg loss  2.46 | ppl 11.68
| epoch   4 step    17300 |   1526 batches | lr 0.0001 | ms/batch 1620.47 | loss  2.34 | avg loss  2.49 | ppl 12.05
| epoch   4 step    17400 |   1626 batches | lr 0.0001 | ms/batch 1617.94 | loss  2.28 | avg loss  2.49 | ppl 12.07
| epoch   4 step    17500 |   1726 batches | lr 0.0001 | ms/batch 1619.32 | loss  2.67 | avg loss  2.50 | ppl 12.17
| epoch   4 step    17600 |   1826 batches | lr 0.0001 | ms/batch 1628.56 | loss  2.77 | avg loss  2.50 | ppl 12.21
| epoch   4 step    17700 |   1926 batches | lr 0.0001 | ms/batch 1623.20 | loss  2.39 | avg loss  2.47 | ppl 11.87
| epoch   4 step    17800 |   2026 batches | lr 0.0001 | ms/batch 1628.94 | loss  2.74 | avg loss  2.51 | ppl 12.36
| epoch   4 step    17900 |   2126 batches | lr 0.0001 | ms/batch 1623.51 | loss  2.51 | avg loss  2.48 | ppl 11.90
| epoch   4 step    18000 |   2226 batches | lr 0.0001 | ms/batch 1623.16 | loss  3.03 | avg loss  2.48 | ppl 11.96
saving checkpoint ./trained_models/GPT2_M/e2e/model.18000.pt
eval samples: 0 loss: tensor(1.1142, device='cuda:0')
eval samples: 100 loss: tensor(0.8733, device='cuda:0')
eval samples: 200 loss: tensor(1.2774, device='cuda:0')
eval samples: 300 loss: tensor(1.0544, device='cuda:0')
eval samples: 400 loss: tensor(0.8816, device='cuda:0')
eval samples: 500 loss: tensor(0.5689, device='cuda:0')
eval samples: 600 loss: tensor(1.2149, device='cuda:0')
eval samples: 700 loss: tensor(0.6907, device='cuda:0')
eval samples: 800 loss: tensor(1.1879, device='cuda:0')
eval samples: 900 loss: tensor(1.7523, device='cuda:0')
eval samples: 1000 loss: tensor(0.9454, device='cuda:0')
eval samples: 1100 loss: tensor(1.5232, device='cuda:0')
average loss 1.1847760546952486
----------------------------------------------------------------------------------------------------
| Eval   9 at step    18000 | time: 434.02s | valid loss  1.18 | valid ppl  3.27 | best ppl  3.24 
----------------------------------------------------------------------------------------------------
| epoch   4 step    18100 |   2326 batches | lr 0.0001 | ms/batch 5966.98 | loss  2.62 | avg loss  2.48 | ppl 11.92
| epoch   4 step    18200 |   2426 batches | lr 0.0001 | ms/batch 1625.15 | loss  2.38 | avg loss  2.49 | ppl 12.02
| epoch   4 step    18300 |   2526 batches | lr 0.0001 | ms/batch 1619.52 | loss  2.38 | avg loss  2.49 | ppl 12.12
| epoch   4 step    18400 |   2626 batches | lr 0.0001 | ms/batch 1617.89 | loss  2.60 | avg loss  2.47 | ppl 11.85
| epoch   4 step    18500 |   2726 batches | lr 0.0001 | ms/batch 1617.81 | loss  2.50 | avg loss  2.46 | ppl 11.73
| epoch   4 step    18600 |   2826 batches | lr 0.0001 | ms/batch 1617.83 | loss  2.30 | avg loss  2.50 | ppl 12.22
| epoch   4 step    18700 |   2926 batches | lr 0.0001 | ms/batch 1618.30 | loss  2.27 | avg loss  2.47 | ppl 11.85
| epoch   4 step    18800 |   3026 batches | lr 0.0001 | ms/batch 1619.58 | loss  2.29 | avg loss  2.50 | ppl 12.18
| epoch   4 step    18900 |   3126 batches | lr 0.0001 | ms/batch 1596.06 | loss  2.46 | avg loss  2.49 | ppl 12.06
| epoch   4 step    19000 |   3226 batches | lr 0.0001 | ms/batch 1571.82 | loss  2.76 | avg loss  2.49 | ppl 12.10
saving checkpoint ./trained_models/GPT2_M/e2e/model.19000.pt
| epoch   4 step    19100 |   3326 batches | lr 0.0001 | ms/batch 1575.89 | loss  2.70 | avg loss  2.47 | ppl 11.82
| epoch   4 step    19200 |   3426 batches | lr 0.0001 | ms/batch 1609.34 | loss  2.56 | avg loss  2.47 | ppl 11.79
| epoch   4 step    19300 |   3526 batches | lr 0.0001 | ms/batch 1622.29 | loss  2.54 | avg loss  2.50 | ppl 12.14
| epoch   4 step    19400 |   3626 batches | lr 0.0001 | ms/batch 1621.83 | loss  2.64 | avg loss  2.48 | ppl 11.91
| epoch   4 step    19500 |   3726 batches | lr 0.0001 | ms/batch 1620.69 | loss  2.21 | avg loss  2.48 | ppl 11.94
| epoch   4 step    19600 |   3826 batches | lr 0.0001 | ms/batch 1621.31 | loss  2.64 | avg loss  2.49 | ppl 12.04
| epoch   4 step    19700 |   3926 batches | lr 0.0001 | ms/batch 1620.51 | loss  2.63 | avg loss  2.48 | ppl 11.94
| epoch   4 step    19800 |   4026 batches | lr 0.0001 | ms/batch 1619.08 | loss  2.49 | avg loss  2.49 | ppl 12.05
| epoch   4 step    19900 |   4126 batches | lr 0.0001 | ms/batch 1621.52 | loss  2.31 | avg loss  2.52 | ppl 12.41
| epoch   4 step    20000 |   4226 batches | lr 0.0001 | ms/batch 1623.33 | loss  2.37 | avg loss  2.49 | ppl 12.01
saving checkpoint ./trained_models/GPT2_M/e2e/model.20000.pt
eval samples: 0 loss: tensor(1.2008, device='cuda:0')
eval samples: 100 loss: tensor(0.9005, device='cuda:0')
eval samples: 200 loss: tensor(1.2348, device='cuda:0')
eval samples: 300 loss: tensor(1.0889, device='cuda:0')
eval samples: 400 loss: tensor(0.8479, device='cuda:0')
eval samples: 500 loss: tensor(0.5833, device='cuda:0')
eval samples: 600 loss: tensor(1.2379, device='cuda:0')
eval samples: 700 loss: tensor(0.7090, device='cuda:0')
eval samples: 800 loss: tensor(1.1526, device='cuda:0')
eval samples: 900 loss: tensor(1.7404, device='cuda:0')
eval samples: 1000 loss: tensor(0.9581, device='cuda:0')
eval samples: 1100 loss: tensor(1.4636, device='cuda:0')
average loss 1.1944082947830632
----------------------------------------------------------------------------------------------------
| Eval  10 at step    20000 | time: 430.06s | valid loss  1.19 | valid ppl  3.30 | best ppl  3.24 
----------------------------------------------------------------------------------------------------
| epoch   4 step    20100 |   4326 batches | lr 0.0001 | ms/batch 5926.42 | loss  2.34 | avg loss  2.48 | ppl 11.90
| epoch   4 step    20200 |   4426 batches | lr 0.0001 | ms/batch 1623.08 | loss  2.46 | avg loss  2.49 | ppl 12.04
| epoch   4 step    20300 |   4526 batches | lr 0.0001 | ms/batch 1620.39 | loss  2.50 | avg loss  2.51 | ppl 12.27
| epoch   4 step    20400 |   4626 batches | lr 0.0001 | ms/batch 1618.26 | loss  2.46 | avg loss  2.48 | ppl 11.97
| epoch   4 step    20500 |   4726 batches | lr 0.0001 | ms/batch 1625.29 | loss  2.66 | avg loss  2.47 | ppl 11.80
| epoch   4 step    20600 |   4826 batches | lr 0.0001 | ms/batch 1627.52 | loss  2.63 | avg loss  2.51 | ppl 12.33
| epoch   4 step    20700 |   4926 batches | lr 0.0001 | ms/batch 1613.32 | loss  2.55 | avg loss  2.47 | ppl 11.87
| epoch   4 step    20800 |   5026 batches | lr 0.0001 | ms/batch 1627.59 | loss  2.29 | avg loss  2.51 | ppl 12.28
| epoch   4 step    20900 |   5126 batches | lr 0.0001 | ms/batch 1601.72 | loss  2.42 | avg loss  2.47 | ppl 11.87
| epoch   4 step    21000 |   5226 batches | lr 0.0001 | ms/batch 1564.96 | loss  2.28 | avg loss  2.47 | ppl 11.87
saving checkpoint ./trained_models/GPT2_M/e2e/model.21000.pt
saving checkpoint ./trained_models/GPT2_M/e2e/model.21032.pt
start to train the model................ 5
| epoch   5 step    21100 |     68 batches | lr 0.0001 | ms/batch 1064.53 | loss  2.57 | avg loss  2.49 | ppl 12.07
| epoch   5 step    21200 |    168 batches | lr 0.0001 | ms/batch 1604.57 | loss  2.61 | avg loss  2.43 | ppl 11.40
| epoch   5 step    21300 |    268 batches | lr 0.0001 | ms/batch 1624.87 | loss  2.26 | avg loss  2.49 | ppl 12.01
| epoch   5 step    21400 |    368 batches | lr 0.0001 | ms/batch 1628.29 | loss  2.55 | avg loss  2.48 | ppl 11.88
| epoch   5 step    21500 |    468 batches | lr 0.0001 | ms/batch 1623.87 | loss  2.63 | avg loss  2.48 | ppl 11.99
| epoch   5 step    21600 |    568 batches | lr 0.0001 | ms/batch 1626.68 | loss  2.77 | avg loss  2.44 | ppl 11.50
| epoch   5 step    21700 |    668 batches | lr 0.0001 | ms/batch 1627.51 | loss  2.82 | avg loss  2.48 | ppl 11.93
| epoch   5 step    21800 |    768 batches | lr 0.0001 | ms/batch 1629.96 | loss  2.38 | avg loss  2.49 | ppl 12.11
| epoch   5 step    21900 |    868 batches | lr 0.0001 | ms/batch 1624.75 | loss  2.70 | avg loss  2.47 | ppl 11.87
| epoch   5 step    22000 |    968 batches | lr 0.0001 | ms/batch 1622.65 | loss  2.39 | avg loss  2.43 | ppl 11.32
saving checkpoint ./trained_models/GPT2_M/e2e/model.22000.pt
eval samples: 0 loss: tensor(1.1050, device='cuda:0')
eval samples: 100 loss: tensor(0.8488, device='cuda:0')
eval samples: 200 loss: tensor(1.2881, device='cuda:0')
eval samples: 300 loss: tensor(1.0765, device='cuda:0')
eval samples: 400 loss: tensor(0.8266, device='cuda:0')
eval samples: 500 loss: tensor(0.5355, device='cuda:0')
eval samples: 600 loss: tensor(1.1877, device='cuda:0')
eval samples: 700 loss: tensor(0.6567, device='cuda:0')
eval samples: 800 loss: tensor(1.1817, device='cuda:0')
eval samples: 900 loss: tensor(1.7425, device='cuda:0')
eval samples: 1000 loss: tensor(0.8994, device='cuda:0')
eval samples: 1100 loss: tensor(1.5110, device='cuda:0')
average loss 1.1674618203039855
----------------------------------------------------------------------------------------------------
| Eval  11 at step    22000 | time: 432.67s | valid loss  1.17 | valid ppl  3.21 | best ppl  3.21 
----------------------------------------------------------------------------------------------------
| epoch   5 step    22100 |   1068 batches | lr 0.0001 | ms/batch 5952.63 | loss  2.58 | avg loss  2.45 | ppl 11.64
| epoch   5 step    22200 |   1168 batches | lr 0.0001 | ms/batch 1626.20 | loss  2.90 | avg loss  2.48 | ppl 11.95
| epoch   5 step    22300 |   1268 batches | lr 0.0001 | ms/batch 1622.84 | loss  2.32 | avg loss  2.49 | ppl 12.03
| epoch   5 step    22400 |   1368 batches | lr 0.0001 | ms/batch 1619.89 | loss  2.28 | avg loss  2.44 | ppl 11.45
| epoch   5 step    22500 |   1468 batches | lr 0.0001 | ms/batch 1618.80 | loss  2.52 | avg loss  2.47 | ppl 11.84
| epoch   5 step    22600 |   1568 batches | lr 0.0001 | ms/batch 1625.32 | loss  2.73 | avg loss  2.48 | ppl 11.97
| epoch   5 step    22700 |   1668 batches | lr 0.0001 | ms/batch 1625.23 | loss  2.40 | avg loss  2.46 | ppl 11.75
| epoch   5 step    22800 |   1768 batches | lr 0.0001 | ms/batch 1626.98 | loss  2.34 | avg loss  2.48 | ppl 11.95
| epoch   5 step    22900 |   1868 batches | lr 0.0001 | ms/batch 1594.09 | loss  2.89 | avg loss  2.51 | ppl 12.37
| epoch   5 step    23000 |   1968 batches | lr 0.0001 | ms/batch 1566.49 | loss  2.37 | avg loss  2.47 | ppl 11.77
saving checkpoint ./trained_models/GPT2_M/e2e/model.23000.pt
| epoch   5 step    23100 |   2068 batches | lr 0.0001 | ms/batch 1566.12 | loss  2.53 | avg loss  2.50 | ppl 12.15
| epoch   5 step    23200 |   2168 batches | lr 0.0001 | ms/batch 1608.78 | loss  2.62 | avg loss  2.46 | ppl 11.76
| epoch   5 step    23300 |   2268 batches | lr 0.0001 | ms/batch 1624.13 | loss  2.33 | avg loss  2.45 | ppl 11.58
| epoch   5 step    23400 |   2368 batches | lr 0.0001 | ms/batch 1629.64 | loss  2.37 | avg loss  2.48 | ppl 11.91
| epoch   5 step    23500 |   2468 batches | lr 0.0001 | ms/batch 1624.32 | loss  2.28 | avg loss  2.45 | ppl 11.59
| epoch   5 step    23600 |   2568 batches | lr 0.0001 | ms/batch 1622.60 | loss  2.18 | avg loss  2.47 | ppl 11.77
| epoch   5 step    23700 |   2668 batches | lr 0.0001 | ms/batch 1633.01 | loss  2.33 | avg loss  2.44 | ppl 11.47
| epoch   5 step    23800 |   2768 batches | lr 0.0001 | ms/batch 1621.63 | loss  2.55 | avg loss  2.48 | ppl 11.97
| epoch   5 step    23900 |   2868 batches | lr 0.0001 | ms/batch 1623.15 | loss  2.52 | avg loss  2.45 | ppl 11.63
| epoch   5 step    24000 |   2968 batches | lr 0.0001 | ms/batch 1626.20 | loss  2.34 | avg loss  2.48 | ppl 11.93
saving checkpoint ./trained_models/GPT2_M/e2e/model.24000.pt
eval samples: 0 loss: tensor(1.0740, device='cuda:0')
eval samples: 100 loss: tensor(0.8521, device='cuda:0')
eval samples: 200 loss: tensor(1.2138, device='cuda:0')
eval samples: 300 loss: tensor(1.0453, device='cuda:0')
eval samples: 400 loss: tensor(0.7934, device='cuda:0')
eval samples: 500 loss: tensor(0.5283, device='cuda:0')
eval samples: 600 loss: tensor(1.2480, device='cuda:0')
eval samples: 700 loss: tensor(0.6481, device='cuda:0')
eval samples: 800 loss: tensor(1.1927, device='cuda:0')
eval samples: 900 loss: tensor(1.7548, device='cuda:0')
eval samples: 1000 loss: tensor(0.8846, device='cuda:0')
eval samples: 1100 loss: tensor(1.5041, device='cuda:0')
average loss 1.1629518709872684
----------------------------------------------------------------------------------------------------
| Eval  12 at step    24000 | time: 437.56s | valid loss  1.16 | valid ppl  3.20 | best ppl  3.20 
----------------------------------------------------------------------------------------------------
| epoch   5 step    24100 |   3068 batches | lr 0.0001 | ms/batch 6104.00 | loss  2.57 | avg loss  2.50 | ppl 12.20
| epoch   5 step    24200 |   3168 batches | lr 0.0001 | ms/batch 1734.73 | loss  2.64 | avg loss  2.44 | ppl 11.43
| epoch   5 step    24300 |   3268 batches | lr 0.0001 | ms/batch 1762.11 | loss  2.58 | avg loss  2.48 | ppl 11.98
| epoch   5 step    24400 |   3368 batches | lr 0.0001 | ms/batch 1761.91 | loss  2.64 | avg loss  2.47 | ppl 11.79
| epoch   5 step    24500 |   3468 batches | lr 0.0001 | ms/batch 1787.35 | loss  2.30 | avg loss  2.47 | ppl 11.78
| epoch   5 step    24600 |   3568 batches | lr 0.0001 | ms/batch 1833.82 | loss  2.53 | avg loss  2.47 | ppl 11.79
| epoch   5 step    24700 |   3668 batches | lr 0.0001 | ms/batch 1838.29 | loss  2.84 | avg loss  2.51 | ppl 12.31
| epoch   5 step    24800 |   3768 batches | lr 0.0001 | ms/batch 1887.05 | loss  2.84 | avg loss  2.47 | ppl 11.81
| epoch   5 step    24900 |   3868 batches | lr 0.0001 | ms/batch 1891.03 | loss  2.31 | avg loss  2.47 | ppl 11.87
| epoch   5 step    25000 |   3968 batches | lr 0.0001 | ms/batch 1901.57 | loss  2.37 | avg loss  2.48 | ppl 11.89
saving checkpoint ./trained_models/GPT2_M/e2e/model.25000.pt
| epoch   5 step    25100 |   4068 batches | lr 0.0001 | ms/batch 1895.02 | loss  2.62 | avg loss  2.46 | ppl 11.70
| epoch   5 step    25200 |   4168 batches | lr 0.0001 | ms/batch 1807.83 | loss  2.36 | avg loss  2.49 | ppl 12.05
| epoch   5 step    25300 |   4268 batches | lr 0.0001 | ms/batch 1782.95 | loss  2.42 | avg loss  2.45 | ppl 11.59
| epoch   5 step    25400 |   4368 batches | lr 0.0001 | ms/batch 1778.45 | loss  2.67 | avg loss  2.44 | ppl 11.50
| epoch   5 step    25500 |   4468 batches | lr 0.0001 | ms/batch 977.13 | loss  2.52 | avg loss  2.47 | ppl 11.87
| epoch   5 step    25600 |   4568 batches | lr 0.0001 | ms/batch 937.25 | loss  2.67 | avg loss  2.47 | ppl 11.87
| epoch   5 step    25700 |   4668 batches | lr 0.0001 | ms/batch 905.86 | loss  2.78 | avg loss  2.52 | ppl 12.42
| epoch   5 step    25800 |   4768 batches | lr 0.0001 | ms/batch 880.78 | loss  2.52 | avg loss  2.50 | ppl 12.14
| epoch   5 step    25900 |   4868 batches | lr 0.0001 | ms/batch 859.32 | loss  2.33 | avg loss  2.47 | ppl 11.81
| epoch   5 step    26000 |   4968 batches | lr 0.0001 | ms/batch 868.60 | loss  2.42 | avg loss  2.49 | ppl 12.03
saving checkpoint ./trained_models/GPT2_M/e2e/model.26000.pt
eval samples: 0 loss: tensor(1.0918, device='cuda:0')
eval samples: 100 loss: tensor(0.8262, device='cuda:0')
eval samples: 200 loss: tensor(1.2388, device='cuda:0')
eval samples: 300 loss: tensor(1.0557, device='cuda:0')
eval samples: 400 loss: tensor(0.8651, device='cuda:0')
eval samples: 500 loss: tensor(0.5240, device='cuda:0')
eval samples: 600 loss: tensor(1.2066, device='cuda:0')
eval samples: 700 loss: tensor(0.6651, device='cuda:0')
eval samples: 800 loss: tensor(1.1320, device='cuda:0')
eval samples: 900 loss: tensor(1.7390, device='cuda:0')
eval samples: 1000 loss: tensor(0.9052, device='cuda:0')
eval samples: 1100 loss: tensor(1.4896, device='cuda:0')
average loss 1.1603912751713437
----------------------------------------------------------------------------------------------------
| Eval  13 at step    26000 | time: 217.99s | valid loss  1.16 | valid ppl  3.19 | best ppl  3.19 
----------------------------------------------------------------------------------------------------
| epoch   5 step    26100 |   5068 batches | lr 0.0001 | ms/batch 3045.14 | loss  2.43 | avg loss  2.46 | ppl 11.76
| epoch   5 step    26200 |   5168 batches | lr 0.0001 | ms/batch 866.32 | loss  2.56 | avg loss  2.46 | ppl 11.67
saving checkpoint ./trained_models/GPT2_M/e2e/model.26290.pt
----------------------------------------------------------------------------------------------------
End of training
cleanup dist ...
[rank0]:[W509 15:40:33.674335626 ProcessGroupNCCL.cpp:1479] Warning: WARNING: destroy_process_group() was not called before program exit, which can leak resources. For more info, please see https://pytorch.org/docs/stable/distributed.html#shutdown (function operator())
