nohup: ignoring input
myrank: 0 local_rank: 0 device_count: 1 world_size: 1
====================================================================================================
        - platform : local
        - local_rank : 0
        - rank : 0
        - device : cuda:0
        - world_size : 1
        - random_seed : 110
        - lr : 0.0001
        - weight_decay : 0.01
        - correct_bias : True
        - adam_epislon : 1e-06
        - no_decay_bias : False
        - adam_beta1 : 0.9
        - adam_beta2 : 0.999
        - scheduler : None
        - max_step : None
        - max_epoch : 5
        - warmup_step : 500
        - i_steps : 0
        - i_lrs : 0.00025
        - train_data : ./data/e2e/train.jsonl
        - valid_data : ./data/e2e/valid.jsonl
        - train_batch_size : 8
        - valid_batch_size : 4
        - grad_acc : 1
        - clip : 0.0
        - seq_len : 512
        - model_card : gpt2.md
        - init_checkpoint : ./pretrained_checkpoints/gpt2-medium-pytorch_model.bin
        - fp16 : False
        - log_interval : 100
        - eval_interval : 2000
        - save_interval : 1000
        - work_dir : ./trained_models/GPT2_M/e2e
        - lora_dim : 4
        - lora_alpha : 32
        - obj : clm
        - lora_dropout : 0.1
        - label_smooth : 0.1
        - roll_interval : -1
        - roll_lr : 1e-05
        - roll_step : 100
        - eval_epoch : 1
        - dist : <module 'torch.distributed' from '/home/ycyh/miniconda3/envs/LoRA/lib/python3.11/site-packages/torch/distributed/__init__.py'>
====================================================================================================
Experiment dir : ./trained_models/GPT2_M/e2e
loading model pretrained weight.
set max_step: 26290
start to train the model................ 1
| epoch   1 step      100 |    100 batches | lr 0.0001 | ms/batch 1565.61 | loss  3.46 | avg loss  3.45 | ppl 31.62
| epoch   1 step      200 |    200 batches | lr 0.0001 | ms/batch 1565.03 | loss  2.84 | avg loss  2.87 | ppl 17.69
| epoch   1 step      300 |    300 batches | lr 0.0001 | ms/batch 1577.17 | loss  2.82 | avg loss  2.80 | ppl 16.52
| epoch   1 step      400 |    400 batches | lr 0.0001 | ms/batch 1567.31 | loss  2.92 | avg loss  2.79 | ppl 16.30
| epoch   1 step      500 |    500 batches | lr 0.0001 | ms/batch 1565.26 | loss  2.67 | avg loss  2.74 | ppl 15.47
| epoch   1 step      600 |    600 batches | lr 0.0001 | ms/batch 1566.08 | loss  2.62 | avg loss  2.71 | ppl 14.98
| epoch   1 step      700 |    700 batches | lr 0.0001 | ms/batch 1566.71 | loss  2.78 | avg loss  2.69 | ppl 14.67
| epoch   1 step      800 |    800 batches | lr 0.0001 | ms/batch 1567.32 | loss  2.41 | avg loss  2.67 | ppl 14.38
| epoch   1 step      900 |    900 batches | lr 0.0001 | ms/batch 1567.15 | loss  2.43 | avg loss  2.66 | ppl 14.27
| epoch   1 step     1000 |   1000 batches | lr 0.0001 | ms/batch 1566.42 | loss  3.14 | avg loss  2.68 | ppl 14.61
saving checkpoint ./trained_models/GPT2_M/e2e/model.1000.pt
/home/ycyh/miniconda3/envs/LoRA/lib/python3.11/site-packages/torch/distributed/distributed_c10d.py:4631: UserWarning: No device id is provided via `init_process_group` or `barrier `. Using the current device set by the user. 
  warnings.warn(  # warn only once
| epoch   1 step     1100 |   1100 batches | lr 0.0001 | ms/batch 1567.18 | loss  2.71 | avg loss  2.69 | ppl 14.68
| epoch   1 step     1200 |   1200 batches | lr 0.0001 | ms/batch 1569.16 | loss  2.51 | avg loss  2.68 | ppl 14.62
| epoch   1 step     1300 |   1300 batches | lr 0.0001 | ms/batch 1570.33 | loss  2.56 | avg loss  2.65 | ppl 14.17
| epoch   1 step     1400 |   1400 batches | lr 0.0001 | ms/batch 1570.26 | loss  2.61 | avg loss  2.65 | ppl 14.22
| epoch   1 step     1500 |   1500 batches | lr 0.0001 | ms/batch 1569.55 | loss  2.61 | avg loss  2.67 | ppl 14.47
| epoch   1 step     1600 |   1600 batches | lr 0.0001 | ms/batch 1571.54 | loss  2.67 | avg loss  2.62 | ppl 13.78
| epoch   1 step     1700 |   1700 batches | lr 0.0001 | ms/batch 1571.33 | loss  2.52 | avg loss  2.64 | ppl 14.05
| epoch   1 step     1800 |   1800 batches | lr 0.0001 | ms/batch 1570.59 | loss  2.55 | avg loss  2.64 | ppl 13.98
| epoch   1 step     1900 |   1900 batches | lr 0.0001 | ms/batch 1571.25 | loss  2.70 | avg loss  2.64 | ppl 14.01
| epoch   1 step     2000 |   2000 batches | lr 0.0001 | ms/batch 1569.48 | loss  2.52 | avg loss  2.63 | ppl 13.81
saving checkpoint ./trained_models/GPT2_M/e2e/model.2000.pt
/home/ycyh/miniconda3/envs/LoRA/lib/python3.11/site-packages/torch/nn/_reduction.py:51: UserWarning: size_average and reduce args will be deprecated, please use reduction='none' instead.
  warnings.warn(warning.format(ret))
eval samples: 0 loss: tensor(1.3461, device='cuda:0')
eval samples: 100 loss: tensor(0.8775, device='cuda:0')
eval samples: 200 loss: tensor(1.3500, device='cuda:0')
eval samples: 300 loss: tensor(1.1774, device='cuda:0')
eval samples: 400 loss: tensor(0.9438, device='cuda:0')
eval samples: 500 loss: tensor(0.6745, device='cuda:0')
eval samples: 600 loss: tensor(1.3181, device='cuda:0')
eval samples: 700 loss: tensor(0.7917, device='cuda:0')
eval samples: 800 loss: tensor(1.2150, device='cuda:0')
eval samples: 900 loss: tensor(1.8117, device='cuda:0')
eval samples: 1000 loss: tensor(1.0574, device='cuda:0')
eval samples: 1100 loss: tensor(1.5033, device='cuda:0')
average loss 1.2616355531427959
----------------------------------------------------------------------------------------------------
| Eval   1 at step     2000 | time: 425.40s | valid loss  1.26 | valid ppl  3.53 | best ppl  3.53 
----------------------------------------------------------------------------------------------------
| epoch   1 step     2100 |   2100 batches | lr 0.0001 | ms/batch 5821.32 | loss  2.69 | avg loss  2.62 | ppl 13.73
| epoch   1 step     2200 |   2200 batches | lr 0.0001 | ms/batch 1572.65 | loss  2.90 | avg loss  2.62 | ppl 13.74
| epoch   1 step     2300 |   2300 batches | lr 0.0001 | ms/batch 1570.77 | loss  2.63 | avg loss  2.61 | ppl 13.63
| epoch   1 step     2400 |   2400 batches | lr 0.0001 | ms/batch 1573.30 | loss  2.39 | avg loss  2.62 | ppl 13.71
| epoch   1 step     2500 |   2500 batches | lr 0.0001 | ms/batch 1571.92 | loss  2.86 | avg loss  2.64 | ppl 13.99
| epoch   1 step     2600 |   2600 batches | lr 0.0001 | ms/batch 1571.39 | loss  2.80 | avg loss  2.62 | ppl 13.77
| epoch   1 step     2700 |   2700 batches | lr 0.0001 | ms/batch 1570.75 | loss  2.64 | avg loss  2.61 | ppl 13.59
| epoch   1 step     2800 |   2800 batches | lr 0.0001 | ms/batch 1580.79 | loss  2.32 | avg loss  2.65 | ppl 14.11
| epoch   1 step     2900 |   2900 batches | lr 0.0001 | ms/batch 1581.04 | loss  2.83 | avg loss  2.63 | ppl 13.91
| epoch   1 step     3000 |   3000 batches | lr 0.0001 | ms/batch 1568.51 | loss  2.65 | avg loss  2.59 | ppl 13.35
saving checkpoint ./trained_models/GPT2_M/e2e/model.3000.pt
| epoch   1 step     3100 |   3100 batches | lr 0.0001 | ms/batch 1568.39 | loss  2.83 | avg loss  2.60 | ppl 13.44
| epoch   1 step     3200 |   3200 batches | lr 0.0001 | ms/batch 1579.12 | loss  2.68 | avg loss  2.64 | ppl 14.00
| epoch   1 step     3300 |   3300 batches | lr 0.0001 | ms/batch 1571.31 | loss  2.96 | avg loss  2.59 | ppl 13.37
| epoch   1 step     3400 |   3400 batches | lr 0.0001 | ms/batch 1570.83 | loss  2.58 | avg loss  2.60 | ppl 13.40
| epoch   1 step     3500 |   3500 batches | lr 0.0001 | ms/batch 1572.06 | loss  2.37 | avg loss  2.63 | ppl 13.87
| epoch   1 step     3600 |   3600 batches | lr 0.0001 | ms/batch 1570.89 | loss  2.52 | avg loss  2.63 | ppl 13.89
| epoch   1 step     3700 |   3700 batches | lr 0.0001 | ms/batch 1570.63 | loss  2.56 | avg loss  2.60 | ppl 13.47
| epoch   1 step     3800 |   3800 batches | lr 0.0001 | ms/batch 1570.91 | loss  2.57 | avg loss  2.56 | ppl 12.89
| epoch   1 step     3900 |   3900 batches | lr 0.0001 | ms/batch 1571.39 | loss  2.25 | avg loss  2.63 | ppl 13.93
| epoch   1 step     4000 |   4000 batches | lr 0.0001 | ms/batch 1570.14 | loss  2.62 | avg loss  2.63 | ppl 13.92
saving checkpoint ./trained_models/GPT2_M/e2e/model.4000.pt
eval samples: 0 loss: tensor(1.3256, device='cuda:0')
eval samples: 100 loss: tensor(0.8990, device='cuda:0')
eval samples: 200 loss: tensor(1.3572, device='cuda:0')
eval samples: 300 loss: tensor(1.1784, device='cuda:0')
eval samples: 400 loss: tensor(0.9507, device='cuda:0')
eval samples: 500 loss: tensor(0.5432, device='cuda:0')
eval samples: 600 loss: tensor(1.2662, device='cuda:0')
eval samples: 700 loss: tensor(0.7499, device='cuda:0')
eval samples: 800 loss: tensor(1.1892, device='cuda:0')
eval samples: 900 loss: tensor(1.8161, device='cuda:0')
eval samples: 1000 loss: tensor(0.8888, device='cuda:0')
eval samples: 1100 loss: tensor(1.4896, device='cuda:0')
average loss 1.2422911462004054
----------------------------------------------------------------------------------------------------
| Eval   2 at step     4000 | time: 423.11s | valid loss  1.24 | valid ppl  3.46 | best ppl  3.46 
----------------------------------------------------------------------------------------------------
| epoch   1 step     4100 |   4100 batches | lr 0.0001 | ms/batch 5794.78 | loss  2.73 | avg loss  2.59 | ppl 13.28
| epoch   1 step     4200 |   4200 batches | lr 0.0001 | ms/batch 1563.38 | loss  2.66 | avg loss  2.60 | ppl 13.42
| epoch   1 step     4300 |   4300 batches | lr 0.0001 | ms/batch 1565.84 | loss  2.41 | avg loss  2.55 | ppl 12.85
| epoch   1 step     4400 |   4400 batches | lr 0.0001 | ms/batch 1566.24 | loss  2.61 | avg loss  2.58 | ppl 13.24
| epoch   1 step     4500 |   4500 batches | lr 0.0001 | ms/batch 1566.80 | loss  2.74 | avg loss  2.61 | ppl 13.57
| epoch   1 step     4600 |   4600 batches | lr 0.0001 | ms/batch 1565.75 | loss  2.58 | avg loss  2.61 | ppl 13.63
| epoch   1 step     4700 |   4700 batches | lr 0.0001 | ms/batch 1564.91 | loss  2.38 | avg loss  2.61 | ppl 13.57
| epoch   1 step     4800 |   4800 batches | lr 0.0001 | ms/batch 1563.95 | loss  2.77 | avg loss  2.57 | ppl 13.11
| epoch   1 step     4900 |   4900 batches | lr 0.0001 | ms/batch 1567.09 | loss  2.65 | avg loss  2.59 | ppl 13.37
| epoch   1 step     5000 |   5000 batches | lr 0.0001 | ms/batch 1565.19 | loss  2.31 | avg loss  2.56 | ppl 12.98
saving checkpoint ./trained_models/GPT2_M/e2e/model.5000.pt
| epoch   1 step     5100 |   5100 batches | lr 0.0001 | ms/batch 1566.14 | loss  2.69 | avg loss  2.60 | ppl 13.49
| epoch   1 step     5200 |   5200 batches | lr 0.0001 | ms/batch 1567.35 | loss  2.76 | avg loss  2.59 | ppl 13.37
saving checkpoint ./trained_models/GPT2_M/e2e/model.5258.pt
start to train the model................ 2
| epoch   2 step     5300 |     42 batches | lr 0.0001 | ms/batch 657.36 | loss  2.44 | avg loss  2.53 | ppl 12.58
| epoch   2 step     5400 |    142 batches | lr 0.0001 | ms/batch 1566.29 | loss  2.50 | avg loss  2.59 | ppl 13.30
| epoch   2 step     5500 |    242 batches | lr 0.0001 | ms/batch 1565.78 | loss  2.60 | avg loss  2.57 | ppl 13.10
| epoch   2 step     5600 |    342 batches | lr 0.0001 | ms/batch 1566.13 | loss  2.20 | avg loss  2.59 | ppl 13.35
| epoch   2 step     5700 |    442 batches | lr 0.0001 | ms/batch 1540.88 | loss  2.54 | avg loss  2.58 | ppl 13.26
| epoch   2 step     5800 |    542 batches | lr 0.0001 | ms/batch 1565.59 | loss  2.55 | avg loss  2.56 | ppl 12.90
| epoch   2 step     5900 |    642 batches | lr 0.0001 | ms/batch 1563.13 | loss  2.68 | avg loss  2.59 | ppl 13.31
| epoch   2 step     6000 |    742 batches | lr 0.0001 | ms/batch 1561.86 | loss  2.29 | avg loss  2.55 | ppl 12.83
saving checkpoint ./trained_models/GPT2_M/e2e/model.6000.pt
eval samples: 0 loss: tensor(1.2367, device='cuda:0')
eval samples: 100 loss: tensor(0.8966, device='cuda:0')
eval samples: 200 loss: tensor(1.2914, device='cuda:0')
eval samples: 300 loss: tensor(1.1658, device='cuda:0')
eval samples: 400 loss: tensor(0.9132, device='cuda:0')
eval samples: 500 loss: tensor(0.5287, device='cuda:0')
eval samples: 600 loss: tensor(1.2615, device='cuda:0')
eval samples: 700 loss: tensor(0.7442, device='cuda:0')
eval samples: 800 loss: tensor(1.1779, device='cuda:0')
eval samples: 900 loss: tensor(1.8660, device='cuda:0')
eval samples: 1000 loss: tensor(0.9507, device='cuda:0')
eval samples: 1100 loss: tensor(1.5110, device='cuda:0')
average loss 1.2343698731585317
----------------------------------------------------------------------------------------------------
| Eval   3 at step     6000 | time: 419.88s | valid loss  1.23 | valid ppl  3.44 | best ppl  3.44 
----------------------------------------------------------------------------------------------------
| epoch   2 step     6100 |    842 batches | lr 0.0001 | ms/batch 5765.17 | loss  2.32 | avg loss  2.57 | ppl 13.13
| epoch   2 step     6200 |    942 batches | lr 0.0001 | ms/batch 1561.85 | loss  2.46 | avg loss  2.58 | ppl 13.21
| epoch   2 step     6300 |   1042 batches | lr 0.0001 | ms/batch 1557.58 | loss  2.74 | avg loss  2.58 | ppl 13.19
| epoch   2 step     6400 |   1142 batches | lr 0.0001 | ms/batch 1558.48 | loss  2.36 | avg loss  2.58 | ppl 13.16
| epoch   2 step     6500 |   1242 batches | lr 0.0001 | ms/batch 1563.70 | loss  2.40 | avg loss  2.60 | ppl 13.43
| epoch   2 step     6600 |   1342 batches | lr 0.0001 | ms/batch 1565.97 | loss  2.87 | avg loss  2.57 | ppl 13.07
| epoch   2 step     6700 |   1442 batches | lr 0.0001 | ms/batch 1565.44 | loss  2.59 | avg loss  2.58 | ppl 13.21
| epoch   2 step     6800 |   1542 batches | lr 0.0001 | ms/batch 1562.16 | loss  2.51 | avg loss  2.59 | ppl 13.34
| epoch   2 step     6900 |   1642 batches | lr 0.0001 | ms/batch 1565.84 | loss  2.46 | avg loss  2.53 | ppl 12.53
| epoch   2 step     7000 |   1742 batches | lr 0.0001 | ms/batch 1567.06 | loss  2.71 | avg loss  2.59 | ppl 13.30
saving checkpoint ./trained_models/GPT2_M/e2e/model.7000.pt
| epoch   2 step     7100 |   1842 batches | lr 0.0001 | ms/batch 1567.59 | loss  2.71 | avg loss  2.57 | ppl 13.10
| epoch   2 step     7200 |   1942 batches | lr 0.0001 | ms/batch 1566.76 | loss  2.62 | avg loss  2.57 | ppl 13.11
| epoch   2 step     7300 |   2042 batches | lr 0.0001 | ms/batch 1566.77 | loss  2.44 | avg loss  2.55 | ppl 12.80
| epoch   2 step     7400 |   2142 batches | lr 0.0001 | ms/batch 1566.40 | loss  2.91 | avg loss  2.55 | ppl 12.76
| epoch   2 step     7500 |   2242 batches | lr 0.0001 | ms/batch 1567.32 | loss  2.81 | avg loss  2.60 | ppl 13.48
| epoch   2 step     7600 |   2342 batches | lr 0.0001 | ms/batch 1567.79 | loss  2.32 | avg loss  2.56 | ppl 12.91
| epoch   2 step     7700 |   2442 batches | lr 0.0001 | ms/batch 1577.65 | loss  2.77 | avg loss  2.56 | ppl 12.95
| epoch   2 step     7800 |   2542 batches | lr 0.0001 | ms/batch 1572.10 | loss  2.62 | avg loss  2.55 | ppl 12.76
| epoch   2 step     7900 |   2642 batches | lr 0.0001 | ms/batch 1566.40 | loss  2.87 | avg loss  2.59 | ppl 13.35
| epoch   2 step     8000 |   2742 batches | lr 0.0001 | ms/batch 1567.46 | loss  2.64 | avg loss  2.60 | ppl 13.44
saving checkpoint ./trained_models/GPT2_M/e2e/model.8000.pt
eval samples: 0 loss: tensor(1.1788, device='cuda:0')
eval samples: 100 loss: tensor(0.8548, device='cuda:0')
eval samples: 200 loss: tensor(1.3244, device='cuda:0')
eval samples: 300 loss: tensor(1.1309, device='cuda:0')
eval samples: 400 loss: tensor(0.9037, device='cuda:0')
eval samples: 500 loss: tensor(0.5816, device='cuda:0')
eval samples: 600 loss: tensor(1.2225, device='cuda:0')
eval samples: 700 loss: tensor(0.7677, device='cuda:0')
eval samples: 800 loss: tensor(1.1012, device='cuda:0')
eval samples: 900 loss: tensor(1.7741, device='cuda:0')
eval samples: 1000 loss: tensor(0.9357, device='cuda:0')
eval samples: 1100 loss: tensor(1.4336, device='cuda:0')
average loss 1.216877998401449
----------------------------------------------------------------------------------------------------
| Eval   4 at step     8000 | time: 420.75s | valid loss  1.22 | valid ppl  3.38 | best ppl  3.38 
----------------------------------------------------------------------------------------------------
| epoch   2 step     8100 |   2842 batches | lr 0.0001 | ms/batch 5772.66 | loss  2.41 | avg loss  2.56 | ppl 12.91
| epoch   2 step     8200 |   2942 batches | lr 0.0001 | ms/batch 1564.76 | loss  2.61 | avg loss  2.62 | ppl 13.68
| epoch   2 step     8300 |   3042 batches | lr 0.0001 | ms/batch 1566.21 | loss  2.51 | avg loss  2.59 | ppl 13.27
| epoch   2 step     8400 |   3142 batches | lr 0.0001 | ms/batch 1559.89 | loss  2.62 | avg loss  2.57 | ppl 13.09
| epoch   2 step     8500 |   3242 batches | lr 0.0001 | ms/batch 1555.66 | loss  2.56 | avg loss  2.57 | ppl 13.12
| epoch   2 step     8600 |   3342 batches | lr 0.0001 | ms/batch 1555.70 | loss  2.51 | avg loss  2.56 | ppl 12.90
| epoch   2 step     8700 |   3442 batches | lr 0.0001 | ms/batch 1562.48 | loss  2.87 | avg loss  2.57 | ppl 13.03
| epoch   2 step     8800 |   3542 batches | lr 0.0001 | ms/batch 1565.22 | loss  2.40 | avg loss  2.56 | ppl 12.97
| epoch   2 step     8900 |   3642 batches | lr 0.0001 | ms/batch 1564.51 | loss  2.71 | avg loss  2.59 | ppl 13.27
| epoch   2 step     9000 |   3742 batches | lr 0.0001 | ms/batch 1564.30 | loss  2.58 | avg loss  2.58 | ppl 13.15
saving checkpoint ./trained_models/GPT2_M/e2e/model.9000.pt
| epoch   2 step     9100 |   3842 batches | lr 0.0001 | ms/batch 1562.25 | loss  2.55 | avg loss  2.58 | ppl 13.17
| epoch   2 step     9200 |   3942 batches | lr 0.0001 | ms/batch 1565.76 | loss  2.67 | avg loss  2.58 | ppl 13.13
| epoch   2 step     9300 |   4042 batches | lr 0.0001 | ms/batch 1565.09 | loss  2.56 | avg loss  2.59 | ppl 13.29
| epoch   2 step     9400 |   4142 batches | lr 0.0001 | ms/batch 1567.64 | loss  2.62 | avg loss  2.57 | ppl 13.11
| epoch   2 step     9500 |   4242 batches | lr 0.0001 | ms/batch 1568.69 | loss  2.59 | avg loss  2.58 | ppl 13.15
| epoch   2 step     9600 |   4342 batches | lr 0.0001 | ms/batch 1567.45 | loss  2.93 | avg loss  2.58 | ppl 13.20
| epoch   2 step     9700 |   4442 batches | lr 0.0001 | ms/batch 1567.44 | loss  2.32 | avg loss  2.56 | ppl 12.99
| epoch   2 step     9800 |   4542 batches | lr 0.0001 | ms/batch 1566.39 | loss  2.57 | avg loss  2.56 | ppl 12.99
| epoch   2 step     9900 |   4642 batches | lr 0.0001 | ms/batch 1566.55 | loss  2.24 | avg loss  2.55 | ppl 12.82
| epoch   2 step    10000 |   4742 batches | lr 0.0001 | ms/batch 1567.44 | loss  2.66 | avg loss  2.59 | ppl 13.31
saving checkpoint ./trained_models/GPT2_M/e2e/model.10000.pt
eval samples: 0 loss: tensor(1.2603, device='cuda:0')
eval samples: 100 loss: tensor(0.9291, device='cuda:0')
eval samples: 200 loss: tensor(1.2930, device='cuda:0')
eval samples: 300 loss: tensor(1.1969, device='cuda:0')
eval samples: 400 loss: tensor(0.9597, device='cuda:0')
eval samples: 500 loss: tensor(0.6279, device='cuda:0')
eval samples: 600 loss: tensor(1.3177, device='cuda:0')
eval samples: 700 loss: tensor(0.7508, device='cuda:0')
eval samples: 800 loss: tensor(1.2127, device='cuda:0')
eval samples: 900 loss: tensor(1.7697, device='cuda:0')
eval samples: 1000 loss: tensor(1.0479, device='cuda:0')
eval samples: 1100 loss: tensor(1.5369, device='cuda:0')
average loss 1.2608810908684176
----------------------------------------------------------------------------------------------------
| Eval   5 at step    10000 | time: 421.87s | valid loss  1.26 | valid ppl  3.53 | best ppl  3.38 
----------------------------------------------------------------------------------------------------
| epoch   2 step    10100 |   4842 batches | lr 0.0001 | ms/batch 5785.03 | loss  2.34 | avg loss  2.58 | ppl 13.14
| epoch   2 step    10200 |   4942 batches | lr 0.0001 | ms/batch 1564.74 | loss  2.48 | avg loss  2.58 | ppl 13.24
| epoch   2 step    10300 |   5042 batches | lr 0.0001 | ms/batch 1563.31 | loss  2.79 | avg loss  2.57 | ppl 13.00
| epoch   2 step    10400 |   5142 batches | lr 0.0001 | ms/batch 1564.25 | loss  2.71 | avg loss  2.56 | ppl 12.97
| epoch   2 step    10500 |   5242 batches | lr 0.0001 | ms/batch 1565.76 | loss  2.48 | avg loss  2.54 | ppl 12.70
saving checkpoint ./trained_models/GPT2_M/e2e/model.10516.pt
start to train the model................ 3
| epoch   3 step    10600 |     84 batches | lr 0.0001 | ms/batch 1309.36 | loss  2.23 | avg loss  2.55 | ppl 12.81
| epoch   3 step    10700 |    184 batches | lr 0.0001 | ms/batch 1553.40 | loss  2.64 | avg loss  2.56 | ppl 12.98
| epoch   3 step    10800 |    284 batches | lr 0.0001 | ms/batch 1552.64 | loss  2.75 | avg loss  2.55 | ppl 12.85
| epoch   3 step    10900 |    384 batches | lr 0.0001 | ms/batch 1565.68 | loss  2.83 | avg loss  2.55 | ppl 12.82
| epoch   3 step    11000 |    484 batches | lr 0.0001 | ms/batch 1569.43 | loss  2.70 | avg loss  2.56 | ppl 12.92
saving checkpoint ./trained_models/GPT2_M/e2e/model.11000.pt
| epoch   3 step    11100 |    584 batches | lr 0.0001 | ms/batch 1552.25 | loss  2.68 | avg loss  2.62 | ppl 13.69
| epoch   3 step    11200 |    684 batches | lr 0.0001 | ms/batch 1550.81 | loss  2.57 | avg loss  2.56 | ppl 12.92
| epoch   3 step    11300 |    784 batches | lr 0.0001 | ms/batch 1551.53 | loss  2.62 | avg loss  2.58 | ppl 13.17
| epoch   3 step    11400 |    884 batches | lr 0.0001 | ms/batch 1552.06 | loss  2.53 | avg loss  2.57 | ppl 13.05
| epoch   3 step    11500 |    984 batches | lr 0.0001 | ms/batch 1513.85 | loss  2.32 | avg loss  2.57 | ppl 13.07
| epoch   3 step    11600 |   1084 batches | lr 0.0001 | ms/batch 1550.71 | loss  2.20 | avg loss  2.53 | ppl 12.55
| epoch   3 step    11700 |   1184 batches | lr 0.0001 | ms/batch 1548.85 | loss  2.40 | avg loss  2.55 | ppl 12.85
| epoch   3 step    11800 |   1284 batches | lr 0.0001 | ms/batch 1548.87 | loss  2.57 | avg loss  2.53 | ppl 12.54
| epoch   3 step    11900 |   1384 batches | lr 0.0001 | ms/batch 1552.01 | loss  2.46 | avg loss  2.54 | ppl 12.70
| epoch   3 step    12000 |   1484 batches | lr 0.0001 | ms/batch 1551.22 | loss  2.65 | avg loss  2.55 | ppl 12.86
saving checkpoint ./trained_models/GPT2_M/e2e/model.12000.pt
eval samples: 0 loss: tensor(1.2337, device='cuda:0')
eval samples: 100 loss: tensor(0.8933, device='cuda:0')
eval samples: 200 loss: tensor(1.3202, device='cuda:0')
eval samples: 300 loss: tensor(1.1276, device='cuda:0')
eval samples: 400 loss: tensor(0.9641, device='cuda:0')
eval samples: 500 loss: tensor(0.5978, device='cuda:0')
eval samples: 600 loss: tensor(1.2236, device='cuda:0')
eval samples: 700 loss: tensor(0.7164, device='cuda:0')
eval samples: 800 loss: tensor(1.2026, device='cuda:0')
eval samples: 900 loss: tensor(1.7711, device='cuda:0')
eval samples: 1000 loss: tensor(0.9678, device='cuda:0')
eval samples: 1100 loss: tensor(1.4985, device='cuda:0')
average loss 1.216510525891838
----------------------------------------------------------------------------------------------------
| Eval   6 at step    12000 | time: 418.21s | valid loss  1.22 | valid ppl  3.38 | best ppl  3.38 
----------------------------------------------------------------------------------------------------
| epoch   3 step    12100 |   1584 batches | lr 0.0001 | ms/batch 5734.10 | loss  2.54 | avg loss  2.57 | ppl 13.11
| epoch   3 step    12200 |   1684 batches | lr 0.0001 | ms/batch 1551.48 | loss  2.44 | avg loss  2.58 | ppl 13.22
| epoch   3 step    12300 |   1784 batches | lr 0.0001 | ms/batch 1551.53 | loss  2.52 | avg loss  2.57 | ppl 13.12
| epoch   3 step    12400 |   1884 batches | lr 0.0001 | ms/batch 1552.30 | loss  2.63 | avg loss  2.54 | ppl 12.65
| epoch   3 step    12500 |   1984 batches | lr 0.0001 | ms/batch 1551.25 | loss  2.84 | avg loss  2.56 | ppl 12.95
| epoch   3 step    12600 |   2084 batches | lr 0.0001 | ms/batch 1546.41 | loss  2.79 | avg loss  2.50 | ppl 12.21
| epoch   3 step    12700 |   2184 batches | lr 0.0001 | ms/batch 1547.58 | loss  2.41 | avg loss  2.56 | ppl 12.93
| epoch   3 step    12800 |   2284 batches | lr 0.0001 | ms/batch 1546.11 | loss  2.66 | avg loss  2.56 | ppl 12.99
| epoch   3 step    12900 |   2384 batches | lr 0.0001 | ms/batch 1546.27 | loss  2.46 | avg loss  2.56 | ppl 12.92
| epoch   3 step    13000 |   2484 batches | lr 0.0001 | ms/batch 1544.52 | loss  3.07 | avg loss  2.59 | ppl 13.27
saving checkpoint ./trained_models/GPT2_M/e2e/model.13000.pt
| epoch   3 step    13100 |   2584 batches | lr 0.0001 | ms/batch 1546.31 | loss  2.40 | avg loss  2.53 | ppl 12.61
| epoch   3 step    13200 |   2684 batches | lr 0.0001 | ms/batch 1549.70 | loss  2.48 | avg loss  2.59 | ppl 13.36
| epoch   3 step    13300 |   2784 batches | lr 0.0001 | ms/batch 1548.17 | loss  2.47 | avg loss  2.54 | ppl 12.65
| epoch   3 step    13400 |   2884 batches | lr 0.0001 | ms/batch 1547.59 | loss  2.70 | avg loss  2.54 | ppl 12.72
| epoch   3 step    13500 |   2984 batches | lr 0.0001 | ms/batch 1549.13 | loss  2.97 | avg loss  2.58 | ppl 13.23
| epoch   3 step    13600 |   3084 batches | lr 0.0001 | ms/batch 1548.36 | loss  2.33 | avg loss  2.57 | ppl 13.11
| epoch   3 step    13700 |   3184 batches | lr 0.0001 | ms/batch 1548.16 | loss  2.79 | avg loss  2.60 | ppl 13.51
| epoch   3 step    13800 |   3284 batches | lr 0.0001 | ms/batch 1551.06 | loss  2.28 | avg loss  2.53 | ppl 12.61
| epoch   3 step    13900 |   3384 batches | lr 0.0001 | ms/batch 1548.63 | loss  2.96 | avg loss  2.58 | ppl 13.26
| epoch   3 step    14000 |   3484 batches | lr 0.0001 | ms/batch 1548.42 | loss  2.67 | avg loss  2.59 | ppl 13.36
saving checkpoint ./trained_models/GPT2_M/e2e/model.14000.pt
eval samples: 0 loss: tensor(1.1581, device='cuda:0')
eval samples: 100 loss: tensor(0.8521, device='cuda:0')
eval samples: 200 loss: tensor(1.3430, device='cuda:0')
eval samples: 300 loss: tensor(1.1486, device='cuda:0')
eval samples: 400 loss: tensor(0.9427, device='cuda:0')
eval samples: 500 loss: tensor(0.5548, device='cuda:0')
eval samples: 600 loss: tensor(1.2666, device='cuda:0')
eval samples: 700 loss: tensor(0.7148, device='cuda:0')
eval samples: 800 loss: tensor(1.1319, device='cuda:0')
eval samples: 900 loss: tensor(1.8352, device='cuda:0')
eval samples: 1000 loss: tensor(0.9852, device='cuda:0')
eval samples: 1100 loss: tensor(1.5014, device='cuda:0')
average loss 1.2142333944825685
----------------------------------------------------------------------------------------------------
| Eval   7 at step    14000 | time: 415.07s | valid loss  1.21 | valid ppl  3.37 | best ppl  3.37 
----------------------------------------------------------------------------------------------------
| epoch   3 step    14100 |   3584 batches | lr 0.0001 | ms/batch 5701.27 | loss  2.62 | avg loss  2.51 | ppl 12.36
| epoch   3 step    14200 |   3684 batches | lr 0.0001 | ms/batch 1547.99 | loss  2.54 | avg loss  2.54 | ppl 12.70
| epoch   3 step    14300 |   3784 batches | lr 0.0001 | ms/batch 1548.51 | loss  2.81 | avg loss  2.54 | ppl 12.72
| epoch   3 step    14400 |   3884 batches | lr 0.0001 | ms/batch 1549.35 | loss  2.35 | avg loss  2.56 | ppl 12.88
| epoch   3 step    14500 |   3984 batches | lr 0.0001 | ms/batch 1549.77 | loss  2.41 | avg loss  2.57 | ppl 13.01
| epoch   3 step    14600 |   4084 batches | lr 0.0001 | ms/batch 1548.32 | loss  2.56 | avg loss  2.58 | ppl 13.17
| epoch   3 step    14700 |   4184 batches | lr 0.0001 | ms/batch 1550.23 | loss  2.54 | avg loss  2.54 | ppl 12.64
| epoch   3 step    14800 |   4284 batches | lr 0.0001 | ms/batch 1548.86 | loss  2.53 | avg loss  2.58 | ppl 13.20
| epoch   3 step    14900 |   4384 batches | lr 0.0001 | ms/batch 1547.97 | loss  2.52 | avg loss  2.56 | ppl 12.87
| epoch   3 step    15000 |   4484 batches | lr 0.0001 | ms/batch 1549.37 | loss  2.92 | avg loss  2.59 | ppl 13.29
saving checkpoint ./trained_models/GPT2_M/e2e/model.15000.pt
| epoch   3 step    15100 |   4584 batches | lr 0.0001 | ms/batch 1549.56 | loss  2.37 | avg loss  2.55 | ppl 12.84
| epoch   3 step    15200 |   4684 batches | lr 0.0001 | ms/batch 1551.68 | loss  2.55 | avg loss  2.54 | ppl 12.73
| epoch   3 step    15300 |   4784 batches | lr 0.0001 | ms/batch 1553.06 | loss  2.50 | avg loss  2.59 | ppl 13.33
| epoch   3 step    15400 |   4884 batches | lr 0.0001 | ms/batch 1550.40 | loss  2.44 | avg loss  2.57 | ppl 13.02
| epoch   3 step    15500 |   4984 batches | lr 0.0001 | ms/batch 1549.08 | loss  2.49 | avg loss  2.57 | ppl 13.01
| epoch   3 step    15600 |   5084 batches | lr 0.0001 | ms/batch 1545.80 | loss  2.64 | avg loss  2.55 | ppl 12.78
| epoch   3 step    15700 |   5184 batches | lr 0.0001 | ms/batch 1545.26 | loss  2.54 | avg loss  2.53 | ppl 12.56
saving checkpoint ./trained_models/GPT2_M/e2e/model.15774.pt
start to train the model................ 4
| epoch   4 step    15800 |     26 batches | lr 0.0001 | ms/batch 401.86 | loss  2.41 | avg loss  2.53 | ppl 12.52
| epoch   4 step    15900 |    126 batches | lr 0.0001 | ms/batch 1545.84 | loss  2.45 | avg loss  2.54 | ppl 12.69
| epoch   4 step    16000 |    226 batches | lr 0.0001 | ms/batch 1546.12 | loss  2.53 | avg loss  2.57 | ppl 13.08
saving checkpoint ./trained_models/GPT2_M/e2e/model.16000.pt
eval samples: 0 loss: tensor(1.2349, device='cuda:0')
eval samples: 100 loss: tensor(0.8871, device='cuda:0')
eval samples: 200 loss: tensor(1.3592, device='cuda:0')
eval samples: 300 loss: tensor(1.1591, device='cuda:0')
eval samples: 400 loss: tensor(0.9277, device='cuda:0')
eval samples: 500 loss: tensor(0.5629, device='cuda:0')
eval samples: 600 loss: tensor(1.2760, device='cuda:0')
eval samples: 700 loss: tensor(0.7129, device='cuda:0')
eval samples: 800 loss: tensor(1.2091, device='cuda:0')
eval samples: 900 loss: tensor(1.8013, device='cuda:0')
eval samples: 1000 loss: tensor(0.9429, device='cuda:0')
eval samples: 1100 loss: tensor(1.5281, device='cuda:0')
average loss 1.2161667297453913
----------------------------------------------------------------------------------------------------
| Eval   8 at step    16000 | time: 414.62s | valid loss  1.22 | valid ppl  3.37 | best ppl  3.37 
----------------------------------------------------------------------------------------------------
| epoch   4 step    16100 |    326 batches | lr 0.0001 | ms/batch 5692.13 | loss  2.81 | avg loss  2.53 | ppl 12.60
| epoch   4 step    16200 |    426 batches | lr 0.0001 | ms/batch 1544.08 | loss  2.51 | avg loss  2.54 | ppl 12.74
| epoch   4 step    16300 |    526 batches | lr 0.0001 | ms/batch 1545.65 | loss  2.84 | avg loss  2.53 | ppl 12.58
| epoch   4 step    16400 |    626 batches | lr 0.0001 | ms/batch 1546.78 | loss  3.09 | avg loss  2.55 | ppl 12.78
| epoch   4 step    16500 |    726 batches | lr 0.0001 | ms/batch 1545.79 | loss  2.74 | avg loss  2.57 | ppl 13.13
| epoch   4 step    16600 |    826 batches | lr 0.0001 | ms/batch 1546.15 | loss  2.73 | avg loss  2.54 | ppl 12.72
| epoch   4 step    16700 |    926 batches | lr 0.0001 | ms/batch 1546.20 | loss  2.70 | avg loss  2.56 | ppl 12.96
| epoch   4 step    16800 |   1026 batches | lr 0.0001 | ms/batch 1545.33 | loss  2.69 | avg loss  2.55 | ppl 12.85
| epoch   4 step    16900 |   1126 batches | lr 0.0001 | ms/batch 1546.88 | loss  2.23 | avg loss  2.53 | ppl 12.55
| epoch   4 step    17000 |   1226 batches | lr 0.0001 | ms/batch 1544.64 | loss  2.39 | avg loss  2.53 | ppl 12.50
saving checkpoint ./trained_models/GPT2_M/e2e/model.17000.pt
| epoch   4 step    17100 |   1326 batches | lr 0.0001 | ms/batch 1507.08 | loss  2.69 | avg loss  2.58 | ppl 13.20
| epoch   4 step    17200 |   1426 batches | lr 0.0001 | ms/batch 1546.30 | loss  2.44 | avg loss  2.52 | ppl 12.42
| epoch   4 step    17300 |   1526 batches | lr 0.0001 | ms/batch 1546.48 | loss  2.40 | avg loss  2.56 | ppl 12.88
| epoch   4 step    17400 |   1626 batches | lr 0.0001 | ms/batch 1546.13 | loss  2.35 | avg loss  2.56 | ppl 12.96
| epoch   4 step    17500 |   1726 batches | lr 0.0001 | ms/batch 1547.43 | loss  2.86 | avg loss  2.56 | ppl 12.99
| epoch   4 step    17600 |   1826 batches | lr 0.0001 | ms/batch 1547.09 | loss  2.95 | avg loss  2.57 | ppl 13.10
| epoch   4 step    17700 |   1926 batches | lr 0.0001 | ms/batch 1545.95 | loss  2.50 | avg loss  2.55 | ppl 12.76
| epoch   4 step    17800 |   2026 batches | lr 0.0001 | ms/batch 1544.28 | loss  2.90 | avg loss  2.59 | ppl 13.28
| epoch   4 step    17900 |   2126 batches | lr 0.0001 | ms/batch 1544.44 | loss  2.57 | avg loss  2.54 | ppl 12.74
| epoch   4 step    18000 |   2226 batches | lr 0.0001 | ms/batch 1543.34 | loss  3.17 | avg loss  2.55 | ppl 12.82
saving checkpoint ./trained_models/GPT2_M/e2e/model.18000.pt
eval samples: 0 loss: tensor(1.1672, device='cuda:0')
eval samples: 100 loss: tensor(0.8838, device='cuda:0')
eval samples: 200 loss: tensor(1.3421, device='cuda:0')
eval samples: 300 loss: tensor(1.1091, device='cuda:0')
eval samples: 400 loss: tensor(0.9384, device='cuda:0')
eval samples: 500 loss: tensor(0.6204, device='cuda:0')
eval samples: 600 loss: tensor(1.1963, device='cuda:0')
eval samples: 700 loss: tensor(0.7185, device='cuda:0')
eval samples: 800 loss: tensor(1.1618, device='cuda:0')
eval samples: 900 loss: tensor(1.8098, device='cuda:0')
eval samples: 1000 loss: tensor(0.9129, device='cuda:0')
eval samples: 1100 loss: tensor(1.5588, device='cuda:0')
average loss 1.2146077450007609
----------------------------------------------------------------------------------------------------
| Eval   9 at step    18000 | time: 414.95s | valid loss  1.21 | valid ppl  3.37 | best ppl  3.37 
----------------------------------------------------------------------------------------------------
| epoch   4 step    18100 |   2326 batches | lr 0.0001 | ms/batch 5695.30 | loss  2.68 | avg loss  2.55 | ppl 12.76
| epoch   4 step    18200 |   2426 batches | lr 0.0001 | ms/batch 1544.72 | loss  2.39 | avg loss  2.55 | ppl 12.80
| epoch   4 step    18300 |   2526 batches | lr 0.0001 | ms/batch 1546.51 | loss  2.40 | avg loss  2.56 | ppl 12.94
| epoch   4 step    18400 |   2626 batches | lr 0.0001 | ms/batch 1545.63 | loss  2.62 | avg loss  2.54 | ppl 12.68
| epoch   4 step    18500 |   2726 batches | lr 0.0001 | ms/batch 1546.81 | loss  2.55 | avg loss  2.52 | ppl 12.48
| epoch   4 step    18600 |   2826 batches | lr 0.0001 | ms/batch 1544.19 | loss  2.33 | avg loss  2.58 | ppl 13.15
| epoch   4 step    18700 |   2926 batches | lr 0.0001 | ms/batch 1547.10 | loss  2.32 | avg loss  2.53 | ppl 12.60
| epoch   4 step    18800 |   3026 batches | lr 0.0001 | ms/batch 1545.75 | loss  2.35 | avg loss  2.57 | ppl 13.01
| epoch   4 step    18900 |   3126 batches | lr 0.0001 | ms/batch 1544.09 | loss  2.52 | avg loss  2.56 | ppl 12.94
| epoch   4 step    19000 |   3226 batches | lr 0.0001 | ms/batch 1546.48 | loss  2.82 | avg loss  2.56 | ppl 12.95
saving checkpoint ./trained_models/GPT2_M/e2e/model.19000.pt
| epoch   4 step    19100 |   3326 batches | lr 0.0001 | ms/batch 1556.15 | loss  2.81 | avg loss  2.55 | ppl 12.74
| epoch   4 step    19200 |   3426 batches | lr 0.0001 | ms/batch 1558.99 | loss  2.63 | avg loss  2.53 | ppl 12.58
| epoch   4 step    19300 |   3526 batches | lr 0.0001 | ms/batch 1556.75 | loss  2.61 | avg loss  2.57 | ppl 13.04
| epoch   4 step    19400 |   3626 batches | lr 0.0001 | ms/batch 1558.38 | loss  2.76 | avg loss  2.55 | ppl 12.79
| epoch   4 step    19500 |   3726 batches | lr 0.0001 | ms/batch 1557.58 | loss  2.28 | avg loss  2.55 | ppl 12.81
| epoch   4 step    19600 |   3826 batches | lr 0.0001 | ms/batch 1557.18 | loss  2.71 | avg loss  2.56 | ppl 12.92
| epoch   4 step    19700 |   3926 batches | lr 0.0001 | ms/batch 1558.21 | loss  2.62 | avg loss  2.55 | ppl 12.77
| epoch   4 step    19800 |   4026 batches | lr 0.0001 | ms/batch 1556.71 | loss  2.58 | avg loss  2.56 | ppl 12.90
| epoch   4 step    19900 |   4126 batches | lr 0.0001 | ms/batch 1557.16 | loss  2.40 | avg loss  2.59 | ppl 13.30
| epoch   4 step    20000 |   4226 batches | lr 0.0001 | ms/batch 1558.90 | loss  2.46 | avg loss  2.56 | ppl 12.88
saving checkpoint ./trained_models/GPT2_M/e2e/model.20000.pt
eval samples: 0 loss: tensor(1.2562, device='cuda:0')
eval samples: 100 loss: tensor(0.9061, device='cuda:0')
eval samples: 200 loss: tensor(1.2978, device='cuda:0')
eval samples: 300 loss: tensor(1.1851, device='cuda:0')
eval samples: 400 loss: tensor(0.9501, device='cuda:0')
eval samples: 500 loss: tensor(0.5839, device='cuda:0')
eval samples: 600 loss: tensor(1.2435, device='cuda:0')
eval samples: 700 loss: tensor(0.7564, device='cuda:0')
eval samples: 800 loss: tensor(1.1925, device='cuda:0')
eval samples: 900 loss: tensor(1.7254, device='cuda:0')
eval samples: 1000 loss: tensor(0.9665, device='cuda:0')
eval samples: 1100 loss: tensor(1.4695, device='cuda:0')
average loss 1.2223730664955426
----------------------------------------------------------------------------------------------------
| Eval  10 at step    20000 | time: 412.44s | valid loss  1.22 | valid ppl  3.40 | best ppl  3.37 
----------------------------------------------------------------------------------------------------
| epoch   4 step    20100 |   4326 batches | lr 0.0001 | ms/batch 5683.31 | loss  2.48 | avg loss  2.55 | ppl 12.75
| epoch   4 step    20200 |   4426 batches | lr 0.0001 | ms/batch 1548.51 | loss  2.55 | avg loss  2.56 | ppl 12.93
| epoch   4 step    20300 |   4526 batches | lr 0.0001 | ms/batch 1545.93 | loss  2.60 | avg loss  2.57 | ppl 13.12
| epoch   4 step    20400 |   4626 batches | lr 0.0001 | ms/batch 1545.43 | loss  2.51 | avg loss  2.55 | ppl 12.85
| epoch   4 step    20500 |   4726 batches | lr 0.0001 | ms/batch 1547.31 | loss  2.75 | avg loss  2.54 | ppl 12.64
| epoch   4 step    20600 |   4826 batches | lr 0.0001 | ms/batch 1545.17 | loss  2.65 | avg loss  2.58 | ppl 13.25
| epoch   4 step    20700 |   4926 batches | lr 0.0001 | ms/batch 1546.68 | loss  2.61 | avg loss  2.54 | ppl 12.74
| epoch   4 step    20800 |   5026 batches | lr 0.0001 | ms/batch 1557.02 | loss  2.32 | avg loss  2.57 | ppl 13.12
| epoch   4 step    20900 |   5126 batches | lr 0.0001 | ms/batch 1559.14 | loss  2.47 | avg loss  2.55 | ppl 12.75
| epoch   4 step    21000 |   5226 batches | lr 0.0001 | ms/batch 1557.58 | loss  2.35 | avg loss  2.55 | ppl 12.79
saving checkpoint ./trained_models/GPT2_M/e2e/model.21000.pt
saving checkpoint ./trained_models/GPT2_M/e2e/model.21032.pt
start to train the model................ 5
| epoch   5 step    21100 |     68 batches | lr 0.0001 | ms/batch 1060.66 | loss  2.67 | avg loss  2.57 | ppl 13.05
| epoch   5 step    21200 |    168 batches | lr 0.0001 | ms/batch 1559.14 | loss  2.65 | avg loss  2.51 | ppl 12.27
| epoch   5 step    21300 |    268 batches | lr 0.0001 | ms/batch 1561.41 | loss  2.34 | avg loss  2.56 | ppl 12.98
| epoch   5 step    21400 |    368 batches | lr 0.0001 | ms/batch 1559.68 | loss  2.68 | avg loss  2.55 | ppl 12.83
| epoch   5 step    21500 |    468 batches | lr 0.0001 | ms/batch 1559.16 | loss  2.72 | avg loss  2.56 | ppl 12.95
| epoch   5 step    21600 |    568 batches | lr 0.0001 | ms/batch 1562.38 | loss  2.84 | avg loss  2.51 | ppl 12.36
| epoch   5 step    21700 |    668 batches | lr 0.0001 | ms/batch 1555.19 | loss  2.89 | avg loss  2.56 | ppl 12.91
| epoch   5 step    21800 |    768 batches | lr 0.0001 | ms/batch 1549.11 | loss  2.49 | avg loss  2.57 | ppl 13.09
| epoch   5 step    21900 |    868 batches | lr 0.0001 | ms/batch 1545.01 | loss  2.75 | avg loss  2.55 | ppl 12.81
| epoch   5 step    22000 |    968 batches | lr 0.0001 | ms/batch 1544.85 | loss  2.45 | avg loss  2.50 | ppl 12.16
saving checkpoint ./trained_models/GPT2_M/e2e/model.22000.pt
eval samples: 0 loss: tensor(1.1421, device='cuda:0')
eval samples: 100 loss: tensor(0.9022, device='cuda:0')
eval samples: 200 loss: tensor(1.2541, device='cuda:0')
eval samples: 300 loss: tensor(1.1302, device='cuda:0')
eval samples: 400 loss: tensor(0.8617, device='cuda:0')
eval samples: 500 loss: tensor(0.5992, device='cuda:0')
eval samples: 600 loss: tensor(1.1382, device='cuda:0')
eval samples: 700 loss: tensor(0.7212, device='cuda:0')
eval samples: 800 loss: tensor(1.1931, device='cuda:0')
eval samples: 900 loss: tensor(1.7377, device='cuda:0')
eval samples: 1000 loss: tensor(0.9758, device='cuda:0')
eval samples: 1100 loss: tensor(1.5008, device='cuda:0')
average loss 1.2025752826147291
----------------------------------------------------------------------------------------------------
| Eval  11 at step    22000 | time: 421.20s | valid loss  1.20 | valid ppl  3.33 | best ppl  3.33 
----------------------------------------------------------------------------------------------------
| epoch   5 step    22100 |   1068 batches | lr 0.0001 | ms/batch 5759.82 | loss  2.65 | avg loss  2.53 | ppl 12.59
| epoch   5 step    22200 |   1168 batches | lr 0.0001 | ms/batch 1546.31 | loss  2.95 | avg loss  2.56 | ppl 12.93
| epoch   5 step    22300 |   1268 batches | lr 0.0001 | ms/batch 1545.21 | loss  2.40 | avg loss  2.56 | ppl 12.97
| epoch   5 step    22400 |   1368 batches | lr 0.0001 | ms/batch 1545.64 | loss  2.39 | avg loss  2.51 | ppl 12.36
| epoch   5 step    22500 |   1468 batches | lr 0.0001 | ms/batch 1548.09 | loss  2.61 | avg loss  2.55 | ppl 12.82
| epoch   5 step    22600 |   1568 batches | lr 0.0001 | ms/batch 1547.21 | loss  2.81 | avg loss  2.56 | ppl 12.96
| epoch   5 step    22700 |   1668 batches | lr 0.0001 | ms/batch 1546.62 | loss  2.46 | avg loss  2.55 | ppl 12.75
| epoch   5 step    22800 |   1768 batches | lr 0.0001 | ms/batch 1548.41 | loss  2.42 | avg loss  2.56 | ppl 12.88
| epoch   5 step    22900 |   1868 batches | lr 0.0001 | ms/batch 1548.21 | loss  2.88 | avg loss  2.59 | ppl 13.38
| epoch   5 step    23000 |   1968 batches | lr 0.0001 | ms/batch 1547.58 | loss  2.47 | avg loss  2.54 | ppl 12.68
saving checkpoint ./trained_models/GPT2_M/e2e/model.23000.pt
| epoch   5 step    23100 |   2068 batches | lr 0.0001 | ms/batch 1510.86 | loss  2.61 | avg loss  2.58 | ppl 13.17
| epoch   5 step    23200 |   2168 batches | lr 0.0001 | ms/batch 1548.49 | loss  2.67 | avg loss  2.54 | ppl 12.73
| epoch   5 step    23300 |   2268 batches | lr 0.0001 | ms/batch 1548.94 | loss  2.37 | avg loss  2.52 | ppl 12.48
| epoch   5 step    23400 |   2368 batches | lr 0.0001 | ms/batch 1549.34 | loss  2.47 | avg loss  2.55 | ppl 12.86
| epoch   5 step    23500 |   2468 batches | lr 0.0001 | ms/batch 1548.57 | loss  2.33 | avg loss  2.53 | ppl 12.56
| epoch   5 step    23600 |   2568 batches | lr 0.0001 | ms/batch 1548.30 | loss  2.27 | avg loss  2.54 | ppl 12.71
| epoch   5 step    23700 |   2668 batches | lr 0.0001 | ms/batch 1547.86 | loss  2.39 | avg loss  2.52 | ppl 12.39
| epoch   5 step    23800 |   2768 batches | lr 0.0001 | ms/batch 1548.88 | loss  2.66 | avg loss  2.56 | ppl 12.94
| epoch   5 step    23900 |   2868 batches | lr 0.0001 | ms/batch 1550.94 | loss  2.61 | avg loss  2.53 | ppl 12.57
| epoch   5 step    24000 |   2968 batches | lr 0.0001 | ms/batch 1548.98 | loss  2.38 | avg loss  2.56 | ppl 12.88
saving checkpoint ./trained_models/GPT2_M/e2e/model.24000.pt
eval samples: 0 loss: tensor(1.1737, device='cuda:0')
eval samples: 100 loss: tensor(0.8600, device='cuda:0')
eval samples: 200 loss: tensor(1.3080, device='cuda:0')
eval samples: 300 loss: tensor(1.1449, device='cuda:0')
eval samples: 400 loss: tensor(0.8536, device='cuda:0')
eval samples: 500 loss: tensor(0.5542, device='cuda:0')
eval samples: 600 loss: tensor(1.2168, device='cuda:0')
eval samples: 700 loss: tensor(0.7012, device='cuda:0')
eval samples: 800 loss: tensor(1.1890, device='cuda:0')
eval samples: 900 loss: tensor(1.7163, device='cuda:0')
eval samples: 1000 loss: tensor(0.9489, device='cuda:0')
eval samples: 1100 loss: tensor(1.5171, device='cuda:0')
average loss 1.198379190255926
----------------------------------------------------------------------------------------------------
| Eval  12 at step    24000 | time: 422.90s | valid loss  1.20 | valid ppl  3.31 | best ppl  3.31 
----------------------------------------------------------------------------------------------------
| epoch   5 step    24100 |   3068 batches | lr 0.0001 | ms/batch 5772.66 | loss  2.70 | avg loss  2.58 | ppl 13.25
| epoch   5 step    24200 |   3168 batches | lr 0.0001 | ms/batch 1550.05 | loss  2.76 | avg loss  2.51 | ppl 12.35
| epoch   5 step    24300 |   3268 batches | lr 0.0001 | ms/batch 1550.29 | loss  2.71 | avg loss  2.56 | ppl 12.98
| epoch   5 step    24400 |   3368 batches | lr 0.0001 | ms/batch 1547.92 | loss  2.75 | avg loss  2.55 | ppl 12.79
| epoch   5 step    24500 |   3468 batches | lr 0.0001 | ms/batch 1548.66 | loss  2.39 | avg loss  2.54 | ppl 12.73
| epoch   5 step    24600 |   3568 batches | lr 0.0001 | ms/batch 1565.45 | loss  2.64 | avg loss  2.55 | ppl 12.75
| epoch   5 step    24700 |   3668 batches | lr 0.0001 | ms/batch 1568.40 | loss  2.90 | avg loss  2.59 | ppl 13.34
| epoch   5 step    24800 |   3768 batches | lr 0.0001 | ms/batch 1563.42 | loss  2.93 | avg loss  2.54 | ppl 12.64
| epoch   5 step    24900 |   3868 batches | lr 0.0001 | ms/batch 1550.97 | loss  2.37 | avg loss  2.55 | ppl 12.85
| epoch   5 step    25000 |   3968 batches | lr 0.0001 | ms/batch 1551.99 | loss  2.45 | avg loss  2.56 | ppl 12.87
saving checkpoint ./trained_models/GPT2_M/e2e/model.25000.pt
| epoch   5 step    25100 |   4068 batches | lr 0.0001 | ms/batch 1554.40 | loss  2.72 | avg loss  2.54 | ppl 12.68
| epoch   5 step    25200 |   4168 batches | lr 0.0001 | ms/batch 1556.68 | loss  2.43 | avg loss  2.56 | ppl 12.92
| epoch   5 step    25300 |   4268 batches | lr 0.0001 | ms/batch 1556.76 | loss  2.45 | avg loss  2.53 | ppl 12.59
| epoch   5 step    25400 |   4368 batches | lr 0.0001 | ms/batch 1549.55 | loss  2.82 | avg loss  2.52 | ppl 12.44
| epoch   5 step    25500 |   4468 batches | lr 0.0001 | ms/batch 1549.61 | loss  2.63 | avg loss  2.55 | ppl 12.79
| epoch   5 step    25600 |   4568 batches | lr 0.0001 | ms/batch 1549.40 | loss  2.78 | avg loss  2.55 | ppl 12.85
| epoch   5 step    25700 |   4668 batches | lr 0.0001 | ms/batch 1561.44 | loss  2.86 | avg loss  2.60 | ppl 13.53
| epoch   5 step    25800 |   4768 batches | lr 0.0001 | ms/batch 1551.15 | loss  2.59 | avg loss  2.57 | ppl 13.13
| epoch   5 step    25900 |   4868 batches | lr 0.0001 | ms/batch 1561.70 | loss  2.37 | avg loss  2.55 | ppl 12.75
| epoch   5 step    26000 |   4968 batches | lr 0.0001 | ms/batch 1566.21 | loss  2.48 | avg loss  2.57 | ppl 13.01
saving checkpoint ./trained_models/GPT2_M/e2e/model.26000.pt
eval samples: 0 loss: tensor(1.2055, device='cuda:0')
eval samples: 100 loss: tensor(0.8716, device='cuda:0')
eval samples: 200 loss: tensor(1.3813, device='cuda:0')
eval samples: 300 loss: tensor(1.1407, device='cuda:0')
eval samples: 400 loss: tensor(0.9124, device='cuda:0')
eval samples: 500 loss: tensor(0.5491, device='cuda:0')
eval samples: 600 loss: tensor(1.1998, device='cuda:0')
eval samples: 700 loss: tensor(0.7551, device='cuda:0')
eval samples: 800 loss: tensor(1.2256, device='cuda:0')
eval samples: 900 loss: tensor(1.7099, device='cuda:0')
eval samples: 1000 loss: tensor(0.9531, device='cuda:0')
eval samples: 1100 loss: tensor(1.4822, device='cuda:0')
average loss 1.208748133444827
----------------------------------------------------------------------------------------------------
| Eval  13 at step    26000 | time: 422.98s | valid loss  1.21 | valid ppl  3.35 | best ppl  3.31 
----------------------------------------------------------------------------------------------------
| epoch   5 step    26100 |   5068 batches | lr 0.0001 | ms/batch 5790.99 | loss  2.50 | avg loss  2.54 | ppl 12.73
| epoch   5 step    26200 |   5168 batches | lr 0.0001 | ms/batch 1552.72 | loss  2.71 | avg loss  2.54 | ppl 12.65
saving checkpoint ./trained_models/GPT2_M/e2e/model.26290.pt
----------------------------------------------------------------------------------------------------
End of training
cleanup dist ...
[rank0]:[W507 02:45:29.612557877 ProcessGroupNCCL.cpp:1479] Warning: WARNING: destroy_process_group() was not called before program exit, which can leak resources. For more info, please see https://pytorch.org/docs/stable/distributed.html#shutdown (function operator())
