nohup: ignoring input
myrank: 0 local_rank: 0 device_count: 1 world_size: 1
====================================================================================================
        - platform : local
        - local_rank : 0
        - rank : 0
        - device : cuda:0
        - world_size : 1
        - random_seed : 110
        - lr : 0.0004
        - weight_decay : 0.01
        - correct_bias : True
        - adam_epislon : 1e-06
        - no_decay_bias : False
        - adam_beta1 : 0.9
        - adam_beta2 : 0.999
        - scheduler : None
        - max_step : None
        - max_epoch : 5
        - warmup_step : 500
        - i_steps : 0
        - i_lrs : 0.00025
        - galore_rank : 4
        - update_proj_gap : 50
        - galore_scale : 1.0
        - proj_type : std
        - train_data : ./data/e2e/train.jsonl
        - valid_data : ./data/e2e/valid.jsonl
        - train_batch_size : 8
        - valid_batch_size : 4
        - grad_acc : 1
        - clip : 0.0
        - seq_len : 512
        - model_card : gpt2.md
        - init_checkpoint : ./pretrained_checkpoints/gpt2-medium-pytorch_model.bin
        - fp16 : False
        - log_interval : 100
        - eval_interval : 2000
        - save_interval : 1000
        - work_dir : ./trained_models/GPT2_M/e2e
        - lora_dim : 0
        - lora_alpha : 32
        - obj : clm
        - lora_dropout : 0.1
        - label_smooth : 0.1
        - roll_interval : -1
        - roll_lr : 1e-05
        - roll_step : 100
        - eval_epoch : 1
        - dist : <module 'torch.distributed' from '/home/ycyh/miniconda3/envs/LoRA/lib/python3.11/site-packages/torch/distributed/__init__.py'>
====================================================================================================
Experiment dir : ./trained_models/GPT2_M/e2e
loading model pretrained weight.
MoFaSGD 2D parameter count: 354.50M
Skipped 1D parameter count : 0.32M
set max_step: 26290
start to train the model................ 1
| epoch   1 step      100 |    100 batches | lr 0.0004 | ms/batch 1203.08 | loss  3.27 | avg loss  3.06 | ppl 21.28
| epoch   1 step      200 |    200 batches | lr 0.0004 | ms/batch 1213.76 | loss  2.76 | avg loss  2.78 | ppl 16.05
| epoch   1 step      300 |    300 batches | lr 0.0004 | ms/batch 1242.57 | loss  2.69 | avg loss  2.71 | ppl 15.03
| epoch   1 step      400 |    400 batches | lr 0.0004 | ms/batch 1249.76 | loss  2.77 | avg loss  2.70 | ppl 14.91
| epoch   1 step      500 |    500 batches | lr 0.0004 | ms/batch 1206.16 | loss  2.54 | avg loss  2.64 | ppl 14.06
| epoch   1 step      600 |    600 batches | lr 0.0004 | ms/batch 1245.85 | loss  2.54 | avg loss  2.61 | ppl 13.60
| epoch   1 step      700 |    700 batches | lr 0.0004 | ms/batch 1200.18 | loss  2.69 | avg loss  2.60 | ppl 13.41
| epoch   1 step      800 |    800 batches | lr 0.0004 | ms/batch 1190.00 | loss  2.30 | avg loss  2.57 | ppl 13.11
| epoch   1 step      900 |    900 batches | lr 0.0004 | ms/batch 1232.80 | loss  2.37 | avg loss  2.57 | ppl 13.05
| epoch   1 step     1000 |   1000 batches | lr 0.0004 | ms/batch 1130.82 | loss  2.99 | avg loss  2.59 | ppl 13.32
saving checkpoint ./trained_models/GPT2_M/e2e/model.1000.pt
/home/ycyh/miniconda3/envs/LoRA/lib/python3.11/site-packages/torch/distributed/distributed_c10d.py:4631: UserWarning: No device id is provided via `init_process_group` or `barrier `. Using the current device set by the user. 
  warnings.warn(  # warn only once
| epoch   1 step     1100 |   1100 batches | lr 0.0004 | ms/batch 1296.36 | loss  2.63 | avg loss  2.59 | ppl 13.36
| epoch   1 step     1200 |   1200 batches | lr 0.0004 | ms/batch 1141.70 | loss  2.45 | avg loss  2.59 | ppl 13.34
| epoch   1 step     1300 |   1300 batches | lr 0.0004 | ms/batch 1237.21 | loss  2.48 | avg loss  2.57 | ppl 13.02
| epoch   1 step     1400 |   1400 batches | lr 0.0004 | ms/batch 1199.47 | loss  2.52 | avg loss  2.56 | ppl 12.93
| epoch   1 step     1500 |   1500 batches | lr 0.0004 | ms/batch 1210.57 | loss  2.53 | avg loss  2.58 | ppl 13.15
| epoch   1 step     1600 |   1600 batches | lr 0.0004 | ms/batch 1195.99 | loss  2.62 | avg loss  2.54 | ppl 12.62
| epoch   1 step     1700 |   1700 batches | lr 0.0004 | ms/batch 1280.01 | loss  2.44 | avg loss  2.54 | ppl 12.74
| epoch   1 step     1800 |   1800 batches | lr 0.0004 | ms/batch 1262.53 | loss  2.41 | avg loss  2.54 | ppl 12.71
| epoch   1 step     1900 |   1900 batches | lr 0.0004 | ms/batch 1207.86 | loss  2.54 | avg loss  2.55 | ppl 12.77
| epoch   1 step     2000 |   2000 batches | lr 0.0004 | ms/batch 1258.65 | loss  2.40 | avg loss  2.53 | ppl 12.58
saving checkpoint ./trained_models/GPT2_M/e2e/model.2000.pt
/home/ycyh/miniconda3/envs/LoRA/lib/python3.11/site-packages/torch/nn/_reduction.py:51: UserWarning: size_average and reduce args will be deprecated, please use reduction='none' instead.
  warnings.warn(warning.format(ret))
eval samples: 0 loss: tensor(1.2537, device='cuda:0')
eval samples: 100 loss: tensor(0.8991, device='cuda:0')
eval samples: 200 loss: tensor(1.3234, device='cuda:0')
eval samples: 300 loss: tensor(1.1160, device='cuda:0')
eval samples: 400 loss: tensor(0.8695, device='cuda:0')
eval samples: 500 loss: tensor(0.6980, device='cuda:0')
eval samples: 600 loss: tensor(1.2511, device='cuda:0')
eval samples: 700 loss: tensor(0.7715, device='cuda:0')
eval samples: 800 loss: tensor(1.1850, device='cuda:0')
eval samples: 900 loss: tensor(1.7163, device='cuda:0')
eval samples: 1000 loss: tensor(1.0839, device='cuda:0')
eval samples: 1100 loss: tensor(1.4806, device='cuda:0')
average loss 1.2386227778784216
----------------------------------------------------------------------------------------------------
| Eval   1 at step     2000 | time: 165.90s | valid loss  1.24 | valid ppl  3.45 | best ppl  3.45 
----------------------------------------------------------------------------------------------------
| epoch   1 step     2100 |   2100 batches | lr 0.0004 | ms/batch 3002.96 | loss  2.54 | avg loss  2.53 | ppl 12.56
| epoch   1 step     2200 |   2200 batches | lr 0.0004 | ms/batch 1199.90 | loss  2.78 | avg loss  2.53 | ppl 12.49
| epoch   1 step     2300 |   2300 batches | lr 0.0004 | ms/batch 1205.24 | loss  2.49 | avg loss  2.52 | ppl 12.43
| epoch   1 step     2400 |   2400 batches | lr 0.0004 | ms/batch 1119.21 | loss  2.31 | avg loss  2.52 | ppl 12.45
| epoch   1 step     2500 |   2500 batches | lr 0.0004 | ms/batch 1159.69 | loss  2.73 | avg loss  2.54 | ppl 12.68
| epoch   1 step     2600 |   2600 batches | lr 0.0004 | ms/batch 1269.72 | loss  2.67 | avg loss  2.53 | ppl 12.49
| epoch   1 step     2700 |   2700 batches | lr 0.0004 | ms/batch 1188.98 | loss  2.58 | avg loss  2.51 | ppl 12.33
| epoch   1 step     2800 |   2800 batches | lr 0.0004 | ms/batch 1274.10 | loss  2.25 | avg loss  2.55 | ppl 12.79
| epoch   1 step     2900 |   2900 batches | lr 0.0004 | ms/batch 1267.38 | loss  2.71 | avg loss  2.53 | ppl 12.57
| epoch   1 step     3000 |   3000 batches | lr 0.0004 | ms/batch 1195.04 | loss  2.52 | avg loss  2.50 | ppl 12.13
saving checkpoint ./trained_models/GPT2_M/e2e/model.3000.pt
| epoch   1 step     3100 |   3100 batches | lr 0.0004 | ms/batch 1356.23 | loss  2.71 | avg loss  2.50 | ppl 12.17
| epoch   1 step     3200 |   3200 batches | lr 0.0004 | ms/batch 1224.57 | loss  2.57 | avg loss  2.53 | ppl 12.57
| epoch   1 step     3300 |   3300 batches | lr 0.0004 | ms/batch 1202.14 | loss  2.87 | avg loss  2.49 | ppl 12.11
| epoch   1 step     3400 |   3400 batches | lr 0.0004 | ms/batch 1269.36 | loss  2.45 | avg loss  2.49 | ppl 12.07
| epoch   1 step     3500 |   3500 batches | lr 0.0004 | ms/batch 1212.60 | loss  2.27 | avg loss  2.53 | ppl 12.50
| epoch   1 step     3600 |   3600 batches | lr 0.0004 | ms/batch 1258.98 | loss  2.41 | avg loss  2.53 | ppl 12.52
| epoch   1 step     3700 |   3700 batches | lr 0.0004 | ms/batch 1272.02 | loss  2.48 | avg loss  2.50 | ppl 12.13
| epoch   1 step     3800 |   3800 batches | lr 0.0004 | ms/batch 1225.51 | loss  2.47 | avg loss  2.46 | ppl 11.67
| epoch   1 step     3900 |   3900 batches | lr 0.0004 | ms/batch 1197.25 | loss  2.22 | avg loss  2.53 | ppl 12.54
| epoch   1 step     4000 |   4000 batches | lr 0.0004 | ms/batch 1142.44 | loss  2.51 | avg loss  2.53 | ppl 12.53
saving checkpoint ./trained_models/GPT2_M/e2e/model.4000.pt
eval samples: 0 loss: tensor(1.1962, device='cuda:0')
eval samples: 100 loss: tensor(0.8782, device='cuda:0')
eval samples: 200 loss: tensor(1.2648, device='cuda:0')
eval samples: 300 loss: tensor(1.1111, device='cuda:0')
eval samples: 400 loss: tensor(0.8903, device='cuda:0')
eval samples: 500 loss: tensor(0.6272, device='cuda:0')
eval samples: 600 loss: tensor(1.2100, device='cuda:0')
eval samples: 700 loss: tensor(0.7392, device='cuda:0')
eval samples: 800 loss: tensor(1.1347, device='cuda:0')
eval samples: 900 loss: tensor(1.7067, device='cuda:0')
eval samples: 1000 loss: tensor(0.9835, device='cuda:0')
eval samples: 1100 loss: tensor(1.4163, device='cuda:0')
average loss 1.2022049917954287
----------------------------------------------------------------------------------------------------
| Eval   2 at step     4000 | time: 165.54s | valid loss  1.20 | valid ppl  3.33 | best ppl  3.33 
----------------------------------------------------------------------------------------------------
| epoch   1 step     4100 |   4100 batches | lr 0.0004 | ms/batch 3044.51 | loss  2.62 | avg loss  2.49 | ppl 12.02
| epoch   1 step     4200 |   4200 batches | lr 0.0004 | ms/batch 1234.48 | loss  2.55 | avg loss  2.49 | ppl 12.11
| epoch   1 step     4300 |   4300 batches | lr 0.0004 | ms/batch 1260.32 | loss  2.31 | avg loss  2.45 | ppl 11.59
| epoch   1 step     4400 |   4400 batches | lr 0.0004 | ms/batch 1295.55 | loss  2.57 | avg loss  2.48 | ppl 11.93
| epoch   1 step     4500 |   4500 batches | lr 0.0004 | ms/batch 1295.67 | loss  2.65 | avg loss  2.50 | ppl 12.23
| epoch   1 step     4600 |   4600 batches | lr 0.0004 | ms/batch 1126.55 | loss  2.45 | avg loss  2.50 | ppl 12.23
| epoch   1 step     4700 |   4700 batches | lr 0.0004 | ms/batch 1271.42 | loss  2.28 | avg loss  2.50 | ppl 12.13
| epoch   1 step     4800 |   4800 batches | lr 0.0004 | ms/batch 1164.41 | loss  2.66 | avg loss  2.47 | ppl 11.79
| epoch   1 step     4900 |   4900 batches | lr 0.0004 | ms/batch 1286.50 | loss  2.57 | avg loss  2.48 | ppl 11.94
| epoch   1 step     5000 |   5000 batches | lr 0.0004 | ms/batch 1253.64 | loss  2.23 | avg loss  2.46 | ppl 11.70
saving checkpoint ./trained_models/GPT2_M/e2e/model.5000.pt
| epoch   1 step     5100 |   5100 batches | lr 0.0004 | ms/batch 1333.75 | loss  2.56 | avg loss  2.49 | ppl 12.11
| epoch   1 step     5200 |   5200 batches | lr 0.0004 | ms/batch 1284.96 | loss  2.68 | avg loss  2.48 | ppl 11.98
saving checkpoint ./trained_models/GPT2_M/e2e/model.5258.pt
start to train the model................ 2
| epoch   2 step     5300 |     42 batches | lr 0.0004 | ms/batch 332.68 | loss  2.34 | avg loss  2.42 | ppl 11.23
| epoch   2 step     5400 |    142 batches | lr 0.0004 | ms/batch 1246.81 | loss  2.45 | avg loss  2.48 | ppl 11.89
| epoch   2 step     5500 |    242 batches | lr 0.0004 | ms/batch 1210.93 | loss  2.48 | avg loss  2.46 | ppl 11.69
| epoch   2 step     5600 |    342 batches | lr 0.0004 | ms/batch 1227.37 | loss  2.14 | avg loss  2.48 | ppl 11.93
| epoch   2 step     5700 |    442 batches | lr 0.0004 | ms/batch 1203.30 | loss  2.42 | avg loss  2.47 | ppl 11.80
| epoch   2 step     5800 |    542 batches | lr 0.0004 | ms/batch 1330.53 | loss  2.48 | avg loss  2.44 | ppl 11.51
| epoch   2 step     5900 |    642 batches | lr 0.0004 | ms/batch 1192.39 | loss  2.56 | avg loss  2.47 | ppl 11.85
| epoch   2 step     6000 |    742 batches | lr 0.0004 | ms/batch 1220.23 | loss  2.23 | avg loss  2.43 | ppl 11.39
saving checkpoint ./trained_models/GPT2_M/e2e/model.6000.pt
eval samples: 0 loss: tensor(1.1614, device='cuda:0')
eval samples: 100 loss: tensor(0.8559, device='cuda:0')
eval samples: 200 loss: tensor(1.1383, device='cuda:0')
eval samples: 300 loss: tensor(1.0800, device='cuda:0')
eval samples: 400 loss: tensor(0.8692, device='cuda:0')
eval samples: 500 loss: tensor(0.5772, device='cuda:0')
eval samples: 600 loss: tensor(1.2213, device='cuda:0')
eval samples: 700 loss: tensor(0.7017, device='cuda:0')
eval samples: 800 loss: tensor(1.1673, device='cuda:0')
eval samples: 900 loss: tensor(1.7022, device='cuda:0')
eval samples: 1000 loss: tensor(0.9521, device='cuda:0')
eval samples: 1100 loss: tensor(1.4201, device='cuda:0')
average loss 1.169298869774562
----------------------------------------------------------------------------------------------------
| Eval   3 at step     6000 | time: 166.07s | valid loss  1.17 | valid ppl  3.22 | best ppl  3.22 
----------------------------------------------------------------------------------------------------
| epoch   2 step     6100 |    842 batches | lr 0.0004 | ms/batch 2929.35 | loss  2.25 | avg loss  2.46 | ppl 11.74
| epoch   2 step     6200 |    942 batches | lr 0.0004 | ms/batch 1237.28 | loss  2.31 | avg loss  2.46 | ppl 11.74
| epoch   2 step     6300 |   1042 batches | lr 0.0004 | ms/batch 1286.05 | loss  2.63 | avg loss  2.46 | ppl 11.76
| epoch   2 step     6400 |   1142 batches | lr 0.0004 | ms/batch 1207.21 | loss  2.27 | avg loss  2.46 | ppl 11.66
| epoch   2 step     6500 |   1242 batches | lr 0.0004 | ms/batch 1216.75 | loss  2.32 | avg loss  2.48 | ppl 11.95
| epoch   2 step     6600 |   1342 batches | lr 0.0004 | ms/batch 1269.48 | loss  2.70 | avg loss  2.46 | ppl 11.67
| epoch   2 step     6700 |   1442 batches | lr 0.0004 | ms/batch 1165.56 | loss  2.40 | avg loss  2.46 | ppl 11.75
| epoch   2 step     6800 |   1542 batches | lr 0.0004 | ms/batch 1205.36 | loss  2.40 | avg loss  2.47 | ppl 11.86
| epoch   2 step     6900 |   1642 batches | lr 0.0004 | ms/batch 1213.31 | loss  2.36 | avg loss  2.41 | ppl 11.14
| epoch   2 step     7000 |   1742 batches | lr 0.0004 | ms/batch 1189.16 | loss  2.58 | avg loss  2.47 | ppl 11.80
saving checkpoint ./trained_models/GPT2_M/e2e/model.7000.pt
| epoch   2 step     7100 |   1842 batches | lr 0.0004 | ms/batch 1359.72 | loss  2.59 | avg loss  2.45 | ppl 11.62
| epoch   2 step     7200 |   1942 batches | lr 0.0004 | ms/batch 1128.28 | loss  2.53 | avg loss  2.45 | ppl 11.62
| epoch   2 step     7300 |   2042 batches | lr 0.0004 | ms/batch 1212.90 | loss  2.32 | avg loss  2.43 | ppl 11.35
| epoch   2 step     7400 |   2142 batches | lr 0.0004 | ms/batch 1280.69 | loss  2.77 | avg loss  2.43 | ppl 11.35
| epoch   2 step     7500 |   2242 batches | lr 0.0004 | ms/batch 1250.95 | loss  2.62 | avg loss  2.48 | ppl 11.92
| epoch   2 step     7600 |   2342 batches | lr 0.0004 | ms/batch 1300.85 | loss  2.24 | avg loss  2.43 | ppl 11.40
| epoch   2 step     7700 |   2442 batches | lr 0.0004 | ms/batch 1233.26 | loss  2.65 | avg loss  2.43 | ppl 11.41
| epoch   2 step     7800 |   2542 batches | lr 0.0004 | ms/batch 1163.42 | loss  2.47 | avg loss  2.42 | ppl 11.28
| epoch   2 step     7900 |   2642 batches | lr 0.0004 | ms/batch 1224.39 | loss  2.75 | avg loss  2.46 | ppl 11.73
| epoch   2 step     8000 |   2742 batches | lr 0.0004 | ms/batch 1215.99 | loss  2.49 | avg loss  2.48 | ppl 11.88
saving checkpoint ./trained_models/GPT2_M/e2e/model.8000.pt
eval samples: 0 loss: tensor(1.1514, device='cuda:0')
eval samples: 100 loss: tensor(0.8923, device='cuda:0')
eval samples: 200 loss: tensor(1.1997, device='cuda:0')
eval samples: 300 loss: tensor(1.0674, device='cuda:0')
eval samples: 400 loss: tensor(0.8666, device='cuda:0')
eval samples: 500 loss: tensor(0.6263, device='cuda:0')
eval samples: 600 loss: tensor(1.1871, device='cuda:0')
eval samples: 700 loss: tensor(0.7134, device='cuda:0')
eval samples: 800 loss: tensor(1.1379, device='cuda:0')
eval samples: 900 loss: tensor(1.7025, device='cuda:0')
eval samples: 1000 loss: tensor(0.9513, device='cuda:0')
eval samples: 1100 loss: tensor(1.3959, device='cuda:0')
average loss 1.172006012412579
----------------------------------------------------------------------------------------------------
| Eval   4 at step     8000 | time: 165.97s | valid loss  1.17 | valid ppl  3.23 | best ppl  3.22 
----------------------------------------------------------------------------------------------------
| epoch   2 step     8100 |   2842 batches | lr 0.0004 | ms/batch 3057.56 | loss  2.32 | avg loss  2.43 | ppl 11.41
| epoch   2 step     8200 |   2942 batches | lr 0.0004 | ms/batch 1232.76 | loss  2.54 | avg loss  2.49 | ppl 12.04
| epoch   2 step     8300 |   3042 batches | lr 0.0004 | ms/batch 1290.48 | loss  2.34 | avg loss  2.46 | ppl 11.65
| epoch   2 step     8400 |   3142 batches | lr 0.0004 | ms/batch 1192.94 | loss  2.50 | avg loss  2.44 | ppl 11.47
| epoch   2 step     8500 |   3242 batches | lr 0.0004 | ms/batch 1212.58 | loss  2.36 | avg loss  2.45 | ppl 11.59
| epoch   2 step     8600 |   3342 batches | lr 0.0004 | ms/batch 1267.69 | loss  2.39 | avg loss  2.43 | ppl 11.40
| epoch   2 step     8700 |   3442 batches | lr 0.0004 | ms/batch 1255.75 | loss  2.71 | avg loss  2.43 | ppl 11.40
| epoch   2 step     8800 |   3542 batches | lr 0.0004 | ms/batch 1205.00 | loss  2.36 | avg loss  2.44 | ppl 11.45
| epoch   2 step     8900 |   3642 batches | lr 0.0004 | ms/batch 1179.32 | loss  2.51 | avg loss  2.46 | ppl 11.66
| epoch   2 step     9000 |   3742 batches | lr 0.0004 | ms/batch 1218.78 | loss  2.46 | avg loss  2.45 | ppl 11.56
saving checkpoint ./trained_models/GPT2_M/e2e/model.9000.pt
| epoch   2 step     9100 |   3842 batches | lr 0.0004 | ms/batch 1380.41 | loss  2.39 | avg loss  2.44 | ppl 11.49
| epoch   2 step     9200 |   3942 batches | lr 0.0004 | ms/batch 1242.16 | loss  2.55 | avg loss  2.44 | ppl 11.52
| epoch   2 step     9300 |   4042 batches | lr 0.0004 | ms/batch 1235.99 | loss  2.45 | avg loss  2.45 | ppl 11.64
| epoch   2 step     9400 |   4142 batches | lr 0.0004 | ms/batch 1250.82 | loss  2.49 | avg loss  2.44 | ppl 11.52
| epoch   2 step     9500 |   4242 batches | lr 0.0004 | ms/batch 1248.88 | loss  2.45 | avg loss  2.44 | ppl 11.51
| epoch   2 step     9600 |   4342 batches | lr 0.0004 | ms/batch 1180.32 | loss  2.79 | avg loss  2.45 | ppl 11.59
| epoch   2 step     9700 |   4442 batches | lr 0.0004 | ms/batch 1223.45 | loss  2.20 | avg loss  2.44 | ppl 11.45
| epoch   2 step     9800 |   4542 batches | lr 0.0004 | ms/batch 1211.05 | loss  2.43 | avg loss  2.43 | ppl 11.40
| epoch   2 step     9900 |   4642 batches | lr 0.0004 | ms/batch 1201.90 | loss  2.12 | avg loss  2.42 | ppl 11.26
| epoch   2 step    10000 |   4742 batches | lr 0.0004 | ms/batch 1260.44 | loss  2.49 | avg loss  2.46 | ppl 11.66
saving checkpoint ./trained_models/GPT2_M/e2e/model.10000.pt
eval samples: 0 loss: tensor(1.1147, device='cuda:0')
eval samples: 100 loss: tensor(0.8476, device='cuda:0')
eval samples: 200 loss: tensor(1.1515, device='cuda:0')
eval samples: 300 loss: tensor(1.0301, device='cuda:0')
eval samples: 400 loss: tensor(0.8421, device='cuda:0')
eval samples: 500 loss: tensor(0.5752, device='cuda:0')
eval samples: 600 loss: tensor(1.1814, device='cuda:0')
eval samples: 700 loss: tensor(0.6460, device='cuda:0')
eval samples: 800 loss: tensor(1.1775, device='cuda:0')
eval samples: 900 loss: tensor(1.6398, device='cuda:0')
eval samples: 1000 loss: tensor(0.9289, device='cuda:0')
eval samples: 1100 loss: tensor(1.4325, device='cuda:0')
average loss 1.144749957685397
----------------------------------------------------------------------------------------------------
| Eval   5 at step    10000 | time: 165.57s | valid loss  1.14 | valid ppl  3.14 | best ppl  3.14 
----------------------------------------------------------------------------------------------------
| epoch   2 step    10100 |   4842 batches | lr 0.0004 | ms/batch 2938.88 | loss  2.24 | avg loss  2.44 | ppl 11.53
| epoch   2 step    10200 |   4942 batches | lr 0.0004 | ms/batch 1192.69 | loss  2.40 | avg loss  2.45 | ppl 11.58
| epoch   2 step    10300 |   5042 batches | lr 0.0004 | ms/batch 1153.86 | loss  2.68 | avg loss  2.43 | ppl 11.41
| epoch   2 step    10400 |   5142 batches | lr 0.0004 | ms/batch 1227.34 | loss  2.61 | avg loss  2.43 | ppl 11.38
| epoch   2 step    10500 |   5242 batches | lr 0.0004 | ms/batch 1247.69 | loss  2.37 | avg loss  2.41 | ppl 11.18
saving checkpoint ./trained_models/GPT2_M/e2e/model.10516.pt
start to train the model................ 3
| epoch   3 step    10600 |     84 batches | lr 0.0004 | ms/batch 915.92 | loss  2.09 | avg loss  2.41 | ppl 11.17
| epoch   3 step    10700 |    184 batches | lr 0.0004 | ms/batch 1254.89 | loss  2.48 | avg loss  2.43 | ppl 11.34
| epoch   3 step    10800 |    284 batches | lr 0.0004 | ms/batch 1266.44 | loss  2.59 | avg loss  2.42 | ppl 11.19
| epoch   3 step    10900 |    384 batches | lr 0.0004 | ms/batch 1276.17 | loss  2.72 | avg loss  2.41 | ppl 11.17
| epoch   3 step    11000 |    484 batches | lr 0.0004 | ms/batch 1297.04 | loss  2.56 | avg loss  2.42 | ppl 11.23
saving checkpoint ./trained_models/GPT2_M/e2e/model.11000.pt
| epoch   3 step    11100 |    584 batches | lr 0.0004 | ms/batch 1424.36 | loss  2.50 | avg loss  2.47 | ppl 11.79
| epoch   3 step    11200 |    684 batches | lr 0.0004 | ms/batch 1270.33 | loss  2.42 | avg loss  2.42 | ppl 11.24
| epoch   3 step    11300 |    784 batches | lr 0.0004 | ms/batch 1192.42 | loss  2.44 | avg loss  2.44 | ppl 11.43
| epoch   3 step    11400 |    884 batches | lr 0.0004 | ms/batch 1133.52 | loss  2.35 | avg loss  2.43 | ppl 11.31
| epoch   3 step    11500 |    984 batches | lr 0.0004 | ms/batch 1294.53 | loss  2.19 | avg loss  2.43 | ppl 11.34
| epoch   3 step    11600 |   1084 batches | lr 0.0004 | ms/batch 1305.15 | loss  2.13 | avg loss  2.39 | ppl 10.96
| epoch   3 step    11700 |   1184 batches | lr 0.0004 | ms/batch 1125.82 | loss  2.28 | avg loss  2.42 | ppl 11.20
| epoch   3 step    11800 |   1284 batches | lr 0.0004 | ms/batch 1265.42 | loss  2.43 | avg loss  2.39 | ppl 10.92
| epoch   3 step    11900 |   1384 batches | lr 0.0004 | ms/batch 1216.45 | loss  2.34 | avg loss  2.40 | ppl 11.02
| epoch   3 step    12000 |   1484 batches | lr 0.0004 | ms/batch 1187.04 | loss  2.47 | avg loss  2.41 | ppl 11.16
saving checkpoint ./trained_models/GPT2_M/e2e/model.12000.pt
eval samples: 0 loss: tensor(1.1643, device='cuda:0')
eval samples: 100 loss: tensor(0.8440, device='cuda:0')
eval samples: 200 loss: tensor(1.1834, device='cuda:0')
eval samples: 300 loss: tensor(1.0821, device='cuda:0')
eval samples: 400 loss: tensor(0.8888, device='cuda:0')
eval samples: 500 loss: tensor(0.5578, device='cuda:0')
eval samples: 600 loss: tensor(1.2512, device='cuda:0')
eval samples: 700 loss: tensor(0.6757, device='cuda:0')
eval samples: 800 loss: tensor(1.1583, device='cuda:0')
eval samples: 900 loss: tensor(1.6762, device='cuda:0')
eval samples: 1000 loss: tensor(0.9199, device='cuda:0')
eval samples: 1100 loss: tensor(1.4288, device='cuda:0')
average loss 1.156853724755857
----------------------------------------------------------------------------------------------------
| Eval   6 at step    12000 | time: 165.56s | valid loss  1.16 | valid ppl  3.18 | best ppl  3.18 
----------------------------------------------------------------------------------------------------
| epoch   3 step    12100 |   1584 batches | lr 0.0004 | ms/batch 3078.47 | loss  2.38 | avg loss  2.43 | ppl 11.39
| epoch   3 step    12200 |   1684 batches | lr 0.0004 | ms/batch 1277.38 | loss  2.31 | avg loss  2.44 | ppl 11.49
| epoch   3 step    12300 |   1784 batches | lr 0.0004 | ms/batch 1260.03 | loss  2.40 | avg loss  2.43 | ppl 11.33
| epoch   3 step    12400 |   1884 batches | lr 0.0004 | ms/batch 1240.93 | loss  2.47 | avg loss  2.40 | ppl 11.02
| epoch   3 step    12500 |   1984 batches | lr 0.0004 | ms/batch 1298.86 | loss  2.65 | avg loss  2.42 | ppl 11.27
| epoch   3 step    12600 |   2084 batches | lr 0.0004 | ms/batch 1199.26 | loss  2.70 | avg loss  2.37 | ppl 10.70
| epoch   3 step    12700 |   2184 batches | lr 0.0004 | ms/batch 1236.16 | loss  2.27 | avg loss  2.42 | ppl 11.19
| epoch   3 step    12800 |   2284 batches | lr 0.0004 | ms/batch 1307.84 | loss  2.50 | avg loss  2.42 | ppl 11.25
| epoch   3 step    12900 |   2384 batches | lr 0.0004 | ms/batch 1178.12 | loss  2.32 | avg loss  2.42 | ppl 11.24
| epoch   3 step    13000 |   2484 batches | lr 0.0004 | ms/batch 1196.95 | loss  2.87 | avg loss  2.44 | ppl 11.44
saving checkpoint ./trained_models/GPT2_M/e2e/model.13000.pt
| epoch   3 step    13100 |   2584 batches | lr 0.0004 | ms/batch 1374.66 | loss  2.24 | avg loss  2.40 | ppl 10.98
| epoch   3 step    13200 |   2684 batches | lr 0.0004 | ms/batch 1221.12 | loss  2.35 | avg loss  2.45 | ppl 11.55
| epoch   3 step    13300 |   2784 batches | lr 0.0004 | ms/batch 1224.35 | loss  2.33 | avg loss  2.40 | ppl 10.98
| epoch   3 step    13400 |   2884 batches | lr 0.0004 | ms/batch 1280.69 | loss  2.52 | avg loss  2.40 | ppl 11.05
| epoch   3 step    13500 |   2984 batches | lr 0.0004 | ms/batch 1309.88 | loss  2.77 | avg loss  2.44 | ppl 11.43
| epoch   3 step    13600 |   3084 batches | lr 0.0004 | ms/batch 1161.94 | loss  2.23 | avg loss  2.42 | ppl 11.29
| epoch   3 step    13700 |   3184 batches | lr 0.0004 | ms/batch 1256.90 | loss  2.56 | avg loss  2.46 | ppl 11.65
| epoch   3 step    13800 |   3284 batches | lr 0.0004 | ms/batch 1212.07 | loss  2.21 | avg loss  2.39 | ppl 10.96
| epoch   3 step    13900 |   3384 batches | lr 0.0004 | ms/batch 1300.80 | loss  2.75 | avg loss  2.44 | ppl 11.46
| epoch   3 step    14000 |   3484 batches | lr 0.0004 | ms/batch 1277.22 | loss  2.56 | avg loss  2.44 | ppl 11.51
saving checkpoint ./trained_models/GPT2_M/e2e/model.14000.pt
eval samples: 0 loss: tensor(1.0473, device='cuda:0')
eval samples: 100 loss: tensor(0.8223, device='cuda:0')
eval samples: 200 loss: tensor(1.1422, device='cuda:0')
eval samples: 300 loss: tensor(1.0475, device='cuda:0')
eval samples: 400 loss: tensor(0.8472, device='cuda:0')
eval samples: 500 loss: tensor(0.5605, device='cuda:0')
eval samples: 600 loss: tensor(1.1811, device='cuda:0')
eval samples: 700 loss: tensor(0.6880, device='cuda:0')
eval samples: 800 loss: tensor(1.1293, device='cuda:0')
eval samples: 900 loss: tensor(1.6575, device='cuda:0')
eval samples: 1000 loss: tensor(0.9087, device='cuda:0')
eval samples: 1100 loss: tensor(1.4272, device='cuda:0')
average loss 1.1418131513597622
----------------------------------------------------------------------------------------------------
| Eval   7 at step    14000 | time: 165.63s | valid loss  1.14 | valid ppl  3.13 | best ppl  3.13 
----------------------------------------------------------------------------------------------------
| epoch   3 step    14100 |   3584 batches | lr 0.0004 | ms/batch 2983.76 | loss  2.49 | avg loss  2.38 | ppl 10.78
| epoch   3 step    14200 |   3684 batches | lr 0.0004 | ms/batch 1294.09 | loss  2.39 | avg loss  2.40 | ppl 11.01
| epoch   3 step    14300 |   3784 batches | lr 0.0004 | ms/batch 1270.33 | loss  2.66 | avg loss  2.40 | ppl 11.02
| epoch   3 step    14400 |   3884 batches | lr 0.0004 | ms/batch 1196.76 | loss  2.17 | avg loss  2.41 | ppl 11.14
| epoch   3 step    14500 |   3984 batches | lr 0.0004 | ms/batch 1172.59 | loss  2.28 | avg loss  2.42 | ppl 11.22
| epoch   3 step    14600 |   4084 batches | lr 0.0004 | ms/batch 1207.41 | loss  2.42 | avg loss  2.43 | ppl 11.34
| epoch   3 step    14700 |   4184 batches | lr 0.0004 | ms/batch 1288.53 | loss  2.40 | avg loss  2.40 | ppl 11.00
| epoch   3 step    14800 |   4284 batches | lr 0.0004 | ms/batch 1259.34 | loss  2.41 | avg loss  2.43 | ppl 11.40
| epoch   3 step    14900 |   4384 batches | lr 0.0004 | ms/batch 1312.70 | loss  2.41 | avg loss  2.41 | ppl 11.13
| epoch   3 step    15000 |   4484 batches | lr 0.0004 | ms/batch 1212.92 | loss  2.69 | avg loss  2.44 | ppl 11.45
saving checkpoint ./trained_models/GPT2_M/e2e/model.15000.pt
| epoch   3 step    15100 |   4584 batches | lr 0.0004 | ms/batch 1370.52 | loss  2.26 | avg loss  2.41 | ppl 11.14
| epoch   3 step    15200 |   4684 batches | lr 0.0004 | ms/batch 1254.25 | loss  2.39 | avg loss  2.40 | ppl 11.05
| epoch   3 step    15300 |   4784 batches | lr 0.0004 | ms/batch 1218.71 | loss  2.37 | avg loss  2.44 | ppl 11.47
| epoch   3 step    15400 |   4884 batches | lr 0.0004 | ms/batch 1262.65 | loss  2.30 | avg loss  2.42 | ppl 11.23
| epoch   3 step    15500 |   4984 batches | lr 0.0004 | ms/batch 1189.65 | loss  2.36 | avg loss  2.42 | ppl 11.23
| epoch   3 step    15600 |   5084 batches | lr 0.0004 | ms/batch 1129.40 | loss  2.49 | avg loss  2.41 | ppl 11.10
| epoch   3 step    15700 |   5184 batches | lr 0.0004 | ms/batch 1239.81 | loss  2.41 | avg loss  2.39 | ppl 10.90
saving checkpoint ./trained_models/GPT2_M/e2e/model.15774.pt
start to train the model................ 4
| epoch   4 step    15800 |     26 batches | lr 0.0004 | ms/batch 206.33 | loss  2.25 | avg loss  2.38 | ppl 10.75
| epoch   4 step    15900 |    126 batches | lr 0.0004 | ms/batch 1199.29 | loss  2.30 | avg loss  2.39 | ppl 10.91
| epoch   4 step    16000 |    226 batches | lr 0.0004 | ms/batch 1215.37 | loss  2.40 | avg loss  2.41 | ppl 11.12
saving checkpoint ./trained_models/GPT2_M/e2e/model.16000.pt
eval samples: 0 loss: tensor(1.0945, device='cuda:0')
eval samples: 100 loss: tensor(0.8252, device='cuda:0')
eval samples: 200 loss: tensor(1.1064, device='cuda:0')
eval samples: 300 loss: tensor(1.0655, device='cuda:0')
eval samples: 400 loss: tensor(0.8245, device='cuda:0')
eval samples: 500 loss: tensor(0.5315, device='cuda:0')
eval samples: 600 loss: tensor(1.1817, device='cuda:0')
eval samples: 700 loss: tensor(0.6062, device='cuda:0')
eval samples: 800 loss: tensor(1.1795, device='cuda:0')
eval samples: 900 loss: tensor(1.6445, device='cuda:0')
eval samples: 1000 loss: tensor(0.8910, device='cuda:0')
eval samples: 1100 loss: tensor(1.4603, device='cuda:0')
average loss 1.136148519354732
----------------------------------------------------------------------------------------------------
| Eval   8 at step    16000 | time: 165.77s | valid loss  1.14 | valid ppl  3.11 | best ppl  3.11 
----------------------------------------------------------------------------------------------------
| epoch   4 step    16100 |    326 batches | lr 0.0004 | ms/batch 2933.88 | loss  2.60 | avg loss  2.38 | ppl 10.82
| epoch   4 step    16200 |    426 batches | lr 0.0004 | ms/batch 1287.42 | loss  2.36 | avg loss  2.39 | ppl 10.94
| epoch   4 step    16300 |    526 batches | lr 0.0004 | ms/batch 1246.10 | loss  2.68 | avg loss  2.38 | ppl 10.83
| epoch   4 step    16400 |    626 batches | lr 0.0004 | ms/batch 1291.43 | loss  2.84 | avg loss  2.39 | ppl 10.95
| epoch   4 step    16500 |    726 batches | lr 0.0004 | ms/batch 1170.42 | loss  2.54 | avg loss  2.42 | ppl 11.21
| epoch   4 step    16600 |    826 batches | lr 0.0004 | ms/batch 1262.22 | loss  2.56 | avg loss  2.39 | ppl 10.91
| epoch   4 step    16700 |    926 batches | lr 0.0004 | ms/batch 1270.28 | loss  2.53 | avg loss  2.40 | ppl 11.05
| epoch   4 step    16800 |   1026 batches | lr 0.0004 | ms/batch 1176.28 | loss  2.44 | avg loss  2.40 | ppl 11.01
| epoch   4 step    16900 |   1126 batches | lr 0.0004 | ms/batch 1220.30 | loss  2.14 | avg loss  2.37 | ppl 10.74
| epoch   4 step    17000 |   1226 batches | lr 0.0004 | ms/batch 1235.52 | loss  2.29 | avg loss  2.38 | ppl 10.76
saving checkpoint ./trained_models/GPT2_M/e2e/model.17000.pt
| epoch   4 step    17100 |   1326 batches | lr 0.0004 | ms/batch 1350.85 | loss  2.61 | avg loss  2.42 | ppl 11.28
| epoch   4 step    17200 |   1426 batches | lr 0.0004 | ms/batch 1261.42 | loss  2.33 | avg loss  2.37 | ppl 10.73
| epoch   4 step    17300 |   1526 batches | lr 0.0004 | ms/batch 1212.03 | loss  2.26 | avg loss  2.40 | ppl 11.06
| epoch   4 step    17400 |   1626 batches | lr 0.0004 | ms/batch 1242.82 | loss  2.22 | avg loss  2.41 | ppl 11.12
| epoch   4 step    17500 |   1726 batches | lr 0.0004 | ms/batch 1267.57 | loss  2.60 | avg loss  2.41 | ppl 11.14
| epoch   4 step    17600 |   1826 batches | lr 0.0004 | ms/batch 1298.62 | loss  2.69 | avg loss  2.41 | ppl 11.19
| epoch   4 step    17700 |   1926 batches | lr 0.0004 | ms/batch 1221.15 | loss  2.33 | avg loss  2.39 | ppl 10.86
| epoch   4 step    17800 |   2026 batches | lr 0.0004 | ms/batch 1218.58 | loss  2.60 | avg loss  2.43 | ppl 11.31
| epoch   4 step    17900 |   2126 batches | lr 0.0004 | ms/batch 1236.62 | loss  2.41 | avg loss  2.39 | ppl 10.91
| epoch   4 step    18000 |   2226 batches | lr 0.0004 | ms/batch 1211.75 | loss  2.89 | avg loss  2.40 | ppl 10.98
saving checkpoint ./trained_models/GPT2_M/e2e/model.18000.pt
eval samples: 0 loss: tensor(1.0620, device='cuda:0')
eval samples: 100 loss: tensor(0.8292, device='cuda:0')
eval samples: 200 loss: tensor(1.1349, device='cuda:0')
eval samples: 300 loss: tensor(1.0428, device='cuda:0')
eval samples: 400 loss: tensor(0.8715, device='cuda:0')
eval samples: 500 loss: tensor(0.5539, device='cuda:0')
eval samples: 600 loss: tensor(1.1884, device='cuda:0')
eval samples: 700 loss: tensor(0.6510, device='cuda:0')
eval samples: 800 loss: tensor(1.1642, device='cuda:0')
eval samples: 900 loss: tensor(1.6578, device='cuda:0')
eval samples: 1000 loss: tensor(0.9012, device='cuda:0')
eval samples: 1100 loss: tensor(1.4310, device='cuda:0')
average loss 1.136197713216486
----------------------------------------------------------------------------------------------------
| Eval   9 at step    18000 | time: 165.90s | valid loss  1.14 | valid ppl  3.11 | best ppl  3.11 
----------------------------------------------------------------------------------------------------
| epoch   4 step    18100 |   2326 batches | lr 0.0004 | ms/batch 2945.71 | loss  2.53 | avg loss  2.38 | ppl 10.86
| epoch   4 step    18200 |   2426 batches | lr 0.0004 | ms/batch 1295.44 | loss  2.32 | avg loss  2.40 | ppl 11.01
| epoch   4 step    18300 |   2526 batches | lr 0.0004 | ms/batch 1195.42 | loss  2.31 | avg loss  2.40 | ppl 11.05
| epoch   4 step    18400 |   2626 batches | lr 0.0004 | ms/batch 1301.26 | loss  2.57 | avg loss  2.39 | ppl 10.90
| epoch   4 step    18500 |   2726 batches | lr 0.0004 | ms/batch 1220.12 | loss  2.43 | avg loss  2.37 | ppl 10.73
| epoch   4 step    18600 |   2826 batches | lr 0.0004 | ms/batch 1139.84 | loss  2.21 | avg loss  2.42 | ppl 11.21
| epoch   4 step    18700 |   2926 batches | lr 0.0004 | ms/batch 1295.45 | loss  2.19 | avg loss  2.38 | ppl 10.80
| epoch   4 step    18800 |   3026 batches | lr 0.0004 | ms/batch 1263.52 | loss  2.20 | avg loss  2.41 | ppl 11.12
| epoch   4 step    18900 |   3126 batches | lr 0.0004 | ms/batch 1211.94 | loss  2.34 | avg loss  2.40 | ppl 10.99
| epoch   4 step    19000 |   3226 batches | lr 0.0004 | ms/batch 1208.79 | loss  2.66 | avg loss  2.41 | ppl 11.09
saving checkpoint ./trained_models/GPT2_M/e2e/model.19000.pt
| epoch   4 step    19100 |   3326 batches | lr 0.0004 | ms/batch 1401.00 | loss  2.54 | avg loss  2.39 | ppl 10.87
| epoch   4 step    19200 |   3426 batches | lr 0.0004 | ms/batch 1170.60 | loss  2.50 | avg loss  2.38 | ppl 10.75
| epoch   4 step    19300 |   3526 batches | lr 0.0004 | ms/batch 1221.11 | loss  2.45 | avg loss  2.41 | ppl 11.16
| epoch   4 step    19400 |   3626 batches | lr 0.0004 | ms/batch 1257.97 | loss  2.45 | avg loss  2.39 | ppl 10.93
| epoch   4 step    19500 |   3726 batches | lr 0.0004 | ms/batch 1196.44 | loss  2.17 | avg loss  2.39 | ppl 10.94
| epoch   4 step    19600 |   3826 batches | lr 0.0004 | ms/batch 1220.95 | loss  2.58 | avg loss  2.40 | ppl 11.03
| epoch   4 step    19700 |   3926 batches | lr 0.0004 | ms/batch 1308.47 | loss  2.48 | avg loss  2.39 | ppl 10.96
| epoch   4 step    19800 |   4026 batches | lr 0.0004 | ms/batch 1248.92 | loss  2.42 | avg loss  2.40 | ppl 11.00
| epoch   4 step    19900 |   4126 batches | lr 0.0004 | ms/batch 1269.60 | loss  2.23 | avg loss  2.43 | ppl 11.30
| epoch   4 step    20000 |   4226 batches | lr 0.0004 | ms/batch 1242.39 | loss  2.31 | avg loss  2.40 | ppl 11.01
saving checkpoint ./trained_models/GPT2_M/e2e/model.20000.pt
eval samples: 0 loss: tensor(1.1550, device='cuda:0')
eval samples: 100 loss: tensor(0.8666, device='cuda:0')
eval samples: 200 loss: tensor(1.1179, device='cuda:0')
eval samples: 300 loss: tensor(1.0585, device='cuda:0')
eval samples: 400 loss: tensor(0.8280, device='cuda:0')
eval samples: 500 loss: tensor(0.5575, device='cuda:0')
eval samples: 600 loss: tensor(1.1685, device='cuda:0')
eval samples: 700 loss: tensor(0.6570, device='cuda:0')
eval samples: 800 loss: tensor(1.1710, device='cuda:0')
eval samples: 900 loss: tensor(1.6140, device='cuda:0')
eval samples: 1000 loss: tensor(0.9232, device='cuda:0')
eval samples: 1100 loss: tensor(1.4116, device='cuda:0')
average loss 1.138302823962414
----------------------------------------------------------------------------------------------------
| Eval  10 at step    20000 | time: 165.78s | valid loss  1.14 | valid ppl  3.12 | best ppl  3.11 
----------------------------------------------------------------------------------------------------
| epoch   4 step    20100 |   4326 batches | lr 0.0004 | ms/batch 2897.18 | loss  2.26 | avg loss  2.39 | ppl 10.88
| epoch   4 step    20200 |   4426 batches | lr 0.0004 | ms/batch 1261.27 | loss  2.40 | avg loss  2.40 | ppl 11.07
| epoch   4 step    20300 |   4526 batches | lr 0.0004 | ms/batch 1216.56 | loss  2.46 | avg loss  2.42 | ppl 11.25
| epoch   4 step    20400 |   4626 batches | lr 0.0004 | ms/batch 1269.67 | loss  2.38 | avg loss  2.40 | ppl 10.99
| epoch   4 step    20500 |   4726 batches | lr 0.0004 | ms/batch 1254.43 | loss  2.64 | avg loss  2.38 | ppl 10.81
| epoch   4 step    20600 |   4826 batches | lr 0.0004 | ms/batch 1223.73 | loss  2.51 | avg loss  2.43 | ppl 11.36
| epoch   4 step    20700 |   4926 batches | lr 0.0004 | ms/batch 1180.65 | loss  2.46 | avg loss  2.39 | ppl 10.91
| epoch   4 step    20800 |   5026 batches | lr 0.0004 | ms/batch 1297.76 | loss  2.18 | avg loss  2.42 | ppl 11.20
| epoch   4 step    20900 |   5126 batches | lr 0.0004 | ms/batch 1302.85 | loss  2.31 | avg loss  2.39 | ppl 10.87
| epoch   4 step    21000 |   5226 batches | lr 0.0004 | ms/batch 1260.28 | loss  2.24 | avg loss  2.39 | ppl 10.90
saving checkpoint ./trained_models/GPT2_M/e2e/model.21000.pt
saving checkpoint ./trained_models/GPT2_M/e2e/model.21032.pt
start to train the model................ 5
| epoch   5 step    21100 |     68 batches | lr 0.0004 | ms/batch 726.44 | loss  2.53 | avg loss  2.40 | ppl 11.01
| epoch   5 step    21200 |    168 batches | lr 0.0004 | ms/batch 1216.12 | loss  2.49 | avg loss  2.34 | ppl 10.42
| epoch   5 step    21300 |    268 batches | lr 0.0004 | ms/batch 1212.47 | loss  2.19 | avg loss  2.39 | ppl 10.94
| epoch   5 step    21400 |    368 batches | lr 0.0004 | ms/batch 1216.67 | loss  2.44 | avg loss  2.38 | ppl 10.86
| epoch   5 step    21500 |    468 batches | lr 0.0004 | ms/batch 1298.19 | loss  2.56 | avg loss  2.39 | ppl 10.94
| epoch   5 step    21600 |    568 batches | lr 0.0004 | ms/batch 1200.55 | loss  2.64 | avg loss  2.35 | ppl 10.51
| epoch   5 step    21700 |    668 batches | lr 0.0004 | ms/batch 1230.92 | loss  2.68 | avg loss  2.39 | ppl 10.87
| epoch   5 step    21800 |    768 batches | lr 0.0004 | ms/batch 1295.54 | loss  2.32 | avg loss  2.40 | ppl 10.97
| epoch   5 step    21900 |    868 batches | lr 0.0004 | ms/batch 1212.81 | loss  2.58 | avg loss  2.38 | ppl 10.81
| epoch   5 step    22000 |    968 batches | lr 0.0004 | ms/batch 1250.65 | loss  2.31 | avg loss  2.34 | ppl 10.34
saving checkpoint ./trained_models/GPT2_M/e2e/model.22000.pt
eval samples: 0 loss: tensor(1.0949, device='cuda:0')
eval samples: 100 loss: tensor(0.8679, device='cuda:0')
eval samples: 200 loss: tensor(1.1839, device='cuda:0')
eval samples: 300 loss: tensor(1.0815, device='cuda:0')
eval samples: 400 loss: tensor(0.8234, device='cuda:0')
eval samples: 500 loss: tensor(0.5898, device='cuda:0')
eval samples: 600 loss: tensor(1.1248, device='cuda:0')
eval samples: 700 loss: tensor(0.6776, device='cuda:0')
eval samples: 800 loss: tensor(1.1898, device='cuda:0')
eval samples: 900 loss: tensor(1.6590, device='cuda:0')
eval samples: 1000 loss: tensor(0.9193, device='cuda:0')
eval samples: 1100 loss: tensor(1.4800, device='cuda:0')
average loss 1.138647176019133
----------------------------------------------------------------------------------------------------
| Eval  11 at step    22000 | time: 166.25s | valid loss  1.14 | valid ppl  3.12 | best ppl  3.12 
----------------------------------------------------------------------------------------------------
| epoch   5 step    22100 |   1068 batches | lr 0.0004 | ms/batch 2997.14 | loss  2.54 | avg loss  2.36 | ppl 10.62
| epoch   5 step    22200 |   1168 batches | lr 0.0004 | ms/batch 1286.21 | loss  2.76 | avg loss  2.39 | ppl 10.91
| epoch   5 step    22300 |   1268 batches | lr 0.0004 | ms/batch 1195.47 | loss  2.27 | avg loss  2.39 | ppl 10.94
| epoch   5 step    22400 |   1368 batches | lr 0.0004 | ms/batch 1271.77 | loss  2.20 | avg loss  2.35 | ppl 10.44
| epoch   5 step    22500 |   1468 batches | lr 0.0004 | ms/batch 1216.08 | loss  2.47 | avg loss  2.38 | ppl 10.85
| epoch   5 step    22600 |   1568 batches | lr 0.0004 | ms/batch 1282.38 | loss  2.61 | avg loss  2.39 | ppl 10.87
| epoch   5 step    22700 |   1668 batches | lr 0.0004 | ms/batch 1170.00 | loss  2.26 | avg loss  2.37 | ppl 10.75
| epoch   5 step    22800 |   1768 batches | lr 0.0004 | ms/batch 1217.60 | loss  2.26 | avg loss  2.39 | ppl 10.88
| epoch   5 step    22900 |   1868 batches | lr 0.0004 | ms/batch 1274.58 | loss  2.68 | avg loss  2.42 | ppl 11.23
| epoch   5 step    23000 |   1968 batches | lr 0.0004 | ms/batch 1153.38 | loss  2.30 | avg loss  2.38 | ppl 10.76
saving checkpoint ./trained_models/GPT2_M/e2e/model.23000.pt
| epoch   5 step    23100 |   2068 batches | lr 0.0004 | ms/batch 1428.50 | loss  2.45 | avg loss  2.40 | ppl 11.06
| epoch   5 step    23200 |   2168 batches | lr 0.0004 | ms/batch 1141.37 | loss  2.51 | avg loss  2.37 | ppl 10.74
| epoch   5 step    23300 |   2268 batches | lr 0.0004 | ms/batch 1193.19 | loss  2.27 | avg loss  2.36 | ppl 10.62
| epoch   5 step    23400 |   2368 batches | lr 0.0004 | ms/batch 1312.90 | loss  2.31 | avg loss  2.38 | ppl 10.82
| epoch   5 step    23500 |   2468 batches | lr 0.0004 | ms/batch 1173.03 | loss  2.23 | avg loss  2.36 | ppl 10.59
| epoch   5 step    23600 |   2568 batches | lr 0.0004 | ms/batch 1256.82 | loss  2.13 | avg loss  2.37 | ppl 10.73
| epoch   5 step    23700 |   2668 batches | lr 0.0004 | ms/batch 1247.78 | loss  2.24 | avg loss  2.35 | ppl 10.50
| epoch   5 step    23800 |   2768 batches | lr 0.0004 | ms/batch 1322.77 | loss  2.44 | avg loss  2.39 | ppl 10.89
| epoch   5 step    23900 |   2868 batches | lr 0.0004 | ms/batch 1230.86 | loss  2.44 | avg loss  2.36 | ppl 10.63
| epoch   5 step    24000 |   2968 batches | lr 0.0004 | ms/batch 1252.42 | loss  2.26 | avg loss  2.40 | ppl 11.02
saving checkpoint ./trained_models/GPT2_M/e2e/model.24000.pt
eval samples: 0 loss: tensor(1.0631, device='cuda:0')
eval samples: 100 loss: tensor(0.8022, device='cuda:0')
eval samples: 200 loss: tensor(1.1248, device='cuda:0')
eval samples: 300 loss: tensor(1.0479, device='cuda:0')
eval samples: 400 loss: tensor(0.8136, device='cuda:0')
eval samples: 500 loss: tensor(0.5732, device='cuda:0')
eval samples: 600 loss: tensor(1.1787, device='cuda:0')
eval samples: 700 loss: tensor(0.6381, device='cuda:0')
eval samples: 800 loss: tensor(1.1852, device='cuda:0')
eval samples: 900 loss: tensor(1.6434, device='cuda:0')
eval samples: 1000 loss: tensor(0.8972, device='cuda:0')
eval samples: 1100 loss: tensor(1.4500, device='cuda:0')
average loss 1.133631846599587
----------------------------------------------------------------------------------------------------
| Eval  12 at step    24000 | time: 165.78s | valid loss  1.13 | valid ppl  3.11 | best ppl  3.11 
----------------------------------------------------------------------------------------------------
| epoch   5 step    24100 |   3068 batches | lr 0.0004 | ms/batch 2988.94 | loss  2.53 | avg loss  2.41 | ppl 11.16
| epoch   5 step    24200 |   3168 batches | lr 0.0004 | ms/batch 1248.07 | loss  2.51 | avg loss  2.35 | ppl 10.47
| epoch   5 step    24300 |   3268 batches | lr 0.0004 | ms/batch 1167.05 | loss  2.48 | avg loss  2.39 | ppl 10.96
| epoch   5 step    24400 |   3368 batches | lr 0.0004 | ms/batch 1241.01 | loss  2.52 | avg loss  2.38 | ppl 10.78
| epoch   5 step    24500 |   3468 batches | lr 0.0004 | ms/batch 1160.97 | loss  2.24 | avg loss  2.38 | ppl 10.83
| epoch   5 step    24600 |   3568 batches | lr 0.0004 | ms/batch 1294.68 | loss  2.40 | avg loss  2.38 | ppl 10.80
| epoch   5 step    24700 |   3668 batches | lr 0.0004 | ms/batch 1252.51 | loss  2.67 | avg loss  2.41 | ppl 11.18
| epoch   5 step    24800 |   3768 batches | lr 0.0004 | ms/batch 1232.10 | loss  2.71 | avg loss  2.38 | ppl 10.77
| epoch   5 step    24900 |   3868 batches | lr 0.0004 | ms/batch 1147.64 | loss  2.22 | avg loss  2.38 | ppl 10.81
| epoch   5 step    25000 |   3968 batches | lr 0.0004 | ms/batch 1225.38 | loss  2.30 | avg loss  2.39 | ppl 10.88
saving checkpoint ./trained_models/GPT2_M/e2e/model.25000.pt
| epoch   5 step    25100 |   4068 batches | lr 0.0004 | ms/batch 1247.63 | loss  2.49 | avg loss  2.37 | ppl 10.71
| epoch   5 step    25200 |   4168 batches | lr 0.0004 | ms/batch 1267.34 | loss  2.26 | avg loss  2.39 | ppl 10.97
| epoch   5 step    25300 |   4268 batches | lr 0.0004 | ms/batch 1301.26 | loss  2.31 | avg loss  2.36 | ppl 10.62
| epoch   5 step    25400 |   4368 batches | lr 0.0004 | ms/batch 1150.71 | loss  2.59 | avg loss  2.36 | ppl 10.55
| epoch   5 step    25500 |   4468 batches | lr 0.0004 | ms/batch 1184.64 | loss  2.40 | avg loss  2.38 | ppl 10.81
| epoch   5 step    25600 |   4568 batches | lr 0.0004 | ms/batch 1242.55 | loss  2.59 | avg loss  2.38 | ppl 10.86
| epoch   5 step    25700 |   4668 batches | lr 0.0004 | ms/batch 1283.82 | loss  2.62 | avg loss  2.43 | ppl 11.32
| epoch   5 step    25800 |   4768 batches | lr 0.0004 | ms/batch 1191.59 | loss  2.43 | avg loss  2.40 | ppl 11.02
| epoch   5 step    25900 |   4868 batches | lr 0.0004 | ms/batch 1294.45 | loss  2.24 | avg loss  2.38 | ppl 10.78
| epoch   5 step    26000 |   4968 batches | lr 0.0004 | ms/batch 1272.24 | loss  2.32 | avg loss  2.40 | ppl 10.99
saving checkpoint ./trained_models/GPT2_M/e2e/model.26000.pt
eval samples: 0 loss: tensor(1.1188, device='cuda:0')
eval samples: 100 loss: tensor(0.8196, device='cuda:0')
eval samples: 200 loss: tensor(1.1525, device='cuda:0')
eval samples: 300 loss: tensor(1.0512, device='cuda:0')
eval samples: 400 loss: tensor(0.8242, device='cuda:0')
eval samples: 500 loss: tensor(0.5339, device='cuda:0')
eval samples: 600 loss: tensor(1.1487, device='cuda:0')
eval samples: 700 loss: tensor(0.6476, device='cuda:0')
eval samples: 800 loss: tensor(1.1687, device='cuda:0')
eval samples: 900 loss: tensor(1.6070, device='cuda:0')
eval samples: 1000 loss: tensor(0.8861, device='cuda:0')
eval samples: 1100 loss: tensor(1.4486, device='cuda:0')
average loss 1.124426066620301
----------------------------------------------------------------------------------------------------
| Eval  13 at step    26000 | time: 165.62s | valid loss  1.12 | valid ppl  3.08 | best ppl  3.08 
----------------------------------------------------------------------------------------------------
| epoch   5 step    26100 |   5068 batches | lr 0.0004 | ms/batch 2889.52 | loss  2.37 | avg loss  2.38 | ppl 10.77
| epoch   5 step    26200 |   5168 batches | lr 0.0004 | ms/batch 1231.80 | loss  2.46 | avg loss  2.37 | ppl 10.66
saving checkpoint ./trained_models/GPT2_M/e2e/model.26290.pt
----------------------------------------------------------------------------------------------------
End of training
cleanup dist ...
[rank0]:[W628 20:23:36.205619853 ProcessGroupNCCL.cpp:1479] Warning: WARNING: destroy_process_group() was not called before program exit, which can leak resources. For more info, please see https://pytorch.org/docs/stable/distributed.html#shutdown (function operator())
