nohup: ignoring input
myrank: 0 local_rank: 0 device_count: 1 world_size: 1
====================================================================================================
        - platform : local
        - local_rank : 0
        - rank : 0
        - device : cuda:0
        - world_size : 1
        - random_seed : 110
        - lr : 0.0005
        - weight_decay : 0.01
        - correct_bias : True
        - adam_epislon : 1e-06
        - no_decay_bias : False
        - adam_beta1 : 0.9
        - adam_beta2 : 0.999
        - scheduler : None
        - max_step : None
        - max_epoch : 5
        - warmup_step : 500
        - i_steps : 0
        - i_lrs : 0.00025
        - galore_rank : 4
        - update_proj_gap : 50
        - galore_scale : 1.0
        - proj_type : std
        - train_data : ./data/e2e/train.jsonl
        - valid_data : ./data/e2e/valid.jsonl
        - train_batch_size : 8
        - valid_batch_size : 4
        - grad_acc : 1
        - clip : 0.0
        - seq_len : 512
        - model_card : gpt2.md
        - init_checkpoint : ./pretrained_checkpoints/gpt2-medium-pytorch_model.bin
        - fp16 : False
        - log_interval : 100
        - eval_interval : 2000
        - save_interval : 1000
        - work_dir : ./trained_models/GPT2_M/e2e
        - lora_dim : 0
        - lora_alpha : 32
        - obj : clm
        - lora_dropout : 0.1
        - label_smooth : 0.1
        - roll_interval : -1
        - roll_lr : 1e-05
        - roll_step : 100
        - eval_epoch : 1
        - dist : <module 'torch.distributed' from '/home/ycyh/miniconda3/envs/LoRA/lib/python3.11/site-packages/torch/distributed/__init__.py'>
====================================================================================================
Experiment dir : ./trained_models/GPT2_M/e2e
loading model pretrained weight.
MoFaSGD 2D parameter count: 354.50M
Skipped 1D parameter count : 0.32M
set max_step: 26290
start to train the model................ 1
| epoch   1 step      100 |    100 batches | lr 0.0005 | ms/batch 807.70 | loss  3.27 | avg loss  3.01 | ppl 20.38
| epoch   1 step      200 |    200 batches | lr 0.0005 | ms/batch 818.34 | loss  2.76 | avg loss  2.76 | ppl 15.81
| epoch   1 step      300 |    300 batches | lr 0.0005 | ms/batch 815.97 | loss  2.71 | avg loss  2.70 | ppl 14.93
| epoch   1 step      400 |    400 batches | lr 0.0005 | ms/batch 816.70 | loss  2.79 | avg loss  2.70 | ppl 14.86
| epoch   1 step      500 |    500 batches | lr 0.0005 | ms/batch 818.33 | loss  2.58 | avg loss  2.64 | ppl 13.95
| epoch   1 step      600 |    600 batches | lr 0.0005 | ms/batch 818.04 | loss  2.53 | avg loss  2.61 | ppl 13.55
| epoch   1 step      700 |    700 batches | lr 0.0005 | ms/batch 819.34 | loss  2.72 | avg loss  2.59 | ppl 13.32
| epoch   1 step      800 |    800 batches | lr 0.0005 | ms/batch 818.23 | loss  2.33 | avg loss  2.58 | ppl 13.15
| epoch   1 step      900 |    900 batches | lr 0.0005 | ms/batch 817.58 | loss  2.34 | avg loss  2.57 | ppl 13.04
| epoch   1 step     1000 |   1000 batches | lr 0.0005 | ms/batch 816.11 | loss  3.00 | avg loss  2.59 | ppl 13.28
saving checkpoint ./trained_models/GPT2_M/e2e/model.1000.pt
/home/ycyh/miniconda3/envs/LoRA/lib/python3.11/site-packages/torch/distributed/distributed_c10d.py:4631: UserWarning: No device id is provided via `init_process_group` or `barrier `. Using the current device set by the user. 
  warnings.warn(  # warn only once
| epoch   1 step     1100 |   1100 batches | lr 0.0005 | ms/batch 923.71 | loss  2.65 | avg loss  2.59 | ppl 13.36
| epoch   1 step     1200 |   1200 batches | lr 0.0005 | ms/batch 816.17 | loss  2.41 | avg loss  2.59 | ppl 13.31
| epoch   1 step     1300 |   1300 batches | lr 0.0005 | ms/batch 816.25 | loss  2.44 | avg loss  2.56 | ppl 12.98
| epoch   1 step     1400 |   1400 batches | lr 0.0005 | ms/batch 817.07 | loss  2.49 | avg loss  2.56 | ppl 12.88
| epoch   1 step     1500 |   1500 batches | lr 0.0005 | ms/batch 816.37 | loss  2.51 | avg loss  2.57 | ppl 13.10
| epoch   1 step     1600 |   1600 batches | lr 0.0005 | ms/batch 816.38 | loss  2.55 | avg loss  2.53 | ppl 12.58
| epoch   1 step     1700 |   1700 batches | lr 0.0005 | ms/batch 816.55 | loss  2.39 | avg loss  2.55 | ppl 12.77
| epoch   1 step     1800 |   1800 batches | lr 0.0005 | ms/batch 818.00 | loss  2.44 | avg loss  2.55 | ppl 12.78
| epoch   1 step     1900 |   1900 batches | lr 0.0005 | ms/batch 817.38 | loss  2.57 | avg loss  2.55 | ppl 12.81
| epoch   1 step     2000 |   2000 batches | lr 0.0005 | ms/batch 817.07 | loss  2.44 | avg loss  2.54 | ppl 12.68
saving checkpoint ./trained_models/GPT2_M/e2e/model.2000.pt
/home/ycyh/miniconda3/envs/LoRA/lib/python3.11/site-packages/torch/nn/_reduction.py:51: UserWarning: size_average and reduce args will be deprecated, please use reduction='none' instead.
  warnings.warn(warning.format(ret))
eval samples: 0 loss: tensor(1.2059, device='cuda:0')
eval samples: 100 loss: tensor(0.8859, device='cuda:0')
eval samples: 200 loss: tensor(1.3203, device='cuda:0')
eval samples: 300 loss: tensor(1.1435, device='cuda:0')
eval samples: 400 loss: tensor(0.9165, device='cuda:0')
eval samples: 500 loss: tensor(0.6609, device='cuda:0')
eval samples: 600 loss: tensor(1.3338, device='cuda:0')
eval samples: 700 loss: tensor(0.7631, device='cuda:0')
eval samples: 800 loss: tensor(1.2031, device='cuda:0')
eval samples: 900 loss: tensor(1.7714, device='cuda:0')
eval samples: 1000 loss: tensor(1.0901, device='cuda:0')
eval samples: 1100 loss: tensor(1.5786, device='cuda:0')
average loss 1.2486942261967757
----------------------------------------------------------------------------------------------------
| Eval   1 at step     2000 | time: 166.71s | valid loss  1.25 | valid ppl  3.49 | best ppl  3.49 
----------------------------------------------------------------------------------------------------
| epoch   1 step     2100 |   2100 batches | lr 0.0005 | ms/batch 2599.99 | loss  2.54 | avg loss  2.54 | ppl 12.67
| epoch   1 step     2200 |   2200 batches | lr 0.0005 | ms/batch 817.46 | loss  2.83 | avg loss  2.53 | ppl 12.55
| epoch   1 step     2300 |   2300 batches | lr 0.0005 | ms/batch 813.00 | loss  2.50 | avg loss  2.53 | ppl 12.51
| epoch   1 step     2400 |   2400 batches | lr 0.0005 | ms/batch 807.34 | loss  2.34 | avg loss  2.53 | ppl 12.52
| epoch   1 step     2500 |   2500 batches | lr 0.0005 | ms/batch 813.53 | loss  2.76 | avg loss  2.55 | ppl 12.83
| epoch   1 step     2600 |   2600 batches | lr 0.0005 | ms/batch 820.18 | loss  2.69 | avg loss  2.54 | ppl 12.64
| epoch   1 step     2700 |   2700 batches | lr 0.0005 | ms/batch 820.02 | loss  2.62 | avg loss  2.52 | ppl 12.48
| epoch   1 step     2800 |   2800 batches | lr 0.0005 | ms/batch 816.33 | loss  2.22 | avg loss  2.56 | ppl 12.94
| epoch   1 step     2900 |   2900 batches | lr 0.0005 | ms/batch 817.84 | loss  2.70 | avg loss  2.54 | ppl 12.67
| epoch   1 step     3000 |   3000 batches | lr 0.0005 | ms/batch 817.44 | loss  2.54 | avg loss  2.51 | ppl 12.25
saving checkpoint ./trained_models/GPT2_M/e2e/model.3000.pt
| epoch   1 step     3100 |   3100 batches | lr 0.0005 | ms/batch 922.62 | loss  2.71 | avg loss  2.51 | ppl 12.31
| epoch   1 step     3200 |   3200 batches | lr 0.0005 | ms/batch 807.84 | loss  2.59 | avg loss  2.54 | ppl 12.69
| epoch   1 step     3300 |   3300 batches | lr 0.0005 | ms/batch 808.47 | loss  2.82 | avg loss  2.50 | ppl 12.16
| epoch   1 step     3400 |   3400 batches | lr 0.0005 | ms/batch 809.11 | loss  2.50 | avg loss  2.51 | ppl 12.30
| epoch   1 step     3500 |   3500 batches | lr 0.0005 | ms/batch 807.38 | loss  2.26 | avg loss  2.54 | ppl 12.68
| epoch   1 step     3600 |   3600 batches | lr 0.0005 | ms/batch 808.20 | loss  2.42 | avg loss  2.54 | ppl 12.66
| epoch   1 step     3700 |   3700 batches | lr 0.0005 | ms/batch 807.29 | loss  2.49 | avg loss  2.50 | ppl 12.21
| epoch   1 step     3800 |   3800 batches | lr 0.0005 | ms/batch 808.22 | loss  2.50 | avg loss  2.47 | ppl 11.80
| epoch   1 step     3900 |   3900 batches | lr 0.0005 | ms/batch 808.37 | loss  2.17 | avg loss  2.55 | ppl 12.75
| epoch   1 step     4000 |   4000 batches | lr 0.0005 | ms/batch 807.76 | loss  2.57 | avg loss  2.55 | ppl 12.77
saving checkpoint ./trained_models/GPT2_M/e2e/model.4000.pt
eval samples: 0 loss: tensor(1.2792, device='cuda:0')
eval samples: 100 loss: tensor(0.8369, device='cuda:0')
eval samples: 200 loss: tensor(1.3068, device='cuda:0')
eval samples: 300 loss: tensor(1.1236, device='cuda:0')
eval samples: 400 loss: tensor(0.8617, device='cuda:0')
eval samples: 500 loss: tensor(0.5671, device='cuda:0')
eval samples: 600 loss: tensor(1.2898, device='cuda:0')
eval samples: 700 loss: tensor(0.6632, device='cuda:0')
eval samples: 800 loss: tensor(1.1802, device='cuda:0')
eval samples: 900 loss: tensor(1.6983, device='cuda:0')
eval samples: 1000 loss: tensor(0.9187, device='cuda:0')
eval samples: 1100 loss: tensor(1.5156, device='cuda:0')
average loss 1.204965325608237
----------------------------------------------------------------------------------------------------
| Eval   2 at step     4000 | time: 166.70s | valid loss  1.20 | valid ppl  3.34 | best ppl  3.34 
----------------------------------------------------------------------------------------------------
| epoch   1 step     4100 |   4100 batches | lr 0.0005 | ms/batch 2606.97 | loss  2.65 | avg loss  2.50 | ppl 12.23
| epoch   1 step     4200 |   4200 batches | lr 0.0005 | ms/batch 815.51 | loss  2.54 | avg loss  2.51 | ppl 12.31
| epoch   1 step     4300 |   4300 batches | lr 0.0005 | ms/batch 817.13 | loss  2.31 | avg loss  2.46 | ppl 11.72
| epoch   1 step     4400 |   4400 batches | lr 0.0005 | ms/batch 816.68 | loss  2.60 | avg loss  2.50 | ppl 12.16
| epoch   1 step     4500 |   4500 batches | lr 0.0005 | ms/batch 817.30 | loss  2.66 | avg loss  2.52 | ppl 12.45
| epoch   1 step     4600 |   4600 batches | lr 0.0005 | ms/batch 817.13 | loss  2.46 | avg loss  2.53 | ppl 12.50
| epoch   1 step     4700 |   4700 batches | lr 0.0005 | ms/batch 816.55 | loss  2.29 | avg loss  2.52 | ppl 12.39
| epoch   1 step     4800 |   4800 batches | lr 0.0005 | ms/batch 814.57 | loss  2.64 | avg loss  2.48 | ppl 11.98
| epoch   1 step     4900 |   4900 batches | lr 0.0005 | ms/batch 810.94 | loss  2.56 | avg loss  2.50 | ppl 12.12
| epoch   1 step     5000 |   5000 batches | lr 0.0005 | ms/batch 817.39 | loss  2.22 | avg loss  2.48 | ppl 11.89
saving checkpoint ./trained_models/GPT2_M/e2e/model.5000.pt
| epoch   1 step     5100 |   5100 batches | lr 0.0005 | ms/batch 928.26 | loss  2.56 | avg loss  2.51 | ppl 12.36
| epoch   1 step     5200 |   5200 batches | lr 0.0005 | ms/batch 819.01 | loss  2.68 | avg loss  2.51 | ppl 12.30
saving checkpoint ./trained_models/GPT2_M/e2e/model.5258.pt
start to train the model................ 2
| epoch   2 step     5300 |     42 batches | lr 0.0005 | ms/batch 341.08 | loss  2.36 | avg loss  2.44 | ppl 11.48
| epoch   2 step     5400 |    142 batches | lr 0.0005 | ms/batch 813.62 | loss  2.42 | avg loss  2.49 | ppl 12.07
| epoch   2 step     5500 |    242 batches | lr 0.0005 | ms/batch 817.78 | loss  2.46 | avg loss  2.48 | ppl 11.91
| epoch   2 step     5600 |    342 batches | lr 0.0005 | ms/batch 817.57 | loss  2.17 | avg loss  2.50 | ppl 12.14
| epoch   2 step     5700 |    442 batches | lr 0.0005 | ms/batch 812.70 | loss  2.40 | avg loss  2.48 | ppl 11.99
| epoch   2 step     5800 |    542 batches | lr 0.0005 | ms/batch 809.52 | loss  2.44 | avg loss  2.46 | ppl 11.75
| epoch   2 step     5900 |    642 batches | lr 0.0005 | ms/batch 803.76 | loss  2.63 | avg loss  2.50 | ppl 12.16
| epoch   2 step     6000 |    742 batches | lr 0.0005 | ms/batch 816.48 | loss  2.21 | avg loss  2.46 | ppl 11.66
saving checkpoint ./trained_models/GPT2_M/e2e/model.6000.pt
eval samples: 0 loss: tensor(1.1633, device='cuda:0')
eval samples: 100 loss: tensor(0.8915, device='cuda:0')
eval samples: 200 loss: tensor(1.2610, device='cuda:0')
eval samples: 300 loss: tensor(1.1588, device='cuda:0')
eval samples: 400 loss: tensor(0.8894, device='cuda:0')
eval samples: 500 loss: tensor(0.6169, device='cuda:0')
eval samples: 600 loss: tensor(1.3349, device='cuda:0')
eval samples: 700 loss: tensor(0.7295, device='cuda:0')
eval samples: 800 loss: tensor(1.2210, device='cuda:0')
eval samples: 900 loss: tensor(1.8016, device='cuda:0')
eval samples: 1000 loss: tensor(0.9737, device='cuda:0')
eval samples: 1100 loss: tensor(1.5770, device='cuda:0')
average loss 1.226440585307675
----------------------------------------------------------------------------------------------------
| Eval   3 at step     6000 | time: 166.58s | valid loss  1.23 | valid ppl  3.41 | best ppl  3.41 
----------------------------------------------------------------------------------------------------
| epoch   2 step     6100 |    842 batches | lr 0.0005 | ms/batch 2594.28 | loss  2.28 | avg loss  2.48 | ppl 11.96
| epoch   2 step     6200 |    942 batches | lr 0.0005 | ms/batch 815.33 | loss  2.36 | avg loss  2.48 | ppl 11.99
| epoch   2 step     6300 |   1042 batches | lr 0.0005 | ms/batch 809.65 | loss  2.65 | avg loss  2.49 | ppl 12.02
| epoch   2 step     6400 |   1142 batches | lr 0.0005 | ms/batch 808.47 | loss  2.27 | avg loss  2.49 | ppl 12.01
| epoch   2 step     6500 |   1242 batches | lr 0.0005 | ms/batch 812.11 | loss  2.30 | avg loss  2.50 | ppl 12.20
| epoch   2 step     6600 |   1342 batches | lr 0.0005 | ms/batch 805.57 | loss  2.79 | avg loss  2.48 | ppl 11.91
| epoch   2 step     6700 |   1442 batches | lr 0.0005 | ms/batch 811.72 | loss  2.46 | avg loss  2.49 | ppl 12.06
| epoch   2 step     6800 |   1542 batches | lr 0.0005 | ms/batch 807.90 | loss  2.38 | avg loss  2.50 | ppl 12.16
| epoch   2 step     6900 |   1642 batches | lr 0.0005 | ms/batch 815.03 | loss  2.38 | avg loss  2.43 | ppl 11.39
| epoch   2 step     7000 |   1742 batches | lr 0.0005 | ms/batch 808.99 | loss  2.60 | avg loss  2.50 | ppl 12.13
saving checkpoint ./trained_models/GPT2_M/e2e/model.7000.pt
| epoch   2 step     7100 |   1842 batches | lr 0.0005 | ms/batch 915.96 | loss  2.61 | avg loss  2.48 | ppl 11.93
| epoch   2 step     7200 |   1942 batches | lr 0.0005 | ms/batch 803.91 | loss  2.55 | avg loss  2.48 | ppl 11.97
| epoch   2 step     7300 |   2042 batches | lr 0.0005 | ms/batch 803.40 | loss  2.34 | avg loss  2.46 | ppl 11.69
| epoch   2 step     7400 |   2142 batches | lr 0.0005 | ms/batch 808.75 | loss  2.83 | avg loss  2.46 | ppl 11.67
| epoch   2 step     7500 |   2242 batches | lr 0.0005 | ms/batch 806.85 | loss  2.64 | avg loss  2.51 | ppl 12.29
| epoch   2 step     7600 |   2342 batches | lr 0.0005 | ms/batch 807.98 | loss  2.25 | avg loss  2.47 | ppl 11.79
| epoch   2 step     7700 |   2442 batches | lr 0.0005 | ms/batch 808.38 | loss  2.80 | avg loss  2.47 | ppl 11.77
| epoch   2 step     7800 |   2542 batches | lr 0.0005 | ms/batch 806.51 | loss  2.54 | avg loss  2.45 | ppl 11.59
| epoch   2 step     7900 |   2642 batches | lr 0.0005 | ms/batch 805.76 | loss  2.79 | avg loss  2.50 | ppl 12.18
| epoch   2 step     8000 |   2742 batches | lr 0.0005 | ms/batch 804.84 | loss  2.49 | avg loss  2.51 | ppl 12.25
saving checkpoint ./trained_models/GPT2_M/e2e/model.8000.pt
eval samples: 0 loss: tensor(1.2410, device='cuda:0')
eval samples: 100 loss: tensor(0.8983, device='cuda:0')
eval samples: 200 loss: tensor(1.2763, device='cuda:0')
eval samples: 300 loss: tensor(1.1047, device='cuda:0')
eval samples: 400 loss: tensor(0.8913, device='cuda:0')
eval samples: 500 loss: tensor(0.5876, device='cuda:0')
eval samples: 600 loss: tensor(1.2442, device='cuda:0')
eval samples: 700 loss: tensor(0.7064, device='cuda:0')
eval samples: 800 loss: tensor(1.1732, device='cuda:0')
eval samples: 900 loss: tensor(1.7335, device='cuda:0')
eval samples: 1000 loss: tensor(0.9532, device='cuda:0')
eval samples: 1100 loss: tensor(1.5687, device='cuda:0')
average loss 1.2086950530591485
----------------------------------------------------------------------------------------------------
| Eval   4 at step     8000 | time: 166.66s | valid loss  1.21 | valid ppl  3.35 | best ppl  3.35 
----------------------------------------------------------------------------------------------------
| epoch   2 step     8100 |   2842 batches | lr 0.0005 | ms/batch 2601.22 | loss  2.33 | avg loss  2.47 | ppl 11.81
| epoch   2 step     8200 |   2942 batches | lr 0.0005 | ms/batch 801.53 | loss  2.55 | avg loss  2.53 | ppl 12.50
| epoch   2 step     8300 |   3042 batches | lr 0.0005 | ms/batch 815.55 | loss  2.38 | avg loss  2.48 | ppl 11.98
| epoch   2 step     8400 |   3142 batches | lr 0.0005 | ms/batch 812.59 | loss  2.49 | avg loss  2.47 | ppl 11.82
| epoch   2 step     8500 |   3242 batches | lr 0.0005 | ms/batch 807.39 | loss  2.41 | avg loss  2.49 | ppl 12.02
| epoch   2 step     8600 |   3342 batches | lr 0.0005 | ms/batch 809.16 | loss  2.35 | avg loss  2.47 | ppl 11.80
| epoch   2 step     8700 |   3442 batches | lr 0.0005 | ms/batch 805.77 | loss  2.79 | avg loss  2.47 | ppl 11.80
| epoch   2 step     8800 |   3542 batches | lr 0.0005 | ms/batch 804.85 | loss  2.38 | avg loss  2.47 | ppl 11.81
| epoch   2 step     8900 |   3642 batches | lr 0.0005 | ms/batch 795.41 | loss  2.53 | avg loss  2.49 | ppl 12.08
| epoch   2 step     9000 |   3742 batches | lr 0.0005 | ms/batch 805.12 | loss  2.47 | avg loss  2.49 | ppl 12.03
saving checkpoint ./trained_models/GPT2_M/e2e/model.9000.pt
| epoch   2 step     9100 |   3842 batches | lr 0.0005 | ms/batch 915.04 | loss  2.39 | avg loss  2.48 | ppl 11.97
| epoch   2 step     9200 |   3942 batches | lr 0.0005 | ms/batch 807.38 | loss  2.61 | avg loss  2.48 | ppl 11.97
| epoch   2 step     9300 |   4042 batches | lr 0.0005 | ms/batch 806.15 | loss  2.46 | avg loss  2.49 | ppl 12.09
| epoch   2 step     9400 |   4142 batches | lr 0.0005 | ms/batch 814.51 | loss  2.51 | avg loss  2.49 | ppl 12.03
| epoch   2 step     9500 |   4242 batches | lr 0.0005 | ms/batch 819.02 | loss  2.48 | avg loss  2.48 | ppl 11.95
| epoch   2 step     9600 |   4342 batches | lr 0.0005 | ms/batch 816.19 | loss  2.85 | avg loss  2.49 | ppl 12.05
| epoch   2 step     9700 |   4442 batches | lr 0.0005 | ms/batch 808.15 | loss  2.19 | avg loss  2.48 | ppl 11.89
| epoch   2 step     9800 |   4542 batches | lr 0.0005 | ms/batch 807.17 | loss  2.43 | avg loss  2.48 | ppl 11.89
| epoch   2 step     9900 |   4642 batches | lr 0.0005 | ms/batch 807.64 | loss  2.16 | avg loss  2.46 | ppl 11.74
| epoch   2 step    10000 |   4742 batches | lr 0.0005 | ms/batch 819.42 | loss  2.52 | avg loss  2.50 | ppl 12.16
saving checkpoint ./trained_models/GPT2_M/e2e/model.10000.pt
eval samples: 0 loss: tensor(1.2202, device='cuda:0')
eval samples: 100 loss: tensor(0.9718, device='cuda:0')
eval samples: 200 loss: tensor(1.2393, device='cuda:0')
eval samples: 300 loss: tensor(1.1231, device='cuda:0')
eval samples: 400 loss: tensor(0.9016, device='cuda:0')
eval samples: 500 loss: tensor(0.6357, device='cuda:0')
eval samples: 600 loss: tensor(1.3069, device='cuda:0')
eval samples: 700 loss: tensor(0.7261, device='cuda:0')
eval samples: 800 loss: tensor(1.3029, device='cuda:0')
eval samples: 900 loss: tensor(1.7036, device='cuda:0')
eval samples: 1000 loss: tensor(0.9652, device='cuda:0')
eval samples: 1100 loss: tensor(1.5278, device='cuda:0')
average loss 1.2394063089502185
----------------------------------------------------------------------------------------------------
| Eval   5 at step    10000 | time: 167.72s | valid loss  1.24 | valid ppl  3.45 | best ppl  3.35 
----------------------------------------------------------------------------------------------------
| epoch   2 step    10100 |   4842 batches | lr 0.0005 | ms/batch 2594.38 | loss  2.29 | avg loss  2.49 | ppl 12.02
| epoch   2 step    10200 |   4942 batches | lr 0.0005 | ms/batch 807.12 | loss  2.44 | avg loss  2.48 | ppl 11.99
| epoch   2 step    10300 |   5042 batches | lr 0.0005 | ms/batch 807.12 | loss  2.77 | avg loss  2.47 | ppl 11.87
| epoch   2 step    10400 |   5142 batches | lr 0.0005 | ms/batch 807.16 | loss  2.62 | avg loss  2.47 | ppl 11.81
| epoch   2 step    10500 |   5242 batches | lr 0.0005 | ms/batch 808.65 | loss  2.37 | avg loss  2.45 | ppl 11.62
saving checkpoint ./trained_models/GPT2_M/e2e/model.10516.pt
start to train the model................ 3
| epoch   3 step    10600 |     84 batches | lr 0.0005 | ms/batch 682.18 | loss  2.15 | avg loss  2.45 | ppl 11.63
| epoch   3 step    10700 |    184 batches | lr 0.0005 | ms/batch 799.48 | loss  2.49 | avg loss  2.46 | ppl 11.73
| epoch   3 step    10800 |    284 batches | lr 0.0005 | ms/batch 795.49 | loss  2.63 | avg loss  2.45 | ppl 11.57
| epoch   3 step    10900 |    384 batches | lr 0.0005 | ms/batch 795.18 | loss  2.78 | avg loss  2.45 | ppl 11.58
| epoch   3 step    11000 |    484 batches | lr 0.0005 | ms/batch 794.22 | loss  2.60 | avg loss  2.46 | ppl 11.67
saving checkpoint ./trained_models/GPT2_M/e2e/model.11000.pt
| epoch   3 step    11100 |    584 batches | lr 0.0005 | ms/batch 923.00 | loss  2.55 | avg loss  2.51 | ppl 12.32
| epoch   3 step    11200 |    684 batches | lr 0.0005 | ms/batch 815.60 | loss  2.46 | avg loss  2.46 | ppl 11.72
| epoch   3 step    11300 |    784 batches | lr 0.0005 | ms/batch 814.40 | loss  2.52 | avg loss  2.48 | ppl 11.92
| epoch   3 step    11400 |    884 batches | lr 0.0005 | ms/batch 804.79 | loss  2.32 | avg loss  2.46 | ppl 11.74
| epoch   3 step    11500 |    984 batches | lr 0.0005 | ms/batch 809.08 | loss  2.24 | avg loss  2.47 | ppl 11.85
| epoch   3 step    11600 |   1084 batches | lr 0.0005 | ms/batch 808.54 | loss  2.14 | avg loss  2.43 | ppl 11.36
| epoch   3 step    11700 |   1184 batches | lr 0.0005 | ms/batch 807.56 | loss  2.30 | avg loss  2.45 | ppl 11.57
| epoch   3 step    11800 |   1284 batches | lr 0.0005 | ms/batch 806.87 | loss  2.42 | avg loss  2.43 | ppl 11.39
| epoch   3 step    11900 |   1384 batches | lr 0.0005 | ms/batch 805.46 | loss  2.38 | avg loss  2.45 | ppl 11.54
| epoch   3 step    12000 |   1484 batches | lr 0.0005 | ms/batch 807.02 | loss  2.54 | avg loss  2.45 | ppl 11.64
saving checkpoint ./trained_models/GPT2_M/e2e/model.12000.pt
eval samples: 0 loss: tensor(1.1910, device='cuda:0')
eval samples: 100 loss: tensor(0.8482, device='cuda:0')
eval samples: 200 loss: tensor(1.2582, device='cuda:0')
eval samples: 300 loss: tensor(1.1099, device='cuda:0')
eval samples: 400 loss: tensor(0.8933, device='cuda:0')
eval samples: 500 loss: tensor(0.5683, device='cuda:0')
eval samples: 600 loss: tensor(1.2620, device='cuda:0')
eval samples: 700 loss: tensor(0.6515, device='cuda:0')
eval samples: 800 loss: tensor(1.2383, device='cuda:0')
eval samples: 900 loss: tensor(1.7671, device='cuda:0')
eval samples: 1000 loss: tensor(0.9114, device='cuda:0')
eval samples: 1100 loss: tensor(1.5815, device='cuda:0')
average loss 1.2026162683861712
----------------------------------------------------------------------------------------------------
| Eval   6 at step    12000 | time: 166.81s | valid loss  1.20 | valid ppl  3.33 | best ppl  3.33 
----------------------------------------------------------------------------------------------------
| epoch   3 step    12100 |   1584 batches | lr 0.0005 | ms/batch 2587.91 | loss  2.46 | avg loss  2.48 | ppl 11.93
| epoch   3 step    12200 |   1684 batches | lr 0.0005 | ms/batch 815.43 | loss  2.37 | avg loss  2.49 | ppl 12.07
| epoch   3 step    12300 |   1784 batches | lr 0.0005 | ms/batch 815.02 | loss  2.44 | avg loss  2.47 | ppl 11.85
| epoch   3 step    12400 |   1884 batches | lr 0.0005 | ms/batch 801.98 | loss  2.53 | avg loss  2.44 | ppl 11.46
| epoch   3 step    12500 |   1984 batches | lr 0.0005 | ms/batch 812.88 | loss  2.78 | avg loss  2.47 | ppl 11.77
| epoch   3 step    12600 |   2084 batches | lr 0.0005 | ms/batch 809.24 | loss  2.72 | avg loss  2.40 | ppl 11.06
| epoch   3 step    12700 |   2184 batches | lr 0.0005 | ms/batch 814.48 | loss  2.30 | avg loss  2.45 | ppl 11.63
| epoch   3 step    12800 |   2284 batches | lr 0.0005 | ms/batch 815.14 | loss  2.59 | avg loss  2.47 | ppl 11.84
| epoch   3 step    12900 |   2384 batches | lr 0.0005 | ms/batch 815.64 | loss  2.34 | avg loss  2.47 | ppl 11.77
| epoch   3 step    13000 |   2484 batches | lr 0.0005 | ms/batch 810.84 | loss  2.97 | avg loss  2.49 | ppl 12.06
saving checkpoint ./trained_models/GPT2_M/e2e/model.13000.pt
| epoch   3 step    13100 |   2584 batches | lr 0.0005 | ms/batch 907.53 | loss  2.29 | avg loss  2.44 | ppl 11.46
| epoch   3 step    13200 |   2684 batches | lr 0.0005 | ms/batch 794.02 | loss  2.36 | avg loss  2.50 | ppl 12.21
| epoch   3 step    13300 |   2784 batches | lr 0.0005 | ms/batch 795.36 | loss  2.32 | avg loss  2.44 | ppl 11.48
| epoch   3 step    13400 |   2884 batches | lr 0.0005 | ms/batch 794.38 | loss  2.59 | avg loss  2.45 | ppl 11.60
| epoch   3 step    13500 |   2984 batches | lr 0.0005 | ms/batch 808.89 | loss  2.83 | avg loss  2.48 | ppl 11.95
| epoch   3 step    13600 |   3084 batches | lr 0.0005 | ms/batch 810.88 | loss  2.20 | avg loss  2.47 | ppl 11.84
| epoch   3 step    13700 |   3184 batches | lr 0.0005 | ms/batch 815.82 | loss  2.61 | avg loss  2.52 | ppl 12.38
| epoch   3 step    13800 |   3284 batches | lr 0.0005 | ms/batch 812.53 | loss  2.21 | avg loss  2.44 | ppl 11.45
| epoch   3 step    13900 |   3384 batches | lr 0.0005 | ms/batch 809.03 | loss  2.83 | avg loss  2.49 | ppl 12.01
| epoch   3 step    14000 |   3484 batches | lr 0.0005 | ms/batch 816.25 | loss  2.57 | avg loss  2.50 | ppl 12.19
saving checkpoint ./trained_models/GPT2_M/e2e/model.14000.pt
eval samples: 0 loss: tensor(1.1069, device='cuda:0')
eval samples: 100 loss: tensor(0.8629, device='cuda:0')
eval samples: 200 loss: tensor(1.2390, device='cuda:0')
eval samples: 300 loss: tensor(1.0830, device='cuda:0')
eval samples: 400 loss: tensor(0.8968, device='cuda:0')
eval samples: 500 loss: tensor(0.5851, device='cuda:0')
eval samples: 600 loss: tensor(1.3256, device='cuda:0')
eval samples: 700 loss: tensor(0.7106, device='cuda:0')
eval samples: 800 loss: tensor(1.1867, device='cuda:0')
eval samples: 900 loss: tensor(1.7612, device='cuda:0')
eval samples: 1000 loss: tensor(0.9527, device='cuda:0')
eval samples: 1100 loss: tensor(1.6605, device='cuda:0')
average loss 1.210558851491915
----------------------------------------------------------------------------------------------------
| Eval   7 at step    14000 | time: 166.78s | valid loss  1.21 | valid ppl  3.36 | best ppl  3.33 
----------------------------------------------------------------------------------------------------
| epoch   3 step    14100 |   3584 batches | lr 0.0005 | ms/batch 2593.87 | loss  2.57 | avg loss  2.42 | ppl 11.29
| epoch   3 step    14200 |   3684 batches | lr 0.0005 | ms/batch 812.11 | loss  2.43 | avg loss  2.44 | ppl 11.45
| epoch   3 step    14300 |   3784 batches | lr 0.0005 | ms/batch 811.71 | loss  2.78 | avg loss  2.45 | ppl 11.55
| epoch   3 step    14400 |   3884 batches | lr 0.0005 | ms/batch 807.56 | loss  2.21 | avg loss  2.46 | ppl 11.69
| epoch   3 step    14500 |   3984 batches | lr 0.0005 | ms/batch 815.38 | loss  2.33 | avg loss  2.47 | ppl 11.88
| epoch   3 step    14600 |   4084 batches | lr 0.0005 | ms/batch 807.84 | loss  2.49 | avg loss  2.48 | ppl 11.95
| epoch   3 step    14700 |   4184 batches | lr 0.0005 | ms/batch 802.45 | loss  2.45 | avg loss  2.45 | ppl 11.59
| epoch   3 step    14800 |   4284 batches | lr 0.0005 | ms/batch 812.80 | loss  2.49 | avg loss  2.49 | ppl 12.02
| epoch   3 step    14900 |   4384 batches | lr 0.0005 | ms/batch 815.81 | loss  2.41 | avg loss  2.46 | ppl 11.73
| epoch   3 step    15000 |   4484 batches | lr 0.0005 | ms/batch 810.51 | loss  2.78 | avg loss  2.49 | ppl 12.08
saving checkpoint ./trained_models/GPT2_M/e2e/model.15000.pt
| epoch   3 step    15100 |   4584 batches | lr 0.0005 | ms/batch 927.52 | loss  2.28 | avg loss  2.46 | ppl 11.68
| epoch   3 step    15200 |   4684 batches | lr 0.0005 | ms/batch 809.89 | loss  2.47 | avg loss  2.46 | ppl 11.65
| epoch   3 step    15300 |   4784 batches | lr 0.0005 | ms/batch 815.29 | loss  2.43 | avg loss  2.49 | ppl 12.12
| epoch   3 step    15400 |   4884 batches | lr 0.0005 | ms/batch 811.52 | loss  2.33 | avg loss  2.48 | ppl 11.89
| epoch   3 step    15500 |   4984 batches | lr 0.0005 | ms/batch 817.84 | loss  2.40 | avg loss  2.47 | ppl 11.80
| epoch   3 step    15600 |   5084 batches | lr 0.0005 | ms/batch 814.84 | loss  2.56 | avg loss  2.46 | ppl 11.69
| epoch   3 step    15700 |   5184 batches | lr 0.0005 | ms/batch 814.02 | loss  2.38 | avg loss  2.44 | ppl 11.46
saving checkpoint ./trained_models/GPT2_M/e2e/model.15774.pt
start to train the model................ 4
| epoch   4 step    15800 |     26 batches | lr 0.0005 | ms/batch 210.61 | loss  2.29 | avg loss  2.42 | ppl 11.24
| epoch   4 step    15900 |    126 batches | lr 0.0005 | ms/batch 813.10 | loss  2.31 | avg loss  2.43 | ppl 11.40
| epoch   4 step    16000 |    226 batches | lr 0.0005 | ms/batch 804.85 | loss  2.44 | avg loss  2.45 | ppl 11.64
saving checkpoint ./trained_models/GPT2_M/e2e/model.16000.pt
eval samples: 0 loss: tensor(1.1405, device='cuda:0')
eval samples: 100 loss: tensor(0.8155, device='cuda:0')
eval samples: 200 loss: tensor(1.1265, device='cuda:0')
eval samples: 300 loss: tensor(1.1321, device='cuda:0')
eval samples: 400 loss: tensor(0.8733, device='cuda:0')
eval samples: 500 loss: tensor(0.5607, device='cuda:0')
eval samples: 600 loss: tensor(1.3139, device='cuda:0')
eval samples: 700 loss: tensor(0.6780, device='cuda:0')
eval samples: 800 loss: tensor(1.2696, device='cuda:0')
eval samples: 900 loss: tensor(1.7546, device='cuda:0')
eval samples: 1000 loss: tensor(0.9206, device='cuda:0')
eval samples: 1100 loss: tensor(1.6303, device='cuda:0')
average loss 1.2103508240862253
----------------------------------------------------------------------------------------------------
| Eval   8 at step    16000 | time: 166.71s | valid loss  1.21 | valid ppl  3.35 | best ppl  3.35 
----------------------------------------------------------------------------------------------------
| epoch   4 step    16100 |    326 batches | lr 0.0005 | ms/batch 2592.83 | loss  2.63 | avg loss  2.43 | ppl 11.34
| epoch   4 step    16200 |    426 batches | lr 0.0005 | ms/batch 815.83 | loss  2.42 | avg loss  2.45 | ppl 11.55
| epoch   4 step    16300 |    526 batches | lr 0.0005 | ms/batch 817.10 | loss  2.78 | avg loss  2.43 | ppl 11.31
| epoch   4 step    16400 |    626 batches | lr 0.0005 | ms/batch 806.70 | loss  2.91 | avg loss  2.44 | ppl 11.52
| epoch   4 step    16500 |    726 batches | lr 0.0005 | ms/batch 812.42 | loss  2.62 | avg loss  2.47 | ppl 11.83
| epoch   4 step    16600 |    826 batches | lr 0.0005 | ms/batch 816.54 | loss  2.67 | avg loss  2.45 | ppl 11.53
| epoch   4 step    16700 |    926 batches | lr 0.0005 | ms/batch 816.30 | loss  2.58 | avg loss  2.45 | ppl 11.59
| epoch   4 step    16800 |   1026 batches | lr 0.0005 | ms/batch 815.93 | loss  2.45 | avg loss  2.45 | ppl 11.57
| epoch   4 step    16900 |   1126 batches | lr 0.0005 | ms/batch 811.82 | loss  2.13 | avg loss  2.42 | ppl 11.27
| epoch   4 step    17000 |   1226 batches | lr 0.0005 | ms/batch 813.06 | loss  2.32 | avg loss  2.43 | ppl 11.33
saving checkpoint ./trained_models/GPT2_M/e2e/model.17000.pt
| epoch   4 step    17100 |   1326 batches | lr 0.0005 | ms/batch 917.79 | loss  2.65 | avg loss  2.48 | ppl 11.93
| epoch   4 step    17200 |   1426 batches | lr 0.0005 | ms/batch 815.86 | loss  2.43 | avg loss  2.42 | ppl 11.29
| epoch   4 step    17300 |   1526 batches | lr 0.0005 | ms/batch 806.43 | loss  2.32 | avg loss  2.46 | ppl 11.67
| epoch   4 step    17400 |   1626 batches | lr 0.0005 | ms/batch 803.61 | loss  2.23 | avg loss  2.46 | ppl 11.75
| epoch   4 step    17500 |   1726 batches | lr 0.0005 | ms/batch 810.46 | loss  2.67 | avg loss  2.46 | ppl 11.69
| epoch   4 step    17600 |   1826 batches | lr 0.0005 | ms/batch 817.14 | loss  2.81 | avg loss  2.47 | ppl 11.83
| epoch   4 step    17700 |   1926 batches | lr 0.0005 | ms/batch 807.21 | loss  2.35 | avg loss  2.44 | ppl 11.50
| epoch   4 step    17800 |   2026 batches | lr 0.0005 | ms/batch 806.98 | loss  2.66 | avg loss  2.48 | ppl 11.99
| epoch   4 step    17900 |   2126 batches | lr 0.0005 | ms/batch 807.12 | loss  2.44 | avg loss  2.44 | ppl 11.53
| epoch   4 step    18000 |   2226 batches | lr 0.0005 | ms/batch 807.11 | loss  2.97 | avg loss  2.45 | ppl 11.59
saving checkpoint ./trained_models/GPT2_M/e2e/model.18000.pt
eval samples: 0 loss: tensor(1.1580, device='cuda:0')
eval samples: 100 loss: tensor(0.8601, device='cuda:0')
eval samples: 200 loss: tensor(1.2454, device='cuda:0')
eval samples: 300 loss: tensor(1.0763, device='cuda:0')
eval samples: 400 loss: tensor(0.8526, device='cuda:0')
eval samples: 500 loss: tensor(0.6431, device='cuda:0')
eval samples: 600 loss: tensor(1.2566, device='cuda:0')
eval samples: 700 loss: tensor(0.7119, device='cuda:0')
eval samples: 800 loss: tensor(1.1723, device='cuda:0')
eval samples: 900 loss: tensor(1.7683, device='cuda:0')
eval samples: 1000 loss: tensor(0.9424, device='cuda:0')
eval samples: 1100 loss: tensor(1.6584, device='cuda:0')
average loss 1.2178067061794948
----------------------------------------------------------------------------------------------------
| Eval   9 at step    18000 | time: 167.71s | valid loss  1.22 | valid ppl  3.38 | best ppl  3.35 
----------------------------------------------------------------------------------------------------
| epoch   4 step    18100 |   2326 batches | lr 0.0005 | ms/batch 2605.76 | loss  2.63 | avg loss  2.44 | ppl 11.45
| epoch   4 step    18200 |   2426 batches | lr 0.0005 | ms/batch 815.51 | loss  2.43 | avg loss  2.46 | ppl 11.74
| epoch   4 step    18300 |   2526 batches | lr 0.0005 | ms/batch 816.77 | loss  2.33 | avg loss  2.46 | ppl 11.75
| epoch   4 step    18400 |   2626 batches | lr 0.0005 | ms/batch 816.31 | loss  2.63 | avg loss  2.44 | ppl 11.49
| epoch   4 step    18500 |   2726 batches | lr 0.0005 | ms/batch 817.34 | loss  2.50 | avg loss  2.43 | ppl 11.38
| epoch   4 step    18600 |   2826 batches | lr 0.0005 | ms/batch 815.51 | loss  2.25 | avg loss  2.47 | ppl 11.82
| epoch   4 step    18700 |   2926 batches | lr 0.0005 | ms/batch 804.72 | loss  2.24 | avg loss  2.43 | ppl 11.40
| epoch   4 step    18800 |   3026 batches | lr 0.0005 | ms/batch 810.86 | loss  2.22 | avg loss  2.47 | ppl 11.81
| epoch   4 step    18900 |   3126 batches | lr 0.0005 | ms/batch 815.53 | loss  2.47 | avg loss  2.46 | ppl 11.70
| epoch   4 step    19000 |   3226 batches | lr 0.0005 | ms/batch 797.23 | loss  2.81 | avg loss  2.46 | ppl 11.76
saving checkpoint ./trained_models/GPT2_M/e2e/model.19000.pt
| epoch   4 step    19100 |   3326 batches | lr 0.0005 | ms/batch 928.68 | loss  2.71 | avg loss  2.44 | ppl 11.52
| epoch   4 step    19200 |   3426 batches | lr 0.0005 | ms/batch 815.48 | loss  2.57 | avg loss  2.43 | ppl 11.36
| epoch   4 step    19300 |   3526 batches | lr 0.0005 | ms/batch 806.42 | loss  2.54 | avg loss  2.47 | ppl 11.88
| epoch   4 step    19400 |   3626 batches | lr 0.0005 | ms/batch 807.48 | loss  2.56 | avg loss  2.46 | ppl 11.69
| epoch   4 step    19500 |   3726 batches | lr 0.0005 | ms/batch 807.23 | loss  2.18 | avg loss  2.45 | ppl 11.59
| epoch   4 step    19600 |   3826 batches | lr 0.0005 | ms/batch 807.42 | loss  2.67 | avg loss  2.46 | ppl 11.71
| epoch   4 step    19700 |   3926 batches | lr 0.0005 | ms/batch 806.66 | loss  2.55 | avg loss  2.46 | ppl 11.65
| epoch   4 step    19800 |   4026 batches | lr 0.0005 | ms/batch 805.24 | loss  2.45 | avg loss  2.47 | ppl 11.77
| epoch   4 step    19900 |   4126 batches | lr 0.0005 | ms/batch 804.01 | loss  2.29 | avg loss  2.50 | ppl 12.16
| epoch   4 step    20000 |   4226 batches | lr 0.0005 | ms/batch 805.24 | loss  2.39 | avg loss  2.47 | ppl 11.78
saving checkpoint ./trained_models/GPT2_M/e2e/model.20000.pt
eval samples: 0 loss: tensor(1.2093, device='cuda:0')
eval samples: 100 loss: tensor(0.8697, device='cuda:0')
eval samples: 200 loss: tensor(1.2313, device='cuda:0')
eval samples: 300 loss: tensor(1.1142, device='cuda:0')
eval samples: 400 loss: tensor(0.9184, device='cuda:0')
eval samples: 500 loss: tensor(0.6015, device='cuda:0')
eval samples: 600 loss: tensor(1.2057, device='cuda:0')
eval samples: 700 loss: tensor(0.7432, device='cuda:0')
eval samples: 800 loss: tensor(1.1758, device='cuda:0')
eval samples: 900 loss: tensor(1.6458, device='cuda:0')
eval samples: 1000 loss: tensor(1.0160, device='cuda:0')
eval samples: 1100 loss: tensor(1.5149, device='cuda:0')
average loss 1.197875140719626
----------------------------------------------------------------------------------------------------
| Eval  10 at step    20000 | time: 166.58s | valid loss  1.20 | valid ppl  3.31 | best ppl  3.31 
----------------------------------------------------------------------------------------------------
| epoch   4 step    20100 |   4326 batches | lr 0.0005 | ms/batch 2606.02 | loss  2.38 | avg loss  2.45 | ppl 11.59
| epoch   4 step    20200 |   4426 batches | lr 0.0005 | ms/batch 802.23 | loss  2.54 | avg loss  2.46 | ppl 11.73
| epoch   4 step    20300 |   4526 batches | lr 0.0005 | ms/batch 809.81 | loss  2.51 | avg loss  2.48 | ppl 11.97
| epoch   4 step    20400 |   4626 batches | lr 0.0005 | ms/batch 812.69 | loss  2.48 | avg loss  2.46 | ppl 11.69
| epoch   4 step    20500 |   4726 batches | lr 0.0005 | ms/batch 814.75 | loss  2.66 | avg loss  2.44 | ppl 11.47
| epoch   4 step    20600 |   4826 batches | lr 0.0005 | ms/batch 811.94 | loss  2.60 | avg loss  2.49 | ppl 12.03
| epoch   4 step    20700 |   4926 batches | lr 0.0005 | ms/batch 806.82 | loss  2.54 | avg loss  2.45 | ppl 11.60
| epoch   4 step    20800 |   5026 batches | lr 0.0005 | ms/batch 810.97 | loss  2.25 | avg loss  2.48 | ppl 11.93
| epoch   4 step    20900 |   5126 batches | lr 0.0005 | ms/batch 809.56 | loss  2.38 | avg loss  2.44 | ppl 11.53
| epoch   4 step    21000 |   5226 batches | lr 0.0005 | ms/batch 804.45 | loss  2.25 | avg loss  2.45 | ppl 11.60
saving checkpoint ./trained_models/GPT2_M/e2e/model.21000.pt
saving checkpoint ./trained_models/GPT2_M/e2e/model.21032.pt
start to train the model................ 5
| epoch   5 step    21100 |     68 batches | lr 0.0005 | ms/batch 550.50 | loss  2.60 | avg loss  2.46 | ppl 11.69
| epoch   5 step    21200 |    168 batches | lr 0.0005 | ms/batch 816.79 | loss  2.52 | avg loss  2.39 | ppl 10.96
| epoch   5 step    21300 |    268 batches | lr 0.0005 | ms/batch 809.92 | loss  2.25 | avg loss  2.45 | ppl 11.62
| epoch   5 step    21400 |    368 batches | lr 0.0005 | ms/batch 810.74 | loss  2.56 | avg loss  2.44 | ppl 11.51
| epoch   5 step    21500 |    468 batches | lr 0.0005 | ms/batch 814.87 | loss  2.66 | avg loss  2.45 | ppl 11.63
| epoch   5 step    21600 |    568 batches | lr 0.0005 | ms/batch 810.43 | loss  2.74 | avg loss  2.41 | ppl 11.15
| epoch   5 step    21700 |    668 batches | lr 0.0005 | ms/batch 816.00 | loss  2.81 | avg loss  2.45 | ppl 11.63
| epoch   5 step    21800 |    768 batches | lr 0.0005 | ms/batch 817.41 | loss  2.41 | avg loss  2.47 | ppl 11.77
| epoch   5 step    21900 |    868 batches | lr 0.0005 | ms/batch 817.28 | loss  2.70 | avg loss  2.44 | ppl 11.47
| epoch   5 step    22000 |    968 batches | lr 0.0005 | ms/batch 817.60 | loss  2.32 | avg loss  2.39 | ppl 10.92
saving checkpoint ./trained_models/GPT2_M/e2e/model.22000.pt
eval samples: 0 loss: tensor(1.2287, device='cuda:0')
eval samples: 100 loss: tensor(0.8811, device='cuda:0')
eval samples: 200 loss: tensor(1.2746, device='cuda:0')
eval samples: 300 loss: tensor(1.1549, device='cuda:0')
eval samples: 400 loss: tensor(0.8793, device='cuda:0')
eval samples: 500 loss: tensor(0.6062, device='cuda:0')
eval samples: 600 loss: tensor(1.1986, device='cuda:0')
eval samples: 700 loss: tensor(0.7336, device='cuda:0')
eval samples: 800 loss: tensor(1.2236, device='cuda:0')
eval samples: 900 loss: tensor(1.7590, device='cuda:0')
eval samples: 1000 loss: tensor(0.9696, device='cuda:0')
eval samples: 1100 loss: tensor(1.7399, device='cuda:0')
average loss 1.224258183641997
----------------------------------------------------------------------------------------------------
| Eval  11 at step    22000 | time: 167.54s | valid loss  1.22 | valid ppl  3.40 | best ppl  3.40 
----------------------------------------------------------------------------------------------------
| epoch   5 step    22100 |   1068 batches | lr 0.0005 | ms/batch 2597.19 | loss  2.57 | avg loss  2.43 | ppl 11.31
| epoch   5 step    22200 |   1168 batches | lr 0.0005 | ms/batch 807.04 | loss  2.86 | avg loss  2.45 | ppl 11.60
| epoch   5 step    22300 |   1268 batches | lr 0.0005 | ms/batch 807.08 | loss  2.31 | avg loss  2.46 | ppl 11.72
| epoch   5 step    22400 |   1368 batches | lr 0.0005 | ms/batch 806.61 | loss  2.23 | avg loss  2.41 | ppl 11.11
| epoch   5 step    22500 |   1468 batches | lr 0.0005 | ms/batch 807.18 | loss  2.64 | avg loss  2.45 | ppl 11.60
| epoch   5 step    22600 |   1568 batches | lr 0.0005 | ms/batch 805.73 | loss  2.67 | avg loss  2.45 | ppl 11.55
| epoch   5 step    22700 |   1668 batches | lr 0.0005 | ms/batch 804.25 | loss  2.33 | avg loss  2.44 | ppl 11.52
| epoch   5 step    22800 |   1768 batches | lr 0.0005 | ms/batch 803.66 | loss  2.29 | avg loss  2.46 | ppl 11.69
| epoch   5 step    22900 |   1868 batches | lr 0.0005 | ms/batch 806.00 | loss  2.84 | avg loss  2.49 | ppl 12.04
| epoch   5 step    23000 |   1968 batches | lr 0.0005 | ms/batch 806.03 | loss  2.37 | avg loss  2.44 | ppl 11.49
saving checkpoint ./trained_models/GPT2_M/e2e/model.23000.pt
| epoch   5 step    23100 |   2068 batches | lr 0.0005 | ms/batch 927.27 | loss  2.55 | avg loss  2.48 | ppl 11.92
| epoch   5 step    23200 |   2168 batches | lr 0.0005 | ms/batch 811.41 | loss  2.58 | avg loss  2.43 | ppl 11.41
| epoch   5 step    23300 |   2268 batches | lr 0.0005 | ms/batch 815.83 | loss  2.28 | avg loss  2.43 | ppl 11.31
| epoch   5 step    23400 |   2368 batches | lr 0.0005 | ms/batch 814.39 | loss  2.36 | avg loss  2.45 | ppl 11.62
| epoch   5 step    23500 |   2468 batches | lr 0.0005 | ms/batch 817.21 | loss  2.21 | avg loss  2.42 | ppl 11.27
| epoch   5 step    23600 |   2568 batches | lr 0.0005 | ms/batch 817.52 | loss  2.18 | avg loss  2.44 | ppl 11.48
| epoch   5 step    23700 |   2668 batches | lr 0.0005 | ms/batch 816.29 | loss  2.32 | avg loss  2.42 | ppl 11.23
| epoch   5 step    23800 |   2768 batches | lr 0.0005 | ms/batch 805.68 | loss  2.50 | avg loss  2.46 | ppl 11.74
| epoch   5 step    23900 |   2868 batches | lr 0.0005 | ms/batch 802.17 | loss  2.48 | avg loss  2.43 | ppl 11.33
| epoch   5 step    24000 |   2968 batches | lr 0.0005 | ms/batch 816.50 | loss  2.35 | avg loss  2.46 | ppl 11.74
saving checkpoint ./trained_models/GPT2_M/e2e/model.24000.pt
eval samples: 0 loss: tensor(1.1403, device='cuda:0')
eval samples: 100 loss: tensor(0.8649, device='cuda:0')
eval samples: 200 loss: tensor(1.2706, device='cuda:0')
eval samples: 300 loss: tensor(1.0791, device='cuda:0')
eval samples: 400 loss: tensor(0.8658, device='cuda:0')
eval samples: 500 loss: tensor(0.6138, device='cuda:0')
eval samples: 600 loss: tensor(1.2659, device='cuda:0')
eval samples: 700 loss: tensor(0.6933, device='cuda:0')
eval samples: 800 loss: tensor(1.2267, device='cuda:0')
eval samples: 900 loss: tensor(1.6700, device='cuda:0')
eval samples: 1000 loss: tensor(0.9642, device='cuda:0')
eval samples: 1100 loss: tensor(1.6304, device='cuda:0')
average loss 1.2111445102483442
----------------------------------------------------------------------------------------------------
| Eval  12 at step    24000 | time: 166.63s | valid loss  1.21 | valid ppl  3.36 | best ppl  3.36 
----------------------------------------------------------------------------------------------------
| epoch   5 step    24100 |   3068 batches | lr 0.0005 | ms/batch 2589.48 | loss  2.64 | avg loss  2.48 | ppl 11.97
| epoch   5 step    24200 |   3168 batches | lr 0.0005 | ms/batch 815.66 | loss  2.64 | avg loss  2.41 | ppl 11.14
| epoch   5 step    24300 |   3268 batches | lr 0.0005 | ms/batch 813.59 | loss  2.57 | avg loss  2.46 | ppl 11.71
| epoch   5 step    24400 |   3368 batches | lr 0.0005 | ms/batch 812.51 | loss  2.61 | avg loss  2.45 | ppl 11.54
| epoch   5 step    24500 |   3468 batches | lr 0.0005 | ms/batch 810.64 | loss  2.31 | avg loss  2.45 | ppl 11.61
| epoch   5 step    24600 |   3568 batches | lr 0.0005 | ms/batch 811.70 | loss  2.49 | avg loss  2.44 | ppl 11.51
| epoch   5 step    24700 |   3668 batches | lr 0.0005 | ms/batch 813.20 | loss  2.77 | avg loss  2.48 | ppl 11.97
| epoch   5 step    24800 |   3768 batches | lr 0.0005 | ms/batch 812.43 | loss  2.87 | avg loss  2.44 | ppl 11.53
| epoch   5 step    24900 |   3868 batches | lr 0.0005 | ms/batch 812.79 | loss  2.29 | avg loss  2.45 | ppl 11.63
| epoch   5 step    25000 |   3968 batches | lr 0.0005 | ms/batch 813.30 | loss  2.33 | avg loss  2.46 | ppl 11.67
saving checkpoint ./trained_models/GPT2_M/e2e/model.25000.pt
| epoch   5 step    25100 |   4068 batches | lr 0.0005 | ms/batch 923.98 | loss  2.61 | avg loss  2.43 | ppl 11.42
| epoch   5 step    25200 |   4168 batches | lr 0.0005 | ms/batch 813.01 | loss  2.28 | avg loss  2.46 | ppl 11.75
| epoch   5 step    25300 |   4268 batches | lr 0.0005 | ms/batch 812.83 | loss  2.39 | avg loss  2.43 | ppl 11.38
| epoch   5 step    25400 |   4368 batches | lr 0.0005 | ms/batch 813.10 | loss  2.74 | avg loss  2.42 | ppl 11.29
| epoch   5 step    25500 |   4468 batches | lr 0.0005 | ms/batch 812.46 | loss  2.46 | avg loss  2.45 | ppl 11.60
| epoch   5 step    25600 |   4568 batches | lr 0.0005 | ms/batch 813.08 | loss  2.70 | avg loss  2.46 | ppl 11.67
| epoch   5 step    25700 |   4668 batches | lr 0.0005 | ms/batch 814.12 | loss  2.72 | avg loss  2.51 | ppl 12.31
| epoch   5 step    25800 |   4768 batches | lr 0.0005 | ms/batch 815.11 | loss  2.51 | avg loss  2.47 | ppl 11.87
| epoch   5 step    25900 |   4868 batches | lr 0.0005 | ms/batch 815.68 | loss  2.27 | avg loss  2.44 | ppl 11.50
| epoch   5 step    26000 |   4968 batches | lr 0.0005 | ms/batch 815.16 | loss  2.35 | avg loss  2.48 | ppl 11.89
saving checkpoint ./trained_models/GPT2_M/e2e/model.26000.pt
eval samples: 0 loss: tensor(1.2134, device='cuda:0')
eval samples: 100 loss: tensor(0.7783, device='cuda:0')
eval samples: 200 loss: tensor(1.2997, device='cuda:0')
eval samples: 300 loss: tensor(1.0631, device='cuda:0')
eval samples: 400 loss: tensor(0.8756, device='cuda:0')
eval samples: 500 loss: tensor(0.5984, device='cuda:0')
eval samples: 600 loss: tensor(1.2150, device='cuda:0')
eval samples: 700 loss: tensor(0.6958, device='cuda:0')
eval samples: 800 loss: tensor(1.1761, device='cuda:0')
eval samples: 900 loss: tensor(1.7198, device='cuda:0')
eval samples: 1000 loss: tensor(0.9552, device='cuda:0')
eval samples: 1100 loss: tensor(1.5563, device='cuda:0')
average loss 1.2059712603382051
----------------------------------------------------------------------------------------------------
| Eval  13 at step    26000 | time: 166.38s | valid loss  1.21 | valid ppl  3.34 | best ppl  3.34 
----------------------------------------------------------------------------------------------------
| epoch   5 step    26100 |   5068 batches | lr 0.0005 | ms/batch 2584.91 | loss  2.45 | avg loss  2.45 | ppl 11.58
| epoch   5 step    26200 |   5168 batches | lr 0.0005 | ms/batch 813.32 | loss  2.53 | avg loss  2.44 | ppl 11.46
saving checkpoint ./trained_models/GPT2_M/e2e/model.26290.pt
----------------------------------------------------------------------------------------------------
End of training
cleanup dist ...
[rank0]:[W709 00:24:40.524532425 ProcessGroupNCCL.cpp:1479] Warning: WARNING: destroy_process_group() was not called before program exit, which can leak resources. For more info, please see https://pytorch.org/docs/stable/distributed.html#shutdown (function operator())
