nohup: ignoring input
myrank: 0 local_rank: 0 device_count: 1 world_size: 1
====================================================================================================
        - platform : local
        - local_rank : 0
        - rank : 0
        - device : cuda:0
        - world_size : 1
        - random_seed : 110
        - lr : 0.0001
        - weight_decay : 0.01
        - correct_bias : True
        - adam_epislon : 1e-06
        - no_decay_bias : False
        - adam_beta1 : 0.9
        - adam_beta2 : 0.999
        - scheduler : None
        - max_step : None
        - max_epoch : 5
        - warmup_step : 500
        - i_steps : 0
        - i_lrs : 0.00025
        - train_data : ./data/e2e/train.jsonl
        - valid_data : ./data/e2e/valid.jsonl
        - train_batch_size : 8
        - valid_batch_size : 4
        - grad_acc : 1
        - clip : 0.0
        - seq_len : 512
        - model_card : gpt2.md
        - init_checkpoint : ./pretrained_checkpoints/gpt2-medium-pytorch_model.bin
        - fp16 : False
        - log_interval : 100
        - eval_interval : 2000
        - save_interval : 1000
        - work_dir : ./trained_models/GPT2_M/e2e
        - lora_dim : 4
        - lora_alpha : 32
        - obj : clm
        - lora_dropout : 0.1
        - label_smooth : 0.1
        - roll_interval : -1
        - roll_lr : 1e-05
        - roll_step : 100
        - eval_epoch : 1
        - dist : <module 'torch.distributed' from '/home/ycyh/miniconda3/envs/LoRA/lib/python3.11/site-packages/torch/distributed/__init__.py'>
====================================================================================================
Experiment dir : ./trained_models/GPT2_M/e2e
loading model pretrained weight.
set max_step: 26290
start to train the model................ 1
| epoch   1 step      100 |    100 batches | lr 0.0001 | ms/batch 1400.18 | loss  5.83 | avg loss  5.67 | ppl 290.92
| epoch   1 step      200 |    200 batches | lr 0.0001 | ms/batch 1779.96 | loss  4.02 | avg loss  4.59 | ppl 98.08
| epoch   1 step      300 |    300 batches | lr 0.0001 | ms/batch 1742.43 | loss  3.42 | avg loss  3.70 | ppl 40.59
| epoch   1 step      400 |    400 batches | lr 0.0001 | ms/batch 1715.39 | loss  3.58 | avg loss  3.44 | ppl 31.19
| epoch   1 step      500 |    500 batches | lr 0.0001 | ms/batch 1719.93 | loss  3.35 | avg loss  3.30 | ppl 27.14
| epoch   1 step      600 |    600 batches | lr 0.0001 | ms/batch 1738.68 | loss  3.13 | avg loss  3.22 | ppl 25.10
| epoch   1 step      700 |    700 batches | lr 0.0001 | ms/batch 1797.32 | loss  3.23 | avg loss  3.17 | ppl 23.75
| epoch   1 step      800 |    800 batches | lr 0.0001 | ms/batch 1792.81 | loss  2.86 | avg loss  3.12 | ppl 22.69
| epoch   1 step      900 |    900 batches | lr 0.0001 | ms/batch 1793.90 | loss  2.87 | avg loss  3.09 | ppl 21.94
| epoch   1 step     1000 |   1000 batches | lr 0.0001 | ms/batch 1787.88 | loss  3.54 | avg loss  3.11 | ppl 22.34
saving checkpoint ./trained_models/GPT2_M/e2e/model.1000.pt
/home/ycyh/miniconda3/envs/LoRA/lib/python3.11/site-packages/torch/distributed/distributed_c10d.py:4631: UserWarning: No device id is provided via `init_process_group` or `barrier `. Using the current device set by the user. 
  warnings.warn(  # warn only once
| epoch   1 step     1100 |   1100 batches | lr 0.0001 | ms/batch 1678.93 | loss  3.23 | avg loss  3.10 | ppl 22.25
| epoch   1 step     1200 |   1200 batches | lr 0.0001 | ms/batch 1741.97 | loss  2.88 | avg loss  3.10 | ppl 22.27
| epoch   1 step     1300 |   1300 batches | lr 0.0001 | ms/batch 1797.89 | loss  2.96 | avg loss  3.05 | ppl 21.05
| epoch   1 step     1400 |   1400 batches | lr 0.0001 | ms/batch 1796.95 | loss  3.09 | avg loss  3.04 | ppl 20.93
| epoch   1 step     1500 |   1500 batches | lr 0.0001 | ms/batch 1795.83 | loss  3.04 | avg loss  3.05 | ppl 21.10
| epoch   1 step     1600 |   1600 batches | lr 0.0001 | ms/batch 1795.77 | loss  2.89 | avg loss  2.99 | ppl 19.96
| epoch   1 step     1700 |   1700 batches | lr 0.0001 | ms/batch 1796.92 | loss  2.88 | avg loss  3.00 | ppl 20.14
| epoch   1 step     1800 |   1800 batches | lr 0.0001 | ms/batch 1795.64 | loss  2.91 | avg loss  3.00 | ppl 20.08
| epoch   1 step     1900 |   1900 batches | lr 0.0001 | ms/batch 1792.92 | loss  3.07 | avg loss  2.98 | ppl 19.77
| epoch   1 step     2000 |   2000 batches | lr 0.0001 | ms/batch 1797.98 | loss  2.80 | avg loss  2.97 | ppl 19.42
saving checkpoint ./trained_models/GPT2_M/e2e/model.2000.pt
/home/ycyh/miniconda3/envs/LoRA/lib/python3.11/site-packages/torch/nn/_reduction.py:51: UserWarning: size_average and reduce args will be deprecated, please use reduction='none' instead.
  warnings.warn(warning.format(ret))
eval samples: 0 loss: tensor(1.6568, device='cuda:0')
eval samples: 100 loss: tensor(1.0990, device='cuda:0')
eval samples: 200 loss: tensor(1.6770, device='cuda:0')
eval samples: 300 loss: tensor(1.4855, device='cuda:0')
eval samples: 400 loss: tensor(1.1486, device='cuda:0')
eval samples: 500 loss: tensor(1.0031, device='cuda:0')
eval samples: 600 loss: tensor(1.4662, device='cuda:0')
eval samples: 700 loss: tensor(1.0685, device='cuda:0')
eval samples: 800 loss: tensor(1.3809, device='cuda:0')
eval samples: 900 loss: tensor(2.0490, device='cuda:0')
eval samples: 1000 loss: tensor(1.3734, device='cuda:0')
eval samples: 1100 loss: tensor(1.6392, device='cuda:0')
average loss 1.5472494361233222
----------------------------------------------------------------------------------------------------
| Eval   1 at step     2000 | time: 433.54s | valid loss  1.55 | valid ppl  4.70 | best ppl  4.70 
----------------------------------------------------------------------------------------------------
| epoch   1 step     2100 |   2100 batches | lr 0.0001 | ms/batch 6131.30 | loss  2.90 | avg loss  2.96 | ppl 19.29
| epoch   1 step     2200 |   2200 batches | lr 0.0001 | ms/batch 1796.66 | loss  3.20 | avg loss  2.95 | ppl 19.02
| epoch   1 step     2300 |   2300 batches | lr 0.0001 | ms/batch 1796.48 | loss  2.89 | avg loss  2.94 | ppl 18.86
| epoch   1 step     2400 |   2400 batches | lr 0.0001 | ms/batch 1792.44 | loss  2.70 | avg loss  2.94 | ppl 18.93
| epoch   1 step     2500 |   2500 batches | lr 0.0001 | ms/batch 1793.59 | loss  3.07 | avg loss  2.96 | ppl 19.28
| epoch   1 step     2600 |   2600 batches | lr 0.0001 | ms/batch 1797.10 | loss  3.12 | avg loss  2.94 | ppl 18.83
| epoch   1 step     2700 |   2700 batches | lr 0.0001 | ms/batch 1796.96 | loss  2.92 | avg loss  2.92 | ppl 18.57
| epoch   1 step     2800 |   2800 batches | lr 0.0001 | ms/batch 1798.25 | loss  2.67 | avg loss  2.95 | ppl 19.05
| epoch   1 step     2900 |   2900 batches | lr 0.0001 | ms/batch 1796.10 | loss  3.18 | avg loss  2.94 | ppl 18.83
| epoch   1 step     3000 |   3000 batches | lr 0.0001 | ms/batch 1795.68 | loss  3.04 | avg loss  2.90 | ppl 18.16
saving checkpoint ./trained_models/GPT2_M/e2e/model.3000.pt
| epoch   1 step     3100 |   3100 batches | lr 0.0001 | ms/batch 1793.61 | loss  3.12 | avg loss  2.89 | ppl 17.99
| epoch   1 step     3200 |   3200 batches | lr 0.0001 | ms/batch 1799.41 | loss  2.97 | avg loss  2.93 | ppl 18.64
| epoch   1 step     3300 |   3300 batches | lr 0.0001 | ms/batch 1799.06 | loss  3.38 | avg loss  2.88 | ppl 17.80
| epoch   1 step     3400 |   3400 batches | lr 0.0001 | ms/batch 1798.13 | loss  2.80 | avg loss  2.87 | ppl 17.69
| epoch   1 step     3500 |   3500 batches | lr 0.0001 | ms/batch 1797.87 | loss  2.72 | avg loss  2.91 | ppl 18.32
| epoch   1 step     3600 |   3600 batches | lr 0.0001 | ms/batch 1798.74 | loss  2.76 | avg loss  2.91 | ppl 18.38
| epoch   1 step     3700 |   3700 batches | lr 0.0001 | ms/batch 1798.90 | loss  2.87 | avg loss  2.87 | ppl 17.71
| epoch   1 step     3800 |   3800 batches | lr 0.0001 | ms/batch 1799.73 | loss  2.84 | avg loss  2.83 | ppl 16.96
| epoch   1 step     3900 |   3900 batches | lr 0.0001 | ms/batch 1799.91 | loss  2.56 | avg loss  2.90 | ppl 18.16
| epoch   1 step     4000 |   4000 batches | lr 0.0001 | ms/batch 1804.50 | loss  2.89 | avg loss  2.90 | ppl 18.17
saving checkpoint ./trained_models/GPT2_M/e2e/model.4000.pt
eval samples: 0 loss: tensor(1.5273, device='cuda:0')
eval samples: 100 loss: tensor(1.0389, device='cuda:0')
eval samples: 200 loss: tensor(1.5942, device='cuda:0')
eval samples: 300 loss: tensor(1.4007, device='cuda:0')
eval samples: 400 loss: tensor(1.0563, device='cuda:0')
eval samples: 500 loss: tensor(0.8777, device='cuda:0')
eval samples: 600 loss: tensor(1.4060, device='cuda:0')
eval samples: 700 loss: tensor(1.0049, device='cuda:0')
eval samples: 800 loss: tensor(1.3253, device='cuda:0')
eval samples: 900 loss: tensor(1.9420, device='cuda:0')
eval samples: 1000 loss: tensor(1.2807, device='cuda:0')
eval samples: 1100 loss: tensor(1.5740, device='cuda:0')
average loss 1.4635824264116484
----------------------------------------------------------------------------------------------------
| Eval   2 at step     4000 | time: 434.37s | valid loss  1.46 | valid ppl  4.32 | best ppl  4.32 
----------------------------------------------------------------------------------------------------
| epoch   1 step     4100 |   4100 batches | lr 0.0001 | ms/batch 6140.11 | loss  2.98 | avg loss  2.85 | ppl 17.23
| epoch   1 step     4200 |   4200 batches | lr 0.0001 | ms/batch 1795.89 | loss  2.97 | avg loss  2.86 | ppl 17.41
| epoch   1 step     4300 |   4300 batches | lr 0.0001 | ms/batch 1797.43 | loss  2.70 | avg loss  2.81 | ppl 16.63
| epoch   1 step     4400 |   4400 batches | lr 0.0001 | ms/batch 1796.30 | loss  2.89 | avg loss  2.84 | ppl 17.15
| epoch   1 step     4500 |   4500 batches | lr 0.0001 | ms/batch 1795.75 | loss  3.05 | avg loss  2.86 | ppl 17.52
| epoch   1 step     4600 |   4600 batches | lr 0.0001 | ms/batch 1796.55 | loss  2.75 | avg loss  2.86 | ppl 17.44
| epoch   1 step     4700 |   4700 batches | lr 0.0001 | ms/batch 1795.05 | loss  2.65 | avg loss  2.85 | ppl 17.31
| epoch   1 step     4800 |   4800 batches | lr 0.0001 | ms/batch 1795.73 | loss  3.08 | avg loss  2.82 | ppl 16.77
| epoch   1 step     4900 |   4900 batches | lr 0.0001 | ms/batch 1795.06 | loss  2.82 | avg loss  2.84 | ppl 17.18
| epoch   1 step     5000 |   5000 batches | lr 0.0001 | ms/batch 1797.73 | loss  2.60 | avg loss  2.81 | ppl 16.54
saving checkpoint ./trained_models/GPT2_M/e2e/model.5000.pt
| epoch   1 step     5100 |   5100 batches | lr 0.0001 | ms/batch 1793.50 | loss  2.85 | avg loss  2.84 | ppl 17.12
| epoch   1 step     5200 |   5200 batches | lr 0.0001 | ms/batch 1782.97 | loss  2.97 | avg loss  2.83 | ppl 16.92
saving checkpoint ./trained_models/GPT2_M/e2e/model.5258.pt
start to train the model................ 2
| epoch   2 step     5300 |     42 batches | lr 0.0001 | ms/batch 706.81 | loss  2.65 | avg loss  2.77 | ppl 16.00
| epoch   2 step     5400 |    142 batches | lr 0.0001 | ms/batch 1684.17 | loss  2.68 | avg loss  2.84 | ppl 17.06
| epoch   2 step     5500 |    242 batches | lr 0.0001 | ms/batch 1681.72 | loss  2.83 | avg loss  2.82 | ppl 16.75
| epoch   2 step     5600 |    342 batches | lr 0.0001 | ms/batch 1682.23 | loss  2.45 | avg loss  2.83 | ppl 17.00
| epoch   2 step     5700 |    442 batches | lr 0.0001 | ms/batch 1684.51 | loss  2.80 | avg loss  2.83 | ppl 16.95
| epoch   2 step     5800 |    542 batches | lr 0.0001 | ms/batch 1685.51 | loss  2.84 | avg loss  2.80 | ppl 16.41
| epoch   2 step     5900 |    642 batches | lr 0.0001 | ms/batch 1685.48 | loss  2.88 | avg loss  2.82 | ppl 16.81
| epoch   2 step     6000 |    742 batches | lr 0.0001 | ms/batch 1680.96 | loss  2.51 | avg loss  2.79 | ppl 16.33
saving checkpoint ./trained_models/GPT2_M/e2e/model.6000.pt
eval samples: 0 loss: tensor(1.5040, device='cuda:0')
eval samples: 100 loss: tensor(1.0246, device='cuda:0')
eval samples: 200 loss: tensor(1.5130, device='cuda:0')
eval samples: 300 loss: tensor(1.3482, device='cuda:0')
eval samples: 400 loss: tensor(1.0264, device='cuda:0')
eval samples: 500 loss: tensor(0.8227, device='cuda:0')
eval samples: 600 loss: tensor(1.3668, device='cuda:0')
eval samples: 700 loss: tensor(0.9785, device='cuda:0')
eval samples: 800 loss: tensor(1.3176, device='cuda:0')
eval samples: 900 loss: tensor(1.9358, device='cuda:0')
eval samples: 1000 loss: tensor(1.2768, device='cuda:0')
eval samples: 1100 loss: tensor(1.5529, device='cuda:0')
average loss 1.4245304202992621
----------------------------------------------------------------------------------------------------
| Eval   3 at step     6000 | time: 425.22s | valid loss  1.42 | valid ppl  4.16 | best ppl  4.16 
----------------------------------------------------------------------------------------------------
| epoch   2 step     6100 |    842 batches | lr 0.0001 | ms/batch 5997.43 | loss  2.53 | avg loss  2.81 | ppl 16.59
| epoch   2 step     6200 |    942 batches | lr 0.0001 | ms/batch 1684.98 | loss  2.70 | avg loss  2.80 | ppl 16.45
| epoch   2 step     6300 |   1042 batches | lr 0.0001 | ms/batch 1683.23 | loss  3.02 | avg loss  2.80 | ppl 16.44
| epoch   2 step     6400 |   1142 batches | lr 0.0001 | ms/batch 1680.90 | loss  2.56 | avg loss  2.81 | ppl 16.53
| epoch   2 step     6500 |   1242 batches | lr 0.0001 | ms/batch 1685.64 | loss  2.60 | avg loss  2.82 | ppl 16.85
| epoch   2 step     6600 |   1342 batches | lr 0.0001 | ms/batch 1682.24 | loss  3.00 | avg loss  2.79 | ppl 16.33
| epoch   2 step     6700 |   1442 batches | lr 0.0001 | ms/batch 1681.18 | loss  2.72 | avg loss  2.80 | ppl 16.50
| epoch   2 step     6800 |   1542 batches | lr 0.0001 | ms/batch 1685.28 | loss  2.81 | avg loss  2.81 | ppl 16.62
| epoch   2 step     6900 |   1642 batches | lr 0.0001 | ms/batch 1679.45 | loss  2.76 | avg loss  2.75 | ppl 15.60
| epoch   2 step     7000 |   1742 batches | lr 0.0001 | ms/batch 1683.54 | loss  2.98 | avg loss  2.80 | ppl 16.40
saving checkpoint ./trained_models/GPT2_M/e2e/model.7000.pt
| epoch   2 step     7100 |   1842 batches | lr 0.0001 | ms/batch 1684.98 | loss  2.93 | avg loss  2.79 | ppl 16.29
| epoch   2 step     7200 |   1942 batches | lr 0.0001 | ms/batch 1682.44 | loss  2.81 | avg loss  2.79 | ppl 16.23
| epoch   2 step     7300 |   2042 batches | lr 0.0001 | ms/batch 1680.65 | loss  2.59 | avg loss  2.76 | ppl 15.73
| epoch   2 step     7400 |   2142 batches | lr 0.0001 | ms/batch 1683.75 | loss  3.05 | avg loss  2.75 | ppl 15.71
| epoch   2 step     7500 |   2242 batches | lr 0.0001 | ms/batch 1685.07 | loss  2.88 | avg loss  2.81 | ppl 16.55
| epoch   2 step     7600 |   2342 batches | lr 0.0001 | ms/batch 1682.09 | loss  2.55 | avg loss  2.76 | ppl 15.84
| epoch   2 step     7700 |   2442 batches | lr 0.0001 | ms/batch 1682.60 | loss  3.08 | avg loss  2.76 | ppl 15.85
| epoch   2 step     7800 |   2542 batches | lr 0.0001 | ms/batch 1685.46 | loss  2.84 | avg loss  2.75 | ppl 15.62
| epoch   2 step     7900 |   2642 batches | lr 0.0001 | ms/batch 1685.15 | loss  3.06 | avg loss  2.79 | ppl 16.21
| epoch   2 step     8000 |   2742 batches | lr 0.0001 | ms/batch 1685.28 | loss  2.82 | avg loss  2.81 | ppl 16.57
saving checkpoint ./trained_models/GPT2_M/e2e/model.8000.pt
eval samples: 0 loss: tensor(1.4355, device='cuda:0')
eval samples: 100 loss: tensor(0.9922, device='cuda:0')
eval samples: 200 loss: tensor(1.5152, device='cuda:0')
eval samples: 300 loss: tensor(1.3528, device='cuda:0')
eval samples: 400 loss: tensor(1.0073, device='cuda:0')
eval samples: 500 loss: tensor(0.8289, device='cuda:0')
eval samples: 600 loss: tensor(1.3738, device='cuda:0')
eval samples: 700 loss: tensor(0.9434, device='cuda:0')
eval samples: 800 loss: tensor(1.2943, device='cuda:0')
eval samples: 900 loss: tensor(1.8665, device='cuda:0')
eval samples: 1000 loss: tensor(1.2554, device='cuda:0')
eval samples: 1100 loss: tensor(1.5317, device='cuda:0')
average loss 1.401290752248813
----------------------------------------------------------------------------------------------------
| Eval   4 at step     8000 | time: 396.27s | valid loss  1.40 | valid ppl  4.06 | best ppl  4.06 
----------------------------------------------------------------------------------------------------
| epoch   2 step     8100 |   2842 batches | lr 0.0001 | ms/batch 5836.74 | loss  2.68 | avg loss  2.76 | ppl 15.78
| epoch   2 step     8200 |   2942 batches | lr 0.0001 | ms/batch 1809.53 | loss  2.79 | avg loss  2.81 | ppl 16.66
| epoch   2 step     8300 |   3042 batches | lr 0.0001 | ms/batch 1703.94 | loss  2.65 | avg loss  2.78 | ppl 16.12
| epoch   2 step     8400 |   3142 batches | lr 0.0001 | ms/batch 1704.33 | loss  2.81 | avg loss  2.77 | ppl 15.90
| epoch   2 step     8500 |   3242 batches | lr 0.0001 | ms/batch 1704.73 | loss  2.71 | avg loss  2.78 | ppl 16.04
| epoch   2 step     8600 |   3342 batches | lr 0.0001 | ms/batch 1688.73 | loss  2.77 | avg loss  2.76 | ppl 15.73
| epoch   2 step     8700 |   3442 batches | lr 0.0001 | ms/batch 1683.26 | loss  3.06 | avg loss  2.76 | ppl 15.77
| epoch   2 step     8800 |   3542 batches | lr 0.0001 | ms/batch 1686.01 | loss  2.61 | avg loss  2.75 | ppl 15.71
| epoch   2 step     8900 |   3642 batches | lr 0.0001 | ms/batch 1681.38 | loss  2.88 | avg loss  2.78 | ppl 16.05
| epoch   2 step     9000 |   3742 batches | lr 0.0001 | ms/batch 1682.47 | loss  2.75 | avg loss  2.76 | ppl 15.83
saving checkpoint ./trained_models/GPT2_M/e2e/model.9000.pt
| epoch   2 step     9100 |   3842 batches | lr 0.0001 | ms/batch 1684.12 | loss  2.71 | avg loss  2.76 | ppl 15.78
| epoch   2 step     9200 |   3942 batches | lr 0.0001 | ms/batch 1685.13 | loss  2.90 | avg loss  2.76 | ppl 15.85
| epoch   2 step     9300 |   4042 batches | lr 0.0001 | ms/batch 1685.88 | loss  2.65 | avg loss  2.78 | ppl 16.10
| epoch   2 step     9400 |   4142 batches | lr 0.0001 | ms/batch 1682.13 | loss  2.80 | avg loss  2.76 | ppl 15.75
| epoch   2 step     9500 |   4242 batches | lr 0.0001 | ms/batch 1681.70 | loss  2.78 | avg loss  2.76 | ppl 15.74
| epoch   2 step     9600 |   4342 batches | lr 0.0001 | ms/batch 1684.67 | loss  3.08 | avg loss  2.77 | ppl 15.91
| epoch   2 step     9700 |   4442 batches | lr 0.0001 | ms/batch 1686.55 | loss  2.51 | avg loss  2.74 | ppl 15.55
| epoch   2 step     9800 |   4542 batches | lr 0.0001 | ms/batch 1685.11 | loss  2.74 | avg loss  2.74 | ppl 15.46
| epoch   2 step     9900 |   4642 batches | lr 0.0001 | ms/batch 1682.18 | loss  2.40 | avg loss  2.73 | ppl 15.33
| epoch   2 step    10000 |   4742 batches | lr 0.0001 | ms/batch 1703.15 | loss  2.90 | avg loss  2.77 | ppl 15.94
saving checkpoint ./trained_models/GPT2_M/e2e/model.10000.pt
eval samples: 0 loss: tensor(1.3810, device='cuda:0')
eval samples: 100 loss: tensor(0.9863, device='cuda:0')
eval samples: 200 loss: tensor(1.4760, device='cuda:0')
eval samples: 300 loss: tensor(1.2669, device='cuda:0')
eval samples: 400 loss: tensor(0.9627, device='cuda:0')
eval samples: 500 loss: tensor(0.7569, device='cuda:0')
eval samples: 600 loss: tensor(1.3542, device='cuda:0')
eval samples: 700 loss: tensor(0.8539, device='cuda:0')
eval samples: 800 loss: tensor(1.2556, device='cuda:0')
eval samples: 900 loss: tensor(1.8510, device='cuda:0')
eval samples: 1000 loss: tensor(1.2349, device='cuda:0')
eval samples: 1100 loss: tensor(1.4999, device='cuda:0')
average loss 1.3611383318696937
----------------------------------------------------------------------------------------------------
| Eval   5 at step    10000 | time: 390.75s | valid loss  1.36 | valid ppl  3.90 | best ppl  3.90 
----------------------------------------------------------------------------------------------------
| epoch   2 step    10100 |   4842 batches | lr 0.0001 | ms/batch 5721.02 | loss  2.65 | avg loss  2.75 | ppl 15.62
| epoch   2 step    10200 |   4942 batches | lr 0.0001 | ms/batch 1893.10 | loss  2.64 | avg loss  2.76 | ppl 15.82
| epoch   2 step    10300 |   5042 batches | lr 0.0001 | ms/batch 1791.33 | loss  3.01 | avg loss  2.74 | ppl 15.44
| epoch   2 step    10400 |   5142 batches | lr 0.0001 | ms/batch 1699.66 | loss  2.80 | avg loss  2.74 | ppl 15.45
| epoch   2 step    10500 |   5242 batches | lr 0.0001 | ms/batch 1699.48 | loss  2.66 | avg loss  2.72 | ppl 15.23
saving checkpoint ./trained_models/GPT2_M/e2e/model.10516.pt
start to train the model................ 3
| epoch   3 step    10600 |     84 batches | lr 0.0001 | ms/batch 1436.04 | loss  2.42 | avg loss  2.73 | ppl 15.41
| epoch   3 step    10700 |    184 batches | lr 0.0001 | ms/batch 1707.43 | loss  2.93 | avg loss  2.75 | ppl 15.66
| epoch   3 step    10800 |    284 batches | lr 0.0001 | ms/batch 1687.23 | loss  2.89 | avg loss  2.73 | ppl 15.33
| epoch   3 step    10900 |    384 batches | lr 0.0001 | ms/batch 1704.98 | loss  3.00 | avg loss  2.73 | ppl 15.40
| epoch   3 step    11000 |    484 batches | lr 0.0001 | ms/batch 1705.30 | loss  2.94 | avg loss  2.73 | ppl 15.35
saving checkpoint ./trained_models/GPT2_M/e2e/model.11000.pt
| epoch   3 step    11100 |    584 batches | lr 0.0001 | ms/batch 1704.92 | loss  2.80 | avg loss  2.79 | ppl 16.29
| epoch   3 step    11200 |    684 batches | lr 0.0001 | ms/batch 1704.98 | loss  2.78 | avg loss  2.74 | ppl 15.55
| epoch   3 step    11300 |    784 batches | lr 0.0001 | ms/batch 1705.15 | loss  2.81 | avg loss  2.76 | ppl 15.73
| epoch   3 step    11400 |    884 batches | lr 0.0001 | ms/batch 1704.40 | loss  2.80 | avg loss  2.75 | ppl 15.64
| epoch   3 step    11500 |    984 batches | lr 0.0001 | ms/batch 1704.88 | loss  2.44 | avg loss  2.75 | ppl 15.61
| epoch   3 step    11600 |   1084 batches | lr 0.0001 | ms/batch 1705.52 | loss  2.38 | avg loss  2.70 | ppl 14.91
| epoch   3 step    11700 |   1184 batches | lr 0.0001 | ms/batch 1705.15 | loss  2.58 | avg loss  2.73 | ppl 15.28
| epoch   3 step    11800 |   1284 batches | lr 0.0001 | ms/batch 1704.77 | loss  2.71 | avg loss  2.70 | ppl 14.82
| epoch   3 step    11900 |   1384 batches | lr 0.0001 | ms/batch 1795.29 | loss  2.63 | avg loss  2.71 | ppl 15.07
| epoch   3 step    12000 |   1484 batches | lr 0.0001 | ms/batch 1798.04 | loss  2.85 | avg loss  2.73 | ppl 15.35
saving checkpoint ./trained_models/GPT2_M/e2e/model.12000.pt
eval samples: 0 loss: tensor(1.3928, device='cuda:0')
eval samples: 100 loss: tensor(0.9788, device='cuda:0')
eval samples: 200 loss: tensor(1.4488, device='cuda:0')
eval samples: 300 loss: tensor(1.2963, device='cuda:0')
eval samples: 400 loss: tensor(0.9966, device='cuda:0')
eval samples: 500 loss: tensor(0.7544, device='cuda:0')
eval samples: 600 loss: tensor(1.3312, device='cuda:0')
eval samples: 700 loss: tensor(0.8777, device='cuda:0')
eval samples: 800 loss: tensor(1.2508, device='cuda:0')
eval samples: 900 loss: tensor(1.8342, device='cuda:0')
eval samples: 1000 loss: tensor(1.2172, device='cuda:0')
eval samples: 1100 loss: tensor(1.4948, device='cuda:0')
average loss 1.3606551652901793
----------------------------------------------------------------------------------------------------
| Eval   6 at step    12000 | time: 394.73s | valid loss  1.36 | valid ppl  3.90 | best ppl  3.90 
----------------------------------------------------------------------------------------------------
| epoch   3 step    12100 |   1584 batches | lr 0.0001 | ms/batch 5841.49 | loss  2.65 | avg loss  2.74 | ppl 15.54
| epoch   3 step    12200 |   1684 batches | lr 0.0001 | ms/batch 1921.11 | loss  2.58 | avg loss  2.74 | ppl 15.55
| epoch   3 step    12300 |   1784 batches | lr 0.0001 | ms/batch 1826.59 | loss  2.74 | avg loss  2.74 | ppl 15.44
| epoch   3 step    12400 |   1884 batches | lr 0.0001 | ms/batch 1798.41 | loss  2.79 | avg loss  2.70 | ppl 14.90
| epoch   3 step    12500 |   1984 batches | lr 0.0001 | ms/batch 1799.42 | loss  3.00 | avg loss  2.73 | ppl 15.41
| epoch   3 step    12600 |   2084 batches | lr 0.0001 | ms/batch 1798.17 | loss  2.95 | avg loss  2.67 | ppl 14.38
| epoch   3 step    12700 |   2184 batches | lr 0.0001 | ms/batch 1797.99 | loss  2.54 | avg loss  2.72 | ppl 15.18
| epoch   3 step    12800 |   2284 batches | lr 0.0001 | ms/batch 1755.39 | loss  2.81 | avg loss  2.73 | ppl 15.28
| epoch   3 step    12900 |   2384 batches | lr 0.0001 | ms/batch 1705.57 | loss  2.60 | avg loss  2.73 | ppl 15.31
| epoch   3 step    13000 |   2484 batches | lr 0.0001 | ms/batch 1705.55 | loss  3.28 | avg loss  2.75 | ppl 15.62
saving checkpoint ./trained_models/GPT2_M/e2e/model.13000.pt
| epoch   3 step    13100 |   2584 batches | lr 0.0001 | ms/batch 1705.79 | loss  2.50 | avg loss  2.69 | ppl 14.80
| epoch   3 step    13200 |   2684 batches | lr 0.0001 | ms/batch 1705.59 | loss  2.66 | avg loss  2.76 | ppl 15.78
| epoch   3 step    13300 |   2784 batches | lr 0.0001 | ms/batch 1728.27 | loss  2.66 | avg loss  2.70 | ppl 14.92
| epoch   3 step    13400 |   2884 batches | lr 0.0001 | ms/batch 1795.34 | loss  2.87 | avg loss  2.69 | ppl 14.80
| epoch   3 step    13500 |   2984 batches | lr 0.0001 | ms/batch 1794.66 | loss  3.14 | avg loss  2.74 | ppl 15.46
| epoch   3 step    13600 |   3084 batches | lr 0.0001 | ms/batch 1795.80 | loss  2.58 | avg loss  2.73 | ppl 15.34
| epoch   3 step    13700 |   3184 batches | lr 0.0001 | ms/batch 1797.03 | loss  3.00 | avg loss  2.77 | ppl 15.97
| epoch   3 step    13800 |   3284 batches | lr 0.0001 | ms/batch 1795.81 | loss  2.43 | avg loss  2.69 | ppl 14.78
| epoch   3 step    13900 |   3384 batches | lr 0.0001 | ms/batch 1796.18 | loss  3.11 | avg loss  2.75 | ppl 15.58
| epoch   3 step    14000 |   3484 batches | lr 0.0001 | ms/batch 1796.91 | loss  2.89 | avg loss  2.74 | ppl 15.53
saving checkpoint ./trained_models/GPT2_M/e2e/model.14000.pt
eval samples: 0 loss: tensor(1.3233, device='cuda:0')
eval samples: 100 loss: tensor(0.9658, device='cuda:0')
eval samples: 200 loss: tensor(1.4620, device='cuda:0')
eval samples: 300 loss: tensor(1.3122, device='cuda:0')
eval samples: 400 loss: tensor(0.9873, device='cuda:0')
eval samples: 500 loss: tensor(0.7287, device='cuda:0')
eval samples: 600 loss: tensor(1.3481, device='cuda:0')
eval samples: 700 loss: tensor(0.8474, device='cuda:0')
eval samples: 800 loss: tensor(1.2213, device='cuda:0')
eval samples: 900 loss: tensor(1.8327, device='cuda:0')
eval samples: 1000 loss: tensor(1.2160, device='cuda:0')
eval samples: 1100 loss: tensor(1.4868, device='cuda:0')
average loss 1.3449727464722443
----------------------------------------------------------------------------------------------------
| Eval   7 at step    14000 | time: 409.87s | valid loss  1.34 | valid ppl  3.84 | best ppl  3.84 
----------------------------------------------------------------------------------------------------
| epoch   3 step    14100 |   3584 batches | lr 0.0001 | ms/batch 6020.17 | loss  2.86 | avg loss  2.67 | ppl 14.44
| epoch   3 step    14200 |   3684 batches | lr 0.0001 | ms/batch 1836.91 | loss  2.72 | avg loss  2.69 | ppl 14.78
| epoch   3 step    14300 |   3784 batches | lr 0.0001 | ms/batch 1796.28 | loss  2.90 | avg loss  2.70 | ppl 14.86
| epoch   3 step    14400 |   3884 batches | lr 0.0001 | ms/batch 1797.25 | loss  2.49 | avg loss  2.71 | ppl 15.05
| epoch   3 step    14500 |   3984 batches | lr 0.0001 | ms/batch 1795.61 | loss  2.60 | avg loss  2.72 | ppl 15.23
| epoch   3 step    14600 |   4084 batches | lr 0.0001 | ms/batch 1798.22 | loss  2.63 | avg loss  2.73 | ppl 15.30
| epoch   3 step    14700 |   4184 batches | lr 0.0001 | ms/batch 1796.96 | loss  2.70 | avg loss  2.69 | ppl 14.71
| epoch   3 step    14800 |   4284 batches | lr 0.0001 | ms/batch 1797.15 | loss  2.78 | avg loss  2.74 | ppl 15.42
| epoch   3 step    14900 |   4384 batches | lr 0.0001 | ms/batch 1795.99 | loss  2.63 | avg loss  2.71 | ppl 14.98
| epoch   3 step    15000 |   4484 batches | lr 0.0001 | ms/batch 1793.33 | loss  2.99 | avg loss  2.74 | ppl 15.50
saving checkpoint ./trained_models/GPT2_M/e2e/model.15000.pt
| epoch   3 step    15100 |   4584 batches | lr 0.0001 | ms/batch 1801.57 | loss  2.54 | avg loss  2.70 | ppl 14.88
| epoch   3 step    15200 |   4684 batches | lr 0.0001 | ms/batch 1800.80 | loss  2.75 | avg loss  2.69 | ppl 14.77
| epoch   3 step    15300 |   4784 batches | lr 0.0001 | ms/batch 1803.04 | loss  2.65 | avg loss  2.73 | ppl 15.40
| epoch   3 step    15400 |   4884 batches | lr 0.0001 | ms/batch 1776.31 | loss  2.63 | avg loss  2.72 | ppl 15.15
| epoch   3 step    15500 |   4984 batches | lr 0.0001 | ms/batch 1707.55 | loss  2.57 | avg loss  2.72 | ppl 15.14
| epoch   3 step    15600 |   5084 batches | lr 0.0001 | ms/batch 1707.66 | loss  2.84 | avg loss  2.70 | ppl 14.85
| epoch   3 step    15700 |   5184 batches | lr 0.0001 | ms/batch 1751.75 | loss  2.69 | avg loss  2.67 | ppl 14.46
saving checkpoint ./trained_models/GPT2_M/e2e/model.15774.pt
start to train the model................ 4
| epoch   4 step    15800 |     26 batches | lr 0.0001 | ms/batch 466.16 | loss  2.52 | avg loss  2.68 | ppl 14.52
| epoch   4 step    15900 |    126 batches | lr 0.0001 | ms/batch 1775.32 | loss  2.57 | avg loss  2.70 | ppl 14.91
| epoch   4 step    16000 |    226 batches | lr 0.0001 | ms/batch 1799.28 | loss  2.66 | avg loss  2.72 | ppl 15.19
saving checkpoint ./trained_models/GPT2_M/e2e/model.16000.pt
eval samples: 0 loss: tensor(1.3252, device='cuda:0')
eval samples: 100 loss: tensor(0.9495, device='cuda:0')
eval samples: 200 loss: tensor(1.4328, device='cuda:0')
eval samples: 300 loss: tensor(1.2804, device='cuda:0')
eval samples: 400 loss: tensor(0.9748, device='cuda:0')
eval samples: 500 loss: tensor(0.7157, device='cuda:0')
eval samples: 600 loss: tensor(1.3260, device='cuda:0')
eval samples: 700 loss: tensor(0.8301, device='cuda:0')
eval samples: 800 loss: tensor(1.2718, device='cuda:0')
eval samples: 900 loss: tensor(1.8166, device='cuda:0')
eval samples: 1000 loss: tensor(1.2158, device='cuda:0')
eval samples: 1100 loss: tensor(1.5032, device='cuda:0')
average loss 1.336331262725265
----------------------------------------------------------------------------------------------------
| Eval   8 at step    16000 | time: 429.61s | valid loss  1.34 | valid ppl  3.81 | best ppl  3.81 
----------------------------------------------------------------------------------------------------
| epoch   4 step    16100 |    326 batches | lr 0.0001 | ms/batch 6111.57 | loss  2.94 | avg loss  2.69 | ppl 14.73
| epoch   4 step    16200 |    426 batches | lr 0.0001 | ms/batch 1796.91 | loss  2.66 | avg loss  2.69 | ppl 14.73
| epoch   4 step    16300 |    526 batches | lr 0.0001 | ms/batch 1798.42 | loss  3.14 | avg loss  2.68 | ppl 14.59
| epoch   4 step    16400 |    626 batches | lr 0.0001 | ms/batch 1797.43 | loss  3.07 | avg loss  2.70 | ppl 14.84
| epoch   4 step    16500 |    726 batches | lr 0.0001 | ms/batch 1800.04 | loss  2.94 | avg loss  2.72 | ppl 15.22
| epoch   4 step    16600 |    826 batches | lr 0.0001 | ms/batch 1801.00 | loss  2.87 | avg loss  2.69 | ppl 14.74
| epoch   4 step    16700 |    926 batches | lr 0.0001 | ms/batch 1802.84 | loss  2.79 | avg loss  2.71 | ppl 15.00
| epoch   4 step    16800 |   1026 batches | lr 0.0001 | ms/batch 1803.03 | loss  2.87 | avg loss  2.71 | ppl 15.02
| epoch   4 step    16900 |   1126 batches | lr 0.0001 | ms/batch 1720.19 | loss  2.40 | avg loss  2.67 | ppl 14.40
| epoch   4 step    17000 |   1226 batches | lr 0.0001 | ms/batch 1708.10 | loss  2.57 | avg loss  2.67 | ppl 14.47
saving checkpoint ./trained_models/GPT2_M/e2e/model.17000.pt
| epoch   4 step    17100 |   1326 batches | lr 0.0001 | ms/batch 1707.98 | loss  2.87 | avg loss  2.73 | ppl 15.33
| epoch   4 step    17200 |   1426 batches | lr 0.0001 | ms/batch 1707.73 | loss  2.60 | avg loss  2.67 | ppl 14.45
| epoch   4 step    17300 |   1526 batches | lr 0.0001 | ms/batch 1707.92 | loss  2.54 | avg loss  2.70 | ppl 14.92
| epoch   4 step    17400 |   1626 batches | lr 0.0001 | ms/batch 1707.45 | loss  2.49 | avg loss  2.70 | ppl 14.90
| epoch   4 step    17500 |   1726 batches | lr 0.0001 | ms/batch 1707.56 | loss  3.00 | avg loss  2.72 | ppl 15.12
| epoch   4 step    17600 |   1826 batches | lr 0.0001 | ms/batch 1708.00 | loss  3.05 | avg loss  2.72 | ppl 15.21
| epoch   4 step    17700 |   1926 batches | lr 0.0001 | ms/batch 1708.00 | loss  2.69 | avg loss  2.69 | ppl 14.70
| epoch   4 step    17800 |   2026 batches | lr 0.0001 | ms/batch 1708.13 | loss  2.96 | avg loss  2.74 | ppl 15.43
| epoch   4 step    17900 |   2126 batches | lr 0.0001 | ms/batch 1735.68 | loss  2.74 | avg loss  2.68 | ppl 14.61
| epoch   4 step    18000 |   2226 batches | lr 0.0001 | ms/batch 1858.11 | loss  3.32 | avg loss  2.69 | ppl 14.73
saving checkpoint ./trained_models/GPT2_M/e2e/model.18000.pt
eval samples: 0 loss: tensor(1.3081, device='cuda:0')
eval samples: 100 loss: tensor(0.9523, device='cuda:0')
eval samples: 200 loss: tensor(1.4474, device='cuda:0')
eval samples: 300 loss: tensor(1.2442, device='cuda:0')
eval samples: 400 loss: tensor(0.9774, device='cuda:0')
eval samples: 500 loss: tensor(0.7264, device='cuda:0')
eval samples: 600 loss: tensor(1.3385, device='cuda:0')
eval samples: 700 loss: tensor(0.8462, device='cuda:0')
eval samples: 800 loss: tensor(1.2263, device='cuda:0')
eval samples: 900 loss: tensor(1.8137, device='cuda:0')
eval samples: 1000 loss: tensor(1.1764, device='cuda:0')
eval samples: 1100 loss: tensor(1.5074, device='cuda:0')
average loss 1.341560312023718
----------------------------------------------------------------------------------------------------
| Eval   9 at step    18000 | time: 422.90s | valid loss  1.34 | valid ppl  3.83 | best ppl  3.81 
----------------------------------------------------------------------------------------------------
| epoch   4 step    18100 |   2326 batches | lr 0.0001 | ms/batch 6027.98 | loss  2.89 | avg loss  2.69 | ppl 14.75
| epoch   4 step    18200 |   2426 batches | lr 0.0001 | ms/batch 1804.80 | loss  2.49 | avg loss  2.69 | ppl 14.73
| epoch   4 step    18300 |   2526 batches | lr 0.0001 | ms/batch 1803.34 | loss  2.57 | avg loss  2.71 | ppl 14.98
| epoch   4 step    18400 |   2626 batches | lr 0.0001 | ms/batch 1806.30 | loss  2.87 | avg loss  2.68 | ppl 14.60
| epoch   4 step    18500 |   2726 batches | lr 0.0001 | ms/batch 1802.60 | loss  2.64 | avg loss  2.67 | ppl 14.40
| epoch   4 step    18600 |   2826 batches | lr 0.0001 | ms/batch 1801.69 | loss  2.44 | avg loss  2.72 | ppl 15.14
| epoch   4 step    18700 |   2926 batches | lr 0.0001 | ms/batch 1800.27 | loss  2.46 | avg loss  2.68 | ppl 14.59
| epoch   4 step    18800 |   3026 batches | lr 0.0001 | ms/batch 1799.06 | loss  2.46 | avg loss  2.71 | ppl 14.97
| epoch   4 step    18900 |   3126 batches | lr 0.0001 | ms/batch 1799.10 | loss  2.68 | avg loss  2.70 | ppl 14.83
| epoch   4 step    19000 |   3226 batches | lr 0.0001 | ms/batch 1749.49 | loss  2.98 | avg loss  2.70 | ppl 14.85
saving checkpoint ./trained_models/GPT2_M/e2e/model.19000.pt
| epoch   4 step    19100 |   3326 batches | lr 0.0001 | ms/batch 1783.82 | loss  3.01 | avg loss  2.69 | ppl 14.68
| epoch   4 step    19200 |   3426 batches | lr 0.0001 | ms/batch 1799.63 | loss  2.73 | avg loss  2.67 | ppl 14.37
| epoch   4 step    19300 |   3526 batches | lr 0.0001 | ms/batch 1803.61 | loss  2.75 | avg loss  2.70 | ppl 14.90
| epoch   4 step    19400 |   3626 batches | lr 0.0001 | ms/batch 1805.21 | loss  2.89 | avg loss  2.69 | ppl 14.68
| epoch   4 step    19500 |   3726 batches | lr 0.0001 | ms/batch 1805.06 | loss  2.35 | avg loss  2.68 | ppl 14.61
| epoch   4 step    19600 |   3826 batches | lr 0.0001 | ms/batch 1806.25 | loss  2.90 | avg loss  2.68 | ppl 14.65
| epoch   4 step    19700 |   3926 batches | lr 0.0001 | ms/batch 1730.77 | loss  2.80 | avg loss  2.68 | ppl 14.64
| epoch   4 step    19800 |   4026 batches | lr 0.0001 | ms/batch 1703.57 | loss  2.67 | avg loss  2.69 | ppl 14.71
| epoch   4 step    19900 |   4126 batches | lr 0.0001 | ms/batch 1824.96 | loss  2.47 | avg loss  2.72 | ppl 15.20
| epoch   4 step    20000 |   4226 batches | lr 0.0001 | ms/batch 1892.49 | loss  2.58 | avg loss  2.68 | ppl 14.63
saving checkpoint ./trained_models/GPT2_M/e2e/model.20000.pt
eval samples: 0 loss: tensor(1.3329, device='cuda:0')
eval samples: 100 loss: tensor(0.9502, device='cuda:0')
eval samples: 200 loss: tensor(1.4416, device='cuda:0')
eval samples: 300 loss: tensor(1.2565, device='cuda:0')
eval samples: 400 loss: tensor(0.9321, device='cuda:0')
eval samples: 500 loss: tensor(0.7184, device='cuda:0')
eval samples: 600 loss: tensor(1.3240, device='cuda:0')
eval samples: 700 loss: tensor(0.8284, device='cuda:0')
eval samples: 800 loss: tensor(1.1967, device='cuda:0')
eval samples: 900 loss: tensor(1.8318, device='cuda:0')
eval samples: 1000 loss: tensor(1.1846, device='cuda:0')
eval samples: 1100 loss: tensor(1.5111, device='cuda:0')
average loss 1.3321601424417266
----------------------------------------------------------------------------------------------------
| Eval  10 at step    20000 | time: 397.33s | valid loss  1.33 | valid ppl  3.79 | best ppl  3.79 
----------------------------------------------------------------------------------------------------
| epoch   4 step    20100 |   4326 batches | lr 0.0001 | ms/batch 5681.89 | loss  2.59 | avg loss  2.68 | ppl 14.55
| epoch   4 step    20200 |   4426 batches | lr 0.0001 | ms/batch 1707.48 | loss  2.77 | avg loss  2.68 | ppl 14.53
| epoch   4 step    20300 |   4526 batches | lr 0.0001 | ms/batch 1678.66 | loss  2.69 | avg loss  2.71 | ppl 14.97
| epoch   4 step    20400 |   4626 batches | lr 0.0001 | ms/batch 1686.36 | loss  2.63 | avg loss  2.69 | ppl 14.71
| epoch   4 step    20500 |   4726 batches | lr 0.0001 | ms/batch 1680.42 | loss  2.81 | avg loss  2.67 | ppl 14.39
| epoch   4 step    20600 |   4826 batches | lr 0.0001 | ms/batch 1682.30 | loss  2.87 | avg loss  2.71 | ppl 15.06
| epoch   4 step    20700 |   4926 batches | lr 0.0001 | ms/batch 1685.13 | loss  2.74 | avg loss  2.67 | ppl 14.38
| epoch   4 step    20800 |   5026 batches | lr 0.0001 | ms/batch 1679.63 | loss  2.44 | avg loss  2.70 | ppl 14.95
| epoch   4 step    20900 |   5126 batches | lr 0.0001 | ms/batch 1687.02 | loss  2.62 | avg loss  2.67 | ppl 14.50
| epoch   4 step    21000 |   5226 batches | lr 0.0001 | ms/batch 1666.76 | loss  2.45 | avg loss  2.67 | ppl 14.48
saving checkpoint ./trained_models/GPT2_M/e2e/model.21000.pt
saving checkpoint ./trained_models/GPT2_M/e2e/model.21032.pt
start to train the model................ 5
| epoch   5 step    21100 |     68 batches | lr 0.0001 | ms/batch 1166.60 | loss  2.83 | avg loss  2.71 | ppl 14.99
| epoch   5 step    21200 |    168 batches | lr 0.0001 | ms/batch 1707.99 | loss  2.84 | avg loss  2.65 | ppl 14.11
| epoch   5 step    21300 |    268 batches | lr 0.0001 | ms/batch 1708.00 | loss  2.43 | avg loss  2.70 | ppl 14.85
| epoch   5 step    21400 |    368 batches | lr 0.0001 | ms/batch 1708.16 | loss  2.73 | avg loss  2.68 | ppl 14.59
| epoch   5 step    21500 |    468 batches | lr 0.0001 | ms/batch 2173.05 | loss  2.92 | avg loss  2.70 | ppl 14.85
| epoch   5 step    21600 |    568 batches | lr 0.0001 | ms/batch 2391.52 | loss  2.98 | avg loss  2.65 | ppl 14.15
| epoch   5 step    21700 |    668 batches | lr 0.0001 | ms/batch 2444.12 | loss  3.05 | avg loss  2.68 | ppl 14.65
| epoch   5 step    21800 |    768 batches | lr 0.0001 | ms/batch 2438.83 | loss  2.59 | avg loss  2.72 | ppl 15.16
| epoch   5 step    21900 |    868 batches | lr 0.0001 | ms/batch 2412.80 | loss  2.92 | avg loss  2.69 | ppl 14.71
| epoch   5 step    22000 |    968 batches | lr 0.0001 | ms/batch 2583.86 | loss  2.59 | avg loss  2.63 | ppl 13.88
saving checkpoint ./trained_models/GPT2_M/e2e/model.22000.pt
eval samples: 0 loss: tensor(1.3280, device='cuda:0')
eval samples: 100 loss: tensor(0.9598, device='cuda:0')
eval samples: 200 loss: tensor(1.4150, device='cuda:0')
eval samples: 300 loss: tensor(1.2347, device='cuda:0')
eval samples: 400 loss: tensor(0.9447, device='cuda:0')
eval samples: 500 loss: tensor(0.7289, device='cuda:0')
eval samples: 600 loss: tensor(1.2794, device='cuda:0')
eval samples: 700 loss: tensor(0.8128, device='cuda:0')
eval samples: 800 loss: tensor(1.2118, device='cuda:0')
eval samples: 900 loss: tensor(1.8086, device='cuda:0')
eval samples: 1000 loss: tensor(1.1653, device='cuda:0')
eval samples: 1100 loss: tensor(1.5475, device='cuda:0')
average loss 1.3210315383358362
----------------------------------------------------------------------------------------------------
| Eval  11 at step    22000 | time: 576.54s | valid loss  1.32 | valid ppl  3.75 | best ppl  3.75 
----------------------------------------------------------------------------------------------------
| epoch   5 step    22100 |   1068 batches | lr 0.0001 | ms/batch 8223.11 | loss  2.78 | avg loss  2.66 | ppl 14.29
| epoch   5 step    22200 |   1168 batches | lr 0.0001 | ms/batch 2469.97 | loss  3.10 | avg loss  2.70 | ppl 14.81
| epoch   5 step    22300 |   1268 batches | lr 0.0001 | ms/batch 2476.63 | loss  2.54 | avg loss  2.70 | ppl 14.83
| epoch   5 step    22400 |   1368 batches | lr 0.0001 | ms/batch 2455.78 | loss  2.54 | avg loss  2.64 | ppl 14.02
| epoch   5 step    22500 |   1468 batches | lr 0.0001 | ms/batch 2453.54 | loss  2.68 | avg loss  2.68 | ppl 14.58
| epoch   5 step    22600 |   1568 batches | lr 0.0001 | ms/batch 2434.02 | loss  2.91 | avg loss  2.70 | ppl 14.88
| epoch   5 step    22700 |   1668 batches | lr 0.0001 | ms/batch 2457.78 | loss  2.55 | avg loss  2.66 | ppl 14.32
| epoch   5 step    22800 |   1768 batches | lr 0.0001 | ms/batch 2422.85 | loss  2.49 | avg loss  2.69 | ppl 14.75
| epoch   5 step    22900 |   1868 batches | lr 0.0001 | ms/batch 2382.95 | loss  3.05 | avg loss  2.73 | ppl 15.39
| epoch   5 step    23000 |   1968 batches | lr 0.0001 | ms/batch 2429.26 | loss  2.54 | avg loss  2.66 | ppl 14.37
saving checkpoint ./trained_models/GPT2_M/e2e/model.23000.pt
| epoch   5 step    23100 |   2068 batches | lr 0.0001 | ms/batch 2445.58 | loss  2.77 | avg loss  2.71 | ppl 14.98
| epoch   5 step    23200 |   2168 batches | lr 0.0001 | ms/batch 2457.91 | loss  2.82 | avg loss  2.67 | ppl 14.44
| epoch   5 step    23300 |   2268 batches | lr 0.0001 | ms/batch 2441.60 | loss  2.47 | avg loss  2.65 | ppl 14.22
| epoch   5 step    23400 |   2368 batches | lr 0.0001 | ms/batch 2375.51 | loss  2.57 | avg loss  2.68 | ppl 14.60
| epoch   5 step    23500 |   2468 batches | lr 0.0001 | ms/batch 2369.55 | loss  2.43 | avg loss  2.65 | ppl 14.20
| epoch   5 step    23600 |   2568 batches | lr 0.0001 | ms/batch 2384.68 | loss  2.36 | avg loss  2.66 | ppl 14.34
| epoch   5 step    23700 |   2668 batches | lr 0.0001 | ms/batch 2393.65 | loss  2.52 | avg loss  2.64 | ppl 13.97
| epoch   5 step    23800 |   2768 batches | lr 0.0001 | ms/batch 2402.77 | loss  2.78 | avg loss  2.69 | ppl 14.70
| epoch   5 step    23900 |   2868 batches | lr 0.0001 | ms/batch 2389.06 | loss  2.74 | avg loss  2.65 | ppl 14.18
| epoch   5 step    24000 |   2968 batches | lr 0.0001 | ms/batch 2107.56 | loss  2.57 | avg loss  2.68 | ppl 14.53
saving checkpoint ./trained_models/GPT2_M/e2e/model.24000.pt
eval samples: 0 loss: tensor(1.2841, device='cuda:0')
eval samples: 100 loss: tensor(0.9403, device='cuda:0')
eval samples: 200 loss: tensor(1.3970, device='cuda:0')
eval samples: 300 loss: tensor(1.2349, device='cuda:0')
eval samples: 400 loss: tensor(0.9170, device='cuda:0')
eval samples: 500 loss: tensor(0.7341, device='cuda:0')
eval samples: 600 loss: tensor(1.3112, device='cuda:0')
eval samples: 700 loss: tensor(0.8246, device='cuda:0')
eval samples: 800 loss: tensor(1.2118, device='cuda:0')
eval samples: 900 loss: tensor(1.8134, device='cuda:0')
eval samples: 1000 loss: tensor(1.1537, device='cuda:0')
eval samples: 1100 loss: tensor(1.4948, device='cuda:0')
average loss 1.3103382189388144
----------------------------------------------------------------------------------------------------
| Eval  12 at step    24000 | time: 411.72s | valid loss  1.31 | valid ppl  3.71 | best ppl  3.71 
----------------------------------------------------------------------------------------------------
| epoch   5 step    24100 |   3068 batches | lr 0.0001 | ms/batch 5806.37 | loss  2.88 | avg loss  2.71 | ppl 15.01
| epoch   5 step    24200 |   3168 batches | lr 0.0001 | ms/batch 1684.10 | loss  2.85 | avg loss  2.63 | ppl 13.84
| epoch   5 step    24300 |   3268 batches | lr 0.0001 | ms/batch 1685.37 | loss  2.85 | avg loss  2.68 | ppl 14.65
| epoch   5 step    24400 |   3368 batches | lr 0.0001 | ms/batch 1807.06 | loss  2.83 | avg loss  2.67 | ppl 14.41
| epoch   5 step    24500 |   3468 batches | lr 0.0001 | ms/batch 1821.08 | loss  2.57 | avg loss  2.66 | ppl 14.31
| epoch   5 step    24600 |   3568 batches | lr 0.0001 | ms/batch 1836.39 | loss  2.85 | avg loss  2.66 | ppl 14.31
| epoch   5 step    24700 |   3668 batches | lr 0.0001 | ms/batch 1797.60 | loss  3.11 | avg loss  2.72 | ppl 15.17
| epoch   5 step    24800 |   3768 batches | lr 0.0001 | ms/batch 1840.95 | loss  3.01 | avg loss  2.66 | ppl 14.29
| epoch   5 step    24900 |   3868 batches | lr 0.0001 | ms/batch 1838.74 | loss  2.46 | avg loss  2.67 | ppl 14.45
| epoch   5 step    25000 |   3968 batches | lr 0.0001 | ms/batch 1845.85 | loss  2.61 | avg loss  2.67 | ppl 14.51
saving checkpoint ./trained_models/GPT2_M/e2e/model.25000.pt
| epoch   5 step    25100 |   4068 batches | lr 0.0001 | ms/batch 1843.79 | loss  2.81 | avg loss  2.65 | ppl 14.17
| epoch   5 step    25200 |   4168 batches | lr 0.0001 | ms/batch 1840.92 | loss  2.52 | avg loss  2.69 | ppl 14.71
| epoch   5 step    25300 |   4268 batches | lr 0.0001 | ms/batch 1845.30 | loss  2.59 | avg loss  2.65 | ppl 14.15
| epoch   5 step    25400 |   4368 batches | lr 0.0001 | ms/batch 1849.09 | loss  2.90 | avg loss  2.64 | ppl 13.96
| epoch   5 step    25500 |   4468 batches | lr 0.0001 | ms/batch 1841.08 | loss  2.71 | avg loss  2.66 | ppl 14.35
| epoch   5 step    25600 |   4568 batches | lr 0.0001 | ms/batch 1839.61 | loss  2.88 | avg loss  2.67 | ppl 14.48
| epoch   5 step    25700 |   4668 batches | lr 0.0001 | ms/batch 1840.88 | loss  2.98 | avg loss  2.71 | ppl 15.08
| epoch   5 step    25800 |   4768 batches | lr 0.0001 | ms/batch 1838.42 | loss  2.69 | avg loss  2.69 | ppl 14.76
| epoch   5 step    25900 |   4868 batches | lr 0.0001 | ms/batch 1833.83 | loss  2.48 | avg loss  2.66 | ppl 14.26
| epoch   5 step    26000 |   4968 batches | lr 0.0001 | ms/batch 1931.88 | loss  2.64 | avg loss  2.68 | ppl 14.58
saving checkpoint ./trained_models/GPT2_M/e2e/model.26000.pt
eval samples: 0 loss: tensor(1.3231, device='cuda:0')
eval samples: 100 loss: tensor(0.9324, device='cuda:0')
eval samples: 200 loss: tensor(1.4489, device='cuda:0')
eval samples: 300 loss: tensor(1.2427, device='cuda:0')
eval samples: 400 loss: tensor(0.9578, device='cuda:0')
eval samples: 500 loss: tensor(0.7061, device='cuda:0')
eval samples: 600 loss: tensor(1.3247, device='cuda:0')
eval samples: 700 loss: tensor(0.8428, device='cuda:0')
eval samples: 800 loss: tensor(1.2189, device='cuda:0')
eval samples: 900 loss: tensor(1.7981, device='cuda:0')
eval samples: 1000 loss: tensor(1.1443, device='cuda:0')
eval samples: 1100 loss: tensor(1.4967, device='cuda:0')
average loss 1.3183796192481094
----------------------------------------------------------------------------------------------------
| Eval  13 at step    26000 | time: 425.42s | valid loss  1.32 | valid ppl  3.74 | best ppl  3.71 
----------------------------------------------------------------------------------------------------
| epoch   5 step    26100 |   5068 batches | lr 0.0001 | ms/batch 6088.96 | loss  2.71 | avg loss  2.66 | ppl 14.28
| epoch   5 step    26200 |   5168 batches | lr 0.0001 | ms/batch 1839.67 | loss  2.83 | avg loss  2.66 | ppl 14.27
saving checkpoint ./trained_models/GPT2_M/e2e/model.26290.pt
----------------------------------------------------------------------------------------------------
End of training
cleanup dist ...
[rank0]:[W507 04:44:01.851812990 ProcessGroupNCCL.cpp:1479] Warning: WARNING: destroy_process_group() was not called before program exit, which can leak resources. For more info, please see https://pytorch.org/docs/stable/distributed.html#shutdown (function operator())
