nohup: ignoring input
myrank: 0 local_rank: 0 device_count: 1 world_size: 1
====================================================================================================
        - platform : local
        - local_rank : 0
        - rank : 0
        - device : cuda:0
        - world_size : 1
        - random_seed : 110
        - lr : 0.0003
        - weight_decay : 0.01
        - correct_bias : True
        - adam_epislon : 1e-06
        - no_decay_bias : False
        - adam_beta1 : 0.9
        - adam_beta2 : 0.999
        - scheduler : None
        - max_step : None
        - max_epoch : 5
        - warmup_step : 500
        - i_steps : 0
        - i_lrs : 0.00025
        - galore_rank : 4
        - update_proj_gap : 50
        - galore_scale : 1.0
        - proj_type : std
        - train_data : ./data/e2e/train.jsonl
        - valid_data : ./data/e2e/valid.jsonl
        - train_batch_size : 8
        - valid_batch_size : 4
        - grad_acc : 1
        - clip : 0.0
        - seq_len : 512
        - model_card : gpt2.md
        - init_checkpoint : ./pretrained_checkpoints/gpt2-medium-pytorch_model.bin
        - fp16 : False
        - log_interval : 100
        - eval_interval : 2000
        - save_interval : 1000
        - work_dir : ./trained_models/GPT2_M/e2e
        - lora_dim : 0
        - lora_alpha : 32
        - obj : clm
        - lora_dropout : 0.1
        - label_smooth : 0.1
        - roll_interval : -1
        - roll_lr : 1e-05
        - roll_step : 100
        - eval_epoch : 1
        - dist : <module 'torch.distributed' from '/home/ycyh/miniconda3/envs/LoRA/lib/python3.11/site-packages/torch/distributed/__init__.py'>
====================================================================================================
Experiment dir : ./trained_models/GPT2_M/e2e
loading model pretrained weight.
MoFaSGD 2D parameter count: 354.50M
Skipped 1D parameter count : 0.32M
set max_step: 26290
start to train the model................ 1
| epoch   1 step      100 |    100 batches | lr 0.0003 | ms/batch 2684.95 | loss  3.29 | avg loss  3.11 | ppl 22.41
| epoch   1 step      200 |    200 batches | lr 0.0003 | ms/batch 2688.56 | loss  2.79 | avg loss  2.80 | ppl 16.37
| epoch   1 step      300 |    300 batches | lr 0.0003 | ms/batch 2780.77 | loss  2.71 | avg loss  2.73 | ppl 15.27
| epoch   1 step      400 |    400 batches | lr 0.0003 | ms/batch 2802.11 | loss  2.80 | avg loss  2.72 | ppl 15.11
| epoch   1 step      500 |    500 batches | lr 0.0003 | ms/batch 2580.25 | loss  2.55 | avg loss  2.66 | ppl 14.26
| epoch   1 step      600 |    600 batches | lr 0.0003 | ms/batch 2793.63 | loss  2.57 | avg loss  2.62 | ppl 13.79
| epoch   1 step      700 |    700 batches | lr 0.0003 | ms/batch 2681.55 | loss  2.69 | avg loss  2.61 | ppl 13.57
| epoch   1 step      800 |    800 batches | lr 0.0003 | ms/batch 2629.43 | loss  2.30 | avg loss  2.58 | ppl 13.25
| epoch   1 step      900 |    900 batches | lr 0.0003 | ms/batch 2749.73 | loss  2.38 | avg loss  2.58 | ppl 13.18
| epoch   1 step     1000 |   1000 batches | lr 0.0003 | ms/batch 2463.69 | loss  2.99 | avg loss  2.60 | ppl 13.45
saving checkpoint ./trained_models/GPT2_M/e2e/model.1000.pt
/home/ycyh/miniconda3/envs/LoRA/lib/python3.11/site-packages/torch/distributed/distributed_c10d.py:4631: UserWarning: No device id is provided via `init_process_group` or `barrier `. Using the current device set by the user. 
  warnings.warn(  # warn only once
| epoch   1 step     1100 |   1100 batches | lr 0.0003 | ms/batch 2725.18 | loss  2.64 | avg loss  2.60 | ppl 13.49
| epoch   1 step     1200 |   1200 batches | lr 0.0003 | ms/batch 2493.77 | loss  2.46 | avg loss  2.60 | ppl 13.44
| epoch   1 step     1300 |   1300 batches | lr 0.0003 | ms/batch 2698.01 | loss  2.49 | avg loss  2.57 | ppl 13.12
| epoch   1 step     1400 |   1400 batches | lr 0.0003 | ms/batch 2644.36 | loss  2.54 | avg loss  2.57 | ppl 13.05
| epoch   1 step     1500 |   1500 batches | lr 0.0003 | ms/batch 2466.75 | loss  2.53 | avg loss  2.58 | ppl 13.26
| epoch   1 step     1600 |   1600 batches | lr 0.0003 | ms/batch 2650.03 | loss  2.62 | avg loss  2.55 | ppl 12.75
| epoch   1 step     1700 |   1700 batches | lr 0.0003 | ms/batch 2979.93 | loss  2.46 | avg loss  2.55 | ppl 12.84
| epoch   1 step     1800 |   1800 batches | lr 0.0003 | ms/batch 2798.23 | loss  2.42 | avg loss  2.55 | ppl 12.82
| epoch   1 step     1900 |   1900 batches | lr 0.0003 | ms/batch 2678.98 | loss  2.55 | avg loss  2.55 | ppl 12.87
| epoch   1 step     2000 |   2000 batches | lr 0.0003 | ms/batch 2793.30 | loss  2.40 | avg loss  2.54 | ppl 12.68
saving checkpoint ./trained_models/GPT2_M/e2e/model.2000.pt
/home/ycyh/miniconda3/envs/LoRA/lib/python3.11/site-packages/torch/nn/_reduction.py:51: UserWarning: size_average and reduce args will be deprecated, please use reduction='none' instead.
  warnings.warn(warning.format(ret))
eval samples: 0 loss: tensor(1.2384, device='cuda:0')
eval samples: 100 loss: tensor(0.8790, device='cuda:0')
eval samples: 200 loss: tensor(1.3274, device='cuda:0')
eval samples: 300 loss: tensor(1.1419, device='cuda:0')
eval samples: 400 loss: tensor(0.8703, device='cuda:0')
eval samples: 500 loss: tensor(0.7067, device='cuda:0')
eval samples: 600 loss: tensor(1.2665, device='cuda:0')
eval samples: 700 loss: tensor(0.7737, device='cuda:0')
eval samples: 800 loss: tensor(1.1965, device='cuda:0')
eval samples: 900 loss: tensor(1.7160, device='cuda:0')
eval samples: 1000 loss: tensor(1.1004, device='cuda:0')
eval samples: 1100 loss: tensor(1.4761, device='cuda:0')
average loss 1.2456323555479312
----------------------------------------------------------------------------------------------------
| Eval   1 at step     2000 | time: 359.95s | valid loss  1.25 | valid ppl  3.48 | best ppl  3.48 
----------------------------------------------------------------------------------------------------
| epoch   1 step     2100 |   2100 batches | lr 0.0003 | ms/batch 6446.63 | loss  2.55 | avg loss  2.54 | ppl 12.66
| epoch   1 step     2200 |   2200 batches | lr 0.0003 | ms/batch 2637.43 | loss  2.77 | avg loss  2.53 | ppl 12.58
| epoch   1 step     2300 |   2300 batches | lr 0.0003 | ms/batch 2656.09 | loss  2.49 | avg loss  2.53 | ppl 12.51
| epoch   1 step     2400 |   2400 batches | lr 0.0003 | ms/batch 2474.86 | loss  2.32 | avg loss  2.53 | ppl 12.55
| epoch   1 step     2500 |   2500 batches | lr 0.0003 | ms/batch 2454.22 | loss  2.73 | avg loss  2.55 | ppl 12.78
| epoch   1 step     2600 |   2600 batches | lr 0.0003 | ms/batch 2797.70 | loss  2.69 | avg loss  2.53 | ppl 12.59
| epoch   1 step     2700 |   2700 batches | lr 0.0003 | ms/batch 2625.89 | loss  2.59 | avg loss  2.52 | ppl 12.42
| epoch   1 step     2800 |   2800 batches | lr 0.0003 | ms/batch 2822.94 | loss  2.25 | avg loss  2.56 | ppl 12.88
| epoch   1 step     2900 |   2900 batches | lr 0.0003 | ms/batch 2828.67 | loss  2.73 | avg loss  2.54 | ppl 12.65
| epoch   1 step     3000 |   3000 batches | lr 0.0003 | ms/batch 2660.42 | loss  2.52 | avg loss  2.50 | ppl 12.21
saving checkpoint ./trained_models/GPT2_M/e2e/model.3000.pt
| epoch   1 step     3100 |   3100 batches | lr 0.0003 | ms/batch 2843.73 | loss  2.71 | avg loss  2.51 | ppl 12.25
| epoch   1 step     3200 |   3200 batches | lr 0.0003 | ms/batch 2697.46 | loss  2.57 | avg loss  2.54 | ppl 12.66
| epoch   1 step     3300 |   3300 batches | lr 0.0003 | ms/batch 2647.32 | loss  2.89 | avg loss  2.50 | ppl 12.19
| epoch   1 step     3400 |   3400 batches | lr 0.0003 | ms/batch 2796.47 | loss  2.45 | avg loss  2.50 | ppl 12.16
| epoch   1 step     3500 |   3500 batches | lr 0.0003 | ms/batch 2672.59 | loss  2.28 | avg loss  2.53 | ppl 12.58
| epoch   1 step     3600 |   3600 batches | lr 0.0003 | ms/batch 2775.05 | loss  2.41 | avg loss  2.53 | ppl 12.59
| epoch   1 step     3700 |   3700 batches | lr 0.0003 | ms/batch 2670.00 | loss  2.49 | avg loss  2.50 | ppl 12.21
| epoch   1 step     3800 |   3800 batches | lr 0.0003 | ms/batch 2707.07 | loss  2.47 | avg loss  2.46 | ppl 11.74
| epoch   1 step     3900 |   3900 batches | lr 0.0003 | ms/batch 2652.28 | loss  2.22 | avg loss  2.53 | ppl 12.60
| epoch   1 step     4000 |   4000 batches | lr 0.0003 | ms/batch 2528.21 | loss  2.52 | avg loss  2.54 | ppl 12.63
saving checkpoint ./trained_models/GPT2_M/e2e/model.4000.pt
eval samples: 0 loss: tensor(1.2042, device='cuda:0')
eval samples: 100 loss: tensor(0.9106, device='cuda:0')
eval samples: 200 loss: tensor(1.2893, device='cuda:0')
eval samples: 300 loss: tensor(1.1161, device='cuda:0')
eval samples: 400 loss: tensor(0.8854, device='cuda:0')
eval samples: 500 loss: tensor(0.6356, device='cuda:0')
eval samples: 600 loss: tensor(1.2293, device='cuda:0')
eval samples: 700 loss: tensor(0.7394, device='cuda:0')
eval samples: 800 loss: tensor(1.1327, device='cuda:0')
eval samples: 900 loss: tensor(1.7395, device='cuda:0')
eval samples: 1000 loss: tensor(1.0065, device='cuda:0')
eval samples: 1100 loss: tensor(1.4492, device='cuda:0')
average loss 1.2083330275363302
----------------------------------------------------------------------------------------------------
| Eval   2 at step     4000 | time: 358.63s | valid loss  1.21 | valid ppl  3.35 | best ppl  3.35 
----------------------------------------------------------------------------------------------------
| epoch   1 step     4100 |   4100 batches | lr 0.0003 | ms/batch 6504.38 | loss  2.60 | avg loss  2.49 | ppl 12.10
| epoch   1 step     4200 |   4200 batches | lr 0.0003 | ms/batch 2721.44 | loss  2.55 | avg loss  2.50 | ppl 12.19
| epoch   1 step     4300 |   4300 batches | lr 0.0003 | ms/batch 2788.82 | loss  2.32 | avg loss  2.46 | ppl 11.66
| epoch   1 step     4400 |   4400 batches | lr 0.0003 | ms/batch 2852.63 | loss  2.57 | avg loss  2.49 | ppl 12.02
| epoch   1 step     4500 |   4500 batches | lr 0.0003 | ms/batch 2861.53 | loss  2.65 | avg loss  2.51 | ppl 12.31
| epoch   1 step     4600 |   4600 batches | lr 0.0003 | ms/batch 2478.04 | loss  2.46 | avg loss  2.51 | ppl 12.30
| epoch   1 step     4700 |   4700 batches | lr 0.0003 | ms/batch 2816.50 | loss  2.30 | avg loss  2.50 | ppl 12.21
| epoch   1 step     4800 |   4800 batches | lr 0.0003 | ms/batch 2443.84 | loss  2.67 | avg loss  2.47 | ppl 11.86
| epoch   1 step     4900 |   4900 batches | lr 0.0003 | ms/batch 2838.11 | loss  2.57 | avg loss  2.49 | ppl 12.02
| epoch   1 step     5000 |   5000 batches | lr 0.0003 | ms/batch 2755.28 | loss  2.24 | avg loss  2.47 | ppl 11.77
saving checkpoint ./trained_models/GPT2_M/e2e/model.5000.pt
| epoch   1 step     5100 |   5100 batches | lr 0.0003 | ms/batch 2820.26 | loss  2.56 | avg loss  2.50 | ppl 12.19
| epoch   1 step     5200 |   5200 batches | lr 0.0003 | ms/batch 2837.03 | loss  2.68 | avg loss  2.49 | ppl 12.05
saving checkpoint ./trained_models/GPT2_M/e2e/model.5258.pt
start to train the model................ 2
| epoch   2 step     5300 |     42 batches | lr 0.0003 | ms/batch 708.74 | loss  2.36 | avg loss  2.43 | ppl 11.32
| epoch   2 step     5400 |    142 batches | lr 0.0003 | ms/batch 2744.64 | loss  2.47 | avg loss  2.48 | ppl 11.99
| epoch   2 step     5500 |    242 batches | lr 0.0003 | ms/batch 2654.53 | loss  2.48 | avg loss  2.47 | ppl 11.80
| epoch   2 step     5600 |    342 batches | lr 0.0003 | ms/batch 2670.58 | loss  2.14 | avg loss  2.48 | ppl 11.99
| epoch   2 step     5700 |    442 batches | lr 0.0003 | ms/batch 2625.07 | loss  2.43 | avg loss  2.48 | ppl 11.90
| epoch   2 step     5800 |    542 batches | lr 0.0003 | ms/batch 2922.25 | loss  2.50 | avg loss  2.45 | ppl 11.61
| epoch   2 step     5900 |    642 batches | lr 0.0003 | ms/batch 2588.67 | loss  2.56 | avg loss  2.48 | ppl 11.96
| epoch   2 step     6000 |    742 batches | lr 0.0003 | ms/batch 2459.89 | loss  2.24 | avg loss  2.44 | ppl 11.49
saving checkpoint ./trained_models/GPT2_M/e2e/model.6000.pt
eval samples: 0 loss: tensor(1.1665, device='cuda:0')
eval samples: 100 loss: tensor(0.8842, device='cuda:0')
eval samples: 200 loss: tensor(1.1703, device='cuda:0')
eval samples: 300 loss: tensor(1.0894, device='cuda:0')
eval samples: 400 loss: tensor(0.8820, device='cuda:0')
eval samples: 500 loss: tensor(0.5923, device='cuda:0')
eval samples: 600 loss: tensor(1.2207, device='cuda:0')
eval samples: 700 loss: tensor(0.7234, device='cuda:0')
eval samples: 800 loss: tensor(1.1538, device='cuda:0')
eval samples: 900 loss: tensor(1.7287, device='cuda:0')
eval samples: 1000 loss: tensor(0.9657, device='cuda:0')
eval samples: 1100 loss: tensor(1.4350, device='cuda:0')
average loss 1.1762625263008761
----------------------------------------------------------------------------------------------------
| Eval   3 at step     6000 | time: 357.58s | valid loss  1.18 | valid ppl  3.24 | best ppl  3.24 
----------------------------------------------------------------------------------------------------
| epoch   2 step     6100 |    842 batches | lr 0.0003 | ms/batch 6233.19 | loss  2.25 | avg loss  2.47 | ppl 11.80
| epoch   2 step     6200 |    942 batches | lr 0.0003 | ms/batch 2729.22 | loss  2.31 | avg loss  2.47 | ppl 11.84
| epoch   2 step     6300 |   1042 batches | lr 0.0003 | ms/batch 2842.99 | loss  2.65 | avg loss  2.47 | ppl 11.81
| epoch   2 step     6400 |   1142 batches | lr 0.0003 | ms/batch 2657.38 | loss  2.27 | avg loss  2.46 | ppl 11.74
| epoch   2 step     6500 |   1242 batches | lr 0.0003 | ms/batch 2670.64 | loss  2.33 | avg loss  2.49 | ppl 12.02
| epoch   2 step     6600 |   1342 batches | lr 0.0003 | ms/batch 2798.94 | loss  2.70 | avg loss  2.46 | ppl 11.73
| epoch   2 step     6700 |   1442 batches | lr 0.0003 | ms/batch 2560.78 | loss  2.41 | avg loss  2.47 | ppl 11.82
| epoch   2 step     6800 |   1542 batches | lr 0.0003 | ms/batch 2645.75 | loss  2.40 | avg loss  2.48 | ppl 11.91
| epoch   2 step     6900 |   1642 batches | lr 0.0003 | ms/batch 2672.33 | loss  2.38 | avg loss  2.42 | ppl 11.21
| epoch   2 step     7000 |   1742 batches | lr 0.0003 | ms/batch 2646.20 | loss  2.59 | avg loss  2.47 | ppl 11.86
saving checkpoint ./trained_models/GPT2_M/e2e/model.7000.pt
| epoch   2 step     7100 |   1842 batches | lr 0.0003 | ms/batch 2763.12 | loss  2.59 | avg loss  2.46 | ppl 11.69
| epoch   2 step     7200 |   1942 batches | lr 0.0003 | ms/batch 2480.77 | loss  2.54 | avg loss  2.46 | ppl 11.68
| epoch   2 step     7300 |   2042 batches | lr 0.0003 | ms/batch 2667.15 | loss  2.32 | avg loss  2.43 | ppl 11.41
| epoch   2 step     7400 |   2142 batches | lr 0.0003 | ms/batch 2823.90 | loss  2.77 | avg loss  2.43 | ppl 11.39
| epoch   2 step     7500 |   2242 batches | lr 0.0003 | ms/batch 2753.66 | loss  2.61 | avg loss  2.48 | ppl 11.99
| epoch   2 step     7600 |   2342 batches | lr 0.0003 | ms/batch 2874.11 | loss  2.25 | avg loss  2.44 | ppl 11.46
| epoch   2 step     7700 |   2442 batches | lr 0.0003 | ms/batch 2713.42 | loss  2.67 | avg loss  2.44 | ppl 11.48
| epoch   2 step     7800 |   2542 batches | lr 0.0003 | ms/batch 2561.38 | loss  2.47 | avg loss  2.43 | ppl 11.35
| epoch   2 step     7900 |   2642 batches | lr 0.0003 | ms/batch 2693.13 | loss  2.74 | avg loss  2.47 | ppl 11.79
| epoch   2 step     8000 |   2742 batches | lr 0.0003 | ms/batch 2663.86 | loss  2.50 | avg loss  2.48 | ppl 11.95
saving checkpoint ./trained_models/GPT2_M/e2e/model.8000.pt
eval samples: 0 loss: tensor(1.1687, device='cuda:0')
eval samples: 100 loss: tensor(0.9091, device='cuda:0')
eval samples: 200 loss: tensor(1.2128, device='cuda:0')
eval samples: 300 loss: tensor(1.0784, device='cuda:0')
eval samples: 400 loss: tensor(0.8783, device='cuda:0')
eval samples: 500 loss: tensor(0.6366, device='cuda:0')
eval samples: 600 loss: tensor(1.1954, device='cuda:0')
eval samples: 700 loss: tensor(0.7162, device='cuda:0')
eval samples: 800 loss: tensor(1.1316, device='cuda:0')
eval samples: 900 loss: tensor(1.7091, device='cuda:0')
eval samples: 1000 loss: tensor(0.9515, device='cuda:0')
eval samples: 1100 loss: tensor(1.3871, device='cuda:0')
average loss 1.1822998180781326
----------------------------------------------------------------------------------------------------
| Eval   4 at step     8000 | time: 359.28s | valid loss  1.18 | valid ppl  3.26 | best ppl  3.24 
----------------------------------------------------------------------------------------------------
| epoch   2 step     8100 |   2842 batches | lr 0.0003 | ms/batch 6549.48 | loss  2.34 | avg loss  2.44 | ppl 11.49
| epoch   2 step     8200 |   2942 batches | lr 0.0003 | ms/batch 2592.73 | loss  2.57 | avg loss  2.49 | ppl 12.11
| epoch   2 step     8300 |   3042 batches | lr 0.0003 | ms/batch 2847.46 | loss  2.35 | avg loss  2.46 | ppl 11.72
| epoch   2 step     8400 |   3142 batches | lr 0.0003 | ms/batch 2623.33 | loss  2.50 | avg loss  2.45 | ppl 11.54
| epoch   2 step     8500 |   3242 batches | lr 0.0003 | ms/batch 2666.99 | loss  2.37 | avg loss  2.45 | ppl 11.64
| epoch   2 step     8600 |   3342 batches | lr 0.0003 | ms/batch 2795.88 | loss  2.40 | avg loss  2.44 | ppl 11.44
| epoch   2 step     8700 |   3442 batches | lr 0.0003 | ms/batch 2745.36 | loss  2.72 | avg loss  2.44 | ppl 11.46
| epoch   2 step     8800 |   3542 batches | lr 0.0003 | ms/batch 2647.50 | loss  2.37 | avg loss  2.44 | ppl 11.50
| epoch   2 step     8900 |   3642 batches | lr 0.0003 | ms/batch 2603.94 | loss  2.52 | avg loss  2.46 | ppl 11.74
| epoch   2 step     9000 |   3742 batches | lr 0.0003 | ms/batch 2678.30 | loss  2.45 | avg loss  2.45 | ppl 11.63
saving checkpoint ./trained_models/GPT2_M/e2e/model.9000.pt
| epoch   2 step     9100 |   3842 batches | lr 0.0003 | ms/batch 2942.06 | loss  2.40 | avg loss  2.45 | ppl 11.58
| epoch   2 step     9200 |   3942 batches | lr 0.0003 | ms/batch 2738.75 | loss  2.55 | avg loss  2.45 | ppl 11.58
| epoch   2 step     9300 |   4042 batches | lr 0.0003 | ms/batch 2716.69 | loss  2.46 | avg loss  2.46 | ppl 11.71
| epoch   2 step     9400 |   4142 batches | lr 0.0003 | ms/batch 2645.89 | loss  2.50 | avg loss  2.45 | ppl 11.58
| epoch   2 step     9500 |   4242 batches | lr 0.0003 | ms/batch 2746.26 | loss  2.47 | avg loss  2.45 | ppl 11.57
| epoch   2 step     9600 |   4342 batches | lr 0.0003 | ms/batch 2601.32 | loss  2.80 | avg loss  2.46 | ppl 11.68
| epoch   2 step     9700 |   4442 batches | lr 0.0003 | ms/batch 2679.18 | loss  2.22 | avg loss  2.44 | ppl 11.52
| epoch   2 step     9800 |   4542 batches | lr 0.0003 | ms/batch 2668.11 | loss  2.45 | avg loss  2.44 | ppl 11.48
| epoch   2 step     9900 |   4642 batches | lr 0.0003 | ms/batch 2647.20 | loss  2.13 | avg loss  2.43 | ppl 11.32
| epoch   2 step    10000 |   4742 batches | lr 0.0003 | ms/batch 2790.75 | loss  2.51 | avg loss  2.46 | ppl 11.71
saving checkpoint ./trained_models/GPT2_M/e2e/model.10000.pt
eval samples: 0 loss: tensor(1.1239, device='cuda:0')
eval samples: 100 loss: tensor(0.8788, device='cuda:0')
eval samples: 200 loss: tensor(1.1805, device='cuda:0')
eval samples: 300 loss: tensor(1.0398, device='cuda:0')
eval samples: 400 loss: tensor(0.8455, device='cuda:0')
eval samples: 500 loss: tensor(0.5652, device='cuda:0')
eval samples: 600 loss: tensor(1.1827, device='cuda:0')
eval samples: 700 loss: tensor(0.6592, device='cuda:0')
eval samples: 800 loss: tensor(1.1648, device='cuda:0')
eval samples: 900 loss: tensor(1.6669, device='cuda:0')
eval samples: 1000 loss: tensor(0.9270, device='cuda:0')
eval samples: 1100 loss: tensor(1.4254, device='cuda:0')
average loss 1.1471929871668554
----------------------------------------------------------------------------------------------------
| Eval   5 at step    10000 | time: 360.43s | valid loss  1.15 | valid ppl  3.15 | best ppl  3.15 
----------------------------------------------------------------------------------------------------
| epoch   2 step    10100 |   4842 batches | lr 0.0003 | ms/batch 6309.37 | loss  2.26 | avg loss  2.45 | ppl 11.57
| epoch   2 step    10200 |   4942 batches | lr 0.0003 | ms/batch 2651.54 | loss  2.39 | avg loss  2.45 | ppl 11.61
| epoch   2 step    10300 |   5042 batches | lr 0.0003 | ms/batch 2539.28 | loss  2.70 | avg loss  2.44 | ppl 11.46
| epoch   2 step    10400 |   5142 batches | lr 0.0003 | ms/batch 2705.89 | loss  2.60 | avg loss  2.44 | ppl 11.44
| epoch   2 step    10500 |   5242 batches | lr 0.0003 | ms/batch 2635.64 | loss  2.37 | avg loss  2.42 | ppl 11.24
saving checkpoint ./trained_models/GPT2_M/e2e/model.10516.pt
start to train the model................ 3
| epoch   3 step    10600 |     84 batches | lr 0.0003 | ms/batch 2024.49 | loss  2.10 | avg loss  2.42 | ppl 11.26
| epoch   3 step    10700 |    184 batches | lr 0.0003 | ms/batch 2754.12 | loss  2.48 | avg loss  2.44 | ppl 11.43
| epoch   3 step    10800 |    284 batches | lr 0.0003 | ms/batch 2811.23 | loss  2.60 | avg loss  2.42 | ppl 11.27
| epoch   3 step    10900 |    384 batches | lr 0.0003 | ms/batch 2811.80 | loss  2.71 | avg loss  2.42 | ppl 11.25
| epoch   3 step    11000 |    484 batches | lr 0.0003 | ms/batch 2862.09 | loss  2.56 | avg loss  2.43 | ppl 11.31
saving checkpoint ./trained_models/GPT2_M/e2e/model.11000.pt
| epoch   3 step    11100 |    584 batches | lr 0.0003 | ms/batch 3021.32 | loss  2.51 | avg loss  2.48 | ppl 11.88
| epoch   3 step    11200 |    684 batches | lr 0.0003 | ms/batch 2779.94 | loss  2.44 | avg loss  2.43 | ppl 11.31
| epoch   3 step    11300 |    784 batches | lr 0.0003 | ms/batch 2625.58 | loss  2.46 | avg loss  2.44 | ppl 11.52
| epoch   3 step    11400 |    884 batches | lr 0.0003 | ms/batch 2491.32 | loss  2.36 | avg loss  2.43 | ppl 11.39
| epoch   3 step    11500 |    984 batches | lr 0.0003 | ms/batch 2863.71 | loss  2.19 | avg loss  2.43 | ppl 11.41
| epoch   3 step    11600 |   1084 batches | lr 0.0003 | ms/batch 2884.68 | loss  2.12 | avg loss  2.40 | ppl 11.00
| epoch   3 step    11700 |   1184 batches | lr 0.0003 | ms/batch 2381.57 | loss  2.28 | avg loss  2.42 | ppl 11.26
| epoch   3 step    11800 |   1284 batches | lr 0.0003 | ms/batch 2821.01 | loss  2.40 | avg loss  2.40 | ppl 10.99
| epoch   3 step    11900 |   1384 batches | lr 0.0003 | ms/batch 2701.66 | loss  2.35 | avg loss  2.40 | ppl 11.07
| epoch   3 step    12000 |   1484 batches | lr 0.0003 | ms/batch 2639.48 | loss  2.47 | avg loss  2.42 | ppl 11.25
saving checkpoint ./trained_models/GPT2_M/e2e/model.12000.pt
eval samples: 0 loss: tensor(1.1625, device='cuda:0')
eval samples: 100 loss: tensor(0.8549, device='cuda:0')
eval samples: 200 loss: tensor(1.1876, device='cuda:0')
eval samples: 300 loss: tensor(1.0889, device='cuda:0')
eval samples: 400 loss: tensor(0.8798, device='cuda:0')
eval samples: 500 loss: tensor(0.5594, device='cuda:0')
eval samples: 600 loss: tensor(1.2510, device='cuda:0')
eval samples: 700 loss: tensor(0.6656, device='cuda:0')
eval samples: 800 loss: tensor(1.1366, device='cuda:0')
eval samples: 900 loss: tensor(1.6766, device='cuda:0')
eval samples: 1000 loss: tensor(0.9037, device='cuda:0')
eval samples: 1100 loss: tensor(1.4191, device='cuda:0')
average loss 1.1578863744356045
----------------------------------------------------------------------------------------------------
| Eval   6 at step    12000 | time: 360.70s | valid loss  1.16 | valid ppl  3.18 | best ppl  3.18 
----------------------------------------------------------------------------------------------------
| epoch   3 step    12100 |   1584 batches | lr 0.0003 | ms/batch 6630.16 | loss  2.38 | avg loss  2.44 | ppl 11.46
| epoch   3 step    12200 |   1684 batches | lr 0.0003 | ms/batch 2804.92 | loss  2.33 | avg loss  2.45 | ppl 11.56
| epoch   3 step    12300 |   1784 batches | lr 0.0003 | ms/batch 2790.19 | loss  2.40 | avg loss  2.44 | ppl 11.43
| epoch   3 step    12400 |   1884 batches | lr 0.0003 | ms/batch 2652.24 | loss  2.47 | avg loss  2.40 | ppl 11.04
| epoch   3 step    12500 |   1984 batches | lr 0.0003 | ms/batch 2823.02 | loss  2.66 | avg loss  2.43 | ppl 11.32
| epoch   3 step    12600 |   2084 batches | lr 0.0003 | ms/batch 2645.53 | loss  2.71 | avg loss  2.37 | ppl 10.75
| epoch   3 step    12700 |   2184 batches | lr 0.0003 | ms/batch 2717.49 | loss  2.26 | avg loss  2.42 | ppl 11.25
| epoch   3 step    12800 |   2284 batches | lr 0.0003 | ms/batch 2873.34 | loss  2.50 | avg loss  2.42 | ppl 11.30
| epoch   3 step    12900 |   2384 batches | lr 0.0003 | ms/batch 2607.83 | loss  2.32 | avg loss  2.42 | ppl 11.29
| epoch   3 step    13000 |   2484 batches | lr 0.0003 | ms/batch 2610.70 | loss  2.88 | avg loss  2.44 | ppl 11.53
saving checkpoint ./trained_models/GPT2_M/e2e/model.13000.pt
| epoch   3 step    13100 |   2584 batches | lr 0.0003 | ms/batch 2845.21 | loss  2.26 | avg loss  2.40 | ppl 11.03
| epoch   3 step    13200 |   2684 batches | lr 0.0003 | ms/batch 2692.03 | loss  2.36 | avg loss  2.45 | ppl 11.62
| epoch   3 step    13300 |   2784 batches | lr 0.0003 | ms/batch 2560.91 | loss  2.35 | avg loss  2.40 | ppl 11.05
| epoch   3 step    13400 |   2884 batches | lr 0.0003 | ms/batch 2830.65 | loss  2.52 | avg loss  2.41 | ppl 11.13
| epoch   3 step    13500 |   2984 batches | lr 0.0003 | ms/batch 2890.48 | loss  2.81 | avg loss  2.44 | ppl 11.51
| epoch   3 step    13600 |   3084 batches | lr 0.0003 | ms/batch 2566.93 | loss  2.23 | avg loss  2.43 | ppl 11.37
| epoch   3 step    13700 |   3184 batches | lr 0.0003 | ms/batch 2782.08 | loss  2.58 | avg loss  2.46 | ppl 11.71
| epoch   3 step    13800 |   3284 batches | lr 0.0003 | ms/batch 2668.81 | loss  2.22 | avg loss  2.40 | ppl 11.00
| epoch   3 step    13900 |   3384 batches | lr 0.0003 | ms/batch 2870.61 | loss  2.74 | avg loss  2.44 | ppl 11.51
| epoch   3 step    14000 |   3484 batches | lr 0.0003 | ms/batch 2827.92 | loss  2.59 | avg loss  2.45 | ppl 11.59
saving checkpoint ./trained_models/GPT2_M/e2e/model.14000.pt
eval samples: 0 loss: tensor(1.0540, device='cuda:0')
eval samples: 100 loss: tensor(0.8226, device='cuda:0')
eval samples: 200 loss: tensor(1.1458, device='cuda:0')
eval samples: 300 loss: tensor(1.0436, device='cuda:0')
eval samples: 400 loss: tensor(0.8427, device='cuda:0')
eval samples: 500 loss: tensor(0.5467, device='cuda:0')
eval samples: 600 loss: tensor(1.2023, device='cuda:0')
eval samples: 700 loss: tensor(0.6836, device='cuda:0')
eval samples: 800 loss: tensor(1.0977, device='cuda:0')
eval samples: 900 loss: tensor(1.6750, device='cuda:0')
eval samples: 1000 loss: tensor(0.9007, device='cuda:0')
eval samples: 1100 loss: tensor(1.4064, device='cuda:0')
average loss 1.1383497914784166
----------------------------------------------------------------------------------------------------
| Eval   7 at step    14000 | time: 349.78s | valid loss  1.14 | valid ppl  3.12 | best ppl  3.12 
----------------------------------------------------------------------------------------------------
| epoch   3 step    14100 |   3584 batches | lr 0.0003 | ms/batch 6287.63 | loss  2.49 | avg loss  2.38 | ppl 10.82
| epoch   3 step    14200 |   3684 batches | lr 0.0003 | ms/batch 2856.30 | loss  2.39 | avg loss  2.40 | ppl 11.07
| epoch   3 step    14300 |   3784 batches | lr 0.0003 | ms/batch 2808.56 | loss  2.65 | avg loss  2.40 | ppl 11.07
| epoch   3 step    14400 |   3884 batches | lr 0.0003 | ms/batch 2623.37 | loss  2.17 | avg loss  2.42 | ppl 11.20
| epoch   3 step    14500 |   3984 batches | lr 0.0003 | ms/batch 2580.13 | loss  2.29 | avg loss  2.42 | ppl 11.29
| epoch   3 step    14600 |   4084 batches | lr 0.0003 | ms/batch 2657.04 | loss  2.45 | avg loss  2.43 | ppl 11.41
| epoch   3 step    14700 |   4184 batches | lr 0.0003 | ms/batch 2835.89 | loss  2.41 | avg loss  2.40 | ppl 11.05
| epoch   3 step    14800 |   4284 batches | lr 0.0003 | ms/batch 2768.68 | loss  2.41 | avg loss  2.44 | ppl 11.45
| epoch   3 step    14900 |   4384 batches | lr 0.0003 | ms/batch 2788.10 | loss  2.41 | avg loss  2.41 | ppl 11.19
| epoch   3 step    15000 |   4484 batches | lr 0.0003 | ms/batch 2666.06 | loss  2.69 | avg loss  2.44 | ppl 11.49
saving checkpoint ./trained_models/GPT2_M/e2e/model.15000.pt
| epoch   3 step    15100 |   4584 batches | lr 0.0003 | ms/batch 2906.69 | loss  2.27 | avg loss  2.41 | ppl 11.18
| epoch   3 step    15200 |   4684 batches | lr 0.0003 | ms/batch 2755.02 | loss  2.40 | avg loss  2.41 | ppl 11.12
| epoch   3 step    15300 |   4784 batches | lr 0.0003 | ms/batch 2676.74 | loss  2.37 | avg loss  2.44 | ppl 11.53
| epoch   3 step    15400 |   4884 batches | lr 0.0003 | ms/batch 2772.99 | loss  2.30 | avg loss  2.42 | ppl 11.28
| epoch   3 step    15500 |   4984 batches | lr 0.0003 | ms/batch 2618.40 | loss  2.36 | avg loss  2.42 | ppl 11.29
| epoch   3 step    15600 |   5084 batches | lr 0.0003 | ms/batch 2472.57 | loss  2.49 | avg loss  2.41 | ppl 11.15
| epoch   3 step    15700 |   5184 batches | lr 0.0003 | ms/batch 2639.38 | loss  2.42 | avg loss  2.39 | ppl 10.96
saving checkpoint ./trained_models/GPT2_M/e2e/model.15774.pt
start to train the model................ 4
| epoch   4 step    15800 |     26 batches | lr 0.0003 | ms/batch 440.88 | loss  2.27 | avg loss  2.39 | ppl 10.87
| epoch   4 step    15900 |    126 batches | lr 0.0003 | ms/batch 2632.06 | loss  2.30 | avg loss  2.40 | ppl 10.99
| epoch   4 step    16000 |    226 batches | lr 0.0003 | ms/batch 2679.99 | loss  2.42 | avg loss  2.42 | ppl 11.20
saving checkpoint ./trained_models/GPT2_M/e2e/model.16000.pt
eval samples: 0 loss: tensor(1.1114, device='cuda:0')
eval samples: 100 loss: tensor(0.8342, device='cuda:0')
eval samples: 200 loss: tensor(1.1217, device='cuda:0')
eval samples: 300 loss: tensor(1.0692, device='cuda:0')
eval samples: 400 loss: tensor(0.8387, device='cuda:0')
eval samples: 500 loss: tensor(0.5449, device='cuda:0')
eval samples: 600 loss: tensor(1.2150, device='cuda:0')
eval samples: 700 loss: tensor(0.6254, device='cuda:0')
eval samples: 800 loss: tensor(1.1519, device='cuda:0')
eval samples: 900 loss: tensor(1.6833, device='cuda:0')
eval samples: 1000 loss: tensor(0.8925, device='cuda:0')
eval samples: 1100 loss: tensor(1.4169, device='cuda:0')
average loss 1.1391492015235636
----------------------------------------------------------------------------------------------------
| Eval   8 at step    16000 | time: 360.23s | valid loss  1.14 | valid ppl  3.12 | best ppl  3.12 
----------------------------------------------------------------------------------------------------
| epoch   4 step    16100 |    326 batches | lr 0.0003 | ms/batch 6271.53 | loss  2.59 | avg loss  2.39 | ppl 10.89
| epoch   4 step    16200 |    426 batches | lr 0.0003 | ms/batch 2831.59 | loss  2.36 | avg loss  2.40 | ppl 11.01
| epoch   4 step    16300 |    526 batches | lr 0.0003 | ms/batch 2732.23 | loss  2.68 | avg loss  2.39 | ppl 10.86
| epoch   4 step    16400 |    626 batches | lr 0.0003 | ms/batch 2840.11 | loss  2.85 | avg loss  2.40 | ppl 11.00
| epoch   4 step    16500 |    726 batches | lr 0.0003 | ms/batch 2460.23 | loss  2.55 | avg loss  2.42 | ppl 11.29
| epoch   4 step    16600 |    826 batches | lr 0.0003 | ms/batch 2783.46 | loss  2.58 | avg loss  2.40 | ppl 10.97
| epoch   4 step    16700 |    926 batches | lr 0.0003 | ms/batch 2812.16 | loss  2.53 | avg loss  2.41 | ppl 11.13
| epoch   4 step    16800 |   1026 batches | lr 0.0003 | ms/batch 2617.60 | loss  2.42 | avg loss  2.40 | ppl 11.05
| epoch   4 step    16900 |   1126 batches | lr 0.0003 | ms/batch 2702.82 | loss  2.14 | avg loss  2.38 | ppl 10.79
| epoch   4 step    17000 |   1226 batches | lr 0.0003 | ms/batch 2728.53 | loss  2.30 | avg loss  2.38 | ppl 10.84
saving checkpoint ./trained_models/GPT2_M/e2e/model.17000.pt
| epoch   4 step    17100 |   1326 batches | lr 0.0003 | ms/batch 2809.26 | loss  2.57 | avg loss  2.43 | ppl 11.36
| epoch   4 step    17200 |   1426 batches | lr 0.0003 | ms/batch 2772.52 | loss  2.32 | avg loss  2.38 | ppl 10.78
| epoch   4 step    17300 |   1526 batches | lr 0.0003 | ms/batch 2550.54 | loss  2.26 | avg loss  2.41 | ppl 11.11
| epoch   4 step    17400 |   1626 batches | lr 0.0003 | ms/batch 2742.28 | loss  2.24 | avg loss  2.41 | ppl 11.16
| epoch   4 step    17500 |   1726 batches | lr 0.0003 | ms/batch 2798.18 | loss  2.63 | avg loss  2.42 | ppl 11.21
| epoch   4 step    17600 |   1826 batches | lr 0.0003 | ms/batch 2861.25 | loss  2.70 | avg loss  2.42 | ppl 11.25
| epoch   4 step    17700 |   1926 batches | lr 0.0003 | ms/batch 2702.86 | loss  2.31 | avg loss  2.39 | ppl 10.93
| epoch   4 step    17800 |   2026 batches | lr 0.0003 | ms/batch 2672.60 | loss  2.62 | avg loss  2.43 | ppl 11.36
| epoch   4 step    17900 |   2126 batches | lr 0.0003 | ms/batch 2728.45 | loss  2.39 | avg loss  2.39 | ppl 10.96
| epoch   4 step    18000 |   2226 batches | lr 0.0003 | ms/batch 2668.46 | loss  2.92 | avg loss  2.40 | ppl 11.03
saving checkpoint ./trained_models/GPT2_M/e2e/model.18000.pt
eval samples: 0 loss: tensor(1.0658, device='cuda:0')
eval samples: 100 loss: tensor(0.8263, device='cuda:0')
eval samples: 200 loss: tensor(1.1637, device='cuda:0')
eval samples: 300 loss: tensor(1.0552, device='cuda:0')
eval samples: 400 loss: tensor(0.8332, device='cuda:0')
eval samples: 500 loss: tensor(0.5645, device='cuda:0')
eval samples: 600 loss: tensor(1.2249, device='cuda:0')
eval samples: 700 loss: tensor(0.6452, device='cuda:0')
eval samples: 800 loss: tensor(1.1410, device='cuda:0')
eval samples: 900 loss: tensor(1.6607, device='cuda:0')
eval samples: 1000 loss: tensor(0.9194, device='cuda:0')
eval samples: 1100 loss: tensor(1.4371, device='cuda:0')
average loss 1.141185318668411
----------------------------------------------------------------------------------------------------
| Eval   9 at step    18000 | time: 360.37s | valid loss  1.14 | valid ppl  3.13 | best ppl  3.12 
----------------------------------------------------------------------------------------------------
| epoch   4 step    18100 |   2326 batches | lr 0.0003 | ms/batch 6174.65 | loss  2.52 | avg loss  2.39 | ppl 10.92
| epoch   4 step    18200 |   2426 batches | lr 0.0003 | ms/batch 2840.75 | loss  2.32 | avg loss  2.41 | ppl 11.09
| epoch   4 step    18300 |   2526 batches | lr 0.0003 | ms/batch 2620.44 | loss  2.32 | avg loss  2.41 | ppl 11.10
| epoch   4 step    18400 |   2626 batches | lr 0.0003 | ms/batch 2850.95 | loss  2.53 | avg loss  2.39 | ppl 10.93
| epoch   4 step    18500 |   2726 batches | lr 0.0003 | ms/batch 2690.36 | loss  2.43 | avg loss  2.38 | ppl 10.78
| epoch   4 step    18600 |   2826 batches | lr 0.0003 | ms/batch 2495.72 | loss  2.21 | avg loss  2.42 | ppl 11.25
| epoch   4 step    18700 |   2926 batches | lr 0.0003 | ms/batch 2868.82 | loss  2.18 | avg loss  2.38 | ppl 10.84
| epoch   4 step    18800 |   3026 batches | lr 0.0003 | ms/batch 2803.45 | loss  2.21 | avg loss  2.41 | ppl 11.18
| epoch   4 step    18900 |   3126 batches | lr 0.0003 | ms/batch 2553.68 | loss  2.36 | avg loss  2.40 | ppl 11.04
| epoch   4 step    19000 |   3226 batches | lr 0.0003 | ms/batch 2657.27 | loss  2.67 | avg loss  2.41 | ppl 11.14
saving checkpoint ./trained_models/GPT2_M/e2e/model.19000.pt
| epoch   4 step    19100 |   3326 batches | lr 0.0003 | ms/batch 2970.65 | loss  2.56 | avg loss  2.39 | ppl 10.93
| epoch   4 step    19200 |   3426 batches | lr 0.0003 | ms/batch 2574.86 | loss  2.51 | avg loss  2.38 | ppl 10.82
| epoch   4 step    19300 |   3526 batches | lr 0.0003 | ms/batch 2676.03 | loss  2.46 | avg loss  2.42 | ppl 11.20
| epoch   4 step    19400 |   3626 batches | lr 0.0003 | ms/batch 2765.70 | loss  2.50 | avg loss  2.40 | ppl 10.98
| epoch   4 step    19500 |   3726 batches | lr 0.0003 | ms/batch 2648.88 | loss  2.18 | avg loss  2.39 | ppl 10.96
| epoch   4 step    19600 |   3826 batches | lr 0.0003 | ms/batch 2675.43 | loss  2.57 | avg loss  2.41 | ppl 11.09
| epoch   4 step    19700 |   3926 batches | lr 0.0003 | ms/batch 2893.90 | loss  2.50 | avg loss  2.40 | ppl 11.00
| epoch   4 step    19800 |   4026 batches | lr 0.0003 | ms/batch 2540.85 | loss  2.42 | avg loss  2.40 | ppl 11.03
| epoch   4 step    19900 |   4126 batches | lr 0.0003 | ms/batch 2793.41 | loss  2.24 | avg loss  2.43 | ppl 11.35
| epoch   4 step    20000 |   4226 batches | lr 0.0003 | ms/batch 2730.35 | loss  2.30 | avg loss  2.40 | ppl 11.07
saving checkpoint ./trained_models/GPT2_M/e2e/model.20000.pt
eval samples: 0 loss: tensor(1.1563, device='cuda:0')
eval samples: 100 loss: tensor(0.8613, device='cuda:0')
eval samples: 200 loss: tensor(1.1518, device='cuda:0')
eval samples: 300 loss: tensor(1.0649, device='cuda:0')
eval samples: 400 loss: tensor(0.8233, device='cuda:0')
eval samples: 500 loss: tensor(0.5561, device='cuda:0')
eval samples: 600 loss: tensor(1.1990, device='cuda:0')
eval samples: 700 loss: tensor(0.6599, device='cuda:0')
eval samples: 800 loss: tensor(1.1305, device='cuda:0')
eval samples: 900 loss: tensor(1.6112, device='cuda:0')
eval samples: 1000 loss: tensor(0.9291, device='cuda:0')
eval samples: 1100 loss: tensor(1.3714, device='cuda:0')
average loss 1.137932581469825
----------------------------------------------------------------------------------------------------
| Eval  10 at step    20000 | time: 360.01s | valid loss  1.14 | valid ppl  3.12 | best ppl  3.12 
----------------------------------------------------------------------------------------------------
| epoch   4 step    20100 |   4326 batches | lr 0.0003 | ms/batch 6198.36 | loss  2.28 | avg loss  2.39 | ppl 10.92
| epoch   4 step    20200 |   4426 batches | lr 0.0003 | ms/batch 2765.29 | loss  2.39 | avg loss  2.41 | ppl 11.12
| epoch   4 step    20300 |   4526 batches | lr 0.0003 | ms/batch 2677.21 | loss  2.45 | avg loss  2.43 | ppl 11.31
| epoch   4 step    20400 |   4626 batches | lr 0.0003 | ms/batch 2797.84 | loss  2.39 | avg loss  2.40 | ppl 11.03
| epoch   4 step    20500 |   4726 batches | lr 0.0003 | ms/batch 2642.27 | loss  2.59 | avg loss  2.38 | ppl 10.80
| epoch   4 step    20600 |   4826 batches | lr 0.0003 | ms/batch 2706.97 | loss  2.51 | avg loss  2.42 | ppl 11.26
| epoch   4 step    20700 |   4926 batches | lr 0.0003 | ms/batch 2593.25 | loss  2.48 | avg loss  2.39 | ppl 10.94
| epoch   4 step    20800 |   5026 batches | lr 0.0003 | ms/batch 2883.21 | loss  2.20 | avg loss  2.42 | ppl 11.21
| epoch   4 step    20900 |   5126 batches | lr 0.0003 | ms/batch 2912.60 | loss  2.32 | avg loss  2.39 | ppl 10.91
| epoch   4 step    21000 |   5226 batches | lr 0.0003 | ms/batch 2792.48 | loss  2.23 | avg loss  2.39 | ppl 10.93
saving checkpoint ./trained_models/GPT2_M/e2e/model.21000.pt
saving checkpoint ./trained_models/GPT2_M/e2e/model.21032.pt
start to train the model................ 5
| epoch   5 step    21100 |     68 batches | lr 0.0003 | ms/batch 1590.50 | loss  2.55 | avg loss  2.40 | ppl 11.07
| epoch   5 step    21200 |    168 batches | lr 0.0003 | ms/batch 2696.79 | loss  2.52 | avg loss  2.35 | ppl 10.50
| epoch   5 step    21300 |    268 batches | lr 0.0003 | ms/batch 2687.57 | loss  2.21 | avg loss  2.40 | ppl 11.02
| epoch   5 step    21400 |    368 batches | lr 0.0003 | ms/batch 2585.32 | loss  2.46 | avg loss  2.39 | ppl 10.92
| epoch   5 step    21500 |    468 batches | lr 0.0003 | ms/batch 2885.55 | loss  2.58 | avg loss  2.40 | ppl 11.01
| epoch   5 step    21600 |    568 batches | lr 0.0003 | ms/batch 2653.54 | loss  2.65 | avg loss  2.36 | ppl 10.59
| epoch   5 step    21700 |    668 batches | lr 0.0003 | ms/batch 2731.15 | loss  2.72 | avg loss  2.39 | ppl 10.93
| epoch   5 step    21800 |    768 batches | lr 0.0003 | ms/batch 2870.35 | loss  2.34 | avg loss  2.41 | ppl 11.09
| epoch   5 step    21900 |    868 batches | lr 0.0003 | ms/batch 2687.13 | loss  2.59 | avg loss  2.39 | ppl 10.87
| epoch   5 step    22000 |    968 batches | lr 0.0003 | ms/batch 2775.84 | loss  2.31 | avg loss  2.34 | ppl 10.41
saving checkpoint ./trained_models/GPT2_M/e2e/model.22000.pt
eval samples: 0 loss: tensor(1.0847, device='cuda:0')
eval samples: 100 loss: tensor(0.8815, device='cuda:0')
eval samples: 200 loss: tensor(1.1947, device='cuda:0')
eval samples: 300 loss: tensor(1.0878, device='cuda:0')
eval samples: 400 loss: tensor(0.8002, device='cuda:0')
eval samples: 500 loss: tensor(0.5826, device='cuda:0')
eval samples: 600 loss: tensor(1.1139, device='cuda:0')
eval samples: 700 loss: tensor(0.6661, device='cuda:0')
eval samples: 800 loss: tensor(1.1552, device='cuda:0')
eval samples: 900 loss: tensor(1.6541, device='cuda:0')
eval samples: 1000 loss: tensor(0.9081, device='cuda:0')
eval samples: 1100 loss: tensor(1.4462, device='cuda:0')
average loss 1.1404121319623026
----------------------------------------------------------------------------------------------------
| Eval  11 at step    22000 | time: 361.05s | valid loss  1.14 | valid ppl  3.13 | best ppl  3.13 
----------------------------------------------------------------------------------------------------
| epoch   5 step    22100 |   1068 batches | lr 0.0003 | ms/batch 6282.43 | loss  2.53 | avg loss  2.37 | ppl 10.67
| epoch   5 step    22200 |   1168 batches | lr 0.0003 | ms/batch 2855.76 | loss  2.76 | avg loss  2.39 | ppl 10.96
| epoch   5 step    22300 |   1268 batches | lr 0.0003 | ms/batch 2646.32 | loss  2.25 | avg loss  2.40 | ppl 11.01
| epoch   5 step    22400 |   1368 batches | lr 0.0003 | ms/batch 2822.18 | loss  2.21 | avg loss  2.35 | ppl 10.51
| epoch   5 step    22500 |   1468 batches | lr 0.0003 | ms/batch 2705.88 | loss  2.46 | avg loss  2.39 | ppl 10.89
| epoch   5 step    22600 |   1568 batches | lr 0.0003 | ms/batch 2852.41 | loss  2.59 | avg loss  2.39 | ppl 10.92
| epoch   5 step    22700 |   1668 batches | lr 0.0003 | ms/batch 2595.86 | loss  2.27 | avg loss  2.38 | ppl 10.81
| epoch   5 step    22800 |   1768 batches | lr 0.0003 | ms/batch 2699.73 | loss  2.26 | avg loss  2.39 | ppl 10.94
| epoch   5 step    22900 |   1868 batches | lr 0.0003 | ms/batch 2844.99 | loss  2.68 | avg loss  2.43 | ppl 11.31
| epoch   5 step    23000 |   1968 batches | lr 0.0003 | ms/batch 2387.42 | loss  2.33 | avg loss  2.39 | ppl 10.88
saving checkpoint ./trained_models/GPT2_M/e2e/model.23000.pt
| epoch   5 step    23100 |   2068 batches | lr 0.0003 | ms/batch 3023.89 | loss  2.45 | avg loss  2.41 | ppl 11.16
| epoch   5 step    23200 |   2168 batches | lr 0.0003 | ms/batch 2510.76 | loss  2.53 | avg loss  2.38 | ppl 10.82
| epoch   5 step    23300 |   2268 batches | lr 0.0003 | ms/batch 2628.97 | loss  2.26 | avg loss  2.36 | ppl 10.64
| epoch   5 step    23400 |   2368 batches | lr 0.0003 | ms/batch 2910.34 | loss  2.31 | avg loss  2.39 | ppl 10.88
| epoch   5 step    23500 |   2468 batches | lr 0.0003 | ms/batch 2578.40 | loss  2.23 | avg loss  2.36 | ppl 10.62
| epoch   5 step    23600 |   2568 batches | lr 0.0003 | ms/batch 2763.34 | loss  2.13 | avg loss  2.38 | ppl 10.78
| epoch   5 step    23700 |   2668 batches | lr 0.0003 | ms/batch 2762.94 | loss  2.23 | avg loss  2.36 | ppl 10.54
| epoch   5 step    23800 |   2768 batches | lr 0.0003 | ms/batch 2931.91 | loss  2.45 | avg loss  2.39 | ppl 10.94
| epoch   5 step    23900 |   2868 batches | lr 0.0003 | ms/batch 2616.87 | loss  2.46 | avg loss  2.37 | ppl 10.68
| epoch   5 step    24000 |   2968 batches | lr 0.0003 | ms/batch 2802.28 | loss  2.28 | avg loss  2.39 | ppl 10.95
saving checkpoint ./trained_models/GPT2_M/e2e/model.24000.pt
eval samples: 0 loss: tensor(1.0671, device='cuda:0')
eval samples: 100 loss: tensor(0.8121, device='cuda:0')
eval samples: 200 loss: tensor(1.1314, device='cuda:0')
eval samples: 300 loss: tensor(1.0644, device='cuda:0')
eval samples: 400 loss: tensor(0.8095, device='cuda:0')
eval samples: 500 loss: tensor(0.5747, device='cuda:0')
eval samples: 600 loss: tensor(1.1634, device='cuda:0')
eval samples: 700 loss: tensor(0.6467, device='cuda:0')
eval samples: 800 loss: tensor(1.1542, device='cuda:0')
eval samples: 900 loss: tensor(1.6460, device='cuda:0')
eval samples: 1000 loss: tensor(0.8837, device='cuda:0')
eval samples: 1100 loss: tensor(1.4266, device='cuda:0')
average loss 1.126474137328667
----------------------------------------------------------------------------------------------------
| Eval  12 at step    24000 | time: 361.12s | valid loss  1.13 | valid ppl  3.08 | best ppl  3.08 
----------------------------------------------------------------------------------------------------
| epoch   5 step    24100 |   3068 batches | lr 0.0003 | ms/batch 6412.28 | loss  2.50 | avg loss  2.41 | ppl 11.18
| epoch   5 step    24200 |   3168 batches | lr 0.0003 | ms/batch 2780.89 | loss  2.52 | avg loss  2.35 | ppl 10.48
| epoch   5 step    24300 |   3268 batches | lr 0.0003 | ms/batch 2575.21 | loss  2.50 | avg loss  2.40 | ppl 10.99
| epoch   5 step    24400 |   3368 batches | lr 0.0003 | ms/batch 2748.43 | loss  2.51 | avg loss  2.38 | ppl 10.81
| epoch   5 step    24500 |   3468 batches | lr 0.0003 | ms/batch 2554.97 | loss  2.24 | avg loss  2.38 | ppl 10.82
| epoch   5 step    24600 |   3568 batches | lr 0.0003 | ms/batch 2771.70 | loss  2.41 | avg loss  2.38 | ppl 10.81
| epoch   5 step    24700 |   3668 batches | lr 0.0003 | ms/batch 2785.12 | loss  2.66 | avg loss  2.42 | ppl 11.21
| epoch   5 step    24800 |   3768 batches | lr 0.0003 | ms/batch 2713.95 | loss  2.70 | avg loss  2.38 | ppl 10.79
| epoch   5 step    24900 |   3868 batches | lr 0.0003 | ms/batch 2537.18 | loss  2.22 | avg loss  2.39 | ppl 10.87
| epoch   5 step    25000 |   3968 batches | lr 0.0003 | ms/batch 2714.34 | loss  2.30 | avg loss  2.39 | ppl 10.92
saving checkpoint ./trained_models/GPT2_M/e2e/model.25000.pt
| epoch   5 step    25100 |   4068 batches | lr 0.0003 | ms/batch 2609.79 | loss  2.48 | avg loss  2.37 | ppl 10.74
| epoch   5 step    25200 |   4168 batches | lr 0.0003 | ms/batch 2818.57 | loss  2.27 | avg loss  2.40 | ppl 11.01
| epoch   5 step    25300 |   4268 batches | lr 0.0003 | ms/batch 2882.56 | loss  2.33 | avg loss  2.37 | ppl 10.68
| epoch   5 step    25400 |   4368 batches | lr 0.0003 | ms/batch 2537.16 | loss  2.60 | avg loss  2.36 | ppl 10.59
| epoch   5 step    25500 |   4468 batches | lr 0.0003 | ms/batch 2511.12 | loss  2.41 | avg loss  2.38 | ppl 10.84
| epoch   5 step    25600 |   4568 batches | lr 0.0003 | ms/batch 2753.16 | loss  2.60 | avg loss  2.39 | ppl 10.89
| epoch   5 step    25700 |   4668 batches | lr 0.0003 | ms/batch 2830.17 | loss  2.63 | avg loss  2.43 | ppl 11.35
| epoch   5 step    25800 |   4768 batches | lr 0.0003 | ms/batch 2639.99 | loss  2.43 | avg loss  2.40 | ppl 11.07
| epoch   5 step    25900 |   4868 batches | lr 0.0003 | ms/batch 2857.54 | loss  2.24 | avg loss  2.38 | ppl 10.80
| epoch   5 step    26000 |   4968 batches | lr 0.0003 | ms/batch 2812.27 | loss  2.32 | avg loss  2.40 | ppl 11.03
saving checkpoint ./trained_models/GPT2_M/e2e/model.26000.pt
eval samples: 0 loss: tensor(1.1072, device='cuda:0')
eval samples: 100 loss: tensor(0.8248, device='cuda:0')
eval samples: 200 loss: tensor(1.1554, device='cuda:0')
eval samples: 300 loss: tensor(1.0627, device='cuda:0')
eval samples: 400 loss: tensor(0.8037, device='cuda:0')
eval samples: 500 loss: tensor(0.5677, device='cuda:0')
eval samples: 600 loss: tensor(1.1138, device='cuda:0')
eval samples: 700 loss: tensor(0.6453, device='cuda:0')
eval samples: 800 loss: tensor(1.1495, device='cuda:0')
eval samples: 900 loss: tensor(1.6079, device='cuda:0')
eval samples: 1000 loss: tensor(0.8967, device='cuda:0')
eval samples: 1100 loss: tensor(1.3833, device='cuda:0')
average loss 1.1228861470438847
----------------------------------------------------------------------------------------------------
| Eval  13 at step    26000 | time: 360.71s | valid loss  1.12 | valid ppl  3.07 | best ppl  3.07 
----------------------------------------------------------------------------------------------------
| epoch   5 step    26100 |   5068 batches | lr 0.0003 | ms/batch 6200.86 | loss  2.36 | avg loss  2.38 | ppl 10.80
| epoch   5 step    26200 |   5168 batches | lr 0.0003 | ms/batch 2724.38 | loss  2.45 | avg loss  2.37 | ppl 10.68
saving checkpoint ./trained_models/GPT2_M/e2e/model.26290.pt
----------------------------------------------------------------------------------------------------
End of training
cleanup dist ...
[rank0]:[W715 00:22:15.428115901 ProcessGroupNCCL.cpp:1479] Warning: WARNING: destroy_process_group() was not called before program exit, which can leak resources. For more info, please see https://pytorch.org/docs/stable/distributed.html#shutdown (function operator())
