nohup: ignoring input
myrank: 0 local_rank: 0 device_count: 1 world_size: 1
====================================================================================================
        - platform : local
        - local_rank : 0
        - rank : 0
        - device : cuda:0
        - world_size : 1
        - random_seed : 110
        - lr : 0.0005
        - weight_decay : 0.01
        - correct_bias : True
        - adam_epislon : 1e-06
        - no_decay_bias : False
        - adam_beta1 : 0.9
        - adam_beta2 : 0.999
        - scheduler : None
        - max_step : None
        - max_epoch : 5
        - warmup_step : 500
        - i_steps : 0
        - i_lrs : 0.00025
        - galore_rank : 4
        - update_proj_gap : 50
        - galore_scale : 1.0
        - proj_type : std
        - gamma : 0.01
        - train_data : ./data/e2e/train.jsonl
        - valid_data : ./data/e2e/valid.jsonl
        - train_batch_size : 8
        - valid_batch_size : 4
        - grad_acc : 1
        - clip : 0.0
        - seq_len : 512
        - model_card : gpt2.md
        - init_checkpoint : ./pretrained_checkpoints/gpt2-medium-pytorch_model.bin
        - fp16 : False
        - log_interval : 100
        - eval_interval : 2000
        - save_interval : 1000
        - work_dir : ./trained_models/GPT2_M/e2e
        - lora_dim : 0
        - lora_alpha : 32
        - obj : clm
        - lora_dropout : 0.1
        - label_smooth : 0.1
        - roll_interval : -1
        - roll_lr : 1e-05
        - roll_step : 100
        - eval_epoch : 1
        - dist : <module 'torch.distributed' from '/home/ycyh/miniconda3/envs/LoRA/lib/python3.11/site-packages/torch/distributed/__init__.py'>
====================================================================================================
Experiment dir : ./trained_models/GPT2_M/e2e
loading model pretrained weight.
MoFaSGD 2D parameter count: 354.50M
Skipped 1D parameter count : 0.32M
set max_step: 26290
start to train the model................ 1
| epoch   1 step      100 |    100 batches | lr 0.0005 | ms/batch 1708.42 | loss  3.25 | avg loss  3.01 | ppl 20.29
| epoch   1 step      200 |    200 batches | lr 0.0005 | ms/batch 1705.45 | loss  2.75 | avg loss  2.76 | ppl 15.76
| epoch   1 step      300 |    300 batches | lr 0.0005 | ms/batch 1697.35 | loss  2.74 | avg loss  2.71 | ppl 15.07
| epoch   1 step      400 |    400 batches | lr 0.0005 | ms/batch 1702.93 | loss  2.79 | avg loss  2.70 | ppl 14.91
| epoch   1 step      500 |    500 batches | lr 0.0005 | ms/batch 1699.34 | loss  2.56 | avg loss  2.64 | ppl 14.04
| epoch   1 step      600 |    600 batches | lr 0.0005 | ms/batch 1696.55 | loss  2.52 | avg loss  2.61 | ppl 13.62
| epoch   1 step      700 |    700 batches | lr 0.0005 | ms/batch 1709.21 | loss  2.72 | avg loss  2.59 | ppl 13.32
| epoch   1 step      800 |    800 batches | lr 0.0005 | ms/batch 1698.36 | loss  2.31 | avg loss  2.58 | ppl 13.13
| epoch   1 step      900 |    900 batches | lr 0.0005 | ms/batch 1697.59 | loss  2.36 | avg loss  2.57 | ppl 13.08
| epoch   1 step     1000 |   1000 batches | lr 0.0005 | ms/batch 1723.98 | loss  3.01 | avg loss  2.59 | ppl 13.33
saving checkpoint ./trained_models/GPT2_M/e2e/model.1000.pt
/home/ycyh/miniconda3/envs/LoRA/lib/python3.11/site-packages/torch/distributed/distributed_c10d.py:4631: UserWarning: No device id is provided via `init_process_group` or `barrier `. Using the current device set by the user. 
  warnings.warn(  # warn only once
| epoch   1 step     1100 |   1100 batches | lr 0.0005 | ms/batch 1827.44 | loss  2.62 | avg loss  2.59 | ppl 13.37
| epoch   1 step     1200 |   1200 batches | lr 0.0005 | ms/batch 1726.77 | loss  2.41 | avg loss  2.59 | ppl 13.32
| epoch   1 step     1300 |   1300 batches | lr 0.0005 | ms/batch 1725.86 | loss  2.47 | avg loss  2.57 | ppl 13.02
| epoch   1 step     1400 |   1400 batches | lr 0.0005 | ms/batch 1613.13 | loss  2.53 | avg loss  2.56 | ppl 12.89
| epoch   1 step     1500 |   1500 batches | lr 0.0005 | ms/batch 1720.67 | loss  2.51 | avg loss  2.57 | ppl 13.11
| epoch   1 step     1600 |   1600 batches | lr 0.0005 | ms/batch 1729.73 | loss  2.57 | avg loss  2.53 | ppl 12.57
| epoch   1 step     1700 |   1700 batches | lr 0.0005 | ms/batch 1728.44 | loss  2.40 | avg loss  2.54 | ppl 12.68
| epoch   1 step     1800 |   1800 batches | lr 0.0005 | ms/batch 1716.40 | loss  2.42 | avg loss  2.54 | ppl 12.73
| epoch   1 step     1900 |   1900 batches | lr 0.0005 | ms/batch 1732.41 | loss  2.56 | avg loss  2.55 | ppl 12.75
| epoch   1 step     2000 |   2000 batches | lr 0.0005 | ms/batch 1721.19 | loss  2.44 | avg loss  2.54 | ppl 12.65
saving checkpoint ./trained_models/GPT2_M/e2e/model.2000.pt
/home/ycyh/miniconda3/envs/LoRA/lib/python3.11/site-packages/torch/nn/_reduction.py:51: UserWarning: size_average and reduce args will be deprecated, please use reduction='none' instead.
  warnings.warn(warning.format(ret))
eval samples: 0 loss: tensor(1.2220, device='cuda:0')
eval samples: 100 loss: tensor(0.8622, device='cuda:0')
eval samples: 200 loss: tensor(1.2707, device='cuda:0')
eval samples: 300 loss: tensor(1.1025, device='cuda:0')
eval samples: 400 loss: tensor(0.9133, device='cuda:0')
eval samples: 500 loss: tensor(0.6618, device='cuda:0')
eval samples: 600 loss: tensor(1.3122, device='cuda:0')
eval samples: 700 loss: tensor(0.7392, device='cuda:0')
eval samples: 800 loss: tensor(1.1935, device='cuda:0')
eval samples: 900 loss: tensor(1.7297, device='cuda:0')
eval samples: 1000 loss: tensor(1.0432, device='cuda:0')
eval samples: 1100 loss: tensor(1.5603, device='cuda:0')
average loss 1.2362716630203268
----------------------------------------------------------------------------------------------------
| Eval   1 at step     2000 | time: 361.60s | valid loss  1.24 | valid ppl  3.44 | best ppl  3.44 
----------------------------------------------------------------------------------------------------
| epoch   1 step     2100 |   2100 batches | lr 0.0005 | ms/batch 5438.46 | loss  2.55 | avg loss  2.53 | ppl 12.60
| epoch   1 step     2200 |   2200 batches | lr 0.0005 | ms/batch 1728.18 | loss  2.83 | avg loss  2.53 | ppl 12.52
| epoch   1 step     2300 |   2300 batches | lr 0.0005 | ms/batch 1719.95 | loss  2.53 | avg loss  2.52 | ppl 12.47
| epoch   1 step     2400 |   2400 batches | lr 0.0005 | ms/batch 1719.61 | loss  2.34 | avg loss  2.53 | ppl 12.52
| epoch   1 step     2500 |   2500 batches | lr 0.0005 | ms/batch 1719.76 | loss  2.71 | avg loss  2.55 | ppl 12.79
| epoch   1 step     2600 |   2600 batches | lr 0.0005 | ms/batch 1620.90 | loss  2.71 | avg loss  2.54 | ppl 12.62
| epoch   1 step     2700 |   2700 batches | lr 0.0005 | ms/batch 1716.79 | loss  2.62 | avg loss  2.52 | ppl 12.38
| epoch   1 step     2800 |   2800 batches | lr 0.0005 | ms/batch 1724.97 | loss  2.20 | avg loss  2.56 | ppl 12.92
| epoch   1 step     2900 |   2900 batches | lr 0.0005 | ms/batch 1721.81 | loss  2.74 | avg loss  2.54 | ppl 12.65
| epoch   1 step     3000 |   3000 batches | lr 0.0005 | ms/batch 1719.40 | loss  2.52 | avg loss  2.50 | ppl 12.23
saving checkpoint ./trained_models/GPT2_M/e2e/model.3000.pt
| epoch   1 step     3100 |   3100 batches | lr 0.0005 | ms/batch 1827.48 | loss  2.71 | avg loss  2.51 | ppl 12.26
| epoch   1 step     3200 |   3200 batches | lr 0.0005 | ms/batch 1720.14 | loss  2.58 | avg loss  2.55 | ppl 12.75
| epoch   1 step     3300 |   3300 batches | lr 0.0005 | ms/batch 1716.11 | loss  2.87 | avg loss  2.50 | ppl 12.17
| epoch   1 step     3400 |   3400 batches | lr 0.0005 | ms/batch 1725.76 | loss  2.47 | avg loss  2.50 | ppl 12.21
| epoch   1 step     3500 |   3500 batches | lr 0.0005 | ms/batch 1726.99 | loss  2.22 | avg loss  2.54 | ppl 12.67
| epoch   1 step     3600 |   3600 batches | lr 0.0005 | ms/batch 1716.12 | loss  2.40 | avg loss  2.54 | ppl 12.63
| epoch   1 step     3700 |   3700 batches | lr 0.0005 | ms/batch 1724.07 | loss  2.46 | avg loss  2.50 | ppl 12.19
| epoch   1 step     3800 |   3800 batches | lr 0.0005 | ms/batch 1727.30 | loss  2.52 | avg loss  2.46 | ppl 11.72
| epoch   1 step     3900 |   3900 batches | lr 0.0005 | ms/batch 1717.31 | loss  2.18 | avg loss  2.54 | ppl 12.69
| epoch   1 step     4000 |   4000 batches | lr 0.0005 | ms/batch 1617.79 | loss  2.57 | avg loss  2.54 | ppl 12.66
saving checkpoint ./trained_models/GPT2_M/e2e/model.4000.pt
eval samples: 0 loss: tensor(1.2006, device='cuda:0')
eval samples: 100 loss: tensor(0.8446, device='cuda:0')
eval samples: 200 loss: tensor(1.2951, device='cuda:0')
eval samples: 300 loss: tensor(1.0594, device='cuda:0')
eval samples: 400 loss: tensor(0.8726, device='cuda:0')
eval samples: 500 loss: tensor(0.5605, device='cuda:0')
eval samples: 600 loss: tensor(1.2506, device='cuda:0')
eval samples: 700 loss: tensor(0.6560, device='cuda:0')
eval samples: 800 loss: tensor(1.1317, device='cuda:0')
eval samples: 900 loss: tensor(1.7023, device='cuda:0')
eval samples: 1000 loss: tensor(0.9270, device='cuda:0')
eval samples: 1100 loss: tensor(1.4634, device='cuda:0')
average loss 1.1999522044948518
----------------------------------------------------------------------------------------------------
| Eval   2 at step     4000 | time: 361.36s | valid loss  1.20 | valid ppl  3.32 | best ppl  3.32 
----------------------------------------------------------------------------------------------------
| epoch   1 step     4100 |   4100 batches | lr 0.0005 | ms/batch 5434.86 | loss  2.63 | avg loss  2.51 | ppl 12.25
| epoch   1 step     4200 |   4200 batches | lr 0.0005 | ms/batch 1727.46 | loss  2.53 | avg loss  2.50 | ppl 12.21
| epoch   1 step     4300 |   4300 batches | lr 0.0005 | ms/batch 1720.77 | loss  2.33 | avg loss  2.46 | ppl 11.66
| epoch   1 step     4400 |   4400 batches | lr 0.0005 | ms/batch 1721.28 | loss  2.63 | avg loss  2.49 | ppl 12.07
| epoch   1 step     4500 |   4500 batches | lr 0.0005 | ms/batch 1722.07 | loss  2.64 | avg loss  2.52 | ppl 12.42
| epoch   1 step     4600 |   4600 batches | lr 0.0005 | ms/batch 1714.94 | loss  2.47 | avg loss  2.52 | ppl 12.47
| epoch   1 step     4700 |   4700 batches | lr 0.0005 | ms/batch 1702.82 | loss  2.30 | avg loss  2.50 | ppl 12.24
| epoch   1 step     4800 |   4800 batches | lr 0.0005 | ms/batch 1703.80 | loss  2.63 | avg loss  2.48 | ppl 11.95
| epoch   1 step     4900 |   4900 batches | lr 0.0005 | ms/batch 1704.59 | loss  2.57 | avg loss  2.49 | ppl 12.09
| epoch   1 step     5000 |   5000 batches | lr 0.0005 | ms/batch 1697.69 | loss  2.20 | avg loss  2.47 | ppl 11.85
saving checkpoint ./trained_models/GPT2_M/e2e/model.5000.pt
| epoch   1 step     5100 |   5100 batches | lr 0.0005 | ms/batch 1805.37 | loss  2.58 | avg loss  2.51 | ppl 12.26
| epoch   1 step     5200 |   5200 batches | lr 0.0005 | ms/batch 1531.56 | loss  2.67 | avg loss  2.50 | ppl 12.24
saving checkpoint ./trained_models/GPT2_M/e2e/model.5258.pt
start to train the model................ 2
| epoch   2 step     5300 |     42 batches | lr 0.0005 | ms/batch 711.97 | loss  2.33 | avg loss  2.43 | ppl 11.36
| epoch   2 step     5400 |    142 batches | lr 0.0005 | ms/batch 1716.77 | loss  2.45 | avg loss  2.48 | ppl 12.00
| epoch   2 step     5500 |    242 batches | lr 0.0005 | ms/batch 1725.38 | loss  2.49 | avg loss  2.47 | ppl 11.82
| epoch   2 step     5600 |    342 batches | lr 0.0005 | ms/batch 1715.89 | loss  2.17 | avg loss  2.49 | ppl 12.02
| epoch   2 step     5700 |    442 batches | lr 0.0005 | ms/batch 1725.71 | loss  2.41 | avg loss  2.48 | ppl 11.94
| epoch   2 step     5800 |    542 batches | lr 0.0005 | ms/batch 1728.08 | loss  2.43 | avg loss  2.46 | ppl 11.67
| epoch   2 step     5900 |    642 batches | lr 0.0005 | ms/batch 1720.45 | loss  2.60 | avg loss  2.49 | ppl 12.04
| epoch   2 step     6000 |    742 batches | lr 0.0005 | ms/batch 1723.37 | loss  2.22 | avg loss  2.45 | ppl 11.54
saving checkpoint ./trained_models/GPT2_M/e2e/model.6000.pt
eval samples: 0 loss: tensor(1.1540, device='cuda:0')
eval samples: 100 loss: tensor(0.8781, device='cuda:0')
eval samples: 200 loss: tensor(1.1809, device='cuda:0')
eval samples: 300 loss: tensor(1.0868, device='cuda:0')
eval samples: 400 loss: tensor(0.8425, device='cuda:0')
eval samples: 500 loss: tensor(0.5895, device='cuda:0')
eval samples: 600 loss: tensor(1.2843, device='cuda:0')
eval samples: 700 loss: tensor(0.6964, device='cuda:0')
eval samples: 800 loss: tensor(1.1631, device='cuda:0')
eval samples: 900 loss: tensor(1.7553, device='cuda:0')
eval samples: 1000 loss: tensor(0.9375, device='cuda:0')
eval samples: 1100 loss: tensor(1.5438, device='cuda:0')
average loss 1.1978385913861942
----------------------------------------------------------------------------------------------------
| Eval   3 at step     6000 | time: 361.82s | valid loss  1.20 | valid ppl  3.31 | best ppl  3.31 
----------------------------------------------------------------------------------------------------
| epoch   2 step     6100 |    842 batches | lr 0.0005 | ms/batch 5442.75 | loss  2.26 | avg loss  2.47 | ppl 11.85
| epoch   2 step     6200 |    942 batches | lr 0.0005 | ms/batch 1725.60 | loss  2.33 | avg loss  2.48 | ppl 11.89
| epoch   2 step     6300 |   1042 batches | lr 0.0005 | ms/batch 1726.69 | loss  2.64 | avg loss  2.48 | ppl 11.99
| epoch   2 step     6400 |   1142 batches | lr 0.0005 | ms/batch 1618.07 | loss  2.27 | avg loss  2.47 | ppl 11.88
| epoch   2 step     6500 |   1242 batches | lr 0.0005 | ms/batch 1756.52 | loss  2.33 | avg loss  2.50 | ppl 12.17
| epoch   2 step     6600 |   1342 batches | lr 0.0005 | ms/batch 1756.33 | loss  2.76 | avg loss  2.47 | ppl 11.82
| epoch   2 step     6700 |   1442 batches | lr 0.0005 | ms/batch 1764.22 | loss  2.44 | avg loss  2.48 | ppl 11.94
| epoch   2 step     6800 |   1542 batches | lr 0.0005 | ms/batch 1765.49 | loss  2.40 | avg loss  2.49 | ppl 12.11
| epoch   2 step     6900 |   1642 batches | lr 0.0005 | ms/batch 1764.66 | loss  2.38 | avg loss  2.43 | ppl 11.33
| epoch   2 step     7000 |   1742 batches | lr 0.0005 | ms/batch 1744.77 | loss  2.60 | avg loss  2.49 | ppl 12.07
saving checkpoint ./trained_models/GPT2_M/e2e/model.7000.pt
| epoch   2 step     7100 |   1842 batches | lr 0.0005 | ms/batch 1843.66 | loss  2.61 | avg loss  2.47 | ppl 11.80
| epoch   2 step     7200 |   1942 batches | lr 0.0005 | ms/batch 1745.56 | loss  2.56 | avg loss  2.47 | ppl 11.81
| epoch   2 step     7300 |   2042 batches | lr 0.0005 | ms/batch 1748.22 | loss  2.36 | avg loss  2.45 | ppl 11.60
| epoch   2 step     7400 |   2142 batches | lr 0.0005 | ms/batch 1748.51 | loss  2.79 | avg loss  2.45 | ppl 11.54
| epoch   2 step     7500 |   2242 batches | lr 0.0005 | ms/batch 1772.89 | loss  2.64 | avg loss  2.50 | ppl 12.22
| epoch   2 step     7600 |   2342 batches | lr 0.0005 | ms/batch 1775.81 | loss  2.26 | avg loss  2.45 | ppl 11.63
| epoch   2 step     7700 |   2442 batches | lr 0.0005 | ms/batch 1775.76 | loss  2.71 | avg loss  2.45 | ppl 11.64
| epoch   2 step     7800 |   2542 batches | lr 0.0005 | ms/batch 1660.08 | loss  2.54 | avg loss  2.44 | ppl 11.51
| epoch   2 step     7900 |   2642 batches | lr 0.0005 | ms/batch 1771.48 | loss  2.72 | avg loss  2.49 | ppl 12.02
| epoch   2 step     8000 |   2742 batches | lr 0.0005 | ms/batch 1774.88 | loss  2.53 | avg loss  2.50 | ppl 12.17
saving checkpoint ./trained_models/GPT2_M/e2e/model.8000.pt
eval samples: 0 loss: tensor(1.1735, device='cuda:0')
eval samples: 100 loss: tensor(0.8442, device='cuda:0')
eval samples: 200 loss: tensor(1.2497, device='cuda:0')
eval samples: 300 loss: tensor(1.0863, device='cuda:0')
eval samples: 400 loss: tensor(0.8748, device='cuda:0')
eval samples: 500 loss: tensor(0.6147, device='cuda:0')
eval samples: 600 loss: tensor(1.2009, device='cuda:0')
eval samples: 700 loss: tensor(0.6938, device='cuda:0')
eval samples: 800 loss: tensor(1.1445, device='cuda:0')
eval samples: 900 loss: tensor(1.6346, device='cuda:0')
eval samples: 1000 loss: tensor(0.9061, device='cuda:0')
eval samples: 1100 loss: tensor(1.5376, device='cuda:0')
average loss 1.1865560667308634
----------------------------------------------------------------------------------------------------
| Eval   4 at step     8000 | time: 372.70s | valid loss  1.19 | valid ppl  3.28 | best ppl  3.28 
----------------------------------------------------------------------------------------------------
| epoch   2 step     8100 |   2842 batches | lr 0.0005 | ms/batch 5606.27 | loss  2.35 | avg loss  2.46 | ppl 11.68
| epoch   2 step     8200 |   2942 batches | lr 0.0005 | ms/batch 1744.10 | loss  2.57 | avg loss  2.52 | ppl 12.44
| epoch   2 step     8300 |   3042 batches | lr 0.0005 | ms/batch 1735.59 | loss  2.38 | avg loss  2.47 | ppl 11.84
| epoch   2 step     8400 |   3142 batches | lr 0.0005 | ms/batch 1733.94 | loss  2.47 | avg loss  2.46 | ppl 11.75
| epoch   2 step     8500 |   3242 batches | lr 0.0005 | ms/batch 1733.75 | loss  2.38 | avg loss  2.48 | ppl 11.90
| epoch   2 step     8600 |   3342 batches | lr 0.0005 | ms/batch 1736.61 | loss  2.33 | avg loss  2.45 | ppl 11.63
| epoch   2 step     8700 |   3442 batches | lr 0.0005 | ms/batch 1734.18 | loss  2.81 | avg loss  2.46 | ppl 11.69
| epoch   2 step     8800 |   3542 batches | lr 0.0005 | ms/batch 1727.18 | loss  2.36 | avg loss  2.46 | ppl 11.68
| epoch   2 step     8900 |   3642 batches | lr 0.0005 | ms/batch 1740.69 | loss  2.57 | avg loss  2.48 | ppl 11.97
| epoch   2 step     9000 |   3742 batches | lr 0.0005 | ms/batch 1630.92 | loss  2.47 | avg loss  2.47 | ppl 11.84
saving checkpoint ./trained_models/GPT2_M/e2e/model.9000.pt
| epoch   2 step     9100 |   3842 batches | lr 0.0005 | ms/batch 1817.82 | loss  2.38 | avg loss  2.47 | ppl 11.84
| epoch   2 step     9200 |   3942 batches | lr 0.0005 | ms/batch 1718.37 | loss  2.59 | avg loss  2.47 | ppl 11.87
| epoch   2 step     9300 |   4042 batches | lr 0.0005 | ms/batch 1736.36 | loss  2.46 | avg loss  2.48 | ppl 11.95
| epoch   2 step     9400 |   4142 batches | lr 0.0005 | ms/batch 1736.87 | loss  2.50 | avg loss  2.48 | ppl 11.90
| epoch   2 step     9500 |   4242 batches | lr 0.0005 | ms/batch 1738.02 | loss  2.46 | avg loss  2.47 | ppl 11.80
| epoch   2 step     9600 |   4342 batches | lr 0.0005 | ms/batch 1735.54 | loss  2.83 | avg loss  2.48 | ppl 11.93
| epoch   2 step     9700 |   4442 batches | lr 0.0005 | ms/batch 1729.95 | loss  2.20 | avg loss  2.47 | ppl 11.78
| epoch   2 step     9800 |   4542 batches | lr 0.0005 | ms/batch 1738.24 | loss  2.42 | avg loss  2.46 | ppl 11.74
| epoch   2 step     9900 |   4642 batches | lr 0.0005 | ms/batch 1729.37 | loss  2.12 | avg loss  2.45 | ppl 11.61
| epoch   2 step    10000 |   4742 batches | lr 0.0005 | ms/batch 1735.71 | loss  2.55 | avg loss  2.49 | ppl 12.04
saving checkpoint ./trained_models/GPT2_M/e2e/model.10000.pt
eval samples: 0 loss: tensor(1.2258, device='cuda:0')
eval samples: 100 loss: tensor(0.8935, device='cuda:0')
eval samples: 200 loss: tensor(1.2177, device='cuda:0')
eval samples: 300 loss: tensor(1.0758, device='cuda:0')
eval samples: 400 loss: tensor(0.8915, device='cuda:0')
eval samples: 500 loss: tensor(0.6222, device='cuda:0')
eval samples: 600 loss: tensor(1.2482, device='cuda:0')
eval samples: 700 loss: tensor(0.6911, device='cuda:0')
eval samples: 800 loss: tensor(1.2455, device='cuda:0')
eval samples: 900 loss: tensor(1.6946, device='cuda:0')
eval samples: 1000 loss: tensor(0.9666, device='cuda:0')
eval samples: 1100 loss: tensor(1.5909, device='cuda:0')
average loss 1.21539890717664
----------------------------------------------------------------------------------------------------
| Eval   5 at step    10000 | time: 364.05s | valid loss  1.22 | valid ppl  3.37 | best ppl  3.28 
----------------------------------------------------------------------------------------------------
| epoch   2 step    10100 |   4842 batches | lr 0.0005 | ms/batch 5475.80 | loss  2.26 | avg loss  2.47 | ppl 11.87
| epoch   2 step    10200 |   4942 batches | lr 0.0005 | ms/batch 1730.09 | loss  2.39 | avg loss  2.48 | ppl 11.92
| epoch   2 step    10300 |   5042 batches | lr 0.0005 | ms/batch 1631.77 | loss  2.78 | avg loss  2.47 | ppl 11.78
| epoch   2 step    10400 |   5142 batches | lr 0.0005 | ms/batch 1733.87 | loss  2.61 | avg loss  2.46 | ppl 11.67
| epoch   2 step    10500 |   5242 batches | lr 0.0005 | ms/batch 1737.58 | loss  2.38 | avg loss  2.44 | ppl 11.51
saving checkpoint ./trained_models/GPT2_M/e2e/model.10516.pt
start to train the model................ 3
| epoch   3 step    10600 |     84 batches | lr 0.0005 | ms/batch 1452.44 | loss  2.13 | avg loss  2.44 | ppl 11.48
| epoch   3 step    10700 |    184 batches | lr 0.0005 | ms/batch 1738.14 | loss  2.47 | avg loss  2.44 | ppl 11.52
| epoch   3 step    10800 |    284 batches | lr 0.0005 | ms/batch 1733.10 | loss  2.64 | avg loss  2.44 | ppl 11.42
| epoch   3 step    10900 |    384 batches | lr 0.0005 | ms/batch 1736.27 | loss  2.74 | avg loss  2.44 | ppl 11.42
| epoch   3 step    11000 |    484 batches | lr 0.0005 | ms/batch 1733.00 | loss  2.53 | avg loss  2.44 | ppl 11.47
saving checkpoint ./trained_models/GPT2_M/e2e/model.11000.pt
| epoch   3 step    11100 |    584 batches | lr 0.0005 | ms/batch 1836.58 | loss  2.53 | avg loss  2.49 | ppl 12.10
| epoch   3 step    11200 |    684 batches | lr 0.0005 | ms/batch 1731.15 | loss  2.48 | avg loss  2.44 | ppl 11.52
| epoch   3 step    11300 |    784 batches | lr 0.0005 | ms/batch 1738.68 | loss  2.50 | avg loss  2.47 | ppl 11.79
| epoch   3 step    11400 |    884 batches | lr 0.0005 | ms/batch 1731.13 | loss  2.37 | avg loss  2.45 | ppl 11.62
| epoch   3 step    11500 |    984 batches | lr 0.0005 | ms/batch 1737.28 | loss  2.20 | avg loss  2.46 | ppl 11.66
| epoch   3 step    11600 |   1084 batches | lr 0.0005 | ms/batch 1728.74 | loss  2.13 | avg loss  2.42 | ppl 11.23
| epoch   3 step    11700 |   1184 batches | lr 0.0005 | ms/batch 1620.28 | loss  2.29 | avg loss  2.44 | ppl 11.44
| epoch   3 step    11800 |   1284 batches | lr 0.0005 | ms/batch 1738.12 | loss  2.44 | avg loss  2.42 | ppl 11.23
| epoch   3 step    11900 |   1384 batches | lr 0.0005 | ms/batch 1731.20 | loss  2.39 | avg loss  2.43 | ppl 11.37
| epoch   3 step    12000 |   1484 batches | lr 0.0005 | ms/batch 1733.57 | loss  2.53 | avg loss  2.44 | ppl 11.49
saving checkpoint ./trained_models/GPT2_M/e2e/model.12000.pt
eval samples: 0 loss: tensor(1.2385, device='cuda:0')
eval samples: 100 loss: tensor(0.8523, device='cuda:0')
eval samples: 200 loss: tensor(1.2386, device='cuda:0')
eval samples: 300 loss: tensor(1.1116, device='cuda:0')
eval samples: 400 loss: tensor(0.9515, device='cuda:0')
eval samples: 500 loss: tensor(0.6056, device='cuda:0')
eval samples: 600 loss: tensor(1.2378, device='cuda:0')
eval samples: 700 loss: tensor(0.6601, device='cuda:0')
eval samples: 800 loss: tensor(1.2085, device='cuda:0')
eval samples: 900 loss: tensor(1.7159, device='cuda:0')
eval samples: 1000 loss: tensor(0.9393, device='cuda:0')
eval samples: 1100 loss: tensor(1.5683, device='cuda:0')
average loss 1.2045606111929024
----------------------------------------------------------------------------------------------------
| Eval   6 at step    12000 | time: 364.27s | valid loss  1.20 | valid ppl  3.34 | best ppl  3.34 
----------------------------------------------------------------------------------------------------
| epoch   3 step    12100 |   1584 batches | lr 0.0005 | ms/batch 5476.97 | loss  2.42 | avg loss  2.46 | ppl 11.73
| epoch   3 step    12200 |   1684 batches | lr 0.0005 | ms/batch 1737.57 | loss  2.33 | avg loss  2.47 | ppl 11.86
| epoch   3 step    12300 |   1784 batches | lr 0.0005 | ms/batch 1732.99 | loss  2.45 | avg loss  2.46 | ppl 11.66
| epoch   3 step    12400 |   1884 batches | lr 0.0005 | ms/batch 1736.26 | loss  2.47 | avg loss  2.43 | ppl 11.33
| epoch   3 step    12500 |   1984 batches | lr 0.0005 | ms/batch 1733.37 | loss  2.71 | avg loss  2.45 | ppl 11.58
| epoch   3 step    12600 |   2084 batches | lr 0.0005 | ms/batch 1730.25 | loss  2.69 | avg loss  2.40 | ppl 10.99
| epoch   3 step    12700 |   2184 batches | lr 0.0005 | ms/batch 1733.73 | loss  2.26 | avg loss  2.44 | ppl 11.53
| epoch   3 step    12800 |   2284 batches | lr 0.0005 | ms/batch 1736.81 | loss  2.54 | avg loss  2.46 | ppl 11.66
| epoch   3 step    12900 |   2384 batches | lr 0.0005 | ms/batch 1621.08 | loss  2.34 | avg loss  2.45 | ppl 11.58
| epoch   3 step    13000 |   2484 batches | lr 0.0005 | ms/batch 1733.92 | loss  2.86 | avg loss  2.48 | ppl 11.90
saving checkpoint ./trained_models/GPT2_M/e2e/model.13000.pt
| epoch   3 step    13100 |   2584 batches | lr 0.0005 | ms/batch 1835.12 | loss  2.28 | avg loss  2.43 | ppl 11.34
| epoch   3 step    13200 |   2684 batches | lr 0.0005 | ms/batch 1731.73 | loss  2.34 | avg loss  2.49 | ppl 12.02
| epoch   3 step    13300 |   2784 batches | lr 0.0005 | ms/batch 1734.27 | loss  2.34 | avg loss  2.42 | ppl 11.29
| epoch   3 step    13400 |   2884 batches | lr 0.0005 | ms/batch 1739.12 | loss  2.55 | avg loss  2.43 | ppl 11.39
| epoch   3 step    13500 |   2984 batches | lr 0.0005 | ms/batch 1735.83 | loss  2.85 | avg loss  2.47 | ppl 11.78
| epoch   3 step    13600 |   3084 batches | lr 0.0005 | ms/batch 1736.15 | loss  2.22 | avg loss  2.46 | ppl 11.71
| epoch   3 step    13700 |   3184 batches | lr 0.0005 | ms/batch 1733.27 | loss  2.63 | avg loss  2.50 | ppl 12.15
| epoch   3 step    13800 |   3284 batches | lr 0.0005 | ms/batch 1734.95 | loss  2.21 | avg loss  2.43 | ppl 11.32
| epoch   3 step    13900 |   3384 batches | lr 0.0005 | ms/batch 1733.11 | loss  2.83 | avg loss  2.47 | ppl 11.85
| epoch   3 step    14000 |   3484 batches | lr 0.0005 | ms/batch 1737.66 | loss  2.56 | avg loss  2.48 | ppl 11.93
saving checkpoint ./trained_models/GPT2_M/e2e/model.14000.pt
eval samples: 0 loss: tensor(1.1445, device='cuda:0')
eval samples: 100 loss: tensor(0.8826, device='cuda:0')
eval samples: 200 loss: tensor(1.2450, device='cuda:0')
eval samples: 300 loss: tensor(1.1058, device='cuda:0')
eval samples: 400 loss: tensor(0.8968, device='cuda:0')
eval samples: 500 loss: tensor(0.5827, device='cuda:0')
eval samples: 600 loss: tensor(1.2790, device='cuda:0')
eval samples: 700 loss: tensor(0.7092, device='cuda:0')
eval samples: 800 loss: tensor(1.1115, device='cuda:0')
eval samples: 900 loss: tensor(1.7411, device='cuda:0')
eval samples: 1000 loss: tensor(0.9507, device='cuda:0')
eval samples: 1100 loss: tensor(1.6500, device='cuda:0')
average loss 1.196929042980279
----------------------------------------------------------------------------------------------------
| Eval   7 at step    14000 | time: 363.96s | valid loss  1.20 | valid ppl  3.31 | best ppl  3.31 
----------------------------------------------------------------------------------------------------
| epoch   3 step    14100 |   3584 batches | lr 0.0005 | ms/batch 5462.87 | loss  2.53 | avg loss  2.41 | ppl 11.14
| epoch   3 step    14200 |   3684 batches | lr 0.0005 | ms/batch 1628.17 | loss  2.42 | avg loss  2.42 | ppl 11.29
| epoch   3 step    14300 |   3784 batches | lr 0.0005 | ms/batch 1728.14 | loss  2.71 | avg loss  2.43 | ppl 11.39
| epoch   3 step    14400 |   3884 batches | lr 0.0005 | ms/batch 1732.95 | loss  2.19 | avg loss  2.45 | ppl 11.61
| epoch   3 step    14500 |   3984 batches | lr 0.0005 | ms/batch 1734.49 | loss  2.28 | avg loss  2.46 | ppl 11.69
| epoch   3 step    14600 |   4084 batches | lr 0.0005 | ms/batch 1735.86 | loss  2.49 | avg loss  2.47 | ppl 11.80
| epoch   3 step    14700 |   4184 batches | lr 0.0005 | ms/batch 1731.59 | loss  2.42 | avg loss  2.44 | ppl 11.43
| epoch   3 step    14800 |   4284 batches | lr 0.0005 | ms/batch 1735.64 | loss  2.47 | avg loss  2.47 | ppl 11.85
| epoch   3 step    14900 |   4384 batches | lr 0.0005 | ms/batch 1734.53 | loss  2.43 | avg loss  2.44 | ppl 11.52
| epoch   3 step    15000 |   4484 batches | lr 0.0005 | ms/batch 1734.62 | loss  2.78 | avg loss  2.48 | ppl 11.89
saving checkpoint ./trained_models/GPT2_M/e2e/model.15000.pt
| epoch   3 step    15100 |   4584 batches | lr 0.0005 | ms/batch 1832.29 | loss  2.25 | avg loss  2.44 | ppl 11.50
| epoch   3 step    15200 |   4684 batches | lr 0.0005 | ms/batch 1733.70 | loss  2.47 | avg loss  2.44 | ppl 11.48
| epoch   3 step    15300 |   4784 batches | lr 0.0005 | ms/batch 1713.61 | loss  2.42 | avg loss  2.48 | ppl 11.97
| epoch   3 step    15400 |   4884 batches | lr 0.0005 | ms/batch 1711.44 | loss  2.32 | avg loss  2.46 | ppl 11.70
| epoch   3 step    15500 |   4984 batches | lr 0.0005 | ms/batch 1726.65 | loss  2.35 | avg loss  2.46 | ppl 11.65
| epoch   3 step    15600 |   5084 batches | lr 0.0005 | ms/batch 1618.10 | loss  2.48 | avg loss  2.45 | ppl 11.53
| epoch   3 step    15700 |   5184 batches | lr 0.0005 | ms/batch 1734.18 | loss  2.40 | avg loss  2.42 | ppl 11.26
saving checkpoint ./trained_models/GPT2_M/e2e/model.15774.pt
start to train the model................ 4
| epoch   4 step    15800 |     26 batches | lr 0.0005 | ms/batch 447.42 | loss  2.26 | avg loss  2.41 | ppl 11.11
| epoch   4 step    15900 |    126 batches | lr 0.0005 | ms/batch 1728.19 | loss  2.33 | avg loss  2.41 | ppl 11.17
| epoch   4 step    16000 |    226 batches | lr 0.0005 | ms/batch 1735.24 | loss  2.45 | avg loss  2.44 | ppl 11.49
saving checkpoint ./trained_models/GPT2_M/e2e/model.16000.pt
eval samples: 0 loss: tensor(1.1985, device='cuda:0')
eval samples: 100 loss: tensor(0.8696, device='cuda:0')
eval samples: 200 loss: tensor(1.2402, device='cuda:0')
eval samples: 300 loss: tensor(1.1685, device='cuda:0')
eval samples: 400 loss: tensor(0.9063, device='cuda:0')
eval samples: 500 loss: tensor(0.5662, device='cuda:0')
eval samples: 600 loss: tensor(1.2888, device='cuda:0')
eval samples: 700 loss: tensor(0.6373, device='cuda:0')
eval samples: 800 loss: tensor(1.2210, device='cuda:0')
eval samples: 900 loss: tensor(1.7572, device='cuda:0')
eval samples: 1000 loss: tensor(0.9865, device='cuda:0')
eval samples: 1100 loss: tensor(1.6273, device='cuda:0')
average loss 1.2119207373271659
----------------------------------------------------------------------------------------------------
| Eval   8 at step    16000 | time: 363.97s | valid loss  1.21 | valid ppl  3.36 | best ppl  3.36 
----------------------------------------------------------------------------------------------------
| epoch   4 step    16100 |    326 batches | lr 0.0005 | ms/batch 5477.45 | loss  2.61 | avg loss  2.41 | ppl 11.18
| epoch   4 step    16200 |    426 batches | lr 0.0005 | ms/batch 1728.55 | loss  2.39 | avg loss  2.43 | ppl 11.32
| epoch   4 step    16300 |    526 batches | lr 0.0005 | ms/batch 1737.33 | loss  2.72 | avg loss  2.41 | ppl 11.18
| epoch   4 step    16400 |    626 batches | lr 0.0005 | ms/batch 1735.50 | loss  2.85 | avg loss  2.42 | ppl 11.27
| epoch   4 step    16500 |    726 batches | lr 0.0005 | ms/batch 1731.68 | loss  2.58 | avg loss  2.45 | ppl 11.60
| epoch   4 step    16600 |    826 batches | lr 0.0005 | ms/batch 1738.99 | loss  2.67 | avg loss  2.43 | ppl 11.32
| epoch   4 step    16700 |    926 batches | lr 0.0005 | ms/batch 1732.21 | loss  2.54 | avg loss  2.44 | ppl 11.44
| epoch   4 step    16800 |   1026 batches | lr 0.0005 | ms/batch 1621.49 | loss  2.48 | avg loss  2.43 | ppl 11.37
| epoch   4 step    16900 |   1126 batches | lr 0.0005 | ms/batch 1732.37 | loss  2.15 | avg loss  2.41 | ppl 11.13
| epoch   4 step    17000 |   1226 batches | lr 0.0005 | ms/batch 1737.40 | loss  2.26 | avg loss  2.41 | ppl 11.11
saving checkpoint ./trained_models/GPT2_M/e2e/model.17000.pt
| epoch   4 step    17100 |   1326 batches | lr 0.0005 | ms/batch 1837.95 | loss  2.61 | avg loss  2.46 | ppl 11.71
| epoch   4 step    17200 |   1426 batches | lr 0.0005 | ms/batch 1732.87 | loss  2.38 | avg loss  2.41 | ppl 11.08
| epoch   4 step    17300 |   1526 batches | lr 0.0005 | ms/batch 1739.97 | loss  2.29 | avg loss  2.44 | ppl 11.49
| epoch   4 step    17400 |   1626 batches | lr 0.0005 | ms/batch 1735.74 | loss  2.18 | avg loss  2.44 | ppl 11.52
| epoch   4 step    17500 |   1726 batches | lr 0.0005 | ms/batch 1735.66 | loss  2.65 | avg loss  2.44 | ppl 11.52
| epoch   4 step    17600 |   1826 batches | lr 0.0005 | ms/batch 1734.54 | loss  2.78 | avg loss  2.46 | ppl 11.67
| epoch   4 step    17700 |   1926 batches | lr 0.0005 | ms/batch 1732.87 | loss  2.33 | avg loss  2.43 | ppl 11.33
| epoch   4 step    17800 |   2026 batches | lr 0.0005 | ms/batch 1735.56 | loss  2.63 | avg loss  2.46 | ppl 11.67
| epoch   4 step    17900 |   2126 batches | lr 0.0005 | ms/batch 1737.21 | loss  2.46 | avg loss  2.43 | ppl 11.33
| epoch   4 step    18000 |   2226 batches | lr 0.0005 | ms/batch 1727.13 | loss  2.97 | avg loss  2.44 | ppl 11.42
saving checkpoint ./trained_models/GPT2_M/e2e/model.18000.pt
eval samples: 0 loss: tensor(1.1614, device='cuda:0')
eval samples: 100 loss: tensor(0.8711, device='cuda:0')
eval samples: 200 loss: tensor(1.2530, device='cuda:0')
eval samples: 300 loss: tensor(1.0858, device='cuda:0')
eval samples: 400 loss: tensor(0.9060, device='cuda:0')
eval samples: 500 loss: tensor(0.6278, device='cuda:0')
eval samples: 600 loss: tensor(1.2474, device='cuda:0')
eval samples: 700 loss: tensor(0.6877, device='cuda:0')
eval samples: 800 loss: tensor(1.1428, device='cuda:0')
eval samples: 900 loss: tensor(1.7291, device='cuda:0')
eval samples: 1000 loss: tensor(0.9450, device='cuda:0')
eval samples: 1100 loss: tensor(1.6663, device='cuda:0')
average loss 1.2016004792427364
----------------------------------------------------------------------------------------------------
| Eval   9 at step    18000 | time: 362.38s | valid loss  1.20 | valid ppl  3.33 | best ppl  3.33 
----------------------------------------------------------------------------------------------------
| epoch   4 step    18100 |   2326 batches | lr 0.0005 | ms/batch 5358.54 | loss  2.55 | avg loss  2.42 | ppl 11.27
| epoch   4 step    18200 |   2426 batches | lr 0.0005 | ms/batch 1737.01 | loss  2.38 | avg loss  2.44 | ppl 11.47
| epoch   4 step    18300 |   2526 batches | lr 0.0005 | ms/batch 1731.33 | loss  2.34 | avg loss  2.44 | ppl 11.53
| epoch   4 step    18400 |   2626 batches | lr 0.0005 | ms/batch 1743.88 | loss  2.57 | avg loss  2.42 | ppl 11.24
| epoch   4 step    18500 |   2726 batches | lr 0.0005 | ms/batch 1731.45 | loss  2.45 | avg loss  2.41 | ppl 11.18
| epoch   4 step    18600 |   2826 batches | lr 0.0005 | ms/batch 1733.23 | loss  2.23 | avg loss  2.46 | ppl 11.66
| epoch   4 step    18700 |   2926 batches | lr 0.0005 | ms/batch 1737.62 | loss  2.26 | avg loss  2.41 | ppl 11.17
| epoch   4 step    18800 |   3026 batches | lr 0.0005 | ms/batch 1735.93 | loss  2.22 | avg loss  2.45 | ppl 11.58
| epoch   4 step    18900 |   3126 batches | lr 0.0005 | ms/batch 1733.51 | loss  2.41 | avg loss  2.44 | ppl 11.48
| epoch   4 step    19000 |   3226 batches | lr 0.0005 | ms/batch 1735.92 | loss  2.80 | avg loss  2.45 | ppl 11.55
saving checkpoint ./trained_models/GPT2_M/e2e/model.19000.pt
| epoch   4 step    19100 |   3326 batches | lr 0.0005 | ms/batch 1844.00 | loss  2.61 | avg loss  2.42 | ppl 11.27
| epoch   4 step    19200 |   3426 batches | lr 0.0005 | ms/batch 1729.45 | loss  2.53 | avg loss  2.41 | ppl 11.18
| epoch   4 step    19300 |   3526 batches | lr 0.0005 | ms/batch 1736.62 | loss  2.51 | avg loss  2.45 | ppl 11.61
| epoch   4 step    19400 |   3626 batches | lr 0.0005 | ms/batch 1735.57 | loss  2.57 | avg loss  2.44 | ppl 11.42
| epoch   4 step    19500 |   3726 batches | lr 0.0005 | ms/batch 1620.36 | loss  2.20 | avg loss  2.44 | ppl 11.44
| epoch   4 step    19600 |   3826 batches | lr 0.0005 | ms/batch 1739.21 | loss  2.65 | avg loss  2.44 | ppl 11.51
| epoch   4 step    19700 |   3926 batches | lr 0.0005 | ms/batch 1733.53 | loss  2.54 | avg loss  2.44 | ppl 11.42
| epoch   4 step    19800 |   4026 batches | lr 0.0005 | ms/batch 1738.31 | loss  2.46 | avg loss  2.44 | ppl 11.48
| epoch   4 step    19900 |   4126 batches | lr 0.0005 | ms/batch 1735.88 | loss  2.27 | avg loss  2.47 | ppl 11.87
| epoch   4 step    20000 |   4226 batches | lr 0.0005 | ms/batch 1734.79 | loss  2.31 | avg loss  2.44 | ppl 11.52
saving checkpoint ./trained_models/GPT2_M/e2e/model.20000.pt
eval samples: 0 loss: tensor(1.2117, device='cuda:0')
eval samples: 100 loss: tensor(0.9028, device='cuda:0')
eval samples: 200 loss: tensor(1.2093, device='cuda:0')
eval samples: 300 loss: tensor(1.0990, device='cuda:0')
eval samples: 400 loss: tensor(0.8802, device='cuda:0')
eval samples: 500 loss: tensor(0.5743, device='cuda:0')
eval samples: 600 loss: tensor(1.2026, device='cuda:0')
eval samples: 700 loss: tensor(0.6653, device='cuda:0')
eval samples: 800 loss: tensor(1.1208, device='cuda:0')
eval samples: 900 loss: tensor(1.6837, device='cuda:0')
eval samples: 1000 loss: tensor(0.9428, device='cuda:0')
eval samples: 1100 loss: tensor(1.5546, device='cuda:0')
average loss 1.183563804483577
----------------------------------------------------------------------------------------------------
| Eval  10 at step    20000 | time: 364.28s | valid loss  1.18 | valid ppl  3.27 | best ppl  3.27 
----------------------------------------------------------------------------------------------------
| epoch   4 step    20100 |   4326 batches | lr 0.0005 | ms/batch 5482.00 | loss  2.30 | avg loss  2.43 | ppl 11.37
| epoch   4 step    20200 |   4426 batches | lr 0.0005 | ms/batch 1734.64 | loss  2.47 | avg loss  2.44 | ppl 11.52
| epoch   4 step    20300 |   4526 batches | lr 0.0005 | ms/batch 1739.86 | loss  2.46 | avg loss  2.46 | ppl 11.74
| epoch   4 step    20400 |   4626 batches | lr 0.0005 | ms/batch 1734.35 | loss  2.41 | avg loss  2.43 | ppl 11.41
| epoch   4 step    20500 |   4726 batches | lr 0.0005 | ms/batch 1742.07 | loss  2.66 | avg loss  2.43 | ppl 11.31
| epoch   4 step    20600 |   4826 batches | lr 0.0005 | ms/batch 1736.68 | loss  2.60 | avg loss  2.47 | ppl 11.76
| epoch   4 step    20700 |   4926 batches | lr 0.0005 | ms/batch 1628.50 | loss  2.52 | avg loss  2.43 | ppl 11.40
| epoch   4 step    20800 |   5026 batches | lr 0.0005 | ms/batch 1735.17 | loss  2.24 | avg loss  2.46 | ppl 11.66
| epoch   4 step    20900 |   5126 batches | lr 0.0005 | ms/batch 1738.63 | loss  2.37 | avg loss  2.43 | ppl 11.34
| epoch   4 step    21000 |   5226 batches | lr 0.0005 | ms/batch 1736.06 | loss  2.23 | avg loss  2.43 | ppl 11.41
saving checkpoint ./trained_models/GPT2_M/e2e/model.21000.pt
saving checkpoint ./trained_models/GPT2_M/e2e/model.21032.pt
start to train the model................ 5
| epoch   5 step    21100 |     68 batches | lr 0.0005 | ms/batch 1176.99 | loss  2.60 | avg loss  2.44 | ppl 11.47
| epoch   5 step    21200 |    168 batches | lr 0.0005 | ms/batch 1736.85 | loss  2.51 | avg loss  2.38 | ppl 10.77
| epoch   5 step    21300 |    268 batches | lr 0.0005 | ms/batch 1738.56 | loss  2.20 | avg loss  2.43 | ppl 11.36
| epoch   5 step    21400 |    368 batches | lr 0.0005 | ms/batch 1735.26 | loss  2.53 | avg loss  2.42 | ppl 11.25
| epoch   5 step    21500 |    468 batches | lr 0.0005 | ms/batch 1738.95 | loss  2.61 | avg loss  2.43 | ppl 11.35
| epoch   5 step    21600 |    568 batches | lr 0.0005 | ms/batch 1731.96 | loss  2.70 | avg loss  2.39 | ppl 10.92
| epoch   5 step    21700 |    668 batches | lr 0.0005 | ms/batch 1737.54 | loss  2.80 | avg loss  2.43 | ppl 11.34
| epoch   5 step    21800 |    768 batches | lr 0.0005 | ms/batch 1735.19 | loss  2.35 | avg loss  2.44 | ppl 11.51
| epoch   5 step    21900 |    868 batches | lr 0.0005 | ms/batch 1732.27 | loss  2.71 | avg loss  2.42 | ppl 11.23
| epoch   5 step    22000 |    968 batches | lr 0.0005 | ms/batch 1736.73 | loss  2.31 | avg loss  2.37 | ppl 10.71
saving checkpoint ./trained_models/GPT2_M/e2e/model.22000.pt
eval samples: 0 loss: tensor(1.1872, device='cuda:0')
eval samples: 100 loss: tensor(0.8845, device='cuda:0')
eval samples: 200 loss: tensor(1.2818, device='cuda:0')
eval samples: 300 loss: tensor(1.1260, device='cuda:0')
eval samples: 400 loss: tensor(0.8050, device='cuda:0')
eval samples: 500 loss: tensor(0.5980, device='cuda:0')
eval samples: 600 loss: tensor(1.1745, device='cuda:0')
eval samples: 700 loss: tensor(0.7042, device='cuda:0')
eval samples: 800 loss: tensor(1.1926, device='cuda:0')
eval samples: 900 loss: tensor(1.7379, device='cuda:0')
eval samples: 1000 loss: tensor(0.9617, device='cuda:0')
eval samples: 1100 loss: tensor(1.6705, device='cuda:0')
average loss 1.209166677719722
----------------------------------------------------------------------------------------------------
| Eval  11 at step    22000 | time: 352.31s | valid loss  1.21 | valid ppl  3.35 | best ppl  3.35 
----------------------------------------------------------------------------------------------------
| epoch   5 step    22100 |   1068 batches | lr 0.0005 | ms/batch 5362.63 | loss  2.48 | avg loss  2.40 | ppl 11.07
| epoch   5 step    22200 |   1168 batches | lr 0.0005 | ms/batch 1733.49 | loss  2.82 | avg loss  2.43 | ppl 11.37
| epoch   5 step    22300 |   1268 batches | lr 0.0005 | ms/batch 1732.31 | loss  2.27 | avg loss  2.44 | ppl 11.47
| epoch   5 step    22400 |   1368 batches | lr 0.0005 | ms/batch 1731.94 | loss  2.21 | avg loss  2.39 | ppl 10.90
| epoch   5 step    22500 |   1468 batches | lr 0.0005 | ms/batch 1733.68 | loss  2.60 | avg loss  2.43 | ppl 11.36
| epoch   5 step    22600 |   1568 batches | lr 0.0005 | ms/batch 1734.94 | loss  2.63 | avg loss  2.43 | ppl 11.37
| epoch   5 step    22700 |   1668 batches | lr 0.0005 | ms/batch 1738.52 | loss  2.30 | avg loss  2.42 | ppl 11.28
| epoch   5 step    22800 |   1768 batches | lr 0.0005 | ms/batch 1733.20 | loss  2.27 | avg loss  2.44 | ppl 11.46
| epoch   5 step    22900 |   1868 batches | lr 0.0005 | ms/batch 1735.45 | loss  2.72 | avg loss  2.47 | ppl 11.81
| epoch   5 step    23000 |   1968 batches | lr 0.0005 | ms/batch 1738.15 | loss  2.34 | avg loss  2.42 | ppl 11.27
saving checkpoint ./trained_models/GPT2_M/e2e/model.23000.pt
| epoch   5 step    23100 |   2068 batches | lr 0.0005 | ms/batch 1833.33 | loss  2.58 | avg loss  2.46 | ppl 11.67
| epoch   5 step    23200 |   2168 batches | lr 0.0005 | ms/batch 1737.86 | loss  2.58 | avg loss  2.42 | ppl 11.26
| epoch   5 step    23300 |   2268 batches | lr 0.0005 | ms/batch 1736.47 | loss  2.26 | avg loss  2.40 | ppl 11.04
| epoch   5 step    23400 |   2368 batches | lr 0.0005 | ms/batch 1618.71 | loss  2.37 | avg loss  2.43 | ppl 11.42
| epoch   5 step    23500 |   2468 batches | lr 0.0005 | ms/batch 1741.27 | loss  2.26 | avg loss  2.41 | ppl 11.09
| epoch   5 step    23600 |   2568 batches | lr 0.0005 | ms/batch 1734.28 | loss  2.14 | avg loss  2.42 | ppl 11.25
| epoch   5 step    23700 |   2668 batches | lr 0.0005 | ms/batch 1733.15 | loss  2.32 | avg loss  2.40 | ppl 11.04
| epoch   5 step    23800 |   2768 batches | lr 0.0005 | ms/batch 1734.70 | loss  2.48 | avg loss  2.44 | ppl 11.52
| epoch   5 step    23900 |   2868 batches | lr 0.0005 | ms/batch 1734.16 | loss  2.48 | avg loss  2.41 | ppl 11.16
| epoch   5 step    24000 |   2968 batches | lr 0.0005 | ms/batch 1732.20 | loss  2.31 | avg loss  2.44 | ppl 11.45
saving checkpoint ./trained_models/GPT2_M/e2e/model.24000.pt
eval samples: 0 loss: tensor(1.1194, device='cuda:0')
eval samples: 100 loss: tensor(0.8766, device='cuda:0')
eval samples: 200 loss: tensor(1.2406, device='cuda:0')
eval samples: 300 loss: tensor(1.0782, device='cuda:0')
eval samples: 400 loss: tensor(0.8154, device='cuda:0')
eval samples: 500 loss: tensor(0.6077, device='cuda:0')
eval samples: 600 loss: tensor(1.2305, device='cuda:0')
eval samples: 700 loss: tensor(0.6861, device='cuda:0')
eval samples: 800 loss: tensor(1.2025, device='cuda:0')
eval samples: 900 loss: tensor(1.7444, device='cuda:0')
eval samples: 1000 loss: tensor(0.9880, device='cuda:0')
eval samples: 1100 loss: tensor(1.5654, device='cuda:0')
average loss 1.212184318736808
----------------------------------------------------------------------------------------------------
| Eval  12 at step    24000 | time: 366.34s | valid loss  1.21 | valid ppl  3.36 | best ppl  3.35 
----------------------------------------------------------------------------------------------------
| epoch   5 step    24100 |   3068 batches | lr 0.0005 | ms/batch 5507.91 | loss  2.58 | avg loss  2.46 | ppl 11.70
| epoch   5 step    24200 |   3168 batches | lr 0.0005 | ms/batch 1731.66 | loss  2.63 | avg loss  2.39 | ppl 10.96
| epoch   5 step    24300 |   3268 batches | lr 0.0005 | ms/batch 1733.35 | loss  2.59 | avg loss  2.45 | ppl 11.54
| epoch   5 step    24400 |   3368 batches | lr 0.0005 | ms/batch 1737.82 | loss  2.58 | avg loss  2.43 | ppl 11.31
| epoch   5 step    24500 |   3468 batches | lr 0.0005 | ms/batch 1735.22 | loss  2.23 | avg loss  2.43 | ppl 11.36
| epoch   5 step    24600 |   3568 batches | lr 0.0005 | ms/batch 1621.16 | loss  2.50 | avg loss  2.43 | ppl 11.32
| epoch   5 step    24700 |   3668 batches | lr 0.0005 | ms/batch 1732.68 | loss  2.70 | avg loss  2.47 | ppl 11.78
| epoch   5 step    24800 |   3768 batches | lr 0.0005 | ms/batch 1740.91 | loss  2.78 | avg loss  2.43 | ppl 11.31
| epoch   5 step    24900 |   3868 batches | lr 0.0005 | ms/batch 1727.07 | loss  2.25 | avg loss  2.43 | ppl 11.39
| epoch   5 step    25000 |   3968 batches | lr 0.0005 | ms/batch 1736.83 | loss  2.33 | avg loss  2.44 | ppl 11.48
saving checkpoint ./trained_models/GPT2_M/e2e/model.25000.pt
| epoch   5 step    25100 |   4068 batches | lr 0.0005 | ms/batch 1839.07 | loss  2.61 | avg loss  2.42 | ppl 11.25
| epoch   5 step    25200 |   4168 batches | lr 0.0005 | ms/batch 1733.26 | loss  2.28 | avg loss  2.45 | ppl 11.56
| epoch   5 step    25300 |   4268 batches | lr 0.0005 | ms/batch 1734.66 | loss  2.34 | avg loss  2.41 | ppl 11.14
| epoch   5 step    25400 |   4368 batches | lr 0.0005 | ms/batch 1734.20 | loss  2.70 | avg loss  2.41 | ppl 11.09
| epoch   5 step    25500 |   4468 batches | lr 0.0005 | ms/batch 1737.26 | loss  2.46 | avg loss  2.43 | ppl 11.35
| epoch   5 step    25600 |   4568 batches | lr 0.0005 | ms/batch 1734.28 | loss  2.70 | avg loss  2.44 | ppl 11.44
| epoch   5 step    25700 |   4668 batches | lr 0.0005 | ms/batch 1733.98 | loss  2.79 | avg loss  2.49 | ppl 12.01
| epoch   5 step    25800 |   4768 batches | lr 0.0005 | ms/batch 1710.76 | loss  2.52 | avg loss  2.46 | ppl 11.70
| epoch   5 step    25900 |   4868 batches | lr 0.0005 | ms/batch 1711.12 | loss  2.28 | avg loss  2.42 | ppl 11.30
| epoch   5 step    26000 |   4968 batches | lr 0.0005 | ms/batch 1723.58 | loss  2.38 | avg loss  2.45 | ppl 11.58
saving checkpoint ./trained_models/GPT2_M/e2e/model.26000.pt
eval samples: 0 loss: tensor(1.1808, device='cuda:0')
eval samples: 100 loss: tensor(0.8019, device='cuda:0')
eval samples: 200 loss: tensor(1.2521, device='cuda:0')
eval samples: 300 loss: tensor(1.0669, device='cuda:0')
eval samples: 400 loss: tensor(0.8824, device='cuda:0')
eval samples: 500 loss: tensor(0.5455, device='cuda:0')
eval samples: 600 loss: tensor(1.1798, device='cuda:0')
eval samples: 700 loss: tensor(0.6550, device='cuda:0')
eval samples: 800 loss: tensor(1.1674, device='cuda:0')
eval samples: 900 loss: tensor(1.6819, device='cuda:0')
eval samples: 1000 loss: tensor(0.9231, device='cuda:0')
eval samples: 1100 loss: tensor(1.6302, device='cuda:0')
average loss 1.1821237729020315
----------------------------------------------------------------------------------------------------
| Eval  13 at step    26000 | time: 341.32s | valid loss  1.18 | valid ppl  3.26 | best ppl  3.26 
----------------------------------------------------------------------------------------------------
| epoch   5 step    26100 |   5068 batches | lr 0.0005 | ms/batch 5229.36 | loss  2.42 | avg loss  2.43 | ppl 11.37
| epoch   5 step    26200 |   5168 batches | lr 0.0005 | ms/batch 1736.87 | loss  2.54 | avg loss  2.42 | ppl 11.22
saving checkpoint ./trained_models/GPT2_M/e2e/model.26290.pt
----------------------------------------------------------------------------------------------------
End of training
cleanup dist ...
[rank0]:[W715 23:01:05.474056381 ProcessGroupNCCL.cpp:1479] Warning: WARNING: destroy_process_group() was not called before program exit, which can leak resources. For more info, please see https://pytorch.org/docs/stable/distributed.html#shutdown (function operator())
