nohup: ignoring input
myrank: 0 local_rank: 0 device_count: 1 world_size: 1
====================================================================================================
        - platform : local
        - local_rank : 0
        - rank : 0
        - device : cuda:0
        - world_size : 1
        - random_seed : 110
        - lr : 0.0001
        - weight_decay : 0.01
        - correct_bias : True
        - adam_epislon : 1e-06
        - no_decay_bias : False
        - adam_beta1 : 0.9
        - adam_beta2 : 0.999
        - scheduler : None
        - max_step : None
        - max_epoch : 5
        - warmup_step : 500
        - i_steps : 0
        - i_lrs : 0.00025
        - galore_rank : 4
        - update_proj_gap : 50
        - galore_scale : 1.0
        - proj_type : std
        - gamma : 0.01
        - train_data : ./data/e2e/train.jsonl
        - valid_data : ./data/e2e/valid.jsonl
        - train_batch_size : 8
        - valid_batch_size : 4
        - grad_acc : 1
        - clip : 0.0
        - seq_len : 512
        - model_card : gpt2.md
        - init_checkpoint : ./pretrained_checkpoints/gpt2-medium-pytorch_model.bin
        - fp16 : False
        - log_interval : 100
        - eval_interval : 2000
        - save_interval : 1000
        - work_dir : ./trained_models/GPT2_M/e2e
        - lora_dim : 0
        - lora_alpha : 32
        - obj : clm
        - lora_dropout : 0.1
        - label_smooth : 0.1
        - roll_interval : -1
        - roll_lr : 1e-05
        - roll_step : 100
        - eval_epoch : 1
        - dist : <module 'torch.distributed' from '/home/ycyh/miniconda3/envs/LoRA/lib/python3.11/site-packages/torch/distributed/__init__.py'>
====================================================================================================
Experiment dir : ./trained_models/GPT2_M/e2e
loading model pretrained weight.
MoFaSGD 2D parameter count: 354.50M
Skipped 1D parameter count : 0.32M
set max_step: 26290
start to train the model................ 1
| epoch   1 step      100 |    100 batches | lr 0.0001 | ms/batch 1533.81 | loss  3.30 | avg loss  3.30 | ppl 27.24
| epoch   1 step      200 |    200 batches | lr 0.0001 | ms/batch 1700.94 | loss  2.78 | avg loss  2.80 | ppl 16.45
| epoch   1 step      300 |    300 batches | lr 0.0001 | ms/batch 1697.06 | loss  2.71 | avg loss  2.73 | ppl 15.29
| epoch   1 step      400 |    400 batches | lr 0.0001 | ms/batch 1700.40 | loss  2.77 | avg loss  2.71 | ppl 15.07
| epoch   1 step      500 |    500 batches | lr 0.0001 | ms/batch 1702.54 | loss  2.56 | avg loss  2.65 | ppl 14.18
| epoch   1 step      600 |    600 batches | lr 0.0001 | ms/batch 1713.07 | loss  2.54 | avg loss  2.62 | ppl 13.73
| epoch   1 step      700 |    700 batches | lr 0.0001 | ms/batch 1719.22 | loss  2.68 | avg loss  2.60 | ppl 13.48
| epoch   1 step      800 |    800 batches | lr 0.0001 | ms/batch 1717.20 | loss  2.31 | avg loss  2.58 | ppl 13.21
| epoch   1 step      900 |    900 batches | lr 0.0001 | ms/batch 1715.38 | loss  2.37 | avg loss  2.57 | ppl 13.11
| epoch   1 step     1000 |   1000 batches | lr 0.0001 | ms/batch 1721.40 | loss  3.01 | avg loss  2.60 | ppl 13.40
saving checkpoint ./trained_models/GPT2_M/e2e/model.1000.pt
/home/ycyh/miniconda3/envs/LoRA/lib/python3.11/site-packages/torch/distributed/distributed_c10d.py:4631: UserWarning: No device id is provided via `init_process_group` or `barrier `. Using the current device set by the user. 
  warnings.warn(  # warn only once
| epoch   1 step     1100 |   1100 batches | lr 0.0001 | ms/batch 1831.32 | loss  2.64 | avg loss  2.60 | ppl 13.46
| epoch   1 step     1200 |   1200 batches | lr 0.0001 | ms/batch 1718.13 | loss  2.44 | avg loss  2.60 | ppl 13.44
| epoch   1 step     1300 |   1300 batches | lr 0.0001 | ms/batch 1720.47 | loss  2.49 | avg loss  2.57 | ppl 13.08
| epoch   1 step     1400 |   1400 batches | lr 0.0001 | ms/batch 1719.57 | loss  2.53 | avg loss  2.57 | ppl 13.07
| epoch   1 step     1500 |   1500 batches | lr 0.0001 | ms/batch 1721.27 | loss  2.52 | avg loss  2.59 | ppl 13.26
| epoch   1 step     1600 |   1600 batches | lr 0.0001 | ms/batch 1541.83 | loss  2.61 | avg loss  2.54 | ppl 12.73
| epoch   1 step     1700 |   1700 batches | lr 0.0001 | ms/batch 1706.17 | loss  2.45 | avg loss  2.56 | ppl 12.89
| epoch   1 step     1800 |   1800 batches | lr 0.0001 | ms/batch 1700.83 | loss  2.40 | avg loss  2.55 | ppl 12.84
| epoch   1 step     1900 |   1900 batches | lr 0.0001 | ms/batch 1712.98 | loss  2.57 | avg loss  2.56 | ppl 12.88
| epoch   1 step     2000 |   2000 batches | lr 0.0001 | ms/batch 1716.77 | loss  2.42 | avg loss  2.54 | ppl 12.72
saving checkpoint ./trained_models/GPT2_M/e2e/model.2000.pt
/home/ycyh/miniconda3/envs/LoRA/lib/python3.11/site-packages/torch/nn/_reduction.py:51: UserWarning: size_average and reduce args will be deprecated, please use reduction='none' instead.
  warnings.warn(warning.format(ret))
eval samples: 0 loss: tensor(1.2162, device='cuda:0')
eval samples: 100 loss: tensor(0.8498, device='cuda:0')
eval samples: 200 loss: tensor(1.3483, device='cuda:0')
eval samples: 300 loss: tensor(1.1413, device='cuda:0')
eval samples: 400 loss: tensor(0.8596, device='cuda:0')
eval samples: 500 loss: tensor(0.6451, device='cuda:0')
eval samples: 600 loss: tensor(1.3065, device='cuda:0')
eval samples: 700 loss: tensor(0.7135, device='cuda:0')
eval samples: 800 loss: tensor(1.1552, device='cuda:0')
eval samples: 900 loss: tensor(1.7314, device='cuda:0')
eval samples: 1000 loss: tensor(1.0590, device='cuda:0')
eval samples: 1100 loss: tensor(1.4477, device='cuda:0')
average loss 1.221958835953719
----------------------------------------------------------------------------------------------------
| Eval   1 at step     2000 | time: 359.05s | valid loss  1.22 | valid ppl  3.39 | best ppl  3.39 
----------------------------------------------------------------------------------------------------
| epoch   1 step     2100 |   2100 batches | lr 0.0001 | ms/batch 5420.97 | loss  2.57 | avg loss  2.54 | ppl 12.68
| epoch   1 step     2200 |   2200 batches | lr 0.0001 | ms/batch 1722.77 | loss  2.79 | avg loss  2.53 | ppl 12.62
| epoch   1 step     2300 |   2300 batches | lr 0.0001 | ms/batch 1722.69 | loss  2.47 | avg loss  2.53 | ppl 12.53
| epoch   1 step     2400 |   2400 batches | lr 0.0001 | ms/batch 1718.26 | loss  2.32 | avg loss  2.53 | ppl 12.60
| epoch   1 step     2500 |   2500 batches | lr 0.0001 | ms/batch 1725.35 | loss  2.75 | avg loss  2.55 | ppl 12.78
| epoch   1 step     2600 |   2600 batches | lr 0.0001 | ms/batch 1721.71 | loss  2.67 | avg loss  2.53 | ppl 12.55
| epoch   1 step     2700 |   2700 batches | lr 0.0001 | ms/batch 1721.97 | loss  2.58 | avg loss  2.52 | ppl 12.43
| epoch   1 step     2800 |   2800 batches | lr 0.0001 | ms/batch 1725.10 | loss  2.23 | avg loss  2.56 | ppl 12.89
| epoch   1 step     2900 |   2900 batches | lr 0.0001 | ms/batch 1722.17 | loss  2.71 | avg loss  2.54 | ppl 12.65
| epoch   1 step     3000 |   3000 batches | lr 0.0001 | ms/batch 1720.28 | loss  2.55 | avg loss  2.50 | ppl 12.21
saving checkpoint ./trained_models/GPT2_M/e2e/model.3000.pt
| epoch   1 step     3100 |   3100 batches | lr 0.0001 | ms/batch 1834.45 | loss  2.72 | avg loss  2.51 | ppl 12.27
| epoch   1 step     3200 |   3200 batches | lr 0.0001 | ms/batch 1718.08 | loss  2.58 | avg loss  2.54 | ppl 12.66
| epoch   1 step     3300 |   3300 batches | lr 0.0001 | ms/batch 1613.69 | loss  2.88 | avg loss  2.50 | ppl 12.14
| epoch   1 step     3400 |   3400 batches | lr 0.0001 | ms/batch 1719.68 | loss  2.45 | avg loss  2.50 | ppl 12.17
| epoch   1 step     3500 |   3500 batches | lr 0.0001 | ms/batch 1726.31 | loss  2.29 | avg loss  2.53 | ppl 12.58
| epoch   1 step     3600 |   3600 batches | lr 0.0001 | ms/batch 1726.12 | loss  2.39 | avg loss  2.53 | ppl 12.59
| epoch   1 step     3700 |   3700 batches | lr 0.0001 | ms/batch 1723.27 | loss  2.50 | avg loss  2.50 | ppl 12.20
| epoch   1 step     3800 |   3800 batches | lr 0.0001 | ms/batch 1722.60 | loss  2.49 | avg loss  2.46 | ppl 11.71
| epoch   1 step     3900 |   3900 batches | lr 0.0001 | ms/batch 1726.46 | loss  2.20 | avg loss  2.53 | ppl 12.59
| epoch   1 step     4000 |   4000 batches | lr 0.0001 | ms/batch 1724.17 | loss  2.55 | avg loss  2.53 | ppl 12.61
saving checkpoint ./trained_models/GPT2_M/e2e/model.4000.pt
eval samples: 0 loss: tensor(1.1892, device='cuda:0')
eval samples: 100 loss: tensor(0.8823, device='cuda:0')
eval samples: 200 loss: tensor(1.2788, device='cuda:0')
eval samples: 300 loss: tensor(1.1138, device='cuda:0')
eval samples: 400 loss: tensor(0.8865, device='cuda:0')
eval samples: 500 loss: tensor(0.6238, device='cuda:0')
eval samples: 600 loss: tensor(1.2539, device='cuda:0')
eval samples: 700 loss: tensor(0.7233, device='cuda:0')
eval samples: 800 loss: tensor(1.1554, device='cuda:0')
eval samples: 900 loss: tensor(1.7109, device='cuda:0')
eval samples: 1000 loss: tensor(0.9656, device='cuda:0')
eval samples: 1100 loss: tensor(1.4190, device='cuda:0')
average loss 1.2077347730120567
----------------------------------------------------------------------------------------------------
| Eval   2 at step     4000 | time: 361.34s | valid loss  1.21 | valid ppl  3.35 | best ppl  3.35 
----------------------------------------------------------------------------------------------------
| epoch   1 step     4100 |   4100 batches | lr 0.0001 | ms/batch 5441.33 | loss  2.60 | avg loss  2.49 | ppl 12.11
| epoch   1 step     4200 |   4200 batches | lr 0.0001 | ms/batch 1729.70 | loss  2.54 | avg loss  2.50 | ppl 12.17
| epoch   1 step     4300 |   4300 batches | lr 0.0001 | ms/batch 1718.61 | loss  2.31 | avg loss  2.45 | ppl 11.63
| epoch   1 step     4400 |   4400 batches | lr 0.0001 | ms/batch 1722.94 | loss  2.57 | avg loss  2.48 | ppl 11.97
| epoch   1 step     4500 |   4500 batches | lr 0.0001 | ms/batch 1721.76 | loss  2.62 | avg loss  2.51 | ppl 12.30
| epoch   1 step     4600 |   4600 batches | lr 0.0001 | ms/batch 1728.34 | loss  2.46 | avg loss  2.51 | ppl 12.32
| epoch   1 step     4700 |   4700 batches | lr 0.0001 | ms/batch 1724.61 | loss  2.30 | avg loss  2.50 | ppl 12.19
| epoch   1 step     4800 |   4800 batches | lr 0.0001 | ms/batch 1721.56 | loss  2.66 | avg loss  2.47 | ppl 11.85
| epoch   1 step     4900 |   4900 batches | lr 0.0001 | ms/batch 1724.45 | loss  2.57 | avg loss  2.48 | ppl 12.00
| epoch   1 step     5000 |   5000 batches | lr 0.0001 | ms/batch 1612.00 | loss  2.24 | avg loss  2.46 | ppl 11.76
saving checkpoint ./trained_models/GPT2_M/e2e/model.5000.pt
| epoch   1 step     5100 |   5100 batches | lr 0.0001 | ms/batch 1826.84 | loss  2.56 | avg loss  2.50 | ppl 12.19
| epoch   1 step     5200 |   5200 batches | lr 0.0001 | ms/batch 1729.50 | loss  2.72 | avg loss  2.49 | ppl 12.06
saving checkpoint ./trained_models/GPT2_M/e2e/model.5258.pt
start to train the model................ 2
| epoch   2 step     5300 |     42 batches | lr 0.0001 | ms/batch 718.39 | loss  2.36 | avg loss  2.43 | ppl 11.32
| epoch   2 step     5400 |    142 batches | lr 0.0001 | ms/batch 1726.25 | loss  2.42 | avg loss  2.48 | ppl 11.95
| epoch   2 step     5500 |    242 batches | lr 0.0001 | ms/batch 1723.10 | loss  2.48 | avg loss  2.46 | ppl 11.76
| epoch   2 step     5600 |    342 batches | lr 0.0001 | ms/batch 1730.09 | loss  2.16 | avg loss  2.48 | ppl 11.93
| epoch   2 step     5700 |    442 batches | lr 0.0001 | ms/batch 1724.95 | loss  2.43 | avg loss  2.47 | ppl 11.86
| epoch   2 step     5800 |    542 batches | lr 0.0001 | ms/batch 1722.84 | loss  2.46 | avg loss  2.45 | ppl 11.56
| epoch   2 step     5900 |    642 batches | lr 0.0001 | ms/batch 1726.80 | loss  2.55 | avg loss  2.48 | ppl 11.91
| epoch   2 step     6000 |    742 batches | lr 0.0001 | ms/batch 1724.83 | loss  2.22 | avg loss  2.44 | ppl 11.45
saving checkpoint ./trained_models/GPT2_M/e2e/model.6000.pt
eval samples: 0 loss: tensor(1.1806, device='cuda:0')
eval samples: 100 loss: tensor(0.8584, device='cuda:0')
eval samples: 200 loss: tensor(1.1632, device='cuda:0')
eval samples: 300 loss: tensor(1.0967, device='cuda:0')
eval samples: 400 loss: tensor(0.8381, device='cuda:0')
eval samples: 500 loss: tensor(0.5756, device='cuda:0')
eval samples: 600 loss: tensor(1.2481, device='cuda:0')
eval samples: 700 loss: tensor(0.6759, device='cuda:0')
eval samples: 800 loss: tensor(1.1614, device='cuda:0')
eval samples: 900 loss: tensor(1.7204, device='cuda:0')
eval samples: 1000 loss: tensor(0.9200, device='cuda:0')
eval samples: 1100 loss: tensor(1.4085, device='cuda:0')
average loss 1.1692404473225957
----------------------------------------------------------------------------------------------------
| Eval   3 at step     6000 | time: 361.92s | valid loss  1.17 | valid ppl  3.22 | best ppl  3.22 
----------------------------------------------------------------------------------------------------
| epoch   2 step     6100 |    842 batches | lr 0.0001 | ms/batch 5450.05 | loss  2.26 | avg loss  2.46 | ppl 11.75
| epoch   2 step     6200 |    942 batches | lr 0.0001 | ms/batch 1722.36 | loss  2.30 | avg loss  2.46 | ppl 11.76
| epoch   2 step     6300 |   1042 batches | lr 0.0001 | ms/batch 1727.99 | loss  2.68 | avg loss  2.47 | ppl 11.82
| epoch   2 step     6400 |   1142 batches | lr 0.0001 | ms/batch 1725.82 | loss  2.28 | avg loss  2.46 | ppl 11.71
| epoch   2 step     6500 |   1242 batches | lr 0.0001 | ms/batch 1726.29 | loss  2.32 | avg loss  2.48 | ppl 11.95
| epoch   2 step     6600 |   1342 batches | lr 0.0001 | ms/batch 1611.47 | loss  2.74 | avg loss  2.46 | ppl 11.67
| epoch   2 step     6700 |   1442 batches | lr 0.0001 | ms/batch 1720.85 | loss  2.42 | avg loss  2.47 | ppl 11.80
| epoch   2 step     6800 |   1542 batches | lr 0.0001 | ms/batch 1713.87 | loss  2.40 | avg loss  2.48 | ppl 11.90
| epoch   2 step     6900 |   1642 batches | lr 0.0001 | ms/batch 1705.73 | loss  2.38 | avg loss  2.42 | ppl 11.19
| epoch   2 step     7000 |   1742 batches | lr 0.0001 | ms/batch 1711.93 | loss  2.62 | avg loss  2.47 | ppl 11.86
saving checkpoint ./trained_models/GPT2_M/e2e/model.7000.pt
| epoch   2 step     7100 |   1842 batches | lr 0.0001 | ms/batch 1815.48 | loss  2.59 | avg loss  2.46 | ppl 11.67
| epoch   2 step     7200 |   1942 batches | lr 0.0001 | ms/batch 1708.46 | loss  2.53 | avg loss  2.46 | ppl 11.67
| epoch   2 step     7300 |   2042 batches | lr 0.0001 | ms/batch 1708.91 | loss  2.33 | avg loss  2.44 | ppl 11.43
| epoch   2 step     7400 |   2142 batches | lr 0.0001 | ms/batch 1708.68 | loss  2.76 | avg loss  2.43 | ppl 11.34
| epoch   2 step     7500 |   2242 batches | lr 0.0001 | ms/batch 1703.81 | loss  2.61 | avg loss  2.48 | ppl 11.97
| epoch   2 step     7600 |   2342 batches | lr 0.0001 | ms/batch 1708.57 | loss  2.25 | avg loss  2.44 | ppl 11.43
| epoch   2 step     7700 |   2442 batches | lr 0.0001 | ms/batch 1709.02 | loss  2.70 | avg loss  2.44 | ppl 11.43
| epoch   2 step     7800 |   2542 batches | lr 0.0001 | ms/batch 1709.69 | loss  2.48 | avg loss  2.43 | ppl 11.33
| epoch   2 step     7900 |   2642 batches | lr 0.0001 | ms/batch 1709.36 | loss  2.74 | avg loss  2.46 | ppl 11.74
| epoch   2 step     8000 |   2742 batches | lr 0.0001 | ms/batch 1704.13 | loss  2.49 | avg loss  2.48 | ppl 11.93
saving checkpoint ./trained_models/GPT2_M/e2e/model.8000.pt
eval samples: 0 loss: tensor(1.1300, device='cuda:0')
eval samples: 100 loss: tensor(0.8752, device='cuda:0')
eval samples: 200 loss: tensor(1.2217, device='cuda:0')
eval samples: 300 loss: tensor(1.0646, device='cuda:0')
eval samples: 400 loss: tensor(0.8668, device='cuda:0')
eval samples: 500 loss: tensor(0.6236, device='cuda:0')
eval samples: 600 loss: tensor(1.2031, device='cuda:0')
eval samples: 700 loss: tensor(0.6957, device='cuda:0')
eval samples: 800 loss: tensor(1.1319, device='cuda:0')
eval samples: 900 loss: tensor(1.7089, device='cuda:0')
eval samples: 1000 loss: tensor(0.9317, device='cuda:0')
eval samples: 1100 loss: tensor(1.3927, device='cuda:0')
average loss 1.171578771217841
----------------------------------------------------------------------------------------------------
| Eval   4 at step     8000 | time: 358.12s | valid loss  1.17 | valid ppl  3.23 | best ppl  3.22 
----------------------------------------------------------------------------------------------------
| epoch   2 step     8100 |   2842 batches | lr 0.0001 | ms/batch 5400.21 | loss  2.33 | avg loss  2.44 | ppl 11.48
| epoch   2 step     8200 |   2942 batches | lr 0.0001 | ms/batch 1707.60 | loss  2.54 | avg loss  2.49 | ppl 12.11
| epoch   2 step     8300 |   3042 batches | lr 0.0001 | ms/batch 1641.77 | loss  2.34 | avg loss  2.46 | ppl 11.70
| epoch   2 step     8400 |   3142 batches | lr 0.0001 | ms/batch 1584.57 | loss  2.47 | avg loss  2.44 | ppl 11.51
| epoch   2 step     8500 |   3242 batches | lr 0.0001 | ms/batch 1705.42 | loss  2.36 | avg loss  2.45 | ppl 11.64
| epoch   2 step     8600 |   3342 batches | lr 0.0001 | ms/batch 1708.05 | loss  2.38 | avg loss  2.44 | ppl 11.43
| epoch   2 step     8700 |   3442 batches | lr 0.0001 | ms/batch 1708.42 | loss  2.75 | avg loss  2.44 | ppl 11.46
| epoch   2 step     8800 |   3542 batches | lr 0.0001 | ms/batch 1703.94 | loss  2.36 | avg loss  2.44 | ppl 11.48
| epoch   2 step     8900 |   3642 batches | lr 0.0001 | ms/batch 1713.32 | loss  2.53 | avg loss  2.46 | ppl 11.73
| epoch   2 step     9000 |   3742 batches | lr 0.0001 | ms/batch 1705.86 | loss  2.47 | avg loss  2.45 | ppl 11.59
saving checkpoint ./trained_models/GPT2_M/e2e/model.9000.pt
| epoch   2 step     9100 |   3842 batches | lr 0.0001 | ms/batch 1816.30 | loss  2.39 | avg loss  2.45 | ppl 11.54
| epoch   2 step     9200 |   3942 batches | lr 0.0001 | ms/batch 1708.15 | loss  2.58 | avg loss  2.45 | ppl 11.57
| epoch   2 step     9300 |   4042 batches | lr 0.0001 | ms/batch 1709.79 | loss  2.48 | avg loss  2.46 | ppl 11.71
| epoch   2 step     9400 |   4142 batches | lr 0.0001 | ms/batch 1710.23 | loss  2.48 | avg loss  2.45 | ppl 11.58
| epoch   2 step     9500 |   4242 batches | lr 0.0001 | ms/batch 1707.60 | loss  2.45 | avg loss  2.45 | ppl 11.56
| epoch   2 step     9600 |   4342 batches | lr 0.0001 | ms/batch 1713.82 | loss  2.82 | avg loss  2.45 | ppl 11.64
| epoch   2 step     9700 |   4442 batches | lr 0.0001 | ms/batch 1705.18 | loss  2.20 | avg loss  2.44 | ppl 11.52
| epoch   2 step     9800 |   4542 batches | lr 0.0001 | ms/batch 1717.99 | loss  2.43 | avg loss  2.44 | ppl 11.49
| epoch   2 step     9900 |   4642 batches | lr 0.0001 | ms/batch 1726.16 | loss  2.12 | avg loss  2.43 | ppl 11.32
| epoch   2 step    10000 |   4742 batches | lr 0.0001 | ms/batch 1723.52 | loss  2.51 | avg loss  2.46 | ppl 11.71
saving checkpoint ./trained_models/GPT2_M/e2e/model.10000.pt
eval samples: 0 loss: tensor(1.1541, device='cuda:0')
eval samples: 100 loss: tensor(0.8778, device='cuda:0')
eval samples: 200 loss: tensor(1.1574, device='cuda:0')
eval samples: 300 loss: tensor(1.0508, device='cuda:0')
eval samples: 400 loss: tensor(0.8310, device='cuda:0')
eval samples: 500 loss: tensor(0.5802, device='cuda:0')
eval samples: 600 loss: tensor(1.2046, device='cuda:0')
eval samples: 700 loss: tensor(0.6698, device='cuda:0')
eval samples: 800 loss: tensor(1.1914, device='cuda:0')
eval samples: 900 loss: tensor(1.6865, device='cuda:0')
eval samples: 1000 loss: tensor(0.9243, device='cuda:0')
eval samples: 1100 loss: tensor(1.4353, device='cuda:0')
average loss 1.1634371405697033
----------------------------------------------------------------------------------------------------
| Eval   5 at step    10000 | time: 361.17s | valid loss  1.16 | valid ppl  3.20 | best ppl  3.20 
----------------------------------------------------------------------------------------------------
| epoch   2 step    10100 |   4842 batches | lr 0.0001 | ms/batch 5336.29 | loss  2.25 | avg loss  2.45 | ppl 11.56
| epoch   2 step    10200 |   4942 batches | lr 0.0001 | ms/batch 1725.53 | loss  2.38 | avg loss  2.45 | ppl 11.63
| epoch   2 step    10300 |   5042 batches | lr 0.0001 | ms/batch 1719.39 | loss  2.70 | avg loss  2.44 | ppl 11.46
| epoch   2 step    10400 |   5142 batches | lr 0.0001 | ms/batch 1727.34 | loss  2.62 | avg loss  2.44 | ppl 11.45
| epoch   2 step    10500 |   5242 batches | lr 0.0001 | ms/batch 1731.99 | loss  2.34 | avg loss  2.42 | ppl 11.24
saving checkpoint ./trained_models/GPT2_M/e2e/model.10516.pt
start to train the model................ 3
| epoch   3 step    10600 |     84 batches | lr 0.0001 | ms/batch 1441.96 | loss  2.10 | avg loss  2.42 | ppl 11.24
| epoch   3 step    10700 |    184 batches | lr 0.0001 | ms/batch 1716.74 | loss  2.50 | avg loss  2.43 | ppl 11.38
| epoch   3 step    10800 |    284 batches | lr 0.0001 | ms/batch 1706.20 | loss  2.60 | avg loss  2.42 | ppl 11.24
| epoch   3 step    10900 |    384 batches | lr 0.0001 | ms/batch 1710.51 | loss  2.72 | avg loss  2.42 | ppl 11.26
| epoch   3 step    11000 |    484 batches | lr 0.0001 | ms/batch 1704.87 | loss  2.59 | avg loss  2.42 | ppl 11.30
saving checkpoint ./trained_models/GPT2_M/e2e/model.11000.pt
| epoch   3 step    11100 |    584 batches | lr 0.0001 | ms/batch 1809.06 | loss  2.48 | avg loss  2.48 | ppl 11.88
| epoch   3 step    11200 |    684 batches | lr 0.0001 | ms/batch 1707.77 | loss  2.48 | avg loss  2.43 | ppl 11.35
| epoch   3 step    11300 |    784 batches | lr 0.0001 | ms/batch 1706.18 | loss  2.44 | avg loss  2.45 | ppl 11.54
| epoch   3 step    11400 |    884 batches | lr 0.0001 | ms/batch 1709.95 | loss  2.34 | avg loss  2.43 | ppl 11.38
| epoch   3 step    11500 |    984 batches | lr 0.0001 | ms/batch 1708.45 | loss  2.18 | avg loss  2.43 | ppl 11.40
| epoch   3 step    11600 |   1084 batches | lr 0.0001 | ms/batch 1710.29 | loss  2.11 | avg loss  2.40 | ppl 10.99
| epoch   3 step    11700 |   1184 batches | lr 0.0001 | ms/batch 1709.24 | loss  2.27 | avg loss  2.42 | ppl 11.22
| epoch   3 step    11800 |   1284 batches | lr 0.0001 | ms/batch 1706.65 | loss  2.39 | avg loss  2.39 | ppl 10.96
| epoch   3 step    11900 |   1384 batches | lr 0.0001 | ms/batch 1706.51 | loss  2.32 | avg loss  2.41 | ppl 11.10
| epoch   3 step    12000 |   1484 batches | lr 0.0001 | ms/batch 1528.40 | loss  2.47 | avg loss  2.42 | ppl 11.24
saving checkpoint ./trained_models/GPT2_M/e2e/model.12000.pt
eval samples: 0 loss: tensor(1.1891, device='cuda:0')
eval samples: 100 loss: tensor(0.8613, device='cuda:0')
eval samples: 200 loss: tensor(1.1791, device='cuda:0')
eval samples: 300 loss: tensor(1.0939, device='cuda:0')
eval samples: 400 loss: tensor(0.8677, device='cuda:0')
eval samples: 500 loss: tensor(0.5834, device='cuda:0')
eval samples: 600 loss: tensor(1.2619, device='cuda:0')
eval samples: 700 loss: tensor(0.6685, device='cuda:0')
eval samples: 800 loss: tensor(1.1647, device='cuda:0')
eval samples: 900 loss: tensor(1.6917, device='cuda:0')
eval samples: 1000 loss: tensor(0.8970, device='cuda:0')
eval samples: 1100 loss: tensor(1.4491, device='cuda:0')
average loss 1.1748392147662705
----------------------------------------------------------------------------------------------------
| Eval   6 at step    12000 | time: 357.92s | valid loss  1.17 | valid ppl  3.24 | best ppl  3.24 
----------------------------------------------------------------------------------------------------
| epoch   3 step    12100 |   1584 batches | lr 0.0001 | ms/batch 5393.14 | loss  2.42 | avg loss  2.44 | ppl 11.47
| epoch   3 step    12200 |   1684 batches | lr 0.0001 | ms/batch 1710.03 | loss  2.29 | avg loss  2.45 | ppl 11.58
| epoch   3 step    12300 |   1784 batches | lr 0.0001 | ms/batch 1713.14 | loss  2.40 | avg loss  2.43 | ppl 11.39
| epoch   3 step    12400 |   1884 batches | lr 0.0001 | ms/batch 1723.91 | loss  2.46 | avg loss  2.40 | ppl 11.06
| epoch   3 step    12500 |   1984 batches | lr 0.0001 | ms/batch 1728.19 | loss  2.66 | avg loss  2.43 | ppl 11.32
| epoch   3 step    12600 |   2084 batches | lr 0.0001 | ms/batch 1709.46 | loss  2.68 | avg loss  2.38 | ppl 10.79
| epoch   3 step    12700 |   2184 batches | lr 0.0001 | ms/batch 1704.12 | loss  2.26 | avg loss  2.42 | ppl 11.25
| epoch   3 step    12800 |   2284 batches | lr 0.0001 | ms/batch 1706.51 | loss  2.52 | avg loss  2.43 | ppl 11.31
| epoch   3 step    12900 |   2384 batches | lr 0.0001 | ms/batch 1713.07 | loss  2.32 | avg loss  2.43 | ppl 11.32
| epoch   3 step    13000 |   2484 batches | lr 0.0001 | ms/batch 1724.46 | loss  2.85 | avg loss  2.45 | ppl 11.54
saving checkpoint ./trained_models/GPT2_M/e2e/model.13000.pt
| epoch   3 step    13100 |   2584 batches | lr 0.0001 | ms/batch 1833.42 | loss  2.26 | avg loss  2.40 | ppl 11.04
| epoch   3 step    13200 |   2684 batches | lr 0.0001 | ms/batch 1720.19 | loss  2.36 | avg loss  2.46 | ppl 11.67
| epoch   3 step    13300 |   2784 batches | lr 0.0001 | ms/batch 1722.33 | loss  2.35 | avg loss  2.40 | ppl 11.07
| epoch   3 step    13400 |   2884 batches | lr 0.0001 | ms/batch 1728.80 | loss  2.52 | avg loss  2.41 | ppl 11.10
| epoch   3 step    13500 |   2984 batches | lr 0.0001 | ms/batch 1726.06 | loss  2.81 | avg loss  2.44 | ppl 11.52
| epoch   3 step    13600 |   3084 batches | lr 0.0001 | ms/batch 1722.30 | loss  2.21 | avg loss  2.43 | ppl 11.40
| epoch   3 step    13700 |   3184 batches | lr 0.0001 | ms/batch 1618.79 | loss  2.57 | avg loss  2.47 | ppl 11.79
| epoch   3 step    13800 |   3284 batches | lr 0.0001 | ms/batch 1724.10 | loss  2.18 | avg loss  2.40 | ppl 10.99
| epoch   3 step    13900 |   3384 batches | lr 0.0001 | ms/batch 1724.58 | loss  2.76 | avg loss  2.44 | ppl 11.52
| epoch   3 step    14000 |   3484 batches | lr 0.0001 | ms/batch 1724.29 | loss  2.53 | avg loss  2.45 | ppl 11.60
saving checkpoint ./trained_models/GPT2_M/e2e/model.14000.pt
eval samples: 0 loss: tensor(1.0883, device='cuda:0')
eval samples: 100 loss: tensor(0.8382, device='cuda:0')
eval samples: 200 loss: tensor(1.1715, device='cuda:0')
eval samples: 300 loss: tensor(1.0594, device='cuda:0')
eval samples: 400 loss: tensor(0.8145, device='cuda:0')
eval samples: 500 loss: tensor(0.5438, device='cuda:0')
eval samples: 600 loss: tensor(1.2538, device='cuda:0')
eval samples: 700 loss: tensor(0.6787, device='cuda:0')
eval samples: 800 loss: tensor(1.1328, device='cuda:0')
eval samples: 900 loss: tensor(1.6612, device='cuda:0')
eval samples: 1000 loss: tensor(0.9035, device='cuda:0')
eval samples: 1100 loss: tensor(1.4344, device='cuda:0')
average loss 1.147054106048117
----------------------------------------------------------------------------------------------------
| Eval   7 at step    14000 | time: 361.46s | valid loss  1.15 | valid ppl  3.15 | best ppl  3.15 
----------------------------------------------------------------------------------------------------
| epoch   3 step    14100 |   3584 batches | lr 0.0001 | ms/batch 5443.29 | loss  2.47 | avg loss  2.38 | ppl 10.85
| epoch   3 step    14200 |   3684 batches | lr 0.0001 | ms/batch 1724.90 | loss  2.39 | avg loss  2.40 | ppl 11.05
| epoch   3 step    14300 |   3784 batches | lr 0.0001 | ms/batch 1727.96 | loss  2.64 | avg loss  2.40 | ppl 11.06
| epoch   3 step    14400 |   3884 batches | lr 0.0001 | ms/batch 1723.00 | loss  2.16 | avg loss  2.42 | ppl 11.22
| epoch   3 step    14500 |   3984 batches | lr 0.0001 | ms/batch 1723.08 | loss  2.25 | avg loss  2.43 | ppl 11.34
| epoch   3 step    14600 |   4084 batches | lr 0.0001 | ms/batch 1727.01 | loss  2.42 | avg loss  2.44 | ppl 11.42
| epoch   3 step    14700 |   4184 batches | lr 0.0001 | ms/batch 1721.13 | loss  2.39 | avg loss  2.40 | ppl 11.08
| epoch   3 step    14800 |   4284 batches | lr 0.0001 | ms/batch 1726.13 | loss  2.42 | avg loss  2.44 | ppl 11.48
| epoch   3 step    14900 |   4384 batches | lr 0.0001 | ms/batch 1731.66 | loss  2.40 | avg loss  2.42 | ppl 11.22
| epoch   3 step    15000 |   4484 batches | lr 0.0001 | ms/batch 1723.61 | loss  2.71 | avg loss  2.44 | ppl 11.51
saving checkpoint ./trained_models/GPT2_M/e2e/model.15000.pt
| epoch   3 step    15100 |   4584 batches | lr 0.0001 | ms/batch 1828.94 | loss  2.25 | avg loss  2.41 | ppl 11.17
| epoch   3 step    15200 |   4684 batches | lr 0.0001 | ms/batch 1728.03 | loss  2.41 | avg loss  2.41 | ppl 11.13
| epoch   3 step    15300 |   4784 batches | lr 0.0001 | ms/batch 1722.33 | loss  2.37 | avg loss  2.45 | ppl 11.59
| epoch   3 step    15400 |   4884 batches | lr 0.0001 | ms/batch 1617.52 | loss  2.28 | avg loss  2.43 | ppl 11.31
| epoch   3 step    15500 |   4984 batches | lr 0.0001 | ms/batch 1721.45 | loss  2.36 | avg loss  2.42 | ppl 11.30
| epoch   3 step    15600 |   5084 batches | lr 0.0001 | ms/batch 1725.15 | loss  2.49 | avg loss  2.41 | ppl 11.17
| epoch   3 step    15700 |   5184 batches | lr 0.0001 | ms/batch 1726.38 | loss  2.40 | avg loss  2.40 | ppl 10.99
saving checkpoint ./trained_models/GPT2_M/e2e/model.15774.pt
start to train the model................ 4
| epoch   4 step    15800 |     26 batches | lr 0.0001 | ms/batch 445.72 | loss  2.25 | avg loss  2.39 | ppl 10.87
| epoch   4 step    15900 |    126 batches | lr 0.0001 | ms/batch 1723.41 | loss  2.27 | avg loss  2.39 | ppl 10.93
| epoch   4 step    16000 |    226 batches | lr 0.0001 | ms/batch 1731.28 | loss  2.42 | avg loss  2.41 | ppl 11.18
saving checkpoint ./trained_models/GPT2_M/e2e/model.16000.pt
eval samples: 0 loss: tensor(1.1139, device='cuda:0')
eval samples: 100 loss: tensor(0.8267, device='cuda:0')
eval samples: 200 loss: tensor(1.1480, device='cuda:0')
eval samples: 300 loss: tensor(1.0800, device='cuda:0')
eval samples: 400 loss: tensor(0.7993, device='cuda:0')
eval samples: 500 loss: tensor(0.5169, device='cuda:0')
eval samples: 600 loss: tensor(1.2183, device='cuda:0')
eval samples: 700 loss: tensor(0.5914, device='cuda:0')
eval samples: 800 loss: tensor(1.1826, device='cuda:0')
eval samples: 900 loss: tensor(1.6730, device='cuda:0')
eval samples: 1000 loss: tensor(0.8679, device='cuda:0')
eval samples: 1100 loss: tensor(1.4377, device='cuda:0')
average loss 1.1385773737749008
----------------------------------------------------------------------------------------------------
| Eval   8 at step    16000 | time: 361.81s | valid loss  1.14 | valid ppl  3.12 | best ppl  3.12 
----------------------------------------------------------------------------------------------------
| epoch   4 step    16100 |    326 batches | lr 0.0001 | ms/batch 5446.75 | loss  2.58 | avg loss  2.38 | ppl 10.85
| epoch   4 step    16200 |    426 batches | lr 0.0001 | ms/batch 1725.52 | loss  2.35 | avg loss  2.40 | ppl 11.00
| epoch   4 step    16300 |    526 batches | lr 0.0001 | ms/batch 1724.81 | loss  2.73 | avg loss  2.38 | ppl 10.85
| epoch   4 step    16400 |    626 batches | lr 0.0001 | ms/batch 1727.73 | loss  2.83 | avg loss  2.40 | ppl 11.02
| epoch   4 step    16500 |    726 batches | lr 0.0001 | ms/batch 1722.34 | loss  2.60 | avg loss  2.42 | ppl 11.30
| epoch   4 step    16600 |    826 batches | lr 0.0001 | ms/batch 1723.21 | loss  2.54 | avg loss  2.40 | ppl 10.99
| epoch   4 step    16700 |    926 batches | lr 0.0001 | ms/batch 1728.19 | loss  2.53 | avg loss  2.41 | ppl 11.15
| epoch   4 step    16800 |   1026 batches | lr 0.0001 | ms/batch 1727.05 | loss  2.44 | avg loss  2.40 | ppl 11.07
| epoch   4 step    16900 |   1126 batches | lr 0.0001 | ms/batch 1728.57 | loss  2.12 | avg loss  2.38 | ppl 10.80
| epoch   4 step    17000 |   1226 batches | lr 0.0001 | ms/batch 1613.91 | loss  2.27 | avg loss  2.38 | ppl 10.80
saving checkpoint ./trained_models/GPT2_M/e2e/model.17000.pt
| epoch   4 step    17100 |   1326 batches | lr 0.0001 | ms/batch 1826.06 | loss  2.57 | avg loss  2.43 | ppl 11.35
| epoch   4 step    17200 |   1426 batches | lr 0.0001 | ms/batch 1721.78 | loss  2.30 | avg loss  2.38 | ppl 10.81
| epoch   4 step    17300 |   1526 batches | lr 0.0001 | ms/batch 1727.81 | loss  2.28 | avg loss  2.41 | ppl 11.11
| epoch   4 step    17400 |   1626 batches | lr 0.0001 | ms/batch 1724.97 | loss  2.22 | avg loss  2.41 | ppl 11.14
| epoch   4 step    17500 |   1726 batches | lr 0.0001 | ms/batch 1723.07 | loss  2.62 | avg loss  2.41 | ppl 11.18
| epoch   4 step    17600 |   1826 batches | lr 0.0001 | ms/batch 1725.45 | loss  2.75 | avg loss  2.42 | ppl 11.28
| epoch   4 step    17700 |   1926 batches | lr 0.0001 | ms/batch 1726.99 | loss  2.32 | avg loss  2.39 | ppl 10.95
| epoch   4 step    17800 |   2026 batches | lr 0.0001 | ms/batch 1724.04 | loss  2.58 | avg loss  2.43 | ppl 11.36
| epoch   4 step    17900 |   2126 batches | lr 0.0001 | ms/batch 1726.74 | loss  2.38 | avg loss  2.40 | ppl 10.99
| epoch   4 step    18000 |   2226 batches | lr 0.0001 | ms/batch 1726.11 | loss  2.89 | avg loss  2.40 | ppl 11.03
saving checkpoint ./trained_models/GPT2_M/e2e/model.18000.pt
eval samples: 0 loss: tensor(1.1199, device='cuda:0')
eval samples: 100 loss: tensor(0.8372, device='cuda:0')
eval samples: 200 loss: tensor(1.2076, device='cuda:0')
eval samples: 300 loss: tensor(1.0667, device='cuda:0')
eval samples: 400 loss: tensor(0.8370, device='cuda:0')
eval samples: 500 loss: tensor(0.5803, device='cuda:0')
eval samples: 600 loss: tensor(1.2592, device='cuda:0')
eval samples: 700 loss: tensor(0.6447, device='cuda:0')
eval samples: 800 loss: tensor(1.1462, device='cuda:0')
eval samples: 900 loss: tensor(1.6806, device='cuda:0')
eval samples: 1000 loss: tensor(0.8975, device='cuda:0')
eval samples: 1100 loss: tensor(1.4708, device='cuda:0')
average loss 1.1603840906683305
----------------------------------------------------------------------------------------------------
| Eval   9 at step    18000 | time: 361.34s | valid loss  1.16 | valid ppl  3.19 | best ppl  3.12 
----------------------------------------------------------------------------------------------------
| epoch   4 step    18100 |   2326 batches | lr 0.0001 | ms/batch 5443.24 | loss  2.54 | avg loss  2.39 | ppl 10.95
| epoch   4 step    18200 |   2426 batches | lr 0.0001 | ms/batch 1727.24 | loss  2.34 | avg loss  2.41 | ppl 11.12
| epoch   4 step    18300 |   2526 batches | lr 0.0001 | ms/batch 1724.47 | loss  2.30 | avg loss  2.41 | ppl 11.12
| epoch   4 step    18400 |   2626 batches | lr 0.0001 | ms/batch 1725.77 | loss  2.54 | avg loss  2.39 | ppl 10.91
| epoch   4 step    18500 |   2726 batches | lr 0.0001 | ms/batch 1721.24 | loss  2.43 | avg loss  2.38 | ppl 10.82
| epoch   4 step    18600 |   2826 batches | lr 0.0001 | ms/batch 1719.15 | loss  2.22 | avg loss  2.43 | ppl 11.30
| epoch   4 step    18700 |   2926 batches | lr 0.0001 | ms/batch 1614.74 | loss  2.19 | avg loss  2.39 | ppl 10.86
| epoch   4 step    18800 |   3026 batches | lr 0.0001 | ms/batch 1729.14 | loss  2.21 | avg loss  2.42 | ppl 11.20
| epoch   4 step    18900 |   3126 batches | lr 0.0001 | ms/batch 1722.40 | loss  2.36 | avg loss  2.41 | ppl 11.10
| epoch   4 step    19000 |   3226 batches | lr 0.0001 | ms/batch 1723.53 | loss  2.69 | avg loss  2.41 | ppl 11.19
saving checkpoint ./trained_models/GPT2_M/e2e/model.19000.pt
| epoch   4 step    19100 |   3326 batches | lr 0.0001 | ms/batch 1831.48 | loss  2.58 | avg loss  2.39 | ppl 10.97
| epoch   4 step    19200 |   3426 batches | lr 0.0001 | ms/batch 1723.69 | loss  2.52 | avg loss  2.38 | ppl 10.83
| epoch   4 step    19300 |   3526 batches | lr 0.0001 | ms/batch 1720.11 | loss  2.47 | avg loss  2.42 | ppl 11.20
| epoch   4 step    19400 |   3626 batches | lr 0.0001 | ms/batch 1725.27 | loss  2.53 | avg loss  2.40 | ppl 11.00
| epoch   4 step    19500 |   3726 batches | lr 0.0001 | ms/batch 1725.59 | loss  2.16 | avg loss  2.40 | ppl 11.01
| epoch   4 step    19600 |   3826 batches | lr 0.0001 | ms/batch 1721.25 | loss  2.60 | avg loss  2.41 | ppl 11.10
| epoch   4 step    19700 |   3926 batches | lr 0.0001 | ms/batch 1728.19 | loss  2.48 | avg loss  2.40 | ppl 11.02
| epoch   4 step    19800 |   4026 batches | lr 0.0001 | ms/batch 1722.93 | loss  2.44 | avg loss  2.41 | ppl 11.09
| epoch   4 step    19900 |   4126 batches | lr 0.0001 | ms/batch 1721.77 | loss  2.24 | avg loss  2.43 | ppl 11.39
| epoch   4 step    20000 |   4226 batches | lr 0.0001 | ms/batch 1724.45 | loss  2.31 | avg loss  2.41 | ppl 11.08
saving checkpoint ./trained_models/GPT2_M/e2e/model.20000.pt
eval samples: 0 loss: tensor(1.2082, device='cuda:0')
eval samples: 100 loss: tensor(0.8698, device='cuda:0')
eval samples: 200 loss: tensor(1.2061, device='cuda:0')
eval samples: 300 loss: tensor(1.0771, device='cuda:0')
eval samples: 400 loss: tensor(0.8629, device='cuda:0')
eval samples: 500 loss: tensor(0.5943, device='cuda:0')
eval samples: 600 loss: tensor(1.2287, device='cuda:0')
eval samples: 700 loss: tensor(0.6744, device='cuda:0')
eval samples: 800 loss: tensor(1.1767, device='cuda:0')
eval samples: 900 loss: tensor(1.6388, device='cuda:0')
eval samples: 1000 loss: tensor(0.9250, device='cuda:0')
eval samples: 1100 loss: tensor(1.4104, device='cuda:0')
average loss 1.1664109487494785
----------------------------------------------------------------------------------------------------
| Eval  10 at step    20000 | time: 361.67s | valid loss  1.17 | valid ppl  3.21 | best ppl  3.12 
----------------------------------------------------------------------------------------------------
| epoch   4 step    20100 |   4326 batches | lr 0.0001 | ms/batch 5446.46 | loss  2.24 | avg loss  2.39 | ppl 10.92
| epoch   4 step    20200 |   4426 batches | lr 0.0001 | ms/batch 1721.44 | loss  2.38 | avg loss  2.41 | ppl 11.15
| epoch   4 step    20300 |   4526 batches | lr 0.0001 | ms/batch 1693.44 | loss  2.47 | avg loss  2.43 | ppl 11.37
| epoch   4 step    20400 |   4626 batches | lr 0.0001 | ms/batch 1643.03 | loss  2.38 | avg loss  2.40 | ppl 11.06
| epoch   4 step    20500 |   4726 batches | lr 0.0001 | ms/batch 1723.96 | loss  2.63 | avg loss  2.38 | ppl 10.84
| epoch   4 step    20600 |   4826 batches | lr 0.0001 | ms/batch 1725.09 | loss  2.53 | avg loss  2.43 | ppl 11.36
| epoch   4 step    20700 |   4926 batches | lr 0.0001 | ms/batch 1722.13 | loss  2.52 | avg loss  2.39 | ppl 10.96
| epoch   4 step    20800 |   5026 batches | lr 0.0001 | ms/batch 1723.01 | loss  2.22 | avg loss  2.42 | ppl 11.28
| epoch   4 step    20900 |   5126 batches | lr 0.0001 | ms/batch 1725.89 | loss  2.36 | avg loss  2.39 | ppl 10.91
| epoch   4 step    21000 |   5226 batches | lr 0.0001 | ms/batch 1725.18 | loss  2.23 | avg loss  2.40 | ppl 10.97
saving checkpoint ./trained_models/GPT2_M/e2e/model.21000.pt
saving checkpoint ./trained_models/GPT2_M/e2e/model.21032.pt
start to train the model................ 5
| epoch   5 step    21100 |     68 batches | lr 0.0001 | ms/batch 1169.74 | loss  2.54 | avg loss  2.41 | ppl 11.11
| epoch   5 step    21200 |    168 batches | lr 0.0001 | ms/batch 1720.75 | loss  2.54 | avg loss  2.35 | ppl 10.47
| epoch   5 step    21300 |    268 batches | lr 0.0001 | ms/batch 1729.50 | loss  2.18 | avg loss  2.41 | ppl 11.09
| epoch   5 step    21400 |    368 batches | lr 0.0001 | ms/batch 1722.32 | loss  2.46 | avg loss  2.39 | ppl 10.88
| epoch   5 step    21500 |    468 batches | lr 0.0001 | ms/batch 1725.12 | loss  2.58 | avg loss  2.40 | ppl 11.02
| epoch   5 step    21600 |    568 batches | lr 0.0001 | ms/batch 1724.68 | loss  2.68 | avg loss  2.36 | ppl 10.60
| epoch   5 step    21700 |    668 batches | lr 0.0001 | ms/batch 1726.44 | loss  2.73 | avg loss  2.40 | ppl 11.03
| epoch   5 step    21800 |    768 batches | lr 0.0001 | ms/batch 1724.61 | loss  2.31 | avg loss  2.41 | ppl 11.08
| epoch   5 step    21900 |    868 batches | lr 0.0001 | ms/batch 1725.54 | loss  2.62 | avg loss  2.39 | ppl 10.91
| epoch   5 step    22000 |    968 batches | lr 0.0001 | ms/batch 1728.50 | loss  2.30 | avg loss  2.34 | ppl 10.40
saving checkpoint ./trained_models/GPT2_M/e2e/model.22000.pt
eval samples: 0 loss: tensor(1.1054, device='cuda:0')
eval samples: 100 loss: tensor(0.8673, device='cuda:0')
eval samples: 200 loss: tensor(1.2201, device='cuda:0')
eval samples: 300 loss: tensor(1.0812, device='cuda:0')
eval samples: 400 loss: tensor(0.7936, device='cuda:0')
eval samples: 500 loss: tensor(0.5758, device='cuda:0')
eval samples: 600 loss: tensor(1.1799, device='cuda:0')
eval samples: 700 loss: tensor(0.6456, device='cuda:0')
eval samples: 800 loss: tensor(1.1519, device='cuda:0')
eval samples: 900 loss: tensor(1.6733, device='cuda:0')
eval samples: 1000 loss: tensor(0.8896, device='cuda:0')
eval samples: 1100 loss: tensor(1.4875, device='cuda:0')
average loss 1.1477080396542403
----------------------------------------------------------------------------------------------------
| Eval  11 at step    22000 | time: 350.11s | valid loss  1.15 | valid ppl  3.15 | best ppl  3.15 
----------------------------------------------------------------------------------------------------
| epoch   5 step    22100 |   1068 batches | lr 0.0001 | ms/batch 5327.19 | loss  2.52 | avg loss  2.37 | ppl 10.71
| epoch   5 step    22200 |   1168 batches | lr 0.0001 | ms/batch 1727.06 | loss  2.77 | avg loss  2.40 | ppl 10.99
| epoch   5 step    22300 |   1268 batches | lr 0.0001 | ms/batch 1720.64 | loss  2.25 | avg loss  2.40 | ppl 11.04
| epoch   5 step    22400 |   1368 batches | lr 0.0001 | ms/batch 1723.24 | loss  2.22 | avg loss  2.35 | ppl 10.52
| epoch   5 step    22500 |   1468 batches | lr 0.0001 | ms/batch 1728.90 | loss  2.53 | avg loss  2.39 | ppl 10.93
| epoch   5 step    22600 |   1568 batches | lr 0.0001 | ms/batch 1721.80 | loss  2.61 | avg loss  2.39 | ppl 10.95
| epoch   5 step    22700 |   1668 batches | lr 0.0001 | ms/batch 1725.81 | loss  2.27 | avg loss  2.38 | ppl 10.82
| epoch   5 step    22800 |   1768 batches | lr 0.0001 | ms/batch 1725.29 | loss  2.25 | avg loss  2.39 | ppl 10.96
| epoch   5 step    22900 |   1868 batches | lr 0.0001 | ms/batch 1724.20 | loss  2.72 | avg loss  2.43 | ppl 11.31
| epoch   5 step    23000 |   1968 batches | lr 0.0001 | ms/batch 1728.34 | loss  2.30 | avg loss  2.39 | ppl 10.87
saving checkpoint ./trained_models/GPT2_M/e2e/model.23000.pt
| epoch   5 step    23100 |   2068 batches | lr 0.0001 | ms/batch 1828.73 | loss  2.46 | avg loss  2.41 | ppl 11.14
| epoch   5 step    23200 |   2168 batches | lr 0.0001 | ms/batch 1727.78 | loss  2.54 | avg loss  2.38 | ppl 10.85
| epoch   5 step    23300 |   2268 batches | lr 0.0001 | ms/batch 1724.16 | loss  2.24 | avg loss  2.37 | ppl 10.67
| epoch   5 step    23400 |   2368 batches | lr 0.0001 | ms/batch 1723.90 | loss  2.30 | avg loss  2.39 | ppl 10.92
| epoch   5 step    23500 |   2468 batches | lr 0.0001 | ms/batch 1726.88 | loss  2.23 | avg loss  2.37 | ppl 10.68
| epoch   5 step    23600 |   2568 batches | lr 0.0001 | ms/batch 1721.62 | loss  2.13 | avg loss  2.38 | ppl 10.82
| epoch   5 step    23700 |   2668 batches | lr 0.0001 | ms/batch 1724.06 | loss  2.24 | avg loss  2.36 | ppl 10.60
| epoch   5 step    23800 |   2768 batches | lr 0.0001 | ms/batch 1725.83 | loss  2.45 | avg loss  2.40 | ppl 11.00
| epoch   5 step    23900 |   2868 batches | lr 0.0001 | ms/batch 1610.30 | loss  2.45 | avg loss  2.37 | ppl 10.72
| epoch   5 step    24000 |   2968 batches | lr 0.0001 | ms/batch 1727.98 | loss  2.27 | avg loss  2.39 | ppl 10.96
saving checkpoint ./trained_models/GPT2_M/e2e/model.24000.pt
eval samples: 0 loss: tensor(1.1028, device='cuda:0')
eval samples: 100 loss: tensor(0.8213, device='cuda:0')
eval samples: 200 loss: tensor(1.2036, device='cuda:0')
eval samples: 300 loss: tensor(1.0646, device='cuda:0')
eval samples: 400 loss: tensor(0.7994, device='cuda:0')
eval samples: 500 loss: tensor(0.5802, device='cuda:0')
eval samples: 600 loss: tensor(1.2773, device='cuda:0')
eval samples: 700 loss: tensor(0.6225, device='cuda:0')
eval samples: 800 loss: tensor(1.1609, device='cuda:0')
eval samples: 900 loss: tensor(1.6521, device='cuda:0')
eval samples: 1000 loss: tensor(0.8753, device='cuda:0')
eval samples: 1100 loss: tensor(1.4470, device='cuda:0')
average loss 1.1496905922022176
----------------------------------------------------------------------------------------------------
| Eval  12 at step    24000 | time: 361.87s | valid loss  1.15 | valid ppl  3.16 | best ppl  3.15 
----------------------------------------------------------------------------------------------------
| epoch   5 step    24100 |   3068 batches | lr 0.0001 | ms/batch 5447.19 | loss  2.44 | avg loss  2.42 | ppl 11.21
| epoch   5 step    24200 |   3168 batches | lr 0.0001 | ms/batch 1724.23 | loss  2.56 | avg loss  2.35 | ppl 10.50
| epoch   5 step    24300 |   3268 batches | lr 0.0001 | ms/batch 1726.17 | loss  2.51 | avg loss  2.40 | ppl 11.06
| epoch   5 step    24400 |   3368 batches | lr 0.0001 | ms/batch 1725.69 | loss  2.56 | avg loss  2.38 | ppl 10.85
| epoch   5 step    24500 |   3468 batches | lr 0.0001 | ms/batch 1723.65 | loss  2.23 | avg loss  2.39 | ppl 10.87
| epoch   5 step    24600 |   3568 batches | lr 0.0001 | ms/batch 1721.50 | loss  2.42 | avg loss  2.38 | ppl 10.84
| epoch   5 step    24700 |   3668 batches | lr 0.0001 | ms/batch 1727.45 | loss  2.67 | avg loss  2.42 | ppl 11.24
| epoch   5 step    24800 |   3768 batches | lr 0.0001 | ms/batch 1724.85 | loss  2.71 | avg loss  2.38 | ppl 10.84
| epoch   5 step    24900 |   3868 batches | lr 0.0001 | ms/batch 1725.02 | loss  2.20 | avg loss  2.39 | ppl 10.88
| epoch   5 step    25000 |   3968 batches | lr 0.0001 | ms/batch 1727.00 | loss  2.30 | avg loss  2.39 | ppl 10.95
saving checkpoint ./trained_models/GPT2_M/e2e/model.25000.pt
| epoch   5 step    25100 |   4068 batches | lr 0.0001 | ms/batch 1832.96 | loss  2.50 | avg loss  2.37 | ppl 10.74
| epoch   5 step    25200 |   4168 batches | lr 0.0001 | ms/batch 1727.33 | loss  2.24 | avg loss  2.41 | ppl 11.10
| epoch   5 step    25300 |   4268 batches | lr 0.0001 | ms/batch 1721.95 | loss  2.31 | avg loss  2.37 | ppl 10.71
| epoch   5 step    25400 |   4368 batches | lr 0.0001 | ms/batch 1710.83 | loss  2.62 | avg loss  2.36 | ppl 10.57
| epoch   5 step    25500 |   4468 batches | lr 0.0001 | ms/batch 1710.05 | loss  2.44 | avg loss  2.39 | ppl 10.91
| epoch   5 step    25600 |   4568 batches | lr 0.0001 | ms/batch 1536.95 | loss  2.63 | avg loss  2.39 | ppl 10.93
| epoch   5 step    25700 |   4668 batches | lr 0.0001 | ms/batch 1711.15 | loss  2.65 | avg loss  2.43 | ppl 11.41
| epoch   5 step    25800 |   4768 batches | lr 0.0001 | ms/batch 1708.91 | loss  2.47 | avg loss  2.41 | ppl 11.13
| epoch   5 step    25900 |   4868 batches | lr 0.0001 | ms/batch 1703.00 | loss  2.28 | avg loss  2.38 | ppl 10.82
| epoch   5 step    26000 |   4968 batches | lr 0.0001 | ms/batch 1707.85 | loss  2.35 | avg loss  2.41 | ppl 11.08
saving checkpoint ./trained_models/GPT2_M/e2e/model.26000.pt
eval samples: 0 loss: tensor(1.1409, device='cuda:0')
eval samples: 100 loss: tensor(0.8233, device='cuda:0')
eval samples: 200 loss: tensor(1.2439, device='cuda:0')
eval samples: 300 loss: tensor(1.0811, device='cuda:0')
eval samples: 400 loss: tensor(0.8159, device='cuda:0')
eval samples: 500 loss: tensor(0.5642, device='cuda:0')
eval samples: 600 loss: tensor(1.2012, device='cuda:0')
eval samples: 700 loss: tensor(0.6271, device='cuda:0')
eval samples: 800 loss: tensor(1.1737, device='cuda:0')
eval samples: 900 loss: tensor(1.6477, device='cuda:0')
eval samples: 1000 loss: tensor(0.8672, device='cuda:0')
eval samples: 1100 loss: tensor(1.4195, device='cuda:0')
average loss 1.143578324211787
----------------------------------------------------------------------------------------------------
| Eval  13 at step    26000 | time: 358.30s | valid loss  1.14 | valid ppl  3.14 | best ppl  3.14 
----------------------------------------------------------------------------------------------------
| epoch   5 step    26100 |   5068 batches | lr 0.0001 | ms/batch 5395.62 | loss  2.37 | avg loss  2.39 | ppl 10.88
| epoch   5 step    26200 |   5168 batches | lr 0.0001 | ms/batch 1705.51 | loss  2.48 | avg loss  2.37 | ppl 10.75
saving checkpoint ./trained_models/GPT2_M/e2e/model.26290.pt
----------------------------------------------------------------------------------------------------
End of training
cleanup dist ...
[rank0]:[W716 16:48:26.201109402 ProcessGroupNCCL.cpp:1479] Warning: WARNING: destroy_process_group() was not called before program exit, which can leak resources. For more info, please see https://pytorch.org/docs/stable/distributed.html#shutdown (function operator())
