nohup: ignoring input
myrank: 0 local_rank: 0 device_count: 1 world_size: 1
====================================================================================================
        - platform : local
        - local_rank : 0
        - rank : 0
        - device : cuda:0
        - world_size : 1
        - random_seed : 110
        - lr : 0.0004
        - weight_decay : 0.01
        - correct_bias : True
        - adam_epislon : 1e-06
        - no_decay_bias : False
        - adam_beta1 : 0.9
        - adam_beta2 : 0.999
        - scheduler : None
        - max_step : None
        - max_epoch : 5
        - warmup_step : 500
        - i_steps : 0
        - i_lrs : 0.00025
        - galore_rank : 4
        - update_proj_gap : 50
        - galore_scale : 1.0
        - proj_type : std
        - gamma : 0.01
        - train_data : ./data/e2e/train.jsonl
        - valid_data : ./data/e2e/valid.jsonl
        - train_batch_size : 8
        - valid_batch_size : 4
        - grad_acc : 1
        - clip : 0.0
        - seq_len : 512
        - model_card : gpt2.md
        - init_checkpoint : ./pretrained_checkpoints/gpt2-medium-pytorch_model.bin
        - fp16 : False
        - log_interval : 100
        - eval_interval : 2000
        - save_interval : 1000
        - work_dir : ./trained_models/GPT2_M/e2e
        - lora_dim : 0
        - lora_alpha : 32
        - obj : clm
        - lora_dropout : 0.1
        - label_smooth : 0.1
        - roll_interval : -1
        - roll_lr : 1e-05
        - roll_step : 100
        - eval_epoch : 1
        - dist : <module 'torch.distributed' from '/home/ycyh/miniconda3/envs/LoRA/lib/python3.11/site-packages/torch/distributed/__init__.py'>
====================================================================================================
Experiment dir : ./trained_models/GPT2_M/e2e
loading model pretrained weight.
MoFaSGD 2D parameter count: 354.50M
Skipped 1D parameter count : 0.32M
set max_step: 26290
start to train the model................ 1
| epoch   1 step      100 |    100 batches | lr 0.0004 | ms/batch 1760.84 | loss  3.26 | avg loss  3.03 | ppl 20.65
| epoch   1 step      200 |    200 batches | lr 0.0004 | ms/batch 1765.27 | loss  2.76 | avg loss  2.76 | ppl 15.73
| epoch   1 step      300 |    300 batches | lr 0.0004 | ms/batch 1760.06 | loss  2.72 | avg loss  2.70 | ppl 14.94
| epoch   1 step      400 |    400 batches | lr 0.0004 | ms/batch 1743.49 | loss  2.78 | avg loss  2.69 | ppl 14.78
| epoch   1 step      500 |    500 batches | lr 0.0004 | ms/batch 1659.10 | loss  2.57 | avg loss  2.64 | ppl 13.97
| epoch   1 step      600 |    600 batches | lr 0.0004 | ms/batch 1763.91 | loss  2.52 | avg loss  2.60 | ppl 13.49
| epoch   1 step      700 |    700 batches | lr 0.0004 | ms/batch 1761.22 | loss  2.72 | avg loss  2.58 | ppl 13.24
| epoch   1 step      800 |    800 batches | lr 0.0004 | ms/batch 1761.14 | loss  2.32 | avg loss  2.57 | ppl 13.06
| epoch   1 step      900 |    900 batches | lr 0.0004 | ms/batch 1759.66 | loss  2.35 | avg loss  2.56 | ppl 12.99
| epoch   1 step     1000 |   1000 batches | lr 0.0004 | ms/batch 1760.51 | loss  3.00 | avg loss  2.58 | ppl 13.25
saving checkpoint ./trained_models/GPT2_M/e2e/model.1000.pt
/home/ycyh/miniconda3/envs/LoRA/lib/python3.11/site-packages/torch/distributed/distributed_c10d.py:4631: UserWarning: No device id is provided via `init_process_group` or `barrier `. Using the current device set by the user. 
  warnings.warn(  # warn only once
| epoch   1 step     1100 |   1100 batches | lr 0.0004 | ms/batch 1867.13 | loss  2.66 | avg loss  2.59 | ppl 13.28
| epoch   1 step     1200 |   1200 batches | lr 0.0004 | ms/batch 1758.80 | loss  2.41 | avg loss  2.58 | ppl 13.24
| epoch   1 step     1300 |   1300 batches | lr 0.0004 | ms/batch 1760.83 | loss  2.46 | avg loss  2.56 | ppl 12.97
| epoch   1 step     1400 |   1400 batches | lr 0.0004 | ms/batch 1765.90 | loss  2.52 | avg loss  2.55 | ppl 12.82
| epoch   1 step     1500 |   1500 batches | lr 0.0004 | ms/batch 1753.34 | loss  2.52 | avg loss  2.57 | ppl 13.03
| epoch   1 step     1600 |   1600 batches | lr 0.0004 | ms/batch 1764.75 | loss  2.56 | avg loss  2.53 | ppl 12.53
| epoch   1 step     1700 |   1700 batches | lr 0.0004 | ms/batch 1760.55 | loss  2.39 | avg loss  2.54 | ppl 12.65
| epoch   1 step     1800 |   1800 batches | lr 0.0004 | ms/batch 1751.14 | loss  2.40 | avg loss  2.54 | ppl 12.66
| epoch   1 step     1900 |   1900 batches | lr 0.0004 | ms/batch 1668.01 | loss  2.57 | avg loss  2.54 | ppl 12.72
| epoch   1 step     2000 |   2000 batches | lr 0.0004 | ms/batch 1760.65 | loss  2.45 | avg loss  2.53 | ppl 12.53
saving checkpoint ./trained_models/GPT2_M/e2e/model.2000.pt
/home/ycyh/miniconda3/envs/LoRA/lib/python3.11/site-packages/torch/nn/_reduction.py:51: UserWarning: size_average and reduce args will be deprecated, please use reduction='none' instead.
  warnings.warn(warning.format(ret))
eval samples: 0 loss: tensor(1.2724, device='cuda:0')
eval samples: 100 loss: tensor(0.8951, device='cuda:0')
eval samples: 200 loss: tensor(1.2990, device='cuda:0')
eval samples: 300 loss: tensor(1.1576, device='cuda:0')
eval samples: 400 loss: tensor(0.8946, device='cuda:0')
eval samples: 500 loss: tensor(0.6712, device='cuda:0')
eval samples: 600 loss: tensor(1.2875, device='cuda:0')
eval samples: 700 loss: tensor(0.7531, device='cuda:0')
eval samples: 800 loss: tensor(1.2088, device='cuda:0')
eval samples: 900 loss: tensor(1.6715, device='cuda:0')
eval samples: 1000 loss: tensor(1.0527, device='cuda:0')
eval samples: 1100 loss: tensor(1.5381, device='cuda:0')
average loss 1.2329833069688654
----------------------------------------------------------------------------------------------------
| Eval   1 at step     2000 | time: 371.37s | valid loss  1.23 | valid ppl  3.43 | best ppl  3.43 
----------------------------------------------------------------------------------------------------
| epoch   1 step     2100 |   2100 batches | lr 0.0004 | ms/batch 5580.35 | loss  2.56 | avg loss  2.53 | ppl 12.50
| epoch   1 step     2200 |   2200 batches | lr 0.0004 | ms/batch 1764.96 | loss  2.84 | avg loss  2.52 | ppl 12.43
| epoch   1 step     2300 |   2300 batches | lr 0.0004 | ms/batch 1758.34 | loss  2.51 | avg loss  2.52 | ppl 12.37
| epoch   1 step     2400 |   2400 batches | lr 0.0004 | ms/batch 1759.41 | loss  2.33 | avg loss  2.52 | ppl 12.44
| epoch   1 step     2500 |   2500 batches | lr 0.0004 | ms/batch 1757.86 | loss  2.73 | avg loss  2.54 | ppl 12.69
| epoch   1 step     2600 |   2600 batches | lr 0.0004 | ms/batch 1762.93 | loss  2.67 | avg loss  2.53 | ppl 12.52
| epoch   1 step     2700 |   2700 batches | lr 0.0004 | ms/batch 1759.20 | loss  2.61 | avg loss  2.51 | ppl 12.32
| epoch   1 step     2800 |   2800 batches | lr 0.0004 | ms/batch 1763.29 | loss  2.20 | avg loss  2.55 | ppl 12.81
| epoch   1 step     2900 |   2900 batches | lr 0.0004 | ms/batch 1763.31 | loss  2.71 | avg loss  2.53 | ppl 12.60
| epoch   1 step     3000 |   3000 batches | lr 0.0004 | ms/batch 1758.26 | loss  2.53 | avg loss  2.50 | ppl 12.14
saving checkpoint ./trained_models/GPT2_M/e2e/model.3000.pt
| epoch   1 step     3100 |   3100 batches | lr 0.0004 | ms/batch 1741.65 | loss  2.69 | avg loss  2.50 | ppl 12.17
| epoch   1 step     3200 |   3200 batches | lr 0.0004 | ms/batch 1761.28 | loss  2.58 | avg loss  2.54 | ppl 12.62
| epoch   1 step     3300 |   3300 batches | lr 0.0004 | ms/batch 1761.79 | loss  2.86 | avg loss  2.49 | ppl 12.10
| epoch   1 step     3400 |   3400 batches | lr 0.0004 | ms/batch 1761.72 | loss  2.49 | avg loss  2.50 | ppl 12.13
| epoch   1 step     3500 |   3500 batches | lr 0.0004 | ms/batch 1764.23 | loss  2.25 | avg loss  2.53 | ppl 12.59
| epoch   1 step     3600 |   3600 batches | lr 0.0004 | ms/batch 1759.16 | loss  2.44 | avg loss  2.53 | ppl 12.54
| epoch   1 step     3700 |   3700 batches | lr 0.0004 | ms/batch 1764.95 | loss  2.49 | avg loss  2.49 | ppl 12.11
| epoch   1 step     3800 |   3800 batches | lr 0.0004 | ms/batch 1763.17 | loss  2.47 | avg loss  2.46 | ppl 11.67
| epoch   1 step     3900 |   3900 batches | lr 0.0004 | ms/batch 1758.69 | loss  2.17 | avg loss  2.53 | ppl 12.61
| epoch   1 step     4000 |   4000 batches | lr 0.0004 | ms/batch 1762.65 | loss  2.54 | avg loss  2.53 | ppl 12.61
saving checkpoint ./trained_models/GPT2_M/e2e/model.4000.pt
eval samples: 0 loss: tensor(1.1886, device='cuda:0')
eval samples: 100 loss: tensor(0.8322, device='cuda:0')
eval samples: 200 loss: tensor(1.2993, device='cuda:0')
eval samples: 300 loss: tensor(1.0672, device='cuda:0')
eval samples: 400 loss: tensor(0.8708, device='cuda:0')
eval samples: 500 loss: tensor(0.5535, device='cuda:0')
eval samples: 600 loss: tensor(1.2373, device='cuda:0')
eval samples: 700 loss: tensor(0.6864, device='cuda:0')
eval samples: 800 loss: tensor(1.1524, device='cuda:0')
eval samples: 900 loss: tensor(1.6862, device='cuda:0')
eval samples: 1000 loss: tensor(0.8838, device='cuda:0')
eval samples: 1100 loss: tensor(1.4591, device='cuda:0')
average loss 1.191133972971815
----------------------------------------------------------------------------------------------------
| Eval   2 at step     4000 | time: 371.20s | valid loss  1.19 | valid ppl  3.29 | best ppl  3.29 
----------------------------------------------------------------------------------------------------
| epoch   1 step     4100 |   4100 batches | lr 0.0004 | ms/batch 5580.64 | loss  2.66 | avg loss  2.49 | ppl 12.11
| epoch   1 step     4200 |   4200 batches | lr 0.0004 | ms/batch 1758.26 | loss  2.51 | avg loss  2.50 | ppl 12.15
| epoch   1 step     4300 |   4300 batches | lr 0.0004 | ms/batch 1646.78 | loss  2.34 | avg loss  2.45 | ppl 11.60
| epoch   1 step     4400 |   4400 batches | lr 0.0004 | ms/batch 1759.35 | loss  2.62 | avg loss  2.48 | ppl 11.96
| epoch   1 step     4500 |   4500 batches | lr 0.0004 | ms/batch 1762.41 | loss  2.61 | avg loss  2.51 | ppl 12.30
| epoch   1 step     4600 |   4600 batches | lr 0.0004 | ms/batch 1761.02 | loss  2.45 | avg loss  2.51 | ppl 12.33
| epoch   1 step     4700 |   4700 batches | lr 0.0004 | ms/batch 1759.04 | loss  2.27 | avg loss  2.50 | ppl 12.18
| epoch   1 step     4800 |   4800 batches | lr 0.0004 | ms/batch 1761.62 | loss  2.67 | avg loss  2.47 | ppl 11.86
| epoch   1 step     4900 |   4900 batches | lr 0.0004 | ms/batch 1762.97 | loss  2.54 | avg loss  2.48 | ppl 11.98
| epoch   1 step     5000 |   5000 batches | lr 0.0004 | ms/batch 1750.21 | loss  2.19 | avg loss  2.47 | ppl 11.79
saving checkpoint ./trained_models/GPT2_M/e2e/model.5000.pt
| epoch   1 step     5100 |   5100 batches | lr 0.0004 | ms/batch 1868.57 | loss  2.56 | avg loss  2.50 | ppl 12.21
| epoch   1 step     5200 |   5200 batches | lr 0.0004 | ms/batch 1765.09 | loss  2.66 | avg loss  2.50 | ppl 12.13
saving checkpoint ./trained_models/GPT2_M/e2e/model.5258.pt
start to train the model................ 2
| epoch   2 step     5300 |     42 batches | lr 0.0004 | ms/batch 733.61 | loss  2.32 | avg loss  2.42 | ppl 11.29
| epoch   2 step     5400 |    142 batches | lr 0.0004 | ms/batch 1758.91 | loss  2.43 | avg loss  2.48 | ppl 11.89
| epoch   2 step     5500 |    242 batches | lr 0.0004 | ms/batch 1757.92 | loss  2.49 | avg loss  2.46 | ppl 11.71
| epoch   2 step     5600 |    342 batches | lr 0.0004 | ms/batch 1762.56 | loss  2.19 | avg loss  2.48 | ppl 11.95
| epoch   2 step     5700 |    442 batches | lr 0.0004 | ms/batch 1648.30 | loss  2.39 | avg loss  2.47 | ppl 11.82
| epoch   2 step     5800 |    542 batches | lr 0.0004 | ms/batch 1765.91 | loss  2.43 | avg loss  2.45 | ppl 11.56
| epoch   2 step     5900 |    642 batches | lr 0.0004 | ms/batch 1760.66 | loss  2.58 | avg loss  2.48 | ppl 11.93
| epoch   2 step     6000 |    742 batches | lr 0.0004 | ms/batch 1762.16 | loss  2.19 | avg loss  2.44 | ppl 11.46
saving checkpoint ./trained_models/GPT2_M/e2e/model.6000.pt
eval samples: 0 loss: tensor(1.1688, device='cuda:0')
eval samples: 100 loss: tensor(0.8550, device='cuda:0')
eval samples: 200 loss: tensor(1.1910, device='cuda:0')
eval samples: 300 loss: tensor(1.0857, device='cuda:0')
eval samples: 400 loss: tensor(0.8520, device='cuda:0')
eval samples: 500 loss: tensor(0.5716, device='cuda:0')
eval samples: 600 loss: tensor(1.2755, device='cuda:0')
eval samples: 700 loss: tensor(0.6674, device='cuda:0')
eval samples: 800 loss: tensor(1.1822, device='cuda:0')
eval samples: 900 loss: tensor(1.7043, device='cuda:0')
eval samples: 1000 loss: tensor(0.9187, device='cuda:0')
eval samples: 1100 loss: tensor(1.5117, device='cuda:0')
average loss 1.1894449310453787
----------------------------------------------------------------------------------------------------
| Eval   3 at step     6000 | time: 370.99s | valid loss  1.19 | valid ppl  3.29 | best ppl  3.29 
----------------------------------------------------------------------------------------------------
| epoch   2 step     6100 |    842 batches | lr 0.0004 | ms/batch 5575.07 | loss  2.23 | avg loss  2.47 | ppl 11.78
| epoch   2 step     6200 |    942 batches | lr 0.0004 | ms/batch 1762.65 | loss  2.34 | avg loss  2.47 | ppl 11.82
| epoch   2 step     6300 |   1042 batches | lr 0.0004 | ms/batch 1760.82 | loss  2.62 | avg loss  2.47 | ppl 11.86
| epoch   2 step     6400 |   1142 batches | lr 0.0004 | ms/batch 1763.78 | loss  2.28 | avg loss  2.47 | ppl 11.80
| epoch   2 step     6500 |   1242 batches | lr 0.0004 | ms/batch 1760.95 | loss  2.33 | avg loss  2.49 | ppl 12.06
| epoch   2 step     6600 |   1342 batches | lr 0.0004 | ms/batch 1760.51 | loss  2.71 | avg loss  2.46 | ppl 11.75
| epoch   2 step     6700 |   1442 batches | lr 0.0004 | ms/batch 1759.49 | loss  2.43 | avg loss  2.47 | ppl 11.86
| epoch   2 step     6800 |   1542 batches | lr 0.0004 | ms/batch 1758.58 | loss  2.41 | avg loss  2.48 | ppl 11.97
| epoch   2 step     6900 |   1642 batches | lr 0.0004 | ms/batch 1640.02 | loss  2.35 | avg loss  2.42 | ppl 11.25
| epoch   2 step     7000 |   1742 batches | lr 0.0004 | ms/batch 1767.07 | loss  2.60 | avg loss  2.48 | ppl 11.95
saving checkpoint ./trained_models/GPT2_M/e2e/model.7000.pt
| epoch   2 step     7100 |   1842 batches | lr 0.0004 | ms/batch 1862.63 | loss  2.59 | avg loss  2.46 | ppl 11.75
| epoch   2 step     7200 |   1942 batches | lr 0.0004 | ms/batch 1759.72 | loss  2.55 | avg loss  2.46 | ppl 11.74
| epoch   2 step     7300 |   2042 batches | lr 0.0004 | ms/batch 1768.92 | loss  2.34 | avg loss  2.44 | ppl 11.51
| epoch   2 step     7400 |   2142 batches | lr 0.0004 | ms/batch 1757.37 | loss  2.79 | avg loss  2.44 | ppl 11.44
| epoch   2 step     7500 |   2242 batches | lr 0.0004 | ms/batch 1758.21 | loss  2.66 | avg loss  2.49 | ppl 12.09
| epoch   2 step     7600 |   2342 batches | lr 0.0004 | ms/batch 1763.71 | loss  2.26 | avg loss  2.45 | ppl 11.55
| epoch   2 step     7700 |   2442 batches | lr 0.0004 | ms/batch 1759.29 | loss  2.70 | avg loss  2.45 | ppl 11.54
| epoch   2 step     7800 |   2542 batches | lr 0.0004 | ms/batch 1762.53 | loss  2.49 | avg loss  2.43 | ppl 11.38
| epoch   2 step     7900 |   2642 batches | lr 0.0004 | ms/batch 1759.56 | loss  2.76 | avg loss  2.48 | ppl 11.96
| epoch   2 step     8000 |   2742 batches | lr 0.0004 | ms/batch 1760.30 | loss  2.50 | avg loss  2.49 | ppl 12.05
saving checkpoint ./trained_models/GPT2_M/e2e/model.8000.pt
eval samples: 0 loss: tensor(1.1689, device='cuda:0')
eval samples: 100 loss: tensor(0.8540, device='cuda:0')
eval samples: 200 loss: tensor(1.2811, device='cuda:0')
eval samples: 300 loss: tensor(1.0701, device='cuda:0')
eval samples: 400 loss: tensor(0.8874, device='cuda:0')
eval samples: 500 loss: tensor(0.6149, device='cuda:0')
eval samples: 600 loss: tensor(1.2456, device='cuda:0')
eval samples: 700 loss: tensor(0.6871, device='cuda:0')
eval samples: 800 loss: tensor(1.1233, device='cuda:0')
eval samples: 900 loss: tensor(1.7195, device='cuda:0')
eval samples: 1000 loss: tensor(0.9312, device='cuda:0')
eval samples: 1100 loss: tensor(1.4706, device='cuda:0')
average loss 1.1778068326872915
----------------------------------------------------------------------------------------------------
| Eval   4 at step     8000 | time: 371.35s | valid loss  1.18 | valid ppl  3.25 | best ppl  3.25 
----------------------------------------------------------------------------------------------------
| epoch   2 step     8100 |   2842 batches | lr 0.0004 | ms/batch 5480.58 | loss  2.34 | avg loss  2.45 | ppl 11.59
| epoch   2 step     8200 |   2942 batches | lr 0.0004 | ms/batch 1764.40 | loss  2.53 | avg loss  2.50 | ppl 12.21
| epoch   2 step     8300 |   3042 batches | lr 0.0004 | ms/batch 1758.45 | loss  2.34 | avg loss  2.46 | ppl 11.74
| epoch   2 step     8400 |   3142 batches | lr 0.0004 | ms/batch 1760.63 | loss  2.48 | avg loss  2.45 | ppl 11.64
| epoch   2 step     8500 |   3242 batches | lr 0.0004 | ms/batch 1761.27 | loss  2.36 | avg loss  2.47 | ppl 11.81
| epoch   2 step     8600 |   3342 batches | lr 0.0004 | ms/batch 1758.01 | loss  2.33 | avg loss  2.45 | ppl 11.53
| epoch   2 step     8700 |   3442 batches | lr 0.0004 | ms/batch 1761.65 | loss  2.77 | avg loss  2.45 | ppl 11.57
| epoch   2 step     8800 |   3542 batches | lr 0.0004 | ms/batch 1757.71 | loss  2.36 | avg loss  2.45 | ppl 11.59
| epoch   2 step     8900 |   3642 batches | lr 0.0004 | ms/batch 1767.29 | loss  2.49 | avg loss  2.47 | ppl 11.82
| epoch   2 step     9000 |   3742 batches | lr 0.0004 | ms/batch 1750.82 | loss  2.42 | avg loss  2.46 | ppl 11.73
saving checkpoint ./trained_models/GPT2_M/e2e/model.9000.pt
| epoch   2 step     9100 |   3842 batches | lr 0.0004 | ms/batch 1871.76 | loss  2.38 | avg loss  2.46 | ppl 11.69
| epoch   2 step     9200 |   3942 batches | lr 0.0004 | ms/batch 1767.11 | loss  2.56 | avg loss  2.46 | ppl 11.73
| epoch   2 step     9300 |   4042 batches | lr 0.0004 | ms/batch 1756.57 | loss  2.44 | avg loss  2.47 | ppl 11.82
| epoch   2 step     9400 |   4142 batches | lr 0.0004 | ms/batch 1766.94 | loss  2.50 | avg loss  2.46 | ppl 11.71
| epoch   2 step     9500 |   4242 batches | lr 0.0004 | ms/batch 1651.93 | loss  2.45 | avg loss  2.46 | ppl 11.70
| epoch   2 step     9600 |   4342 batches | lr 0.0004 | ms/batch 1760.29 | loss  2.84 | avg loss  2.47 | ppl 11.79
| epoch   2 step     9700 |   4442 batches | lr 0.0004 | ms/batch 1765.19 | loss  2.22 | avg loss  2.45 | ppl 11.62
| epoch   2 step     9800 |   4542 batches | lr 0.0004 | ms/batch 1757.93 | loss  2.45 | avg loss  2.45 | ppl 11.60
| epoch   2 step     9900 |   4642 batches | lr 0.0004 | ms/batch 1761.33 | loss  2.14 | avg loss  2.44 | ppl 11.52
| epoch   2 step    10000 |   4742 batches | lr 0.0004 | ms/batch 1768.48 | loss  2.51 | avg loss  2.48 | ppl 11.89
saving checkpoint ./trained_models/GPT2_M/e2e/model.10000.pt
eval samples: 0 loss: tensor(1.1522, device='cuda:0')
eval samples: 100 loss: tensor(0.8929, device='cuda:0')
eval samples: 200 loss: tensor(1.2036, device='cuda:0')
eval samples: 300 loss: tensor(1.0645, device='cuda:0')
eval samples: 400 loss: tensor(0.8646, device='cuda:0')
eval samples: 500 loss: tensor(0.6230, device='cuda:0')
eval samples: 600 loss: tensor(1.2337, device='cuda:0')
eval samples: 700 loss: tensor(0.6847, device='cuda:0')
eval samples: 800 loss: tensor(1.1738, device='cuda:0')
eval samples: 900 loss: tensor(1.6278, device='cuda:0')
eval samples: 1000 loss: tensor(0.9483, device='cuda:0')
eval samples: 1100 loss: tensor(1.5476, device='cuda:0')
average loss 1.1905565337367254
----------------------------------------------------------------------------------------------------
| Eval   5 at step    10000 | time: 370.99s | valid loss  1.19 | valid ppl  3.29 | best ppl  3.25 
----------------------------------------------------------------------------------------------------
| epoch   2 step    10100 |   4842 batches | lr 0.0004 | ms/batch 5571.14 | loss  2.26 | avg loss  2.47 | ppl 11.79
| epoch   2 step    10200 |   4942 batches | lr 0.0004 | ms/batch 1763.76 | loss  2.39 | avg loss  2.47 | ppl 11.77
| epoch   2 step    10300 |   5042 batches | lr 0.0004 | ms/batch 1759.97 | loss  2.77 | avg loss  2.45 | ppl 11.60
| epoch   2 step    10400 |   5142 batches | lr 0.0004 | ms/batch 1761.47 | loss  2.61 | avg loss  2.45 | ppl 11.56
| epoch   2 step    10500 |   5242 batches | lr 0.0004 | ms/batch 1762.65 | loss  2.38 | avg loss  2.43 | ppl 11.37
saving checkpoint ./trained_models/GPT2_M/e2e/model.10516.pt
start to train the model................ 3
| epoch   3 step    10600 |     84 batches | lr 0.0004 | ms/batch 1476.43 | loss  2.10 | avg loss  2.43 | ppl 11.33
| epoch   3 step    10700 |    184 batches | lr 0.0004 | ms/batch 1648.78 | loss  2.44 | avg loss  2.44 | ppl 11.42
| epoch   3 step    10800 |    284 batches | lr 0.0004 | ms/batch 1759.07 | loss  2.65 | avg loss  2.43 | ppl 11.36
| epoch   3 step    10900 |    384 batches | lr 0.0004 | ms/batch 1762.19 | loss  2.74 | avg loss  2.43 | ppl 11.32
| epoch   3 step    11000 |    484 batches | lr 0.0004 | ms/batch 1760.98 | loss  2.56 | avg loss  2.43 | ppl 11.39
saving checkpoint ./trained_models/GPT2_M/e2e/model.11000.pt
| epoch   3 step    11100 |    584 batches | lr 0.0004 | ms/batch 1865.57 | loss  2.55 | avg loss  2.49 | ppl 12.02
| epoch   3 step    11200 |    684 batches | lr 0.0004 | ms/batch 1762.18 | loss  2.45 | avg loss  2.43 | ppl 11.39
| epoch   3 step    11300 |    784 batches | lr 0.0004 | ms/batch 1765.36 | loss  2.44 | avg loss  2.45 | ppl 11.61
| epoch   3 step    11400 |    884 batches | lr 0.0004 | ms/batch 1762.35 | loss  2.34 | avg loss  2.44 | ppl 11.44
| epoch   3 step    11500 |    984 batches | lr 0.0004 | ms/batch 1763.57 | loss  2.20 | avg loss  2.45 | ppl 11.54
| epoch   3 step    11600 |   1084 batches | lr 0.0004 | ms/batch 1762.98 | loss  2.10 | avg loss  2.41 | ppl 11.10
| epoch   3 step    11700 |   1184 batches | lr 0.0004 | ms/batch 1761.89 | loss  2.30 | avg loss  2.43 | ppl 11.34
| epoch   3 step    11800 |   1284 batches | lr 0.0004 | ms/batch 1764.17 | loss  2.43 | avg loss  2.41 | ppl 11.15
| epoch   3 step    11900 |   1384 batches | lr 0.0004 | ms/batch 1759.01 | loss  2.35 | avg loss  2.42 | ppl 11.24
| epoch   3 step    12000 |   1484 batches | lr 0.0004 | ms/batch 1769.49 | loss  2.52 | avg loss  2.43 | ppl 11.33
saving checkpoint ./trained_models/GPT2_M/e2e/model.12000.pt
eval samples: 0 loss: tensor(1.1787, device='cuda:0')
eval samples: 100 loss: tensor(0.8543, device='cuda:0')
eval samples: 200 loss: tensor(1.2646, device='cuda:0')
eval samples: 300 loss: tensor(1.0902, device='cuda:0')
eval samples: 400 loss: tensor(0.9285, device='cuda:0')
eval samples: 500 loss: tensor(0.5888, device='cuda:0')
eval samples: 600 loss: tensor(1.2466, device='cuda:0')
eval samples: 700 loss: tensor(0.6937, device='cuda:0')
eval samples: 800 loss: tensor(1.1845, device='cuda:0')
eval samples: 900 loss: tensor(1.6927, device='cuda:0')
eval samples: 1000 loss: tensor(0.9586, device='cuda:0')
eval samples: 1100 loss: tensor(1.4988, device='cuda:0')
average loss 1.1936873162088737
----------------------------------------------------------------------------------------------------
| Eval   6 at step    12000 | time: 357.92s | valid loss  1.19 | valid ppl  3.30 | best ppl  3.30 
----------------------------------------------------------------------------------------------------
| epoch   3 step    12100 |   1584 batches | lr 0.0004 | ms/batch 5442.77 | loss  2.40 | avg loss  2.45 | ppl 11.60
| epoch   3 step    12200 |   1684 batches | lr 0.0004 | ms/batch 1763.53 | loss  2.32 | avg loss  2.46 | ppl 11.76
| epoch   3 step    12300 |   1784 batches | lr 0.0004 | ms/batch 1750.08 | loss  2.46 | avg loss  2.45 | ppl 11.53
| epoch   3 step    12400 |   1884 batches | lr 0.0004 | ms/batch 1751.11 | loss  2.46 | avg loss  2.41 | ppl 11.16
| epoch   3 step    12500 |   1984 batches | lr 0.0004 | ms/batch 1760.60 | loss  2.67 | avg loss  2.44 | ppl 11.46
| epoch   3 step    12600 |   2084 batches | lr 0.0004 | ms/batch 1762.06 | loss  2.72 | avg loss  2.39 | ppl 10.87
| epoch   3 step    12700 |   2184 batches | lr 0.0004 | ms/batch 1761.76 | loss  2.24 | avg loss  2.43 | ppl 11.34
| epoch   3 step    12800 |   2284 batches | lr 0.0004 | ms/batch 1761.29 | loss  2.54 | avg loss  2.44 | ppl 11.48
| epoch   3 step    12900 |   2384 batches | lr 0.0004 | ms/batch 1762.21 | loss  2.32 | avg loss  2.44 | ppl 11.46
| epoch   3 step    13000 |   2484 batches | lr 0.0004 | ms/batch 1766.51 | loss  2.82 | avg loss  2.46 | ppl 11.70
saving checkpoint ./trained_models/GPT2_M/e2e/model.13000.pt
| epoch   3 step    13100 |   2584 batches | lr 0.0004 | ms/batch 1861.39 | loss  2.26 | avg loss  2.41 | ppl 11.17
| epoch   3 step    13200 |   2684 batches | lr 0.0004 | ms/batch 1763.13 | loss  2.33 | avg loss  2.48 | ppl 11.89
| epoch   3 step    13300 |   2784 batches | lr 0.0004 | ms/batch 1748.67 | loss  2.32 | avg loss  2.41 | ppl 11.18
| epoch   3 step    13400 |   2884 batches | lr 0.0004 | ms/batch 1651.59 | loss  2.52 | avg loss  2.42 | ppl 11.25
| epoch   3 step    13500 |   2984 batches | lr 0.0004 | ms/batch 1761.39 | loss  2.77 | avg loss  2.46 | ppl 11.65
| epoch   3 step    13600 |   3084 batches | lr 0.0004 | ms/batch 1760.67 | loss  2.21 | avg loss  2.45 | ppl 11.54
| epoch   3 step    13700 |   3184 batches | lr 0.0004 | ms/batch 1764.17 | loss  2.61 | avg loss  2.49 | ppl 12.01
| epoch   3 step    13800 |   3284 batches | lr 0.0004 | ms/batch 1760.84 | loss  2.24 | avg loss  2.42 | ppl 11.20
| epoch   3 step    13900 |   3384 batches | lr 0.0004 | ms/batch 1766.86 | loss  2.79 | avg loss  2.46 | ppl 11.76
| epoch   3 step    14000 |   3484 batches | lr 0.0004 | ms/batch 1764.44 | loss  2.54 | avg loss  2.47 | ppl 11.78
saving checkpoint ./trained_models/GPT2_M/e2e/model.14000.pt
eval samples: 0 loss: tensor(1.1133, device='cuda:0')
eval samples: 100 loss: tensor(0.8523, device='cuda:0')
eval samples: 200 loss: tensor(1.2751, device='cuda:0')
eval samples: 300 loss: tensor(1.0715, device='cuda:0')
eval samples: 400 loss: tensor(0.8909, device='cuda:0')
eval samples: 500 loss: tensor(0.5745, device='cuda:0')
eval samples: 600 loss: tensor(1.2714, device='cuda:0')
eval samples: 700 loss: tensor(0.7215, device='cuda:0')
eval samples: 800 loss: tensor(1.1162, device='cuda:0')
eval samples: 900 loss: tensor(1.6725, device='cuda:0')
eval samples: 1000 loss: tensor(0.9717, device='cuda:0')
eval samples: 1100 loss: tensor(1.5619, device='cuda:0')
average loss 1.1850228426238036
----------------------------------------------------------------------------------------------------
| Eval   7 at step    14000 | time: 371.27s | valid loss  1.19 | valid ppl  3.27 | best ppl  3.27 
----------------------------------------------------------------------------------------------------
| epoch   3 step    14100 |   3584 batches | lr 0.0004 | ms/batch 5576.36 | loss  2.51 | avg loss  2.40 | ppl 11.05
| epoch   3 step    14200 |   3684 batches | lr 0.0004 | ms/batch 1759.30 | loss  2.41 | avg loss  2.41 | ppl 11.16
| epoch   3 step    14300 |   3784 batches | lr 0.0004 | ms/batch 1764.90 | loss  2.69 | avg loss  2.42 | ppl 11.26
| epoch   3 step    14400 |   3884 batches | lr 0.0004 | ms/batch 1757.50 | loss  2.19 | avg loss  2.44 | ppl 11.42
| epoch   3 step    14500 |   3984 batches | lr 0.0004 | ms/batch 1754.87 | loss  2.29 | avg loss  2.45 | ppl 11.57
| epoch   3 step    14600 |   4084 batches | lr 0.0004 | ms/batch 1653.06 | loss  2.44 | avg loss  2.45 | ppl 11.61
| epoch   3 step    14700 |   4184 batches | lr 0.0004 | ms/batch 1755.40 | loss  2.40 | avg loss  2.42 | ppl 11.26
| epoch   3 step    14800 |   4284 batches | lr 0.0004 | ms/batch 1764.41 | loss  2.46 | avg loss  2.46 | ppl 11.66
| epoch   3 step    14900 |   4384 batches | lr 0.0004 | ms/batch 1764.62 | loss  2.40 | avg loss  2.43 | ppl 11.36
| epoch   3 step    15000 |   4484 batches | lr 0.0004 | ms/batch 1757.16 | loss  2.74 | avg loss  2.46 | ppl 11.75
saving checkpoint ./trained_models/GPT2_M/e2e/model.15000.pt
| epoch   3 step    15100 |   4584 batches | lr 0.0004 | ms/batch 1864.12 | loss  2.24 | avg loss  2.43 | ppl 11.38
| epoch   3 step    15200 |   4684 batches | lr 0.0004 | ms/batch 1758.65 | loss  2.45 | avg loss  2.43 | ppl 11.38
| epoch   3 step    15300 |   4784 batches | lr 0.0004 | ms/batch 1759.79 | loss  2.39 | avg loss  2.47 | ppl 11.80
| epoch   3 step    15400 |   4884 batches | lr 0.0004 | ms/batch 1766.21 | loss  2.30 | avg loss  2.45 | ppl 11.55
| epoch   3 step    15500 |   4984 batches | lr 0.0004 | ms/batch 1764.95 | loss  2.38 | avg loss  2.44 | ppl 11.49
| epoch   3 step    15600 |   5084 batches | lr 0.0004 | ms/batch 1758.43 | loss  2.51 | avg loss  2.43 | ppl 11.39
| epoch   3 step    15700 |   5184 batches | lr 0.0004 | ms/batch 1762.77 | loss  2.38 | avg loss  2.41 | ppl 11.18
saving checkpoint ./trained_models/GPT2_M/e2e/model.15774.pt
start to train the model................ 4
| epoch   4 step    15800 |     26 batches | lr 0.0004 | ms/batch 455.57 | loss  2.28 | avg loss  2.39 | ppl 10.97
| epoch   4 step    15900 |    126 batches | lr 0.0004 | ms/batch 1754.78 | loss  2.27 | avg loss  2.40 | ppl 11.08
| epoch   4 step    16000 |    226 batches | lr 0.0004 | ms/batch 1660.65 | loss  2.43 | avg loss  2.42 | ppl 11.29
saving checkpoint ./trained_models/GPT2_M/e2e/model.16000.pt
eval samples: 0 loss: tensor(1.1308, device='cuda:0')
eval samples: 100 loss: tensor(0.8469, device='cuda:0')
eval samples: 200 loss: tensor(1.1820, device='cuda:0')
eval samples: 300 loss: tensor(1.0909, device='cuda:0')
eval samples: 400 loss: tensor(0.8868, device='cuda:0')
eval samples: 500 loss: tensor(0.5661, device='cuda:0')
eval samples: 600 loss: tensor(1.2619, device='cuda:0')
eval samples: 700 loss: tensor(0.6674, device='cuda:0')
eval samples: 800 loss: tensor(1.2222, device='cuda:0')
eval samples: 900 loss: tensor(1.6887, device='cuda:0')
eval samples: 1000 loss: tensor(0.9729, device='cuda:0')
eval samples: 1100 loss: tensor(1.5915, device='cuda:0')
average loss 1.1940788537365934
----------------------------------------------------------------------------------------------------
| Eval   8 at step    16000 | time: 371.28s | valid loss  1.19 | valid ppl  3.30 | best ppl  3.30 
----------------------------------------------------------------------------------------------------
| epoch   4 step    16100 |    326 batches | lr 0.0004 | ms/batch 5577.68 | loss  2.65 | avg loss  2.40 | ppl 11.03
| epoch   4 step    16200 |    426 batches | lr 0.0004 | ms/batch 1764.93 | loss  2.39 | avg loss  2.41 | ppl 11.16
| epoch   4 step    16300 |    526 batches | lr 0.0004 | ms/batch 1764.85 | loss  2.73 | avg loss  2.40 | ppl 10.99
| epoch   4 step    16400 |    626 batches | lr 0.0004 | ms/batch 1758.48 | loss  2.86 | avg loss  2.41 | ppl 11.15
| epoch   4 step    16500 |    726 batches | lr 0.0004 | ms/batch 1767.05 | loss  2.53 | avg loss  2.44 | ppl 11.47
| epoch   4 step    16600 |    826 batches | lr 0.0004 | ms/batch 1761.05 | loss  2.61 | avg loss  2.41 | ppl 11.14
| epoch   4 step    16700 |    926 batches | lr 0.0004 | ms/batch 1762.89 | loss  2.53 | avg loss  2.42 | ppl 11.27
| epoch   4 step    16800 |   1026 batches | lr 0.0004 | ms/batch 1760.21 | loss  2.48 | avg loss  2.42 | ppl 11.25
| epoch   4 step    16900 |   1126 batches | lr 0.0004 | ms/batch 1762.89 | loss  2.12 | avg loss  2.40 | ppl 10.98
| epoch   4 step    17000 |   1226 batches | lr 0.0004 | ms/batch 1762.48 | loss  2.29 | avg loss  2.40 | ppl 11.00
saving checkpoint ./trained_models/GPT2_M/e2e/model.17000.pt
| epoch   4 step    17100 |   1326 batches | lr 0.0004 | ms/batch 1862.54 | loss  2.62 | avg loss  2.44 | ppl 11.52
| epoch   4 step    17200 |   1426 batches | lr 0.0004 | ms/batch 1656.34 | loss  2.38 | avg loss  2.39 | ppl 10.95
| epoch   4 step    17300 |   1526 batches | lr 0.0004 | ms/batch 1763.35 | loss  2.28 | avg loss  2.43 | ppl 11.33
| epoch   4 step    17400 |   1626 batches | lr 0.0004 | ms/batch 1763.37 | loss  2.21 | avg loss  2.43 | ppl 11.35
| epoch   4 step    17500 |   1726 batches | lr 0.0004 | ms/batch 1759.34 | loss  2.67 | avg loss  2.43 | ppl 11.36
| epoch   4 step    17600 |   1826 batches | lr 0.0004 | ms/batch 1760.88 | loss  2.74 | avg loss  2.44 | ppl 11.47
| epoch   4 step    17700 |   1926 batches | lr 0.0004 | ms/batch 1766.46 | loss  2.34 | avg loss  2.41 | ppl 11.14
| epoch   4 step    17800 |   2026 batches | lr 0.0004 | ms/batch 1765.67 | loss  2.60 | avg loss  2.44 | ppl 11.49
| epoch   4 step    17900 |   2126 batches | lr 0.0004 | ms/batch 1758.93 | loss  2.40 | avg loss  2.42 | ppl 11.20
| epoch   4 step    18000 |   2226 batches | lr 0.0004 | ms/batch 1764.05 | loss  2.87 | avg loss  2.42 | ppl 11.26
saving checkpoint ./trained_models/GPT2_M/e2e/model.18000.pt
eval samples: 0 loss: tensor(1.0931, device='cuda:0')
eval samples: 100 loss: tensor(0.8480, device='cuda:0')
eval samples: 200 loss: tensor(1.2452, device='cuda:0')
eval samples: 300 loss: tensor(1.0250, device='cuda:0')
eval samples: 400 loss: tensor(0.8733, device='cuda:0')
eval samples: 500 loss: tensor(0.6307, device='cuda:0')
eval samples: 600 loss: tensor(1.2382, device='cuda:0')
eval samples: 700 loss: tensor(0.7231, device='cuda:0')
eval samples: 800 loss: tensor(1.1438, device='cuda:0')
eval samples: 900 loss: tensor(1.7003, device='cuda:0')
eval samples: 1000 loss: tensor(0.9420, device='cuda:0')
eval samples: 1100 loss: tensor(1.6010, device='cuda:0')
average loss 1.198827990394545
----------------------------------------------------------------------------------------------------
| Eval   9 at step    18000 | time: 371.25s | valid loss  1.20 | valid ppl  3.32 | best ppl  3.30 
----------------------------------------------------------------------------------------------------
| epoch   4 step    18100 |   2326 batches | lr 0.0004 | ms/batch 5582.92 | loss  2.58 | avg loss  2.41 | ppl 11.15
| epoch   4 step    18200 |   2426 batches | lr 0.0004 | ms/batch 1762.78 | loss  2.36 | avg loss  2.42 | ppl 11.30
| epoch   4 step    18300 |   2526 batches | lr 0.0004 | ms/batch 1759.91 | loss  2.31 | avg loss  2.43 | ppl 11.32
| epoch   4 step    18400 |   2626 batches | lr 0.0004 | ms/batch 1662.62 | loss  2.61 | avg loss  2.41 | ppl 11.12
| epoch   4 step    18500 |   2726 batches | lr 0.0004 | ms/batch 1768.72 | loss  2.42 | avg loss  2.40 | ppl 10.99
| epoch   4 step    18600 |   2826 batches | lr 0.0004 | ms/batch 1761.42 | loss  2.21 | avg loss  2.44 | ppl 11.48
| epoch   4 step    18700 |   2926 batches | lr 0.0004 | ms/batch 1767.56 | loss  2.21 | avg loss  2.40 | ppl 11.02
| epoch   4 step    18800 |   3026 batches | lr 0.0004 | ms/batch 1760.81 | loss  2.20 | avg loss  2.44 | ppl 11.42
| epoch   4 step    18900 |   3126 batches | lr 0.0004 | ms/batch 1760.64 | loss  2.40 | avg loss  2.43 | ppl 11.32
| epoch   4 step    19000 |   3226 batches | lr 0.0004 | ms/batch 1753.05 | loss  2.73 | avg loss  2.44 | ppl 11.44
saving checkpoint ./trained_models/GPT2_M/e2e/model.19000.pt
| epoch   4 step    19100 |   3326 batches | lr 0.0004 | ms/batch 1858.66 | loss  2.59 | avg loss  2.41 | ppl 11.18
| epoch   4 step    19200 |   3426 batches | lr 0.0004 | ms/batch 1751.91 | loss  2.55 | avg loss  2.40 | ppl 11.04
| epoch   4 step    19300 |   3526 batches | lr 0.0004 | ms/batch 1754.01 | loss  2.48 | avg loss  2.44 | ppl 11.47
| epoch   4 step    19400 |   3626 batches | lr 0.0004 | ms/batch 1756.25 | loss  2.54 | avg loss  2.42 | ppl 11.20
| epoch   4 step    19500 |   3726 batches | lr 0.0004 | ms/batch 1755.15 | loss  2.19 | avg loss  2.42 | ppl 11.28
| epoch   4 step    19600 |   3826 batches | lr 0.0004 | ms/batch 1752.32 | loss  2.63 | avg loss  2.42 | ppl 11.29
| epoch   4 step    19700 |   3926 batches | lr 0.0004 | ms/batch 1752.03 | loss  2.52 | avg loss  2.42 | ppl 11.27
| epoch   4 step    19800 |   4026 batches | lr 0.0004 | ms/batch 1570.19 | loss  2.43 | avg loss  2.43 | ppl 11.37
| epoch   4 step    19900 |   4126 batches | lr 0.0004 | ms/batch 1732.50 | loss  2.26 | avg loss  2.46 | ppl 11.67
| epoch   4 step    20000 |   4226 batches | lr 0.0004 | ms/batch 1728.97 | loss  2.33 | avg loss  2.43 | ppl 11.34
saving checkpoint ./trained_models/GPT2_M/e2e/model.20000.pt
eval samples: 0 loss: tensor(1.2585, device='cuda:0')
eval samples: 100 loss: tensor(0.8575, device='cuda:0')
eval samples: 200 loss: tensor(1.2821, device='cuda:0')
eval samples: 300 loss: tensor(1.0818, device='cuda:0')
eval samples: 400 loss: tensor(0.8682, device='cuda:0')
eval samples: 500 loss: tensor(0.5866, device='cuda:0')
eval samples: 600 loss: tensor(1.2045, device='cuda:0')
eval samples: 700 loss: tensor(0.6702, device='cuda:0')
eval samples: 800 loss: tensor(1.1382, device='cuda:0')
eval samples: 900 loss: tensor(1.6350, device='cuda:0')
eval samples: 1000 loss: tensor(0.9307, device='cuda:0')
eval samples: 1100 loss: tensor(1.4675, device='cuda:0')
average loss 1.1847706189608738
----------------------------------------------------------------------------------------------------
| Eval  10 at step    20000 | time: 365.26s | valid loss  1.18 | valid ppl  3.27 | best ppl  3.27 
----------------------------------------------------------------------------------------------------
| epoch   4 step    20100 |   4326 batches | lr 0.0004 | ms/batch 5494.01 | loss  2.34 | avg loss  2.42 | ppl 11.22
| epoch   4 step    20200 |   4426 batches | lr 0.0004 | ms/batch 1750.78 | loss  2.44 | avg loss  2.44 | ppl 11.42
| epoch   4 step    20300 |   4526 batches | lr 0.0004 | ms/batch 1754.72 | loss  2.47 | avg loss  2.45 | ppl 11.62
| epoch   4 step    20400 |   4626 batches | lr 0.0004 | ms/batch 1749.80 | loss  2.41 | avg loss  2.42 | ppl 11.30
| epoch   4 step    20500 |   4726 batches | lr 0.0004 | ms/batch 1758.70 | loss  2.62 | avg loss  2.41 | ppl 11.10
| epoch   4 step    20600 |   4826 batches | lr 0.0004 | ms/batch 1749.33 | loss  2.57 | avg loss  2.45 | ppl 11.61
| epoch   4 step    20700 |   4926 batches | lr 0.0004 | ms/batch 1754.16 | loss  2.51 | avg loss  2.42 | ppl 11.27
| epoch   4 step    20800 |   5026 batches | lr 0.0004 | ms/batch 1755.66 | loss  2.26 | avg loss  2.44 | ppl 11.51
| epoch   4 step    20900 |   5126 batches | lr 0.0004 | ms/batch 1755.34 | loss  2.37 | avg loss  2.41 | ppl 11.16
| epoch   4 step    21000 |   5226 batches | lr 0.0004 | ms/batch 1640.76 | loss  2.22 | avg loss  2.42 | ppl 11.25
saving checkpoint ./trained_models/GPT2_M/e2e/model.21000.pt
saving checkpoint ./trained_models/GPT2_M/e2e/model.21032.pt
start to train the model................ 5
| epoch   5 step    21100 |     68 batches | lr 0.0004 | ms/batch 1191.39 | loss  2.54 | avg loss  2.42 | ppl 11.29
| epoch   5 step    21200 |    168 batches | lr 0.0004 | ms/batch 1753.49 | loss  2.51 | avg loss  2.36 | ppl 10.60
| epoch   5 step    21300 |    268 batches | lr 0.0004 | ms/batch 1752.14 | loss  2.20 | avg loss  2.42 | ppl 11.21
| epoch   5 step    21400 |    368 batches | lr 0.0004 | ms/batch 1752.27 | loss  2.52 | avg loss  2.40 | ppl 11.05
| epoch   5 step    21500 |    468 batches | lr 0.0004 | ms/batch 1755.36 | loss  2.58 | avg loss  2.42 | ppl 11.19
| epoch   5 step    21600 |    568 batches | lr 0.0004 | ms/batch 1751.65 | loss  2.69 | avg loss  2.38 | ppl 10.79
| epoch   5 step    21700 |    668 batches | lr 0.0004 | ms/batch 1756.28 | loss  2.78 | avg loss  2.42 | ppl 11.20
| epoch   5 step    21800 |    768 batches | lr 0.0004 | ms/batch 1755.64 | loss  2.34 | avg loss  2.43 | ppl 11.31
| epoch   5 step    21900 |    868 batches | lr 0.0004 | ms/batch 1752.71 | loss  2.67 | avg loss  2.40 | ppl 11.08
| epoch   5 step    22000 |    968 batches | lr 0.0004 | ms/batch 1758.78 | loss  2.31 | avg loss  2.36 | ppl 10.55
saving checkpoint ./trained_models/GPT2_M/e2e/model.22000.pt
eval samples: 0 loss: tensor(1.1408, device='cuda:0')
eval samples: 100 loss: tensor(0.8718, device='cuda:0')
eval samples: 200 loss: tensor(1.3036, device='cuda:0')
eval samples: 300 loss: tensor(1.0790, device='cuda:0')
eval samples: 400 loss: tensor(0.8568, device='cuda:0')
eval samples: 500 loss: tensor(0.6069, device='cuda:0')
eval samples: 600 loss: tensor(1.1614, device='cuda:0')
eval samples: 700 loss: tensor(0.6839, device='cuda:0')
eval samples: 800 loss: tensor(1.1611, device='cuda:0')
eval samples: 900 loss: tensor(1.7168, device='cuda:0')
eval samples: 1000 loss: tensor(0.9180, device='cuda:0')
eval samples: 1100 loss: tensor(1.6155, device='cuda:0')
average loss 1.1946026338902238
----------------------------------------------------------------------------------------------------
| Eval  11 at step    22000 | time: 368.92s | valid loss  1.19 | valid ppl  3.30 | best ppl  3.30 
----------------------------------------------------------------------------------------------------
| epoch   5 step    22100 |   1068 batches | lr 0.0004 | ms/batch 5541.97 | loss  2.50 | avg loss  2.39 | ppl 10.91
| epoch   5 step    22200 |   1168 batches | lr 0.0004 | ms/batch 1652.63 | loss  2.83 | avg loss  2.41 | ppl 11.16
| epoch   5 step    22300 |   1268 batches | lr 0.0004 | ms/batch 1751.34 | loss  2.27 | avg loss  2.42 | ppl 11.23
| epoch   5 step    22400 |   1368 batches | lr 0.0004 | ms/batch 1752.47 | loss  2.21 | avg loss  2.37 | ppl 10.74
| epoch   5 step    22500 |   1468 batches | lr 0.0004 | ms/batch 1754.62 | loss  2.60 | avg loss  2.42 | ppl 11.19
| epoch   5 step    22600 |   1568 batches | lr 0.0004 | ms/batch 1750.73 | loss  2.65 | avg loss  2.42 | ppl 11.19
| epoch   5 step    22700 |   1668 batches | lr 0.0004 | ms/batch 1757.81 | loss  2.28 | avg loss  2.40 | ppl 11.06
| epoch   5 step    22800 |   1768 batches | lr 0.0004 | ms/batch 1748.98 | loss  2.25 | avg loss  2.42 | ppl 11.20
| epoch   5 step    22900 |   1868 batches | lr 0.0004 | ms/batch 1757.03 | loss  2.74 | avg loss  2.45 | ppl 11.57
| epoch   5 step    23000 |   1968 batches | lr 0.0004 | ms/batch 1756.15 | loss  2.36 | avg loss  2.40 | ppl 11.08
saving checkpoint ./trained_models/GPT2_M/e2e/model.23000.pt
| epoch   5 step    23100 |   2068 batches | lr 0.0004 | ms/batch 1851.46 | loss  2.54 | avg loss  2.44 | ppl 11.43
| epoch   5 step    23200 |   2168 batches | lr 0.0004 | ms/batch 1757.31 | loss  2.61 | avg loss  2.40 | ppl 11.05
| epoch   5 step    23300 |   2268 batches | lr 0.0004 | ms/batch 1752.09 | loss  2.22 | avg loss  2.39 | ppl 10.88
| epoch   5 step    23400 |   2368 batches | lr 0.0004 | ms/batch 1735.81 | loss  2.33 | avg loss  2.42 | ppl 11.19
| epoch   5 step    23500 |   2468 batches | lr 0.0004 | ms/batch 1743.17 | loss  2.23 | avg loss  2.39 | ppl 10.89
| epoch   5 step    23600 |   2568 batches | lr 0.0004 | ms/batch 1741.78 | loss  2.16 | avg loss  2.40 | ppl 11.05
| epoch   5 step    23700 |   2668 batches | lr 0.0004 | ms/batch 1662.27 | loss  2.29 | avg loss  2.38 | ppl 10.82
| epoch   5 step    23800 |   2768 batches | lr 0.0004 | ms/batch 1760.09 | loss  2.50 | avg loss  2.42 | ppl 11.27
| epoch   5 step    23900 |   2868 batches | lr 0.0004 | ms/batch 1756.97 | loss  2.48 | avg loss  2.39 | ppl 10.94
| epoch   5 step    24000 |   2968 batches | lr 0.0004 | ms/batch 1758.23 | loss  2.30 | avg loss  2.42 | ppl 11.22
saving checkpoint ./trained_models/GPT2_M/e2e/model.24000.pt
eval samples: 0 loss: tensor(1.1251, device='cuda:0')
eval samples: 100 loss: tensor(0.8992, device='cuda:0')
eval samples: 200 loss: tensor(1.2231, device='cuda:0')
eval samples: 300 loss: tensor(1.0728, device='cuda:0')
eval samples: 400 loss: tensor(0.8372, device='cuda:0')
eval samples: 500 loss: tensor(0.6106, device='cuda:0')
eval samples: 600 loss: tensor(1.2373, device='cuda:0')
eval samples: 700 loss: tensor(0.6734, device='cuda:0')
eval samples: 800 loss: tensor(1.2098, device='cuda:0')
eval samples: 900 loss: tensor(1.6320, device='cuda:0')
eval samples: 1000 loss: tensor(0.9166, device='cuda:0')
eval samples: 1100 loss: tensor(1.6130, device='cuda:0')
average loss 1.1944941100855804
----------------------------------------------------------------------------------------------------
| Eval  12 at step    24000 | time: 369.14s | valid loss  1.19 | valid ppl  3.30 | best ppl  3.30 
----------------------------------------------------------------------------------------------------
| epoch   5 step    24100 |   3068 batches | lr 0.0004 | ms/batch 5550.96 | loss  2.57 | avg loss  2.44 | ppl 11.47
| epoch   5 step    24200 |   3168 batches | lr 0.0004 | ms/batch 1752.81 | loss  2.63 | avg loss  2.38 | ppl 10.76
| epoch   5 step    24300 |   3268 batches | lr 0.0004 | ms/batch 1749.09 | loss  2.51 | avg loss  2.43 | ppl 11.32
| epoch   5 step    24400 |   3368 batches | lr 0.0004 | ms/batch 1757.38 | loss  2.53 | avg loss  2.41 | ppl 11.08
| epoch   5 step    24500 |   3468 batches | lr 0.0004 | ms/batch 1749.21 | loss  2.26 | avg loss  2.41 | ppl 11.19
| epoch   5 step    24600 |   3568 batches | lr 0.0004 | ms/batch 1754.61 | loss  2.47 | avg loss  2.41 | ppl 11.10
| epoch   5 step    24700 |   3668 batches | lr 0.0004 | ms/batch 1753.92 | loss  2.69 | avg loss  2.45 | ppl 11.56
| epoch   5 step    24800 |   3768 batches | lr 0.0004 | ms/batch 1749.25 | loss  2.77 | avg loss  2.41 | ppl 11.12
| epoch   5 step    24900 |   3868 batches | lr 0.0004 | ms/batch 1644.11 | loss  2.25 | avg loss  2.41 | ppl 11.18
| epoch   5 step    25000 |   3968 batches | lr 0.0004 | ms/batch 1752.33 | loss  2.34 | avg loss  2.42 | ppl 11.24
saving checkpoint ./trained_models/GPT2_M/e2e/model.25000.pt
| epoch   5 step    25100 |   4068 batches | lr 0.0004 | ms/batch 1855.29 | loss  2.53 | avg loss  2.40 | ppl 11.03
| epoch   5 step    25200 |   4168 batches | lr 0.0004 | ms/batch 1752.31 | loss  2.25 | avg loss  2.43 | ppl 11.32
| epoch   5 step    25300 |   4268 batches | lr 0.0004 | ms/batch 1754.10 | loss  2.34 | avg loss  2.40 | ppl 10.97
| epoch   5 step    25400 |   4368 batches | lr 0.0004 | ms/batch 1756.80 | loss  2.67 | avg loss  2.39 | ppl 10.88
| epoch   5 step    25500 |   4468 batches | lr 0.0004 | ms/batch 1747.18 | loss  2.45 | avg loss  2.41 | ppl 11.18
| epoch   5 step    25600 |   4568 batches | lr 0.0004 | ms/batch 1739.21 | loss  2.69 | avg loss  2.42 | ppl 11.25
| epoch   5 step    25700 |   4668 batches | lr 0.0004 | ms/batch 1742.11 | loss  2.73 | avg loss  2.47 | ppl 11.80
| epoch   5 step    25800 |   4768 batches | lr 0.0004 | ms/batch 1739.13 | loss  2.48 | avg loss  2.44 | ppl 11.45
| epoch   5 step    25900 |   4868 batches | lr 0.0004 | ms/batch 1740.75 | loss  2.27 | avg loss  2.41 | ppl 11.13
| epoch   5 step    26000 |   4968 batches | lr 0.0004 | ms/batch 1741.29 | loss  2.36 | avg loss  2.43 | ppl 11.41
saving checkpoint ./trained_models/GPT2_M/e2e/model.26000.pt
eval samples: 0 loss: tensor(1.1356, device='cuda:0')
eval samples: 100 loss: tensor(0.8396, device='cuda:0')
eval samples: 200 loss: tensor(1.2777, device='cuda:0')
eval samples: 300 loss: tensor(1.0353, device='cuda:0')
eval samples: 400 loss: tensor(0.8864, device='cuda:0')
eval samples: 500 loss: tensor(0.5803, device='cuda:0')
eval samples: 600 loss: tensor(1.1764, device='cuda:0')
eval samples: 700 loss: tensor(0.6332, device='cuda:0')
eval samples: 800 loss: tensor(1.1484, device='cuda:0')
eval samples: 900 loss: tensor(1.6463, device='cuda:0')
eval samples: 1000 loss: tensor(0.9165, device='cuda:0')
eval samples: 1100 loss: tensor(1.5428, device='cuda:0')
average loss 1.1648197161059266
----------------------------------------------------------------------------------------------------
| Eval  13 at step    26000 | time: 366.86s | valid loss  1.16 | valid ppl  3.21 | best ppl  3.21 
----------------------------------------------------------------------------------------------------
| epoch   5 step    26100 |   5068 batches | lr 0.0004 | ms/batch 5443.74 | loss  2.41 | avg loss  2.41 | ppl 11.19
| epoch   5 step    26200 |   5168 batches | lr 0.0004 | ms/batch 1756.35 | loss  2.49 | avg loss  2.40 | ppl 11.06
saving checkpoint ./trained_models/GPT2_M/e2e/model.26290.pt
----------------------------------------------------------------------------------------------------
End of training
cleanup dist ...
[rank0]:[W716 03:04:12.109192677 ProcessGroupNCCL.cpp:1479] Warning: WARNING: destroy_process_group() was not called before program exit, which can leak resources. For more info, please see https://pytorch.org/docs/stable/distributed.html#shutdown (function operator())
