nohup: ignoring input
myrank: 0 local_rank: 0 device_count: 1 world_size: 1
====================================================================================================
        - platform : local
        - local_rank : 0
        - rank : 0
        - device : cuda:0
        - world_size : 1
        - random_seed : 110
        - lr : 0.0003
        - weight_decay : 0.01
        - correct_bias : True
        - adam_epislon : 1e-06
        - no_decay_bias : False
        - adam_beta1 : 0.9
        - adam_beta2 : 0.999
        - scheduler : None
        - max_step : None
        - max_epoch : 5
        - warmup_step : 500
        - i_steps : 0
        - i_lrs : 0.00025
        - galore_rank : 4
        - update_proj_gap : 50
        - galore_scale : 1.0
        - proj_type : std
        - train_data : ./data/e2e/train.jsonl
        - valid_data : ./data/e2e/valid.jsonl
        - train_batch_size : 8
        - valid_batch_size : 4
        - grad_acc : 1
        - clip : 0.0
        - seq_len : 512
        - model_card : gpt2.md
        - init_checkpoint : ./pretrained_checkpoints/gpt2-medium-pytorch_model.bin
        - fp16 : False
        - log_interval : 100
        - eval_interval : 2000
        - save_interval : 1000
        - work_dir : ./trained_models/GPT2_M/e2e
        - lora_dim : 0
        - lora_alpha : 32
        - obj : clm
        - lora_dropout : 0.1
        - label_smooth : 0.1
        - roll_interval : -1
        - roll_lr : 1e-05
        - roll_step : 100
        - eval_epoch : 1
        - dist : <module 'torch.distributed' from '/home/ycyh/miniconda3/envs/LoRA/lib/python3.11/site-packages/torch/distributed/__init__.py'>
====================================================================================================
Experiment dir : ./trained_models/GPT2_M/e2e
loading model pretrained weight.
MoFaSGD 2D parameter count: 354.50M
Skipped 1D parameter count : 0.32M
set max_step: 26290
start to train the model................ 1
| epoch   1 step      100 |    100 batches | lr 0.0003 | ms/batch 1212.33 | loss  3.29 | avg loss  3.06 | ppl 21.39
| epoch   1 step      200 |    200 batches | lr 0.0003 | ms/batch 1226.51 | loss  2.76 | avg loss  2.76 | ppl 15.83
| epoch   1 step      300 |    300 batches | lr 0.0003 | ms/batch 1279.86 | loss  2.73 | avg loss  2.70 | ppl 14.89
| epoch   1 step      400 |    400 batches | lr 0.0003 | ms/batch 1279.23 | loss  2.79 | avg loss  2.70 | ppl 14.83
| epoch   1 step      500 |    500 batches | lr 0.0003 | ms/batch 1235.62 | loss  2.56 | avg loss  2.63 | ppl 13.94
| epoch   1 step      600 |    600 batches | lr 0.0003 | ms/batch 1290.16 | loss  2.53 | avg loss  2.60 | ppl 13.53
| epoch   1 step      700 |    700 batches | lr 0.0003 | ms/batch 1220.78 | loss  2.71 | avg loss  2.59 | ppl 13.33
| epoch   1 step      800 |    800 batches | lr 0.0003 | ms/batch 1204.14 | loss  2.34 | avg loss  2.58 | ppl 13.14
| epoch   1 step      900 |    900 batches | lr 0.0003 | ms/batch 1261.39 | loss  2.35 | avg loss  2.57 | ppl 13.04
| epoch   1 step     1000 |   1000 batches | lr 0.0003 | ms/batch 1139.54 | loss  3.00 | avg loss  2.59 | ppl 13.28
saving checkpoint ./trained_models/GPT2_M/e2e/model.1000.pt
/home/ycyh/miniconda3/envs/LoRA/lib/python3.11/site-packages/torch/distributed/distributed_c10d.py:4631: UserWarning: No device id is provided via `init_process_group` or `barrier `. Using the current device set by the user. 
  warnings.warn(  # warn only once
| epoch   1 step     1100 |   1100 batches | lr 0.0003 | ms/batch 1335.24 | loss  2.65 | avg loss  2.60 | ppl 13.41
| epoch   1 step     1200 |   1200 batches | lr 0.0003 | ms/batch 1162.85 | loss  2.44 | avg loss  2.59 | ppl 13.34
| epoch   1 step     1300 |   1300 batches | lr 0.0003 | ms/batch 1276.71 | loss  2.46 | avg loss  2.56 | ppl 12.97
| epoch   1 step     1400 |   1400 batches | lr 0.0003 | ms/batch 1233.49 | loss  2.53 | avg loss  2.56 | ppl 12.92
| epoch   1 step     1500 |   1500 batches | lr 0.0003 | ms/batch 1238.11 | loss  2.54 | avg loss  2.57 | ppl 13.11
| epoch   1 step     1600 |   1600 batches | lr 0.0003 | ms/batch 1224.49 | loss  2.57 | avg loss  2.53 | ppl 12.59
| epoch   1 step     1700 |   1700 batches | lr 0.0003 | ms/batch 1320.51 | loss  2.41 | avg loss  2.54 | ppl 12.70
| epoch   1 step     1800 |   1800 batches | lr 0.0003 | ms/batch 1302.59 | loss  2.41 | avg loss  2.55 | ppl 12.75
| epoch   1 step     1900 |   1900 batches | lr 0.0003 | ms/batch 1252.00 | loss  2.56 | avg loss  2.55 | ppl 12.78
| epoch   1 step     2000 |   2000 batches | lr 0.0003 | ms/batch 1298.09 | loss  2.47 | avg loss  2.54 | ppl 12.62
saving checkpoint ./trained_models/GPT2_M/e2e/model.2000.pt
/home/ycyh/miniconda3/envs/LoRA/lib/python3.11/site-packages/torch/nn/_reduction.py:51: UserWarning: size_average and reduce args will be deprecated, please use reduction='none' instead.
  warnings.warn(warning.format(ret))
eval samples: 0 loss: tensor(1.2343, device='cuda:0')
eval samples: 100 loss: tensor(0.9075, device='cuda:0')
eval samples: 200 loss: tensor(1.3234, device='cuda:0')
eval samples: 300 loss: tensor(1.1434, device='cuda:0')
eval samples: 400 loss: tensor(0.9028, device='cuda:0')
eval samples: 500 loss: tensor(0.6748, device='cuda:0')
eval samples: 600 loss: tensor(1.2891, device='cuda:0')
eval samples: 700 loss: tensor(0.7659, device='cuda:0')
eval samples: 800 loss: tensor(1.1843, device='cuda:0')
eval samples: 900 loss: tensor(1.6977, device='cuda:0')
eval samples: 1000 loss: tensor(1.0513, device='cuda:0')
eval samples: 1100 loss: tensor(1.4788, device='cuda:0')
average loss 1.2379578230009503
----------------------------------------------------------------------------------------------------
| Eval   1 at step     2000 | time: 166.48s | valid loss  1.24 | valid ppl  3.45 | best ppl  3.45 
----------------------------------------------------------------------------------------------------
| epoch   1 step     2100 |   2100 batches | lr 0.0003 | ms/batch 3042.74 | loss  2.56 | avg loss  2.53 | ppl 12.58
| epoch   1 step     2200 |   2200 batches | lr 0.0003 | ms/batch 1229.62 | loss  2.79 | avg loss  2.53 | ppl 12.50
| epoch   1 step     2300 |   2300 batches | lr 0.0003 | ms/batch 1243.73 | loss  2.50 | avg loss  2.52 | ppl 12.44
| epoch   1 step     2400 |   2400 batches | lr 0.0003 | ms/batch 1146.99 | loss  2.31 | avg loss  2.52 | ppl 12.48
| epoch   1 step     2500 |   2500 batches | lr 0.0003 | ms/batch 1187.54 | loss  2.72 | avg loss  2.54 | ppl 12.71
| epoch   1 step     2600 |   2600 batches | lr 0.0003 | ms/batch 1321.21 | loss  2.66 | avg loss  2.53 | ppl 12.51
| epoch   1 step     2700 |   2700 batches | lr 0.0003 | ms/batch 1224.50 | loss  2.61 | avg loss  2.51 | ppl 12.36
| epoch   1 step     2800 |   2800 batches | lr 0.0003 | ms/batch 1322.19 | loss  2.23 | avg loss  2.55 | ppl 12.81
| epoch   1 step     2900 |   2900 batches | lr 0.0003 | ms/batch 1323.92 | loss  2.72 | avg loss  2.53 | ppl 12.57
| epoch   1 step     3000 |   3000 batches | lr 0.0003 | ms/batch 1235.98 | loss  2.54 | avg loss  2.50 | ppl 12.18
saving checkpoint ./trained_models/GPT2_M/e2e/model.3000.pt
| epoch   1 step     3100 |   3100 batches | lr 0.0003 | ms/batch 1385.04 | loss  2.71 | avg loss  2.50 | ppl 12.20
| epoch   1 step     3200 |   3200 batches | lr 0.0003 | ms/batch 1253.16 | loss  2.57 | avg loss  2.54 | ppl 12.63
| epoch   1 step     3300 |   3300 batches | lr 0.0003 | ms/batch 1231.83 | loss  2.86 | avg loss  2.49 | ppl 12.10
| epoch   1 step     3400 |   3400 batches | lr 0.0003 | ms/batch 1308.23 | loss  2.45 | avg loss  2.50 | ppl 12.17
| epoch   1 step     3500 |   3500 batches | lr 0.0003 | ms/batch 1249.44 | loss  2.24 | avg loss  2.53 | ppl 12.62
| epoch   1 step     3600 |   3600 batches | lr 0.0003 | ms/batch 1298.40 | loss  2.42 | avg loss  2.53 | ppl 12.59
| epoch   1 step     3700 |   3700 batches | lr 0.0003 | ms/batch 1317.43 | loss  2.49 | avg loss  2.50 | ppl 12.17
| epoch   1 step     3800 |   3800 batches | lr 0.0003 | ms/batch 1272.90 | loss  2.50 | avg loss  2.46 | ppl 11.74
| epoch   1 step     3900 |   3900 batches | lr 0.0003 | ms/batch 1240.59 | loss  2.20 | avg loss  2.54 | ppl 12.63
| epoch   1 step     4000 |   4000 batches | lr 0.0003 | ms/batch 1169.26 | loss  2.55 | avg loss  2.54 | ppl 12.67
saving checkpoint ./trained_models/GPT2_M/e2e/model.4000.pt
eval samples: 0 loss: tensor(1.1748, device='cuda:0')
eval samples: 100 loss: tensor(0.8401, device='cuda:0')
eval samples: 200 loss: tensor(1.2563, device='cuda:0')
eval samples: 300 loss: tensor(1.0714, device='cuda:0')
eval samples: 400 loss: tensor(0.8555, device='cuda:0')
eval samples: 500 loss: tensor(0.5674, device='cuda:0')
eval samples: 600 loss: tensor(1.2349, device='cuda:0')
eval samples: 700 loss: tensor(0.6686, device='cuda:0')
eval samples: 800 loss: tensor(1.1300, device='cuda:0')
eval samples: 900 loss: tensor(1.6155, device='cuda:0')
eval samples: 1000 loss: tensor(0.8971, device='cuda:0')
eval samples: 1100 loss: tensor(1.4878, device='cuda:0')
average loss 1.1877422708864898
----------------------------------------------------------------------------------------------------
| Eval   2 at step     4000 | time: 165.90s | valid loss  1.19 | valid ppl  3.28 | best ppl  3.28 
----------------------------------------------------------------------------------------------------
| epoch   1 step     4100 |   4100 batches | lr 0.0003 | ms/batch 3087.50 | loss  2.64 | avg loss  2.50 | ppl 12.14
| epoch   1 step     4200 |   4200 batches | lr 0.0003 | ms/batch 1260.40 | loss  2.54 | avg loss  2.50 | ppl 12.21
| epoch   1 step     4300 |   4300 batches | lr 0.0003 | ms/batch 1306.80 | loss  2.34 | avg loss  2.45 | ppl 11.64
| epoch   1 step     4400 |   4400 batches | lr 0.0003 | ms/batch 1344.82 | loss  2.60 | avg loss  2.49 | ppl 12.02
| epoch   1 step     4500 |   4500 batches | lr 0.0003 | ms/batch 1344.72 | loss  2.65 | avg loss  2.52 | ppl 12.38
| epoch   1 step     4600 |   4600 batches | lr 0.0003 | ms/batch 1146.35 | loss  2.47 | avg loss  2.52 | ppl 12.39
| epoch   1 step     4700 |   4700 batches | lr 0.0003 | ms/batch 1320.56 | loss  2.29 | avg loss  2.51 | ppl 12.25
| epoch   1 step     4800 |   4800 batches | lr 0.0003 | ms/batch 1189.40 | loss  2.63 | avg loss  2.48 | ppl 11.88
| epoch   1 step     4900 |   4900 batches | lr 0.0003 | ms/batch 1327.08 | loss  2.57 | avg loss  2.49 | ppl 12.05
| epoch   1 step     5000 |   5000 batches | lr 0.0003 | ms/batch 1287.33 | loss  2.22 | avg loss  2.47 | ppl 11.82
saving checkpoint ./trained_models/GPT2_M/e2e/model.5000.pt
| epoch   1 step     5100 |   5100 batches | lr 0.0003 | ms/batch 1380.53 | loss  2.56 | avg loss  2.51 | ppl 12.25
| epoch   1 step     5200 |   5200 batches | lr 0.0003 | ms/batch 1333.61 | loss  2.69 | avg loss  2.50 | ppl 12.16
saving checkpoint ./trained_models/GPT2_M/e2e/model.5258.pt
start to train the model................ 2
| epoch   2 step     5300 |     42 batches | lr 0.0003 | ms/batch 338.54 | loss  2.35 | avg loss  2.43 | ppl 11.38
| epoch   2 step     5400 |    142 batches | lr 0.0003 | ms/batch 1296.59 | loss  2.42 | avg loss  2.48 | ppl 11.95
| epoch   2 step     5500 |    242 batches | lr 0.0003 | ms/batch 1249.36 | loss  2.48 | avg loss  2.46 | ppl 11.75
| epoch   2 step     5600 |    342 batches | lr 0.0003 | ms/batch 1253.31 | loss  2.16 | avg loss  2.49 | ppl 12.01
| epoch   2 step     5700 |    442 batches | lr 0.0003 | ms/batch 1232.03 | loss  2.42 | avg loss  2.47 | ppl 11.87
| epoch   2 step     5800 |    542 batches | lr 0.0003 | ms/batch 1383.44 | loss  2.44 | avg loss  2.45 | ppl 11.62
| epoch   2 step     5900 |    642 batches | lr 0.0003 | ms/batch 1215.63 | loss  2.58 | avg loss  2.49 | ppl 12.04
| epoch   2 step     6000 |    742 batches | lr 0.0003 | ms/batch 1226.93 | loss  2.19 | avg loss  2.44 | ppl 11.53
saving checkpoint ./trained_models/GPT2_M/e2e/model.6000.pt
eval samples: 0 loss: tensor(1.1240, device='cuda:0')
eval samples: 100 loss: tensor(0.8582, device='cuda:0')
eval samples: 200 loss: tensor(1.2003, device='cuda:0')
eval samples: 300 loss: tensor(1.0636, device='cuda:0')
eval samples: 400 loss: tensor(0.8865, device='cuda:0')
eval samples: 500 loss: tensor(0.5693, device='cuda:0')
eval samples: 600 loss: tensor(1.3117, device='cuda:0')
eval samples: 700 loss: tensor(0.6849, device='cuda:0')
eval samples: 800 loss: tensor(1.1533, device='cuda:0')
eval samples: 900 loss: tensor(1.7260, device='cuda:0')
eval samples: 1000 loss: tensor(0.9125, device='cuda:0')
eval samples: 1100 loss: tensor(1.4692, device='cuda:0')
average loss 1.1935340766986346
----------------------------------------------------------------------------------------------------
| Eval   3 at step     6000 | time: 166.14s | valid loss  1.19 | valid ppl  3.30 | best ppl  3.30 
----------------------------------------------------------------------------------------------------
| epoch   2 step     6100 |    842 batches | lr 0.0003 | ms/batch 2953.76 | loss  2.26 | avg loss  2.47 | ppl 11.82
| epoch   2 step     6200 |    942 batches | lr 0.0003 | ms/batch 1257.25 | loss  2.34 | avg loss  2.47 | ppl 11.87
| epoch   2 step     6300 |   1042 batches | lr 0.0003 | ms/batch 1314.34 | loss  2.69 | avg loss  2.48 | ppl 11.92
| epoch   2 step     6400 |   1142 batches | lr 0.0003 | ms/batch 1228.81 | loss  2.28 | avg loss  2.47 | ppl 11.85
| epoch   2 step     6500 |   1242 batches | lr 0.0003 | ms/batch 1242.64 | loss  2.32 | avg loss  2.49 | ppl 12.11
| epoch   2 step     6600 |   1342 batches | lr 0.0003 | ms/batch 1301.01 | loss  2.68 | avg loss  2.47 | ppl 11.80
| epoch   2 step     6700 |   1442 batches | lr 0.0003 | ms/batch 1175.00 | loss  2.42 | avg loss  2.48 | ppl 11.90
| epoch   2 step     6800 |   1542 batches | lr 0.0003 | ms/batch 1222.42 | loss  2.41 | avg loss  2.49 | ppl 12.02
| epoch   2 step     6900 |   1642 batches | lr 0.0003 | ms/batch 1236.81 | loss  2.34 | avg loss  2.42 | ppl 11.30
| epoch   2 step     7000 |   1742 batches | lr 0.0003 | ms/batch 1218.97 | loss  2.59 | avg loss  2.48 | ppl 12.00
saving checkpoint ./trained_models/GPT2_M/e2e/model.7000.pt
| epoch   2 step     7100 |   1842 batches | lr 0.0003 | ms/batch 1410.45 | loss  2.63 | avg loss  2.47 | ppl 11.77
| epoch   2 step     7200 |   1942 batches | lr 0.0003 | ms/batch 1144.83 | loss  2.56 | avg loss  2.47 | ppl 11.80
| epoch   2 step     7300 |   2042 batches | lr 0.0003 | ms/batch 1234.65 | loss  2.35 | avg loss  2.45 | ppl 11.56
| epoch   2 step     7400 |   2142 batches | lr 0.0003 | ms/batch 1314.64 | loss  2.78 | avg loss  2.44 | ppl 11.48
| epoch   2 step     7500 |   2242 batches | lr 0.0003 | ms/batch 1281.01 | loss  2.66 | avg loss  2.49 | ppl 12.12
| epoch   2 step     7600 |   2342 batches | lr 0.0003 | ms/batch 1340.46 | loss  2.26 | avg loss  2.45 | ppl 11.58
| epoch   2 step     7700 |   2442 batches | lr 0.0003 | ms/batch 1259.77 | loss  2.72 | avg loss  2.45 | ppl 11.58
| epoch   2 step     7800 |   2542 batches | lr 0.0003 | ms/batch 1179.89 | loss  2.56 | avg loss  2.44 | ppl 11.42
| epoch   2 step     7900 |   2642 batches | lr 0.0003 | ms/batch 1257.87 | loss  2.77 | avg loss  2.49 | ppl 12.01
| epoch   2 step     8000 |   2742 batches | lr 0.0003 | ms/batch 1239.60 | loss  2.48 | avg loss  2.49 | ppl 12.12
saving checkpoint ./trained_models/GPT2_M/e2e/model.8000.pt
eval samples: 0 loss: tensor(1.1620, device='cuda:0')
eval samples: 100 loss: tensor(0.8671, device='cuda:0')
eval samples: 200 loss: tensor(1.2605, device='cuda:0')
eval samples: 300 loss: tensor(1.0702, device='cuda:0')
eval samples: 400 loss: tensor(0.8653, device='cuda:0')
eval samples: 500 loss: tensor(0.6211, device='cuda:0')
eval samples: 600 loss: tensor(1.2021, device='cuda:0')
eval samples: 700 loss: tensor(0.6794, device='cuda:0')
eval samples: 800 loss: tensor(1.1433, device='cuda:0')
eval samples: 900 loss: tensor(1.6551, device='cuda:0')
eval samples: 1000 loss: tensor(0.9185, device='cuda:0')
eval samples: 1100 loss: tensor(1.4678, device='cuda:0')
average loss 1.1859577841393343
----------------------------------------------------------------------------------------------------
| Eval   4 at step     8000 | time: 166.34s | valid loss  1.19 | valid ppl  3.27 | best ppl  3.27 
----------------------------------------------------------------------------------------------------
| epoch   2 step     8100 |   2842 batches | lr 0.0003 | ms/batch 3090.08 | loss  2.35 | avg loss  2.46 | ppl 11.67
| epoch   2 step     8200 |   2942 batches | lr 0.0003 | ms/batch 1253.04 | loss  2.58 | avg loss  2.51 | ppl 12.27
| epoch   2 step     8300 |   3042 batches | lr 0.0003 | ms/batch 1319.54 | loss  2.35 | avg loss  2.47 | ppl 11.82
| epoch   2 step     8400 |   3142 batches | lr 0.0003 | ms/batch 1216.59 | loss  2.46 | avg loss  2.45 | ppl 11.65
| epoch   2 step     8500 |   3242 batches | lr 0.0003 | ms/batch 1240.67 | loss  2.36 | avg loss  2.47 | ppl 11.81
| epoch   2 step     8600 |   3342 batches | lr 0.0003 | ms/batch 1308.65 | loss  2.32 | avg loss  2.45 | ppl 11.61
| epoch   2 step     8700 |   3442 batches | lr 0.0003 | ms/batch 1280.40 | loss  2.80 | avg loss  2.45 | ppl 11.63
| epoch   2 step     8800 |   3542 batches | lr 0.0003 | ms/batch 1227.17 | loss  2.37 | avg loss  2.46 | ppl 11.67
| epoch   2 step     8900 |   3642 batches | lr 0.0003 | ms/batch 1198.16 | loss  2.52 | avg loss  2.47 | ppl 11.85
| epoch   2 step     9000 |   3742 batches | lr 0.0003 | ms/batch 1245.15 | loss  2.45 | avg loss  2.47 | ppl 11.77
saving checkpoint ./trained_models/GPT2_M/e2e/model.9000.pt
| epoch   2 step     9100 |   3842 batches | lr 0.0003 | ms/batch 1412.91 | loss  2.40 | avg loss  2.47 | ppl 11.77
| epoch   2 step     9200 |   3942 batches | lr 0.0003 | ms/batch 1275.82 | loss  2.59 | avg loss  2.46 | ppl 11.74
| epoch   2 step     9300 |   4042 batches | lr 0.0003 | ms/batch 1272.65 | loss  2.46 | avg loss  2.48 | ppl 11.91
| epoch   2 step     9400 |   4142 batches | lr 0.0003 | ms/batch 1274.32 | loss  2.50 | avg loss  2.47 | ppl 11.79
| epoch   2 step     9500 |   4242 batches | lr 0.0003 | ms/batch 1279.01 | loss  2.46 | avg loss  2.46 | ppl 11.75
| epoch   2 step     9600 |   4342 batches | lr 0.0003 | ms/batch 1200.93 | loss  2.83 | avg loss  2.47 | ppl 11.83
| epoch   2 step     9700 |   4442 batches | lr 0.0003 | ms/batch 1250.48 | loss  2.22 | avg loss  2.46 | ppl 11.65
| epoch   2 step     9800 |   4542 batches | lr 0.0003 | ms/batch 1233.71 | loss  2.45 | avg loss  2.46 | ppl 11.68
| epoch   2 step     9900 |   4642 batches | lr 0.0003 | ms/batch 1225.31 | loss  2.14 | avg loss  2.45 | ppl 11.55
| epoch   2 step    10000 |   4742 batches | lr 0.0003 | ms/batch 1292.39 | loss  2.52 | avg loss  2.48 | ppl 11.97
saving checkpoint ./trained_models/GPT2_M/e2e/model.10000.pt
eval samples: 0 loss: tensor(1.1548, device='cuda:0')
eval samples: 100 loss: tensor(0.8483, device='cuda:0')
eval samples: 200 loss: tensor(1.2266, device='cuda:0')
eval samples: 300 loss: tensor(1.0495, device='cuda:0')
eval samples: 400 loss: tensor(0.8262, device='cuda:0')
eval samples: 500 loss: tensor(0.5875, device='cuda:0')
eval samples: 600 loss: tensor(1.2349, device='cuda:0')
eval samples: 700 loss: tensor(0.6350, device='cuda:0')
eval samples: 800 loss: tensor(1.2191, device='cuda:0')
eval samples: 900 loss: tensor(1.6664, device='cuda:0')
eval samples: 1000 loss: tensor(0.9527, device='cuda:0')
eval samples: 1100 loss: tensor(1.5308, device='cuda:0')
average loss 1.1935822195437265
----------------------------------------------------------------------------------------------------
| Eval   5 at step    10000 | time: 165.70s | valid loss  1.19 | valid ppl  3.30 | best ppl  3.27 
----------------------------------------------------------------------------------------------------
| epoch   2 step    10100 |   4842 batches | lr 0.0003 | ms/batch 2955.85 | loss  2.26 | avg loss  2.47 | ppl 11.77
| epoch   2 step    10200 |   4942 batches | lr 0.0003 | ms/batch 1207.64 | loss  2.44 | avg loss  2.47 | ppl 11.80
| epoch   2 step    10300 |   5042 batches | lr 0.0003 | ms/batch 1166.95 | loss  2.76 | avg loss  2.46 | ppl 11.66
| epoch   2 step    10400 |   5142 batches | lr 0.0003 | ms/batch 1258.94 | loss  2.61 | avg loss  2.45 | ppl 11.61
| epoch   2 step    10500 |   5242 batches | lr 0.0003 | ms/batch 1287.09 | loss  2.38 | avg loss  2.44 | ppl 11.45
saving checkpoint ./trained_models/GPT2_M/e2e/model.10516.pt
start to train the model................ 3
| epoch   3 step    10600 |     84 batches | lr 0.0003 | ms/batch 951.47 | loss  2.11 | avg loss  2.44 | ppl 11.43
| epoch   3 step    10700 |    184 batches | lr 0.0003 | ms/batch 1284.87 | loss  2.49 | avg loss  2.45 | ppl 11.53
| epoch   3 step    10800 |    284 batches | lr 0.0003 | ms/batch 1312.84 | loss  2.61 | avg loss  2.43 | ppl 11.38
| epoch   3 step    10900 |    384 batches | lr 0.0003 | ms/batch 1303.62 | loss  2.75 | avg loss  2.43 | ppl 11.38
| epoch   3 step    11000 |    484 batches | lr 0.0003 | ms/batch 1333.24 | loss  2.58 | avg loss  2.44 | ppl 11.45
saving checkpoint ./trained_models/GPT2_M/e2e/model.11000.pt
| epoch   3 step    11100 |    584 batches | lr 0.0003 | ms/batch 1480.32 | loss  2.52 | avg loss  2.49 | ppl 12.11
| epoch   3 step    11200 |    684 batches | lr 0.0003 | ms/batch 1303.07 | loss  2.43 | avg loss  2.44 | ppl 11.50
| epoch   3 step    11300 |    784 batches | lr 0.0003 | ms/batch 1216.03 | loss  2.46 | avg loss  2.46 | ppl 11.69
| epoch   3 step    11400 |    884 batches | lr 0.0003 | ms/batch 1144.77 | loss  2.33 | avg loss  2.45 | ppl 11.57
| epoch   3 step    11500 |    984 batches | lr 0.0003 | ms/batch 1329.19 | loss  2.20 | avg loss  2.45 | ppl 11.60
| epoch   3 step    11600 |   1084 batches | lr 0.0003 | ms/batch 1351.22 | loss  2.13 | avg loss  2.42 | ppl 11.19
| epoch   3 step    11700 |   1184 batches | lr 0.0003 | ms/batch 1141.43 | loss  2.29 | avg loss  2.43 | ppl 11.41
| epoch   3 step    11800 |   1284 batches | lr 0.0003 | ms/batch 1312.59 | loss  2.44 | avg loss  2.41 | ppl 11.16
| epoch   3 step    11900 |   1384 batches | lr 0.0003 | ms/batch 1251.59 | loss  2.37 | avg loss  2.43 | ppl 11.32
| epoch   3 step    12000 |   1484 batches | lr 0.0003 | ms/batch 1205.92 | loss  2.48 | avg loss  2.44 | ppl 11.44
saving checkpoint ./trained_models/GPT2_M/e2e/model.12000.pt
eval samples: 0 loss: tensor(1.1873, device='cuda:0')
eval samples: 100 loss: tensor(0.8088, device='cuda:0')
eval samples: 200 loss: tensor(1.2756, device='cuda:0')
eval samples: 300 loss: tensor(1.1022, device='cuda:0')
eval samples: 400 loss: tensor(0.8732, device='cuda:0')
eval samples: 500 loss: tensor(0.5618, device='cuda:0')
eval samples: 600 loss: tensor(1.1886, device='cuda:0')
eval samples: 700 loss: tensor(0.6313, device='cuda:0')
eval samples: 800 loss: tensor(1.1748, device='cuda:0')
eval samples: 900 loss: tensor(1.7047, device='cuda:0')
eval samples: 1000 loss: tensor(0.9180, device='cuda:0')
eval samples: 1100 loss: tensor(1.5429, device='cuda:0')
average loss 1.187900400860873
----------------------------------------------------------------------------------------------------
| Eval   6 at step    12000 | time: 165.70s | valid loss  1.19 | valid ppl  3.28 | best ppl  3.28 
----------------------------------------------------------------------------------------------------
| epoch   3 step    12100 |   1584 batches | lr 0.0003 | ms/batch 3137.39 | loss  2.39 | avg loss  2.45 | ppl 11.63
| epoch   3 step    12200 |   1684 batches | lr 0.0003 | ms/batch 1308.23 | loss  2.33 | avg loss  2.47 | ppl 11.76
| epoch   3 step    12300 |   1784 batches | lr 0.0003 | ms/batch 1292.44 | loss  2.43 | avg loss  2.45 | ppl 11.62
| epoch   3 step    12400 |   1884 batches | lr 0.0003 | ms/batch 1273.37 | loss  2.49 | avg loss  2.42 | ppl 11.25
| epoch   3 step    12500 |   1984 batches | lr 0.0003 | ms/batch 1336.50 | loss  2.69 | avg loss  2.44 | ppl 11.52
| epoch   3 step    12600 |   2084 batches | lr 0.0003 | ms/batch 1216.20 | loss  2.68 | avg loss  2.39 | ppl 10.90
| epoch   3 step    12700 |   2184 batches | lr 0.0003 | ms/batch 1266.89 | loss  2.27 | avg loss  2.44 | ppl 11.44
| epoch   3 step    12800 |   2284 batches | lr 0.0003 | ms/batch 1333.87 | loss  2.56 | avg loss  2.45 | ppl 11.58
| epoch   3 step    12900 |   2384 batches | lr 0.0003 | ms/batch 1197.47 | loss  2.34 | avg loss  2.45 | ppl 11.54
| epoch   3 step    13000 |   2484 batches | lr 0.0003 | ms/batch 1212.25 | loss  2.85 | avg loss  2.47 | ppl 11.82
saving checkpoint ./trained_models/GPT2_M/e2e/model.13000.pt
| epoch   3 step    13100 |   2584 batches | lr 0.0003 | ms/batch 1388.53 | loss  2.28 | avg loss  2.42 | ppl 11.24
| epoch   3 step    13200 |   2684 batches | lr 0.0003 | ms/batch 1244.84 | loss  2.38 | avg loss  2.48 | ppl 11.94
| epoch   3 step    13300 |   2784 batches | lr 0.0003 | ms/batch 1245.41 | loss  2.34 | avg loss  2.42 | ppl 11.24
| epoch   3 step    13400 |   2884 batches | lr 0.0003 | ms/batch 1325.24 | loss  2.57 | avg loss  2.43 | ppl 11.33
| epoch   3 step    13500 |   2984 batches | lr 0.0003 | ms/batch 1340.70 | loss  2.79 | avg loss  2.46 | ppl 11.75
| epoch   3 step    13600 |   3084 batches | lr 0.0003 | ms/batch 1181.58 | loss  2.21 | avg loss  2.45 | ppl 11.58
| epoch   3 step    13700 |   3184 batches | lr 0.0003 | ms/batch 1278.11 | loss  2.61 | avg loss  2.50 | ppl 12.13
| epoch   3 step    13800 |   3284 batches | lr 0.0003 | ms/batch 1236.56 | loss  2.23 | avg loss  2.42 | ppl 11.24
| epoch   3 step    13900 |   3384 batches | lr 0.0003 | ms/batch 1337.03 | loss  2.83 | avg loss  2.47 | ppl 11.79
| epoch   3 step    14000 |   3484 batches | lr 0.0003 | ms/batch 1318.77 | loss  2.56 | avg loss  2.47 | ppl 11.85
saving checkpoint ./trained_models/GPT2_M/e2e/model.14000.pt
eval samples: 0 loss: tensor(1.0643, device='cuda:0')
eval samples: 100 loss: tensor(0.7924, device='cuda:0')
eval samples: 200 loss: tensor(1.2802, device='cuda:0')
eval samples: 300 loss: tensor(1.0665, device='cuda:0')
eval samples: 400 loss: tensor(0.8708, device='cuda:0')
eval samples: 500 loss: tensor(0.5841, device='cuda:0')
eval samples: 600 loss: tensor(1.2074, device='cuda:0')
eval samples: 700 loss: tensor(0.6494, device='cuda:0')
eval samples: 800 loss: tensor(1.1150, device='cuda:0')
eval samples: 900 loss: tensor(1.7503, device='cuda:0')
eval samples: 1000 loss: tensor(0.8955, device='cuda:0')
eval samples: 1100 loss: tensor(1.5412, device='cuda:0')
average loss 1.1765936365070409
----------------------------------------------------------------------------------------------------
| Eval   7 at step    14000 | time: 166.65s | valid loss  1.18 | valid ppl  3.24 | best ppl  3.24 
----------------------------------------------------------------------------------------------------
| epoch   3 step    14100 |   3584 batches | lr 0.0003 | ms/batch 3026.35 | loss  2.53 | avg loss  2.41 | ppl 11.10
| epoch   3 step    14200 |   3684 batches | lr 0.0003 | ms/batch 1326.60 | loss  2.43 | avg loss  2.42 | ppl 11.29
| epoch   3 step    14300 |   3784 batches | lr 0.0003 | ms/batch 1298.62 | loss  2.69 | avg loss  2.43 | ppl 11.32
| epoch   3 step    14400 |   3884 batches | lr 0.0003 | ms/batch 1209.99 | loss  2.16 | avg loss  2.44 | ppl 11.47
| epoch   3 step    14500 |   3984 batches | lr 0.0003 | ms/batch 1185.66 | loss  2.28 | avg loss  2.45 | ppl 11.65
| epoch   3 step    14600 |   4084 batches | lr 0.0003 | ms/batch 1221.55 | loss  2.46 | avg loss  2.46 | ppl 11.74
| epoch   3 step    14700 |   4184 batches | lr 0.0003 | ms/batch 1315.79 | loss  2.39 | avg loss  2.43 | ppl 11.33
| epoch   3 step    14800 |   4284 batches | lr 0.0003 | ms/batch 1285.94 | loss  2.45 | avg loss  2.46 | ppl 11.75
| epoch   3 step    14900 |   4384 batches | lr 0.0003 | ms/batch 1336.71 | loss  2.42 | avg loss  2.44 | ppl 11.46
| epoch   3 step    15000 |   4484 batches | lr 0.0003 | ms/batch 1232.83 | loss  2.76 | avg loss  2.47 | ppl 11.81
saving checkpoint ./trained_models/GPT2_M/e2e/model.15000.pt
| epoch   3 step    15100 |   4584 batches | lr 0.0003 | ms/batch 1406.55 | loss  2.29 | avg loss  2.44 | ppl 11.45
| epoch   3 step    15200 |   4684 batches | lr 0.0003 | ms/batch 1281.31 | loss  2.42 | avg loss  2.44 | ppl 11.44
| epoch   3 step    15300 |   4784 batches | lr 0.0003 | ms/batch 1241.72 | loss  2.38 | avg loss  2.47 | ppl 11.86
| epoch   3 step    15400 |   4884 batches | lr 0.0003 | ms/batch 1295.00 | loss  2.32 | avg loss  2.45 | ppl 11.63
| epoch   3 step    15500 |   4984 batches | lr 0.0003 | ms/batch 1207.38 | loss  2.38 | avg loss  2.45 | ppl 11.59
| epoch   3 step    15600 |   5084 batches | lr 0.0003 | ms/batch 1237.52 | loss  2.52 | avg loss  2.44 | ppl 11.44
| epoch   3 step    15700 |   5184 batches | lr 0.0003 | ms/batch 1269.04 | loss  2.41 | avg loss  2.42 | ppl 11.19
saving checkpoint ./trained_models/GPT2_M/e2e/model.15774.pt
start to train the model................ 4
| epoch   4 step    15800 |     26 batches | lr 0.0003 | ms/batch 209.59 | loss  2.27 | avg loss  2.40 | ppl 11.07
| epoch   4 step    15900 |    126 batches | lr 0.0003 | ms/batch 1220.98 | loss  2.33 | avg loss  2.42 | ppl 11.20
| epoch   4 step    16000 |    226 batches | lr 0.0003 | ms/batch 1232.43 | loss  2.43 | avg loss  2.44 | ppl 11.45
saving checkpoint ./trained_models/GPT2_M/e2e/model.16000.pt
eval samples: 0 loss: tensor(1.1696, device='cuda:0')
eval samples: 100 loss: tensor(0.8178, device='cuda:0')
eval samples: 200 loss: tensor(1.1798, device='cuda:0')
eval samples: 300 loss: tensor(1.0785, device='cuda:0')
eval samples: 400 loss: tensor(0.8343, device='cuda:0')
eval samples: 500 loss: tensor(0.5613, device='cuda:0')
eval samples: 600 loss: tensor(1.2534, device='cuda:0')
eval samples: 700 loss: tensor(0.6159, device='cuda:0')
eval samples: 800 loss: tensor(1.2148, device='cuda:0')
eval samples: 900 loss: tensor(1.7347, device='cuda:0')
eval samples: 1000 loss: tensor(0.9574, device='cuda:0')
eval samples: 1100 loss: tensor(1.5691, device='cuda:0')
average loss 1.190023324822318
----------------------------------------------------------------------------------------------------
| Eval   8 at step    16000 | time: 166.18s | valid loss  1.19 | valid ppl  3.29 | best ppl  3.29 
----------------------------------------------------------------------------------------------------
| epoch   4 step    16100 |    326 batches | lr 0.0003 | ms/batch 2952.20 | loss  2.63 | avg loss  2.41 | ppl 11.10
| epoch   4 step    16200 |    426 batches | lr 0.0003 | ms/batch 1321.26 | loss  2.41 | avg loss  2.42 | ppl 11.28
| epoch   4 step    16300 |    526 batches | lr 0.0003 | ms/batch 1273.37 | loss  2.70 | avg loss  2.41 | ppl 11.13
| epoch   4 step    16400 |    626 batches | lr 0.0003 | ms/batch 1317.74 | loss  2.87 | avg loss  2.42 | ppl 11.26
| epoch   4 step    16500 |    726 batches | lr 0.0003 | ms/batch 1192.01 | loss  2.56 | avg loss  2.45 | ppl 11.54
| epoch   4 step    16600 |    826 batches | lr 0.0003 | ms/batch 1296.99 | loss  2.60 | avg loss  2.42 | ppl 11.28
| epoch   4 step    16700 |    926 batches | lr 0.0003 | ms/batch 1304.18 | loss  2.57 | avg loss  2.43 | ppl 11.36
| epoch   4 step    16800 |   1026 batches | lr 0.0003 | ms/batch 1196.26 | loss  2.42 | avg loss  2.43 | ppl 11.36
| epoch   4 step    16900 |   1126 batches | lr 0.0003 | ms/batch 1249.48 | loss  2.14 | avg loss  2.40 | ppl 11.04
| epoch   4 step    17000 |   1226 batches | lr 0.0003 | ms/batch 1269.32 | loss  2.32 | avg loss  2.41 | ppl 11.11
saving checkpoint ./trained_models/GPT2_M/e2e/model.17000.pt
| epoch   4 step    17100 |   1326 batches | lr 0.0003 | ms/batch 1355.44 | loss  2.61 | avg loss  2.46 | ppl 11.65
| epoch   4 step    17200 |   1426 batches | lr 0.0003 | ms/batch 1290.28 | loss  2.41 | avg loss  2.40 | ppl 11.06
| epoch   4 step    17300 |   1526 batches | lr 0.0003 | ms/batch 1227.09 | loss  2.29 | avg loss  2.44 | ppl 11.47
| epoch   4 step    17400 |   1626 batches | lr 0.0003 | ms/batch 1275.54 | loss  2.22 | avg loss  2.44 | ppl 11.51
| epoch   4 step    17500 |   1726 batches | lr 0.0003 | ms/batch 1293.08 | loss  2.70 | avg loss  2.44 | ppl 11.50
| epoch   4 step    17600 |   1826 batches | lr 0.0003 | ms/batch 1326.26 | loss  2.73 | avg loss  2.45 | ppl 11.57
| epoch   4 step    17700 |   1926 batches | lr 0.0003 | ms/batch 1239.10 | loss  2.36 | avg loss  2.42 | ppl 11.26
| epoch   4 step    17800 |   2026 batches | lr 0.0003 | ms/batch 1234.23 | loss  2.61 | avg loss  2.46 | ppl 11.67
| epoch   4 step    17900 |   2126 batches | lr 0.0003 | ms/batch 1261.71 | loss  2.41 | avg loss  2.42 | ppl 11.27
| epoch   4 step    18000 |   2226 batches | lr 0.0003 | ms/batch 1232.90 | loss  2.95 | avg loss  2.43 | ppl 11.33
saving checkpoint ./trained_models/GPT2_M/e2e/model.18000.pt
eval samples: 0 loss: tensor(1.1273, device='cuda:0')
eval samples: 100 loss: tensor(0.8286, device='cuda:0')
eval samples: 200 loss: tensor(1.2646, device='cuda:0')
eval samples: 300 loss: tensor(1.0352, device='cuda:0')
eval samples: 400 loss: tensor(0.8498, device='cuda:0')
eval samples: 500 loss: tensor(0.6388, device='cuda:0')
eval samples: 600 loss: tensor(1.2714, device='cuda:0')
eval samples: 700 loss: tensor(0.6616, device='cuda:0')
eval samples: 800 loss: tensor(1.1697, device='cuda:0')
eval samples: 900 loss: tensor(1.7681, device='cuda:0')
eval samples: 1000 loss: tensor(0.9478, device='cuda:0')
eval samples: 1100 loss: tensor(1.5766, device='cuda:0')
average loss 1.1969995410117793
----------------------------------------------------------------------------------------------------
| Eval   9 at step    18000 | time: 166.03s | valid loss  1.20 | valid ppl  3.31 | best ppl  3.29 
----------------------------------------------------------------------------------------------------
| epoch   4 step    18100 |   2326 batches | lr 0.0003 | ms/batch 2958.71 | loss  2.57 | avg loss  2.42 | ppl 11.25
| epoch   4 step    18200 |   2426 batches | lr 0.0003 | ms/batch 1315.29 | loss  2.36 | avg loss  2.44 | ppl 11.44
| epoch   4 step    18300 |   2526 batches | lr 0.0003 | ms/batch 1212.17 | loss  2.34 | avg loss  2.44 | ppl 11.46
| epoch   4 step    18400 |   2626 batches | lr 0.0003 | ms/batch 1335.23 | loss  2.59 | avg loss  2.41 | ppl 11.16
| epoch   4 step    18500 |   2726 batches | lr 0.0003 | ms/batch 1240.48 | loss  2.48 | avg loss  2.41 | ppl 11.09
| epoch   4 step    18600 |   2826 batches | lr 0.0003 | ms/batch 1146.41 | loss  2.25 | avg loss  2.45 | ppl 11.59
| epoch   4 step    18700 |   2926 batches | lr 0.0003 | ms/batch 1340.14 | loss  2.21 | avg loss  2.41 | ppl 11.13
| epoch   4 step    18800 |   3026 batches | lr 0.0003 | ms/batch 1298.92 | loss  2.24 | avg loss  2.45 | ppl 11.53
| epoch   4 step    18900 |   3126 batches | lr 0.0003 | ms/batch 1235.66 | loss  2.45 | avg loss  2.43 | ppl 11.38
| epoch   4 step    19000 |   3226 batches | lr 0.0003 | ms/batch 1233.51 | loss  2.70 | avg loss  2.44 | ppl 11.49
saving checkpoint ./trained_models/GPT2_M/e2e/model.19000.pt
| epoch   4 step    19100 |   3326 batches | lr 0.0003 | ms/batch 1432.78 | loss  2.58 | avg loss  2.42 | ppl 11.20
| epoch   4 step    19200 |   3426 batches | lr 0.0003 | ms/batch 1191.58 | loss  2.54 | avg loss  2.41 | ppl 11.08
| epoch   4 step    19300 |   3526 batches | lr 0.0003 | ms/batch 1236.82 | loss  2.50 | avg loss  2.45 | ppl 11.57
| epoch   4 step    19400 |   3626 batches | lr 0.0003 | ms/batch 1295.11 | loss  2.48 | avg loss  2.43 | ppl 11.38
| epoch   4 step    19500 |   3726 batches | lr 0.0003 | ms/batch 1219.13 | loss  2.19 | avg loss  2.43 | ppl 11.34
| epoch   4 step    19600 |   3826 batches | lr 0.0003 | ms/batch 1249.54 | loss  2.67 | avg loss  2.44 | ppl 11.43
| epoch   4 step    19700 |   3926 batches | lr 0.0003 | ms/batch 1356.37 | loss  2.55 | avg loss  2.43 | ppl 11.36
| epoch   4 step    19800 |   4026 batches | lr 0.0003 | ms/batch 1274.69 | loss  2.47 | avg loss  2.44 | ppl 11.44
| epoch   4 step    19900 |   4126 batches | lr 0.0003 | ms/batch 1301.07 | loss  2.27 | avg loss  2.47 | ppl 11.83
| epoch   4 step    20000 |   4226 batches | lr 0.0003 | ms/batch 1275.60 | loss  2.35 | avg loss  2.44 | ppl 11.50
saving checkpoint ./trained_models/GPT2_M/e2e/model.20000.pt
eval samples: 0 loss: tensor(1.2178, device='cuda:0')
eval samples: 100 loss: tensor(0.8978, device='cuda:0')
eval samples: 200 loss: tensor(1.2253, device='cuda:0')
eval samples: 300 loss: tensor(1.0830, device='cuda:0')
eval samples: 400 loss: tensor(0.8421, device='cuda:0')
eval samples: 500 loss: tensor(0.5571, device='cuda:0')
eval samples: 600 loss: tensor(1.2022, device='cuda:0')
eval samples: 700 loss: tensor(0.6668, device='cuda:0')
eval samples: 800 loss: tensor(1.1908, device='cuda:0')
eval samples: 900 loss: tensor(1.7035, device='cuda:0')
eval samples: 1000 loss: tensor(0.9293, device='cuda:0')
eval samples: 1100 loss: tensor(1.4667, device='cuda:0')
average loss 1.18953585055695
----------------------------------------------------------------------------------------------------
| Eval  10 at step    20000 | time: 166.24s | valid loss  1.19 | valid ppl  3.29 | best ppl  3.29 
----------------------------------------------------------------------------------------------------
| epoch   4 step    20100 |   4326 batches | lr 0.0003 | ms/batch 2910.35 | loss  2.30 | avg loss  2.42 | ppl 11.24
| epoch   4 step    20200 |   4426 batches | lr 0.0003 | ms/batch 1291.87 | loss  2.45 | avg loss  2.44 | ppl 11.44
| epoch   4 step    20300 |   4526 batches | lr 0.0003 | ms/batch 1238.65 | loss  2.47 | avg loss  2.46 | ppl 11.66
| epoch   4 step    20400 |   4626 batches | lr 0.0003 | ms/batch 1299.98 | loss  2.41 | avg loss  2.43 | ppl 11.36
| epoch   4 step    20500 |   4726 batches | lr 0.0003 | ms/batch 1280.30 | loss  2.64 | avg loss  2.42 | ppl 11.20
| epoch   4 step    20600 |   4826 batches | lr 0.0003 | ms/batch 1247.65 | loss  2.59 | avg loss  2.46 | ppl 11.69
| epoch   4 step    20700 |   4926 batches | lr 0.0003 | ms/batch 1197.91 | loss  2.53 | avg loss  2.43 | ppl 11.32
| epoch   4 step    20800 |   5026 batches | lr 0.0003 | ms/batch 1327.20 | loss  2.23 | avg loss  2.45 | ppl 11.61
| epoch   4 step    20900 |   5126 batches | lr 0.0003 | ms/batch 1352.15 | loss  2.39 | avg loss  2.42 | ppl 11.25
| epoch   4 step    21000 |   5226 batches | lr 0.0003 | ms/batch 1293.87 | loss  2.26 | avg loss  2.43 | ppl 11.31
saving checkpoint ./trained_models/GPT2_M/e2e/model.21000.pt
saving checkpoint ./trained_models/GPT2_M/e2e/model.21032.pt
start to train the model................ 5
| epoch   5 step    21100 |     68 batches | lr 0.0003 | ms/batch 737.67 | loss  2.61 | avg loss  2.44 | ppl 11.44
| epoch   5 step    21200 |    168 batches | lr 0.0003 | ms/batch 1241.97 | loss  2.52 | avg loss  2.37 | ppl 10.73
| epoch   5 step    21300 |    268 batches | lr 0.0003 | ms/batch 1234.76 | loss  2.19 | avg loss  2.43 | ppl 11.31
| epoch   5 step    21400 |    368 batches | lr 0.0003 | ms/batch 1247.87 | loss  2.51 | avg loss  2.42 | ppl 11.21
| epoch   5 step    21500 |    468 batches | lr 0.0003 | ms/batch 1342.02 | loss  2.62 | avg loss  2.43 | ppl 11.33
| epoch   5 step    21600 |    568 batches | lr 0.0003 | ms/batch 1225.87 | loss  2.69 | avg loss  2.39 | ppl 10.91
| epoch   5 step    21700 |    668 batches | lr 0.0003 | ms/batch 1261.24 | loss  2.74 | avg loss  2.42 | ppl 11.26
| epoch   5 step    21800 |    768 batches | lr 0.0003 | ms/batch 1331.07 | loss  2.34 | avg loss  2.43 | ppl 11.39
| epoch   5 step    21900 |    868 batches | lr 0.0003 | ms/batch 1239.57 | loss  2.68 | avg loss  2.42 | ppl 11.19
| epoch   5 step    22000 |    968 batches | lr 0.0003 | ms/batch 1290.51 | loss  2.30 | avg loss  2.36 | ppl 10.64
saving checkpoint ./trained_models/GPT2_M/e2e/model.22000.pt
eval samples: 0 loss: tensor(1.1525, device='cuda:0')
eval samples: 100 loss: tensor(0.8556, device='cuda:0')
eval samples: 200 loss: tensor(1.2839, device='cuda:0')
eval samples: 300 loss: tensor(1.1017, device='cuda:0')
eval samples: 400 loss: tensor(0.7870, device='cuda:0')
eval samples: 500 loss: tensor(0.6135, device='cuda:0')
eval samples: 600 loss: tensor(1.1905, device='cuda:0')
eval samples: 700 loss: tensor(0.7004, device='cuda:0')
eval samples: 800 loss: tensor(1.1689, device='cuda:0')
eval samples: 900 loss: tensor(1.7575, device='cuda:0')
eval samples: 1000 loss: tensor(0.9377, device='cuda:0')
eval samples: 1100 loss: tensor(1.6067, device='cuda:0')
average loss 1.1835036385447195
----------------------------------------------------------------------------------------------------
| Eval  11 at step    22000 | time: 165.75s | valid loss  1.18 | valid ppl  3.27 | best ppl  3.27 
----------------------------------------------------------------------------------------------------
| epoch   5 step    22100 |   1068 batches | lr 0.0003 | ms/batch 3002.55 | loss  2.57 | avg loss  2.40 | ppl 11.02
| epoch   5 step    22200 |   1168 batches | lr 0.0003 | ms/batch 1317.73 | loss  2.82 | avg loss  2.42 | ppl 11.28
| epoch   5 step    22300 |   1268 batches | lr 0.0003 | ms/batch 1222.60 | loss  2.30 | avg loss  2.43 | ppl 11.38
| epoch   5 step    22400 |   1368 batches | lr 0.0003 | ms/batch 1324.11 | loss  2.23 | avg loss  2.38 | ppl 10.80
| epoch   5 step    22500 |   1468 batches | lr 0.0003 | ms/batch 1247.27 | loss  2.57 | avg loss  2.42 | ppl 11.29
| epoch   5 step    22600 |   1568 batches | lr 0.0003 | ms/batch 1304.20 | loss  2.67 | avg loss  2.43 | ppl 11.32
| epoch   5 step    22700 |   1668 batches | lr 0.0003 | ms/batch 1195.63 | loss  2.31 | avg loss  2.42 | ppl 11.22
| epoch   5 step    22800 |   1768 batches | lr 0.0003 | ms/batch 1241.89 | loss  2.32 | avg loss  2.43 | ppl 11.30
| epoch   5 step    22900 |   1868 batches | lr 0.0003 | ms/batch 1322.59 | loss  2.71 | avg loss  2.46 | ppl 11.67
| epoch   5 step    23000 |   1968 batches | lr 0.0003 | ms/batch 1175.48 | loss  2.32 | avg loss  2.41 | ppl 11.16
saving checkpoint ./trained_models/GPT2_M/e2e/model.23000.pt
| epoch   5 step    23100 |   2068 batches | lr 0.0003 | ms/batch 1457.20 | loss  2.53 | avg loss  2.45 | ppl 11.54
| epoch   5 step    23200 |   2168 batches | lr 0.0003 | ms/batch 1147.83 | loss  2.58 | avg loss  2.41 | ppl 11.11
| epoch   5 step    23300 |   2268 batches | lr 0.0003 | ms/batch 1210.78 | loss  2.27 | avg loss  2.40 | ppl 10.98
| epoch   5 step    23400 |   2368 batches | lr 0.0003 | ms/batch 1345.31 | loss  2.36 | avg loss  2.42 | ppl 11.24
| epoch   5 step    23500 |   2468 batches | lr 0.0003 | ms/batch 1194.59 | loss  2.25 | avg loss  2.40 | ppl 10.99
| epoch   5 step    23600 |   2568 batches | lr 0.0003 | ms/batch 1278.01 | loss  2.15 | avg loss  2.41 | ppl 11.17
| epoch   5 step    23700 |   2668 batches | lr 0.0003 | ms/batch 1274.57 | loss  2.31 | avg loss  2.39 | ppl 10.93
| epoch   5 step    23800 |   2768 batches | lr 0.0003 | ms/batch 1362.28 | loss  2.44 | avg loss  2.43 | ppl 11.31
| epoch   5 step    23900 |   2868 batches | lr 0.0003 | ms/batch 1255.76 | loss  2.45 | avg loss  2.41 | ppl 11.08
| epoch   5 step    24000 |   2968 batches | lr 0.0003 | ms/batch 1292.61 | loss  2.32 | avg loss  2.43 | ppl 11.36
saving checkpoint ./trained_models/GPT2_M/e2e/model.24000.pt
eval samples: 0 loss: tensor(1.0811, device='cuda:0')
eval samples: 100 loss: tensor(0.8468, device='cuda:0')
eval samples: 200 loss: tensor(1.2435, device='cuda:0')
eval samples: 300 loss: tensor(1.0654, device='cuda:0')
eval samples: 400 loss: tensor(0.7933, device='cuda:0')
eval samples: 500 loss: tensor(0.5887, device='cuda:0')
eval samples: 600 loss: tensor(1.2098, device='cuda:0')
eval samples: 700 loss: tensor(0.6381, device='cuda:0')
eval samples: 800 loss: tensor(1.2046, device='cuda:0')
eval samples: 900 loss: tensor(1.6988, device='cuda:0')
eval samples: 1000 loss: tensor(0.9259, device='cuda:0')
eval samples: 1100 loss: tensor(1.5442, device='cuda:0')
average loss 1.1918506064286378
----------------------------------------------------------------------------------------------------
| Eval  12 at step    24000 | time: 166.09s | valid loss  1.19 | valid ppl  3.29 | best ppl  3.27 
----------------------------------------------------------------------------------------------------
| epoch   5 step    24100 |   3068 batches | lr 0.0003 | ms/batch 3023.13 | loss  2.53 | avg loss  2.45 | ppl 11.59
| epoch   5 step    24200 |   3168 batches | lr 0.0003 | ms/batch 1280.52 | loss  2.66 | avg loss  2.38 | ppl 10.84
| epoch   5 step    24300 |   3268 batches | lr 0.0003 | ms/batch 1180.29 | loss  2.54 | avg loss  2.44 | ppl 11.43
| epoch   5 step    24400 |   3368 batches | lr 0.0003 | ms/batch 1271.03 | loss  2.54 | avg loss  2.42 | ppl 11.22
| epoch   5 step    24500 |   3468 batches | lr 0.0003 | ms/batch 1166.44 | loss  2.30 | avg loss  2.42 | ppl 11.29
| epoch   5 step    24600 |   3568 batches | lr 0.0003 | ms/batch 1320.65 | loss  2.48 | avg loss  2.41 | ppl 11.19
| epoch   5 step    24700 |   3668 batches | lr 0.0003 | ms/batch 1275.01 | loss  2.68 | avg loss  2.46 | ppl 11.65
| epoch   5 step    24800 |   3768 batches | lr 0.0003 | ms/batch 1241.16 | loss  2.76 | avg loss  2.42 | ppl 11.19
| epoch   5 step    24900 |   3868 batches | lr 0.0003 | ms/batch 1161.42 | loss  2.26 | avg loss  2.42 | ppl 11.27
| epoch   5 step    25000 |   3968 batches | lr 0.0003 | ms/batch 1238.37 | loss  2.31 | avg loss  2.43 | ppl 11.35
saving checkpoint ./trained_models/GPT2_M/e2e/model.25000.pt
| epoch   5 step    25100 |   4068 batches | lr 0.0003 | ms/batch 1268.47 | loss  2.58 | avg loss  2.41 | ppl 11.10
| epoch   5 step    25200 |   4168 batches | lr 0.0003 | ms/batch 1300.39 | loss  2.26 | avg loss  2.44 | ppl 11.43
| epoch   5 step    25300 |   4268 batches | lr 0.0003 | ms/batch 1338.73 | loss  2.35 | avg loss  2.40 | ppl 11.04
| epoch   5 step    25400 |   4368 batches | lr 0.0003 | ms/batch 1168.30 | loss  2.70 | avg loss  2.40 | ppl 10.97
| epoch   5 step    25500 |   4468 batches | lr 0.0003 | ms/batch 1204.45 | loss  2.44 | avg loss  2.42 | ppl 11.26
| epoch   5 step    25600 |   4568 batches | lr 0.0003 | ms/batch 1282.35 | loss  2.64 | avg loss  2.42 | ppl 11.28
| epoch   5 step    25700 |   4668 batches | lr 0.0003 | ms/batch 1321.68 | loss  2.64 | avg loss  2.47 | ppl 11.85
| epoch   5 step    25800 |   4768 batches | lr 0.0003 | ms/batch 1211.19 | loss  2.48 | avg loss  2.45 | ppl 11.55
| epoch   5 step    25900 |   4868 batches | lr 0.0003 | ms/batch 1328.14 | loss  2.28 | avg loss  2.41 | ppl 11.18
| epoch   5 step    26000 |   4968 batches | lr 0.0003 | ms/batch 1304.46 | loss  2.37 | avg loss  2.44 | ppl 11.51
saving checkpoint ./trained_models/GPT2_M/e2e/model.26000.pt
eval samples: 0 loss: tensor(1.1465, device='cuda:0')
eval samples: 100 loss: tensor(0.8404, device='cuda:0')
eval samples: 200 loss: tensor(1.2905, device='cuda:0')
eval samples: 300 loss: tensor(1.0634, device='cuda:0')
eval samples: 400 loss: tensor(0.8229, device='cuda:0')
eval samples: 500 loss: tensor(0.5877, device='cuda:0')
eval samples: 600 loss: tensor(1.2075, device='cuda:0')
eval samples: 700 loss: tensor(0.6463, device='cuda:0')
eval samples: 800 loss: tensor(1.1926, device='cuda:0')
eval samples: 900 loss: tensor(1.7014, device='cuda:0')
eval samples: 1000 loss: tensor(0.9073, device='cuda:0')
eval samples: 1100 loss: tensor(1.5402, device='cuda:0')
average loss 1.1851768454868499
----------------------------------------------------------------------------------------------------
| Eval  13 at step    26000 | time: 165.81s | valid loss  1.19 | valid ppl  3.27 | best ppl  3.27 
----------------------------------------------------------------------------------------------------
| epoch   5 step    26100 |   5068 batches | lr 0.0003 | ms/batch 2906.21 | loss  2.43 | avg loss  2.42 | ppl 11.26
| epoch   5 step    26200 |   5168 batches | lr 0.0003 | ms/batch 1263.22 | loss  2.56 | avg loss  2.41 | ppl 11.11
saving checkpoint ./trained_models/GPT2_M/e2e/model.26290.pt
----------------------------------------------------------------------------------------------------
End of training
cleanup dist ...
[rank0]:[W628 10:24:07.742143773 ProcessGroupNCCL.cpp:1479] Warning: WARNING: destroy_process_group() was not called before program exit, which can leak resources. For more info, please see https://pytorch.org/docs/stable/distributed.html#shutdown (function operator())
