nohup: ignoring input
myrank: 0 local_rank: 0 device_count: 1 world_size: 1
====================================================================================================
        - platform : local
        - local_rank : 0
        - rank : 0
        - device : cuda:0
        - world_size : 1
        - random_seed : 110
        - lr : 0.0004
        - weight_decay : 0.01
        - correct_bias : True
        - adam_epislon : 1e-06
        - no_decay_bias : False
        - adam_beta1 : 0.9
        - adam_beta2 : 0.999
        - scheduler : None
        - max_step : None
        - max_epoch : 5
        - warmup_step : 500
        - i_steps : 0
        - i_lrs : 0.00025
        - galore_rank : 4
        - update_proj_gap : 50
        - galore_scale : 1.0
        - proj_type : std
        - train_data : ./data/e2e/train.jsonl
        - valid_data : ./data/e2e/valid.jsonl
        - train_batch_size : 8
        - valid_batch_size : 4
        - grad_acc : 1
        - clip : 0.0
        - seq_len : 512
        - model_card : gpt2.md
        - init_checkpoint : ./pretrained_checkpoints/gpt2-medium-pytorch_model.bin
        - fp16 : False
        - log_interval : 100
        - eval_interval : 2000
        - save_interval : 1000
        - work_dir : ./trained_models/GPT2_M/e2e
        - lora_dim : 0
        - lora_alpha : 32
        - obj : clm
        - lora_dropout : 0.1
        - label_smooth : 0.1
        - roll_interval : -1
        - roll_lr : 1e-05
        - roll_step : 100
        - eval_epoch : 1
        - dist : <module 'torch.distributed' from '/home/ycyh/miniconda3/envs/LoRA/lib/python3.11/site-packages/torch/distributed/__init__.py'>
====================================================================================================
Experiment dir : ./trained_models/GPT2_M/e2e
loading model pretrained weight.
MoFaSGD 2D parameter count: 354.50M
Skipped 1D parameter count : 0.32M
set max_step: 26290
start to train the model................ 1
| epoch   1 step      100 |    100 batches | lr 0.0004 | ms/batch 1223.55 | loss  3.26 | avg loss  3.03 | ppl 20.73
| epoch   1 step      200 |    200 batches | lr 0.0004 | ms/batch 1234.98 | loss  2.75 | avg loss  2.76 | ppl 15.84
| epoch   1 step      300 |    300 batches | lr 0.0004 | ms/batch 1288.90 | loss  2.73 | avg loss  2.70 | ppl 14.93
| epoch   1 step      400 |    400 batches | lr 0.0004 | ms/batch 1289.76 | loss  2.78 | avg loss  2.69 | ppl 14.78
| epoch   1 step      500 |    500 batches | lr 0.0004 | ms/batch 1248.32 | loss  2.55 | avg loss  2.64 | ppl 13.96
| epoch   1 step      600 |    600 batches | lr 0.0004 | ms/batch 1301.08 | loss  2.52 | avg loss  2.61 | ppl 13.54
| epoch   1 step      700 |    700 batches | lr 0.0004 | ms/batch 1236.65 | loss  2.73 | avg loss  2.59 | ppl 13.33
| epoch   1 step      800 |    800 batches | lr 0.0004 | ms/batch 1216.63 | loss  2.33 | avg loss  2.58 | ppl 13.14
| epoch   1 step      900 |    900 batches | lr 0.0004 | ms/batch 1282.28 | loss  2.33 | avg loss  2.57 | ppl 13.06
| epoch   1 step     1000 |   1000 batches | lr 0.0004 | ms/batch 1152.76 | loss  3.01 | avg loss  2.59 | ppl 13.30
saving checkpoint ./trained_models/GPT2_M/e2e/model.1000.pt
/home/ycyh/miniconda3/envs/LoRA/lib/python3.11/site-packages/torch/distributed/distributed_c10d.py:4631: UserWarning: No device id is provided via `init_process_group` or `barrier `. Using the current device set by the user. 
  warnings.warn(  # warn only once
| epoch   1 step     1100 |   1100 batches | lr 0.0004 | ms/batch 1337.56 | loss  2.66 | avg loss  2.60 | ppl 13.44
| epoch   1 step     1200 |   1200 batches | lr 0.0004 | ms/batch 1168.05 | loss  2.42 | avg loss  2.59 | ppl 13.37
| epoch   1 step     1300 |   1300 batches | lr 0.0004 | ms/batch 1290.08 | loss  2.47 | avg loss  2.57 | ppl 13.01
| epoch   1 step     1400 |   1400 batches | lr 0.0004 | ms/batch 1241.32 | loss  2.54 | avg loss  2.56 | ppl 12.93
| epoch   1 step     1500 |   1500 batches | lr 0.0004 | ms/batch 1253.69 | loss  2.53 | avg loss  2.58 | ppl 13.17
| epoch   1 step     1600 |   1600 batches | lr 0.0004 | ms/batch 1242.17 | loss  2.57 | avg loss  2.54 | ppl 12.68
| epoch   1 step     1700 |   1700 batches | lr 0.0004 | ms/batch 1337.37 | loss  2.39 | avg loss  2.55 | ppl 12.81
| epoch   1 step     1800 |   1800 batches | lr 0.0004 | ms/batch 1317.73 | loss  2.42 | avg loss  2.55 | ppl 12.81
| epoch   1 step     1900 |   1900 batches | lr 0.0004 | ms/batch 1257.89 | loss  2.55 | avg loss  2.55 | ppl 12.83
| epoch   1 step     2000 |   2000 batches | lr 0.0004 | ms/batch 1313.45 | loss  2.46 | avg loss  2.54 | ppl 12.72
saving checkpoint ./trained_models/GPT2_M/e2e/model.2000.pt
/home/ycyh/miniconda3/envs/LoRA/lib/python3.11/site-packages/torch/nn/_reduction.py:51: UserWarning: size_average and reduce args will be deprecated, please use reduction='none' instead.
  warnings.warn(warning.format(ret))
eval samples: 0 loss: tensor(1.2586, device='cuda:0')
eval samples: 100 loss: tensor(0.8965, device='cuda:0')
eval samples: 200 loss: tensor(1.2986, device='cuda:0')
eval samples: 300 loss: tensor(1.1315, device='cuda:0')
eval samples: 400 loss: tensor(0.8884, device='cuda:0')
eval samples: 500 loss: tensor(0.6860, device='cuda:0')
eval samples: 600 loss: tensor(1.2915, device='cuda:0')
eval samples: 700 loss: tensor(0.7796, device='cuda:0')
eval samples: 800 loss: tensor(1.1901, device='cuda:0')
eval samples: 900 loss: tensor(1.6842, device='cuda:0')
eval samples: 1000 loss: tensor(1.0305, device='cuda:0')
eval samples: 1100 loss: tensor(1.5126, device='cuda:0')
average loss 1.2442787728999576
----------------------------------------------------------------------------------------------------
| Eval   1 at step     2000 | time: 168.05s | valid loss  1.24 | valid ppl  3.47 | best ppl  3.47 
----------------------------------------------------------------------------------------------------
| epoch   1 step     2100 |   2100 batches | lr 0.0004 | ms/batch 3070.46 | loss  2.55 | avg loss  2.54 | ppl 12.67
| epoch   1 step     2200 |   2200 batches | lr 0.0004 | ms/batch 1239.36 | loss  2.81 | avg loss  2.53 | ppl 12.57
| epoch   1 step     2300 |   2300 batches | lr 0.0004 | ms/batch 1249.77 | loss  2.49 | avg loss  2.52 | ppl 12.49
| epoch   1 step     2400 |   2400 batches | lr 0.0004 | ms/batch 1150.41 | loss  2.32 | avg loss  2.53 | ppl 12.54
| epoch   1 step     2500 |   2500 batches | lr 0.0004 | ms/batch 1199.00 | loss  2.74 | avg loss  2.55 | ppl 12.83
| epoch   1 step     2600 |   2600 batches | lr 0.0004 | ms/batch 1333.54 | loss  2.70 | avg loss  2.54 | ppl 12.66
| epoch   1 step     2700 |   2700 batches | lr 0.0004 | ms/batch 1237.72 | loss  2.63 | avg loss  2.53 | ppl 12.50
| epoch   1 step     2800 |   2800 batches | lr 0.0004 | ms/batch 1318.91 | loss  2.21 | avg loss  2.56 | ppl 12.99
| epoch   1 step     2900 |   2900 batches | lr 0.0004 | ms/batch 1323.38 | loss  2.75 | avg loss  2.54 | ppl 12.72
| epoch   1 step     3000 |   3000 batches | lr 0.0004 | ms/batch 1246.33 | loss  2.55 | avg loss  2.51 | ppl 12.30
saving checkpoint ./trained_models/GPT2_M/e2e/model.3000.pt
| epoch   1 step     3100 |   3100 batches | lr 0.0004 | ms/batch 1392.81 | loss  2.73 | avg loss  2.51 | ppl 12.34
| epoch   1 step     3200 |   3200 batches | lr 0.0004 | ms/batch 1246.04 | loss  2.61 | avg loss  2.54 | ppl 12.73
| epoch   1 step     3300 |   3300 batches | lr 0.0004 | ms/batch 1233.63 | loss  2.87 | avg loss  2.50 | ppl 12.24
| epoch   1 step     3400 |   3400 batches | lr 0.0004 | ms/batch 1325.79 | loss  2.48 | avg loss  2.51 | ppl 12.29
| epoch   1 step     3500 |   3500 batches | lr 0.0004 | ms/batch 1245.88 | loss  2.22 | avg loss  2.54 | ppl 12.72
| epoch   1 step     3600 |   3600 batches | lr 0.0004 | ms/batch 1308.55 | loss  2.45 | avg loss  2.54 | ppl 12.71
| epoch   1 step     3700 |   3700 batches | lr 0.0004 | ms/batch 1329.80 | loss  2.51 | avg loss  2.51 | ppl 12.25
| epoch   1 step     3800 |   3800 batches | lr 0.0004 | ms/batch 1267.34 | loss  2.50 | avg loss  2.47 | ppl 11.85
| epoch   1 step     3900 |   3900 batches | lr 0.0004 | ms/batch 1244.30 | loss  2.17 | avg loss  2.54 | ppl 12.74
| epoch   1 step     4000 |   4000 batches | lr 0.0004 | ms/batch 1175.97 | loss  2.56 | avg loss  2.55 | ppl 12.76
saving checkpoint ./trained_models/GPT2_M/e2e/model.4000.pt
eval samples: 0 loss: tensor(1.1987, device='cuda:0')
eval samples: 100 loss: tensor(0.8067, device='cuda:0')
eval samples: 200 loss: tensor(1.2857, device='cuda:0')
eval samples: 300 loss: tensor(1.1066, device='cuda:0')
eval samples: 400 loss: tensor(0.8885, device='cuda:0')
eval samples: 500 loss: tensor(0.5728, device='cuda:0')
eval samples: 600 loss: tensor(1.2338, device='cuda:0')
eval samples: 700 loss: tensor(0.6773, device='cuda:0')
eval samples: 800 loss: tensor(1.1268, device='cuda:0')
eval samples: 900 loss: tensor(1.6617, device='cuda:0')
eval samples: 1000 loss: tensor(0.9158, device='cuda:0')
eval samples: 1100 loss: tensor(1.4995, device='cuda:0')
average loss 1.196131394844349
----------------------------------------------------------------------------------------------------
| Eval   2 at step     4000 | time: 167.67s | valid loss  1.20 | valid ppl  3.31 | best ppl  3.31 
----------------------------------------------------------------------------------------------------
| epoch   1 step     4100 |   4100 batches | lr 0.0004 | ms/batch 3081.92 | loss  2.64 | avg loss  2.50 | ppl 12.21
| epoch   1 step     4200 |   4200 batches | lr 0.0004 | ms/batch 1279.46 | loss  2.53 | avg loss  2.51 | ppl 12.35
| epoch   1 step     4300 |   4300 batches | lr 0.0004 | ms/batch 1317.00 | loss  2.33 | avg loss  2.46 | ppl 11.73
| epoch   1 step     4400 |   4400 batches | lr 0.0004 | ms/batch 1349.97 | loss  2.61 | avg loss  2.49 | ppl 12.10
| epoch   1 step     4500 |   4500 batches | lr 0.0004 | ms/batch 1360.58 | loss  2.65 | avg loss  2.52 | ppl 12.46
| epoch   1 step     4600 |   4600 batches | lr 0.0004 | ms/batch 1140.73 | loss  2.48 | avg loss  2.53 | ppl 12.50
| epoch   1 step     4700 |   4700 batches | lr 0.0004 | ms/batch 1338.97 | loss  2.28 | avg loss  2.51 | ppl 12.34
| epoch   1 step     4800 |   4800 batches | lr 0.0004 | ms/batch 1190.59 | loss  2.67 | avg loss  2.48 | ppl 11.96
| epoch   1 step     4900 |   4900 batches | lr 0.0004 | ms/batch 1348.15 | loss  2.57 | avg loss  2.50 | ppl 12.16
| epoch   1 step     5000 |   5000 batches | lr 0.0004 | ms/batch 1303.95 | loss  2.21 | avg loss  2.48 | ppl 11.90
saving checkpoint ./trained_models/GPT2_M/e2e/model.5000.pt
| epoch   1 step     5100 |   5100 batches | lr 0.0004 | ms/batch 1340.58 | loss  2.59 | avg loss  2.51 | ppl 12.33
| epoch   1 step     5200 |   5200 batches | lr 0.0004 | ms/batch 1339.31 | loss  2.73 | avg loss  2.51 | ppl 12.28
saving checkpoint ./trained_models/GPT2_M/e2e/model.5258.pt
start to train the model................ 2
| epoch   2 step     5300 |     42 batches | lr 0.0004 | ms/batch 342.39 | loss  2.36 | avg loss  2.43 | ppl 11.40
| epoch   2 step     5400 |    142 batches | lr 0.0004 | ms/batch 1299.77 | loss  2.44 | avg loss  2.49 | ppl 12.06
| epoch   2 step     5500 |    242 batches | lr 0.0004 | ms/batch 1260.90 | loss  2.48 | avg loss  2.48 | ppl 11.91
| epoch   2 step     5600 |    342 batches | lr 0.0004 | ms/batch 1264.42 | loss  2.16 | avg loss  2.50 | ppl 12.16
| epoch   2 step     5700 |    442 batches | lr 0.0004 | ms/batch 1235.87 | loss  2.41 | avg loss  2.48 | ppl 11.97
| epoch   2 step     5800 |    542 batches | lr 0.0004 | ms/batch 1395.24 | loss  2.44 | avg loss  2.46 | ppl 11.70
| epoch   2 step     5900 |    642 batches | lr 0.0004 | ms/batch 1221.90 | loss  2.59 | avg loss  2.49 | ppl 12.10
| epoch   2 step     6000 |    742 batches | lr 0.0004 | ms/batch 1258.76 | loss  2.22 | avg loss  2.46 | ppl 11.65
saving checkpoint ./trained_models/GPT2_M/e2e/model.6000.pt
eval samples: 0 loss: tensor(1.1798, device='cuda:0')
eval samples: 100 loss: tensor(0.9035, device='cuda:0')
eval samples: 200 loss: tensor(1.2333, device='cuda:0')
eval samples: 300 loss: tensor(1.1313, device='cuda:0')
eval samples: 400 loss: tensor(0.8830, device='cuda:0')
eval samples: 500 loss: tensor(0.6034, device='cuda:0')
eval samples: 600 loss: tensor(1.3307, device='cuda:0')
eval samples: 700 loss: tensor(0.7459, device='cuda:0')
eval samples: 800 loss: tensor(1.1910, device='cuda:0')
eval samples: 900 loss: tensor(1.7200, device='cuda:0')
eval samples: 1000 loss: tensor(0.9572, device='cuda:0')
eval samples: 1100 loss: tensor(1.5033, device='cuda:0')
average loss 1.2251409944912341
----------------------------------------------------------------------------------------------------
| Eval   3 at step     6000 | time: 168.09s | valid loss  1.23 | valid ppl  3.40 | best ppl  3.40 
----------------------------------------------------------------------------------------------------
| epoch   2 step     6100 |    842 batches | lr 0.0004 | ms/batch 2958.60 | loss  2.27 | avg loss  2.48 | ppl 11.99
| epoch   2 step     6200 |    942 batches | lr 0.0004 | ms/batch 1275.02 | loss  2.32 | avg loss  2.48 | ppl 11.98
| epoch   2 step     6300 |   1042 batches | lr 0.0004 | ms/batch 1336.35 | loss  2.66 | avg loss  2.49 | ppl 12.05
| epoch   2 step     6400 |   1142 batches | lr 0.0004 | ms/batch 1235.18 | loss  2.26 | avg loss  2.48 | ppl 11.95
| epoch   2 step     6500 |   1242 batches | lr 0.0004 | ms/batch 1260.21 | loss  2.35 | avg loss  2.51 | ppl 12.27
| epoch   2 step     6600 |   1342 batches | lr 0.0004 | ms/batch 2210.68 | loss  2.77 | avg loss  2.48 | ppl 11.92
| epoch   2 step     6700 |   1442 batches | lr 0.0004 | ms/batch 2611.75 | loss  2.45 | avg loss  2.49 | ppl 12.06
| epoch   2 step     6800 |   1542 batches | lr 0.0004 | ms/batch 2734.39 | loss  2.41 | avg loss  2.50 | ppl 12.18
| epoch   2 step     6900 |   1642 batches | lr 0.0004 | ms/batch 2786.08 | loss  2.37 | avg loss  2.44 | ppl 11.42
| epoch   2 step     7000 |   1742 batches | lr 0.0004 | ms/batch 2739.57 | loss  2.59 | avg loss  2.50 | ppl 12.13
saving checkpoint ./trained_models/GPT2_M/e2e/model.7000.pt
| epoch   2 step     7100 |   1842 batches | lr 0.0004 | ms/batch 2889.07 | loss  2.64 | avg loss  2.48 | ppl 11.92
| epoch   2 step     7200 |   1942 batches | lr 0.0004 | ms/batch 2525.71 | loss  2.56 | avg loss  2.48 | ppl 11.98
| epoch   2 step     7300 |   2042 batches | lr 0.0004 | ms/batch 2768.44 | loss  2.36 | avg loss  2.46 | ppl 11.69
| epoch   2 step     7400 |   2142 batches | lr 0.0004 | ms/batch 2948.68 | loss  2.81 | avg loss  2.45 | ppl 11.59
| epoch   2 step     7500 |   2242 batches | lr 0.0004 | ms/batch 2868.39 | loss  2.67 | avg loss  2.50 | ppl 12.24
| epoch   2 step     7600 |   2342 batches | lr 0.0004 | ms/batch 2880.40 | loss  2.26 | avg loss  2.47 | ppl 11.81
| epoch   2 step     7700 |   2442 batches | lr 0.0004 | ms/batch 2812.24 | loss  2.78 | avg loss  2.46 | ppl 11.71
| epoch   2 step     7800 |   2542 batches | lr 0.0004 | ms/batch 2616.67 | loss  2.55 | avg loss  2.45 | ppl 11.56
| epoch   2 step     7900 |   2642 batches | lr 0.0004 | ms/batch 2790.17 | loss  2.77 | avg loss  2.50 | ppl 12.13
| epoch   2 step     8000 |   2742 batches | lr 0.0004 | ms/batch 2762.00 | loss  2.52 | avg loss  2.51 | ppl 12.28
saving checkpoint ./trained_models/GPT2_M/e2e/model.8000.pt
eval samples: 0 loss: tensor(1.2012, device='cuda:0')
eval samples: 100 loss: tensor(0.8858, device='cuda:0')
eval samples: 200 loss: tensor(1.2943, device='cuda:0')
eval samples: 300 loss: tensor(1.1165, device='cuda:0')
eval samples: 400 loss: tensor(0.8550, device='cuda:0')
eval samples: 500 loss: tensor(0.6260, device='cuda:0')
eval samples: 600 loss: tensor(1.2517, device='cuda:0')
eval samples: 700 loss: tensor(0.6916, device='cuda:0')
eval samples: 800 loss: tensor(1.1416, device='cuda:0')
eval samples: 900 loss: tensor(1.7076, device='cuda:0')
eval samples: 1000 loss: tensor(0.9599, device='cuda:0')
eval samples: 1100 loss: tensor(1.5366, device='cuda:0')
average loss 1.2117476850135687
----------------------------------------------------------------------------------------------------
| Eval   4 at step     8000 | time: 357.87s | valid loss  1.21 | valid ppl  3.36 | best ppl  3.36 
----------------------------------------------------------------------------------------------------
| epoch   2 step     8100 |   2842 batches | lr 0.0004 | ms/batch 6667.72 | loss  2.34 | avg loss  2.47 | ppl 11.81
| epoch   2 step     8200 |   2942 batches | lr 0.0004 | ms/batch 2819.22 | loss  2.56 | avg loss  2.52 | ppl 12.43
| epoch   2 step     8300 |   3042 batches | lr 0.0004 | ms/batch 2959.34 | loss  2.37 | avg loss  2.48 | ppl 11.96
| epoch   2 step     8400 |   3142 batches | lr 0.0004 | ms/batch 2712.34 | loss  2.47 | avg loss  2.47 | ppl 11.80
| epoch   2 step     8500 |   3242 batches | lr 0.0004 | ms/batch 2667.48 | loss  2.39 | avg loss  2.48 | ppl 12.00
| epoch   2 step     8600 |   3342 batches | lr 0.0004 | ms/batch 2931.08 | loss  2.34 | avg loss  2.46 | ppl 11.76
| epoch   2 step     8700 |   3442 batches | lr 0.0004 | ms/batch 2870.73 | loss  2.80 | avg loss  2.47 | ppl 11.78
| epoch   2 step     8800 |   3542 batches | lr 0.0004 | ms/batch 2749.30 | loss  2.37 | avg loss  2.47 | ppl 11.80
| epoch   2 step     8900 |   3642 batches | lr 0.0004 | ms/batch 2660.18 | loss  2.58 | avg loss  2.49 | ppl 12.01
| epoch   2 step     9000 |   3742 batches | lr 0.0004 | ms/batch 2652.08 | loss  2.43 | avg loss  2.48 | ppl 11.95
saving checkpoint ./trained_models/GPT2_M/e2e/model.9000.pt
| epoch   2 step     9100 |   3842 batches | lr 0.0004 | ms/batch 3049.04 | loss  2.41 | avg loss  2.48 | ppl 11.92
| epoch   2 step     9200 |   3942 batches | lr 0.0004 | ms/batch 2856.88 | loss  2.62 | avg loss  2.48 | ppl 11.92
| epoch   2 step     9300 |   4042 batches | lr 0.0004 | ms/batch 2819.13 | loss  2.46 | avg loss  2.49 | ppl 12.05
| epoch   2 step     9400 |   4142 batches | lr 0.0004 | ms/batch 2830.88 | loss  2.48 | avg loss  2.48 | ppl 11.97
| epoch   2 step     9500 |   4242 batches | lr 0.0004 | ms/batch 2744.61 | loss  2.48 | avg loss  2.48 | ppl 11.89
| epoch   2 step     9600 |   4342 batches | lr 0.0004 | ms/batch 2670.34 | loss  2.82 | avg loss  2.48 | ppl 11.98
| epoch   2 step     9700 |   4442 batches | lr 0.0004 | ms/batch 2771.95 | loss  2.19 | avg loss  2.47 | ppl 11.85
| epoch   2 step     9800 |   4542 batches | lr 0.0004 | ms/batch 2749.71 | loss  2.46 | avg loss  2.47 | ppl 11.83
| epoch   2 step     9900 |   4642 batches | lr 0.0004 | ms/batch 2717.84 | loss  2.15 | avg loss  2.46 | ppl 11.72
| epoch   2 step    10000 |   4742 batches | lr 0.0004 | ms/batch 2800.92 | loss  2.51 | avg loss  2.49 | ppl 12.12
saving checkpoint ./trained_models/GPT2_M/e2e/model.10000.pt
eval samples: 0 loss: tensor(1.1314, device='cuda:0')
eval samples: 100 loss: tensor(0.8896, device='cuda:0')
eval samples: 200 loss: tensor(1.2581, device='cuda:0')
eval samples: 300 loss: tensor(1.0634, device='cuda:0')
eval samples: 400 loss: tensor(0.8705, device='cuda:0')
eval samples: 500 loss: tensor(0.6001, device='cuda:0')
eval samples: 600 loss: tensor(1.2647, device='cuda:0')
eval samples: 700 loss: tensor(0.6570, device='cuda:0')
eval samples: 800 loss: tensor(1.2299, device='cuda:0')
eval samples: 900 loss: tensor(1.6946, device='cuda:0')
eval samples: 1000 loss: tensor(0.9674, device='cuda:0')
eval samples: 1100 loss: tensor(1.5684, device='cuda:0')
average loss 1.2114097679620737
----------------------------------------------------------------------------------------------------
| Eval   5 at step    10000 | time: 366.55s | valid loss  1.21 | valid ppl  3.36 | best ppl  3.36 
----------------------------------------------------------------------------------------------------
| epoch   2 step    10100 |   4842 batches | lr 0.0004 | ms/batch 6443.80 | loss  2.27 | avg loss  2.48 | ppl 11.99
| epoch   2 step    10200 |   4942 batches | lr 0.0004 | ms/batch 2716.93 | loss  2.43 | avg loss  2.48 | ppl 11.96
| epoch   2 step    10300 |   5042 batches | lr 0.0004 | ms/batch 2592.19 | loss  2.79 | avg loss  2.47 | ppl 11.78
| epoch   2 step    10400 |   5142 batches | lr 0.0004 | ms/batch 2670.99 | loss  2.66 | avg loss  2.47 | ppl 11.77
| epoch   2 step    10500 |   5242 batches | lr 0.0004 | ms/batch 2865.18 | loss  2.38 | avg loss  2.45 | ppl 11.61
saving checkpoint ./trained_models/GPT2_M/e2e/model.10516.pt
start to train the model................ 3
| epoch   3 step    10600 |     84 batches | lr 0.0004 | ms/batch 2113.48 | loss  2.11 | avg loss  2.45 | ppl 11.59
| epoch   3 step    10700 |    184 batches | lr 0.0004 | ms/batch 2872.28 | loss  2.48 | avg loss  2.45 | ppl 11.63
| epoch   3 step    10800 |    284 batches | lr 0.0004 | ms/batch 2944.22 | loss  2.61 | avg loss  2.45 | ppl 11.53
| epoch   3 step    10900 |    384 batches | lr 0.0004 | ms/batch 2830.39 | loss  2.81 | avg loss  2.45 | ppl 11.55
| epoch   3 step    11000 |    484 batches | lr 0.0004 | ms/batch 3009.57 | loss  2.59 | avg loss  2.45 | ppl 11.61
saving checkpoint ./trained_models/GPT2_M/e2e/model.11000.pt
| epoch   3 step    11100 |    584 batches | lr 0.0004 | ms/batch 3186.62 | loss  2.53 | avg loss  2.51 | ppl 12.30
| epoch   3 step    11200 |    684 batches | lr 0.0004 | ms/batch 2926.15 | loss  2.50 | avg loss  2.45 | ppl 11.63
| epoch   3 step    11300 |    784 batches | lr 0.0004 | ms/batch 2697.48 | loss  2.49 | avg loss  2.47 | ppl 11.86
| epoch   3 step    11400 |    884 batches | lr 0.0004 | ms/batch 2426.29 | loss  2.34 | avg loss  2.46 | ppl 11.73
| epoch   3 step    11500 |    984 batches | lr 0.0004 | ms/batch 2999.48 | loss  2.18 | avg loss  2.47 | ppl 11.78
| epoch   3 step    11600 |   1084 batches | lr 0.0004 | ms/batch 3036.35 | loss  2.15 | avg loss  2.43 | ppl 11.34
| epoch   3 step    11700 |   1184 batches | lr 0.0004 | ms/batch 2532.18 | loss  2.29 | avg loss  2.45 | ppl 11.55
| epoch   3 step    11800 |   1284 batches | lr 0.0004 | ms/batch 2940.19 | loss  2.41 | avg loss  2.43 | ppl 11.34
| epoch   3 step    11900 |   1384 batches | lr 0.0004 | ms/batch 2691.95 | loss  2.37 | avg loss  2.44 | ppl 11.49
| epoch   3 step    12000 |   1484 batches | lr 0.0004 | ms/batch 2703.89 | loss  2.52 | avg loss  2.45 | ppl 11.57
saving checkpoint ./trained_models/GPT2_M/e2e/model.12000.pt
eval samples: 0 loss: tensor(1.1803, device='cuda:0')
eval samples: 100 loss: tensor(0.8926, device='cuda:0')
eval samples: 200 loss: tensor(1.3110, device='cuda:0')
eval samples: 300 loss: tensor(1.1327, device='cuda:0')
eval samples: 400 loss: tensor(0.9254, device='cuda:0')
eval samples: 500 loss: tensor(0.6199, device='cuda:0')
eval samples: 600 loss: tensor(1.2490, device='cuda:0')
eval samples: 700 loss: tensor(0.6900, device='cuda:0')
eval samples: 800 loss: tensor(1.2265, device='cuda:0')
eval samples: 900 loss: tensor(1.6789, device='cuda:0')
eval samples: 1000 loss: tensor(0.9857, device='cuda:0')
eval samples: 1100 loss: tensor(1.5699, device='cuda:0')
average loss 1.2210814409111053
----------------------------------------------------------------------------------------------------
| Eval   6 at step    12000 | time: 368.08s | valid loss  1.22 | valid ppl  3.39 | best ppl  3.39 
----------------------------------------------------------------------------------------------------
| epoch   3 step    12100 |   1584 batches | lr 0.0004 | ms/batch 6847.03 | loss  2.41 | avg loss  2.47 | ppl 11.81
| epoch   3 step    12200 |   1684 batches | lr 0.0004 | ms/batch 2937.69 | loss  2.34 | avg loss  2.48 | ppl 12.00
| epoch   3 step    12300 |   1784 batches | lr 0.0004 | ms/batch 2793.36 | loss  2.43 | avg loss  2.47 | ppl 11.78
| epoch   3 step    12400 |   1884 batches | lr 0.0004 | ms/batch 2839.78 | loss  2.53 | avg loss  2.43 | ppl 11.37
| epoch   3 step    12500 |   1984 batches | lr 0.0004 | ms/batch 3008.55 | loss  2.69 | avg loss  2.46 | ppl 11.65
| epoch   3 step    12600 |   2084 batches | lr 0.0004 | ms/batch 2711.33 | loss  2.70 | avg loss  2.40 | ppl 11.06
| epoch   3 step    12700 |   2184 batches | lr 0.0004 | ms/batch 2811.14 | loss  2.27 | avg loss  2.45 | ppl 11.61
| epoch   3 step    12800 |   2284 batches | lr 0.0004 | ms/batch 2890.63 | loss  2.56 | avg loss  2.47 | ppl 11.77
| epoch   3 step    12900 |   2384 batches | lr 0.0004 | ms/batch 2659.76 | loss  2.38 | avg loss  2.46 | ppl 11.68
| epoch   3 step    13000 |   2484 batches | lr 0.0004 | ms/batch 2707.83 | loss  2.91 | avg loss  2.49 | ppl 12.03
saving checkpoint ./trained_models/GPT2_M/e2e/model.13000.pt
| epoch   3 step    13100 |   2584 batches | lr 0.0004 | ms/batch 3009.83 | loss  2.25 | avg loss  2.44 | ppl 11.44
| epoch   3 step    13200 |   2684 batches | lr 0.0004 | ms/batch 2790.68 | loss  2.34 | avg loss  2.49 | ppl 12.11
| epoch   3 step    13300 |   2784 batches | lr 0.0004 | ms/batch 2651.07 | loss  2.33 | avg loss  2.44 | ppl 11.43
| epoch   3 step    13400 |   2884 batches | lr 0.0004 | ms/batch 2939.97 | loss  2.57 | avg loss  2.44 | ppl 11.48
| epoch   3 step    13500 |   2984 batches | lr 0.0004 | ms/batch 3038.18 | loss  2.85 | avg loss  2.48 | ppl 11.92
| epoch   3 step    13600 |   3084 batches | lr 0.0004 | ms/batch 2631.26 | loss  2.22 | avg loss  2.47 | ppl 11.78
| epoch   3 step    13700 |   3184 batches | lr 0.0004 | ms/batch 2889.26 | loss  2.66 | avg loss  2.51 | ppl 12.33
| epoch   3 step    13800 |   3284 batches | lr 0.0004 | ms/batch 2640.61 | loss  2.22 | avg loss  2.43 | ppl 11.38
| epoch   3 step    13900 |   3384 batches | lr 0.0004 | ms/batch 3023.40 | loss  2.79 | avg loss  2.48 | ppl 11.96
| epoch   3 step    14000 |   3484 batches | lr 0.0004 | ms/batch 2940.92 | loss  2.59 | avg loss  2.49 | ppl 12.04
saving checkpoint ./trained_models/GPT2_M/e2e/model.14000.pt
eval samples: 0 loss: tensor(1.1034, device='cuda:0')
eval samples: 100 loss: tensor(0.8453, device='cuda:0')
eval samples: 200 loss: tensor(1.3307, device='cuda:0')
eval samples: 300 loss: tensor(1.0623, device='cuda:0')
eval samples: 400 loss: tensor(0.9114, device='cuda:0')
eval samples: 500 loss: tensor(0.5733, device='cuda:0')
eval samples: 600 loss: tensor(1.2745, device='cuda:0')
eval samples: 700 loss: tensor(0.6925, device='cuda:0')
eval samples: 800 loss: tensor(1.1356, device='cuda:0')
eval samples: 900 loss: tensor(1.7237, device='cuda:0')
eval samples: 1000 loss: tensor(0.9377, device='cuda:0')
eval samples: 1100 loss: tensor(1.6150, device='cuda:0')
average loss 1.1937208189947965
----------------------------------------------------------------------------------------------------
| Eval   7 at step    14000 | time: 366.98s | valid loss  1.19 | valid ppl  3.30 | best ppl  3.30 
----------------------------------------------------------------------------------------------------
| epoch   3 step    14100 |   3584 batches | lr 0.0004 | ms/batch 6323.29 | loss  2.55 | avg loss  2.42 | ppl 11.23
| epoch   3 step    14200 |   3684 batches | lr 0.0004 | ms/batch 2975.05 | loss  2.44 | avg loss  2.44 | ppl 11.45
| epoch   3 step    14300 |   3784 batches | lr 0.0004 | ms/batch 2925.99 | loss  2.70 | avg loss  2.44 | ppl 11.46
| epoch   3 step    14400 |   3884 batches | lr 0.0004 | ms/batch 2713.57 | loss  2.18 | avg loss  2.46 | ppl 11.68
| epoch   3 step    14500 |   3984 batches | lr 0.0004 | ms/batch 2627.15 | loss  2.29 | avg loss  2.47 | ppl 11.80
| epoch   3 step    14600 |   4084 batches | lr 0.0004 | ms/batch 2697.47 | loss  2.49 | avg loss  2.48 | ppl 11.95
| epoch   3 step    14700 |   4184 batches | lr 0.0004 | ms/batch 2881.43 | loss  2.40 | avg loss  2.45 | ppl 11.55
| epoch   3 step    14800 |   4284 batches | lr 0.0004 | ms/batch 2896.44 | loss  2.49 | avg loss  2.48 | ppl 11.95
| epoch   3 step    14900 |   4384 batches | lr 0.0004 | ms/batch 3019.57 | loss  2.42 | avg loss  2.46 | ppl 11.66
| epoch   3 step    15000 |   4484 batches | lr 0.0004 | ms/batch 2751.86 | loss  2.76 | avg loss  2.49 | ppl 12.01
saving checkpoint ./trained_models/GPT2_M/e2e/model.15000.pt
| epoch   3 step    15100 |   4584 batches | lr 0.0004 | ms/batch 2898.16 | loss  2.30 | avg loss  2.45 | ppl 11.63
| epoch   3 step    15200 |   4684 batches | lr 0.0004 | ms/batch 2885.77 | loss  2.46 | avg loss  2.45 | ppl 11.57
| epoch   3 step    15300 |   4784 batches | lr 0.0004 | ms/batch 2768.92 | loss  2.42 | avg loss  2.49 | ppl 12.06
| epoch   3 step    15400 |   4884 batches | lr 0.0004 | ms/batch 2894.21 | loss  2.33 | avg loss  2.47 | ppl 11.80
| epoch   3 step    15500 |   4984 batches | lr 0.0004 | ms/batch 2682.32 | loss  2.38 | avg loss  2.47 | ppl 11.79
| epoch   3 step    15600 |   5084 batches | lr 0.0004 | ms/batch 2498.01 | loss  2.51 | avg loss  2.45 | ppl 11.61
| epoch   3 step    15700 |   5184 batches | lr 0.0004 | ms/batch 2710.80 | loss  2.40 | avg loss  2.43 | ppl 11.41
saving checkpoint ./trained_models/GPT2_M/e2e/model.15774.pt
start to train the model................ 4
| epoch   4 step    15800 |     26 batches | lr 0.0004 | ms/batch 451.18 | loss  2.29 | avg loss  2.42 | ppl 11.24
| epoch   4 step    15900 |    126 batches | lr 0.0004 | ms/batch 2716.97 | loss  2.32 | avg loss  2.43 | ppl 11.34
| epoch   4 step    16000 |    226 batches | lr 0.0004 | ms/batch 2745.49 | loss  2.44 | avg loss  2.45 | ppl 11.64
saving checkpoint ./trained_models/GPT2_M/e2e/model.16000.pt
eval samples: 0 loss: tensor(1.1508, device='cuda:0')
eval samples: 100 loss: tensor(0.8711, device='cuda:0')
eval samples: 200 loss: tensor(1.2280, device='cuda:0')
eval samples: 300 loss: tensor(1.0745, device='cuda:0')
eval samples: 400 loss: tensor(0.8646, device='cuda:0')
eval samples: 500 loss: tensor(0.5651, device='cuda:0')
eval samples: 600 loss: tensor(1.2682, device='cuda:0')
eval samples: 700 loss: tensor(0.6299, device='cuda:0')
eval samples: 800 loss: tensor(1.1963, device='cuda:0')
eval samples: 900 loss: tensor(1.7812, device='cuda:0')
eval samples: 1000 loss: tensor(0.9594, device='cuda:0')
eval samples: 1100 loss: tensor(1.5325, device='cuda:0')
average loss 1.1969495681305862
----------------------------------------------------------------------------------------------------
| Eval   8 at step    16000 | time: 345.98s | valid loss  1.20 | valid ppl  3.31 | best ppl  3.31 
----------------------------------------------------------------------------------------------------
| epoch   4 step    16100 |    326 batches | lr 0.0004 | ms/batch 6165.20 | loss  2.62 | avg loss  2.43 | ppl 11.31
| epoch   4 step    16200 |    426 batches | lr 0.0004 | ms/batch 2959.32 | loss  2.40 | avg loss  2.44 | ppl 11.49
| epoch   4 step    16300 |    526 batches | lr 0.0004 | ms/batch 2846.67 | loss  2.72 | avg loss  2.43 | ppl 11.32
| epoch   4 step    16400 |    626 batches | lr 0.0004 | ms/batch 2953.24 | loss  2.87 | avg loss  2.44 | ppl 11.43
| epoch   4 step    16500 |    726 batches | lr 0.0004 | ms/batch 2550.63 | loss  2.62 | avg loss  2.46 | ppl 11.75
| epoch   4 step    16600 |    826 batches | lr 0.0004 | ms/batch 2891.71 | loss  2.72 | avg loss  2.44 | ppl 11.44
| epoch   4 step    16700 |    926 batches | lr 0.0004 | ms/batch 2929.80 | loss  2.60 | avg loss  2.45 | ppl 11.55
| epoch   4 step    16800 |   1026 batches | lr 0.0004 | ms/batch 2682.38 | loss  2.44 | avg loss  2.45 | ppl 11.58
| epoch   4 step    16900 |   1126 batches | lr 0.0004 | ms/batch 2791.22 | loss  2.15 | avg loss  2.41 | ppl 11.18
| epoch   4 step    17000 |   1226 batches | lr 0.0004 | ms/batch 2801.96 | loss  2.29 | avg loss  2.42 | ppl 11.26
saving checkpoint ./trained_models/GPT2_M/e2e/model.17000.pt
| epoch   4 step    17100 |   1326 batches | lr 0.0004 | ms/batch 2798.95 | loss  2.64 | avg loss  2.47 | ppl 11.86
| epoch   4 step    17200 |   1426 batches | lr 0.0004 | ms/batch 2890.33 | loss  2.40 | avg loss  2.42 | ppl 11.23
| epoch   4 step    17300 |   1526 batches | lr 0.0004 | ms/batch 2745.58 | loss  2.29 | avg loss  2.45 | ppl 11.64
| epoch   4 step    17400 |   1626 batches | lr 0.0004 | ms/batch 2849.85 | loss  2.23 | avg loss  2.46 | ppl 11.69
| epoch   4 step    17500 |   1726 batches | lr 0.0004 | ms/batch 3049.00 | loss  2.73 | avg loss  2.46 | ppl 11.66
| epoch   4 step    17600 |   1826 batches | lr 0.0004 | ms/batch 3275.37 | loss  2.77 | avg loss  2.47 | ppl 11.77
| epoch   4 step    17700 |   1926 batches | lr 0.0004 | ms/batch 3124.96 | loss  2.37 | avg loss  2.44 | ppl 11.45
| epoch   4 step    17800 |   2026 batches | lr 0.0004 | ms/batch 3104.49 | loss  2.63 | avg loss  2.47 | ppl 11.84
| epoch   4 step    17900 |   2126 batches | lr 0.0004 | ms/batch 3175.58 | loss  2.46 | avg loss  2.44 | ppl 11.46
| epoch   4 step    18000 |   2226 batches | lr 0.0004 | ms/batch 3092.73 | loss  3.02 | avg loss  2.45 | ppl 11.54
saving checkpoint ./trained_models/GPT2_M/e2e/model.18000.pt
eval samples: 0 loss: tensor(1.1576, device='cuda:0')
eval samples: 100 loss: tensor(0.8365, device='cuda:0')
eval samples: 200 loss: tensor(1.3641, device='cuda:0')
eval samples: 300 loss: tensor(1.0673, device='cuda:0')
eval samples: 400 loss: tensor(0.9251, device='cuda:0')
eval samples: 500 loss: tensor(0.6373, device='cuda:0')
eval samples: 600 loss: tensor(1.2893, device='cuda:0')
eval samples: 700 loss: tensor(0.6992, device='cuda:0')
eval samples: 800 loss: tensor(1.1540, device='cuda:0')
eval samples: 900 loss: tensor(1.8007, device='cuda:0')
eval samples: 1000 loss: tensor(0.9424, device='cuda:0')
eval samples: 1100 loss: tensor(1.6005, device='cuda:0')
average loss 1.2136302678144142
----------------------------------------------------------------------------------------------------
| Eval   9 at step    18000 | time: 406.78s | valid loss  1.21 | valid ppl  3.37 | best ppl  3.31 
----------------------------------------------------------------------------------------------------
| epoch   4 step    18100 |   2326 batches | lr 0.0004 | ms/batch 7170.23 | loss  2.61 | avg loss  2.43 | ppl 11.38
| epoch   4 step    18200 |   2426 batches | lr 0.0004 | ms/batch 3323.16 | loss  2.42 | avg loss  2.45 | ppl 11.62
| epoch   4 step    18300 |   2526 batches | lr 0.0004 | ms/batch 3020.09 | loss  2.35 | avg loss  2.46 | ppl 11.67
| epoch   4 step    18400 |   2626 batches | lr 0.0004 | ms/batch 3289.44 | loss  2.61 | avg loss  2.43 | ppl 11.40
| epoch   4 step    18500 |   2726 batches | lr 0.0004 | ms/batch 3109.46 | loss  2.49 | avg loss  2.42 | ppl 11.29
| epoch   4 step    18600 |   2826 batches | lr 0.0004 | ms/batch 2852.12 | loss  2.24 | avg loss  2.46 | ppl 11.76
| epoch   4 step    18700 |   2926 batches | lr 0.0004 | ms/batch 3371.51 | loss  2.22 | avg loss  2.42 | ppl 11.28
| epoch   4 step    18800 |   3026 batches | lr 0.0004 | ms/batch 3071.63 | loss  2.23 | avg loss  2.46 | ppl 11.69
| epoch   4 step    18900 |   3126 batches | lr 0.0004 | ms/batch 2659.52 | loss  2.36 | avg loss  2.45 | ppl 11.58
| epoch   4 step    19000 |   3226 batches | lr 0.0004 | ms/batch 2736.05 | loss  2.82 | avg loss  2.45 | ppl 11.63
saving checkpoint ./trained_models/GPT2_M/e2e/model.19000.pt
| epoch   4 step    19100 |   3326 batches | lr 0.0004 | ms/batch 3116.45 | loss  2.64 | avg loss  2.43 | ppl 11.39
| epoch   4 step    19200 |   3426 batches | lr 0.0004 | ms/batch 2635.99 | loss  2.53 | avg loss  2.42 | ppl 11.30
| epoch   4 step    19300 |   3526 batches | lr 0.0004 | ms/batch 2769.00 | loss  2.52 | avg loss  2.46 | ppl 11.71
| epoch   4 step    19400 |   3626 batches | lr 0.0004 | ms/batch 2773.13 | loss  2.49 | avg loss  2.45 | ppl 11.56
| epoch   4 step    19500 |   3726 batches | lr 0.0004 | ms/batch 2705.03 | loss  2.20 | avg loss  2.45 | ppl 11.54
| epoch   4 step    19600 |   3826 batches | lr 0.0004 | ms/batch 2773.71 | loss  2.68 | avg loss  2.46 | ppl 11.66
| epoch   4 step    19700 |   3926 batches | lr 0.0004 | ms/batch 3038.79 | loss  2.59 | avg loss  2.45 | ppl 11.57
| epoch   4 step    19800 |   4026 batches | lr 0.0004 | ms/batch 2855.46 | loss  2.47 | avg loss  2.46 | ppl 11.65
| epoch   4 step    19900 |   4126 batches | lr 0.0004 | ms/batch 2810.94 | loss  2.25 | avg loss  2.49 | ppl 12.01
| epoch   4 step    20000 |   4226 batches | lr 0.0004 | ms/batch 2824.43 | loss  2.37 | avg loss  2.46 | ppl 11.65
saving checkpoint ./trained_models/GPT2_M/e2e/model.20000.pt
eval samples: 0 loss: tensor(1.1925, device='cuda:0')
eval samples: 100 loss: tensor(0.8896, device='cuda:0')
eval samples: 200 loss: tensor(1.3115, device='cuda:0')
eval samples: 300 loss: tensor(1.0837, device='cuda:0')
eval samples: 400 loss: tensor(0.8804, device='cuda:0')
eval samples: 500 loss: tensor(0.6001, device='cuda:0')
eval samples: 600 loss: tensor(1.2177, device='cuda:0')
eval samples: 700 loss: tensor(0.6541, device='cuda:0')
eval samples: 800 loss: tensor(1.1664, device='cuda:0')
eval samples: 900 loss: tensor(1.7160, device='cuda:0')
eval samples: 1000 loss: tensor(0.9789, device='cuda:0')
eval samples: 1100 loss: tensor(1.4966, device='cuda:0')
average loss 1.1934084525612527
----------------------------------------------------------------------------------------------------
| Eval  10 at step    20000 | time: 368.98s | valid loss  1.19 | valid ppl  3.30 | best ppl  3.30 
----------------------------------------------------------------------------------------------------
| epoch   4 step    20100 |   4326 batches | lr 0.0004 | ms/batch 6315.50 | loss  2.34 | avg loss  2.44 | ppl 11.44
| epoch   4 step    20200 |   4426 batches | lr 0.0004 | ms/batch 2876.09 | loss  2.49 | avg loss  2.46 | ppl 11.66
| epoch   4 step    20300 |   4526 batches | lr 0.0004 | ms/batch 2662.49 | loss  2.49 | avg loss  2.48 | ppl 11.90
| epoch   4 step    20400 |   4626 batches | lr 0.0004 | ms/batch 2911.94 | loss  2.43 | avg loss  2.45 | ppl 11.59
| epoch   4 step    20500 |   4726 batches | lr 0.0004 | ms/batch 2859.54 | loss  2.66 | avg loss  2.43 | ppl 11.37
| epoch   4 step    20600 |   4826 batches | lr 0.0004 | ms/batch 2807.87 | loss  2.60 | avg loss  2.48 | ppl 11.91
| epoch   4 step    20700 |   4926 batches | lr 0.0004 | ms/batch 2665.09 | loss  2.53 | avg loss  2.44 | ppl 11.50
| epoch   4 step    20800 |   5026 batches | lr 0.0004 | ms/batch 2890.59 | loss  2.27 | avg loss  2.47 | ppl 11.85
| epoch   4 step    20900 |   5126 batches | lr 0.0004 | ms/batch 3000.26 | loss  2.36 | avg loss  2.44 | ppl 11.45
| epoch   4 step    21000 |   5226 batches | lr 0.0004 | ms/batch 2869.70 | loss  2.25 | avg loss  2.45 | ppl 11.56
saving checkpoint ./trained_models/GPT2_M/e2e/model.21000.pt
saving checkpoint ./trained_models/GPT2_M/e2e/model.21032.pt
start to train the model................ 5
| epoch   5 step    21100 |     68 batches | lr 0.0004 | ms/batch 1614.59 | loss  2.61 | avg loss  2.45 | ppl 11.63
| epoch   5 step    21200 |    168 batches | lr 0.0004 | ms/batch 2745.25 | loss  2.53 | avg loss  2.39 | ppl 10.90
| epoch   5 step    21300 |    268 batches | lr 0.0004 | ms/batch 2645.18 | loss  2.21 | avg loss  2.45 | ppl 11.57
| epoch   5 step    21400 |    368 batches | lr 0.0004 | ms/batch 2763.51 | loss  2.49 | avg loss  2.43 | ppl 11.41
| epoch   5 step    21500 |    468 batches | lr 0.0004 | ms/batch 2993.14 | loss  2.62 | avg loss  2.45 | ppl 11.53
| epoch   5 step    21600 |    568 batches | lr 0.0004 | ms/batch 2739.53 | loss  2.73 | avg loss  2.41 | ppl 11.10
| epoch   5 step    21700 |    668 batches | lr 0.0004 | ms/batch 2804.81 | loss  2.81 | avg loss  2.44 | ppl 11.48
| epoch   5 step    21800 |    768 batches | lr 0.0004 | ms/batch 2892.43 | loss  2.38 | avg loss  2.46 | ppl 11.65
| epoch   5 step    21900 |    868 batches | lr 0.0004 | ms/batch 2761.77 | loss  2.72 | avg loss  2.44 | ppl 11.44
| epoch   5 step    22000 |    968 batches | lr 0.0004 | ms/batch 2873.45 | loss  2.32 | avg loss  2.38 | ppl 10.85
saving checkpoint ./trained_models/GPT2_M/e2e/model.22000.pt
eval samples: 0 loss: tensor(1.1793, device='cuda:0')
eval samples: 100 loss: tensor(0.8872, device='cuda:0')
eval samples: 200 loss: tensor(1.3461, device='cuda:0')
eval samples: 300 loss: tensor(1.1329, device='cuda:0')
eval samples: 400 loss: tensor(0.8341, device='cuda:0')
eval samples: 500 loss: tensor(0.6040, device='cuda:0')
eval samples: 600 loss: tensor(1.2495, device='cuda:0')
eval samples: 700 loss: tensor(0.6846, device='cuda:0')
eval samples: 800 loss: tensor(1.1660, device='cuda:0')
eval samples: 900 loss: tensor(1.6796, device='cuda:0')
eval samples: 1000 loss: tensor(0.9372, device='cuda:0')
eval samples: 1100 loss: tensor(1.6564, device='cuda:0')
average loss 1.1985479811436102
----------------------------------------------------------------------------------------------------
| Eval  11 at step    22000 | time: 368.19s | valid loss  1.20 | valid ppl  3.32 | best ppl  3.32 
----------------------------------------------------------------------------------------------------
| epoch   5 step    22100 |   1068 batches | lr 0.0004 | ms/batch 6548.13 | loss  2.56 | avg loss  2.41 | ppl 11.18
| epoch   5 step    22200 |   1168 batches | lr 0.0004 | ms/batch 2844.21 | loss  2.84 | avg loss  2.44 | ppl 11.51
| epoch   5 step    22300 |   1268 batches | lr 0.0004 | ms/batch 2706.01 | loss  2.29 | avg loss  2.45 | ppl 11.61
| epoch   5 step    22400 |   1368 batches | lr 0.0004 | ms/batch 2950.71 | loss  2.23 | avg loss  2.40 | ppl 10.99
| epoch   5 step    22500 |   1468 batches | lr 0.0004 | ms/batch 2799.22 | loss  2.59 | avg loss  2.44 | ppl 11.51
| epoch   5 step    22600 |   1568 batches | lr 0.0004 | ms/batch 2953.87 | loss  2.68 | avg loss  2.45 | ppl 11.53
| epoch   5 step    22700 |   1668 batches | lr 0.0004 | ms/batch 2550.96 | loss  2.31 | avg loss  2.43 | ppl 11.39
| epoch   5 step    22800 |   1768 batches | lr 0.0004 | ms/batch 2791.53 | loss  2.30 | avg loss  2.45 | ppl 11.57
| epoch   5 step    22900 |   1868 batches | lr 0.0004 | ms/batch 2954.28 | loss  2.76 | avg loss  2.48 | ppl 11.91
| epoch   5 step    23000 |   1968 batches | lr 0.0004 | ms/batch 2590.22 | loss  2.36 | avg loss  2.43 | ppl 11.38
saving checkpoint ./trained_models/GPT2_M/e2e/model.23000.pt
| epoch   5 step    23100 |   2068 batches | lr 0.0004 | ms/batch 3100.22 | loss  2.50 | avg loss  2.47 | ppl 11.79
| epoch   5 step    23200 |   2168 batches | lr 0.0004 | ms/batch 2322.91 | loss  2.57 | avg loss  2.43 | ppl 11.36
| epoch   5 step    23300 |   2268 batches | lr 0.0004 | ms/batch 2678.38 | loss  2.27 | avg loss  2.41 | ppl 11.18
| epoch   5 step    23400 |   2368 batches | lr 0.0004 | ms/batch 3017.50 | loss  2.38 | avg loss  2.44 | ppl 11.48
| epoch   5 step    23500 |   2468 batches | lr 0.0004 | ms/batch 2643.17 | loss  2.24 | avg loss  2.42 | ppl 11.19
| epoch   5 step    23600 |   2568 batches | lr 0.0004 | ms/batch 2826.52 | loss  2.15 | avg loss  2.43 | ppl 11.34
| epoch   5 step    23700 |   2668 batches | lr 0.0004 | ms/batch 2646.09 | loss  2.31 | avg loss  2.41 | ppl 11.13
| epoch   5 step    23800 |   2768 batches | lr 0.0004 | ms/batch 3034.76 | loss  2.46 | avg loss  2.45 | ppl 11.57
| epoch   5 step    23900 |   2868 batches | lr 0.0004 | ms/batch 2796.86 | loss  2.49 | avg loss  2.42 | ppl 11.24
| epoch   5 step    24000 |   2968 batches | lr 0.0004 | ms/batch 2896.26 | loss  2.35 | avg loss  2.45 | ppl 11.58
saving checkpoint ./trained_models/GPT2_M/e2e/model.24000.pt
eval samples: 0 loss: tensor(1.1330, device='cuda:0')
eval samples: 100 loss: tensor(0.8680, device='cuda:0')
eval samples: 200 loss: tensor(1.2869, device='cuda:0')
eval samples: 300 loss: tensor(1.0573, device='cuda:0')
eval samples: 400 loss: tensor(0.8709, device='cuda:0')
eval samples: 500 loss: tensor(0.6290, device='cuda:0')
eval samples: 600 loss: tensor(1.2918, device='cuda:0')
eval samples: 700 loss: tensor(0.6775, device='cuda:0')
eval samples: 800 loss: tensor(1.2424, device='cuda:0')
eval samples: 900 loss: tensor(1.6957, device='cuda:0')
eval samples: 1000 loss: tensor(0.9522, device='cuda:0')
eval samples: 1100 loss: tensor(1.5063, device='cuda:0')
average loss 1.2086164035566458
----------------------------------------------------------------------------------------------------
| Eval  12 at step    24000 | time: 367.88s | valid loss  1.21 | valid ppl  3.35 | best ppl  3.32 
----------------------------------------------------------------------------------------------------
| epoch   5 step    24100 |   3068 batches | lr 0.0004 | ms/batch 6444.82 | loss  2.63 | avg loss  2.47 | ppl 11.84
| epoch   5 step    24200 |   3168 batches | lr 0.0004 | ms/batch 2855.99 | loss  2.62 | avg loss  2.40 | ppl 11.07
| epoch   5 step    24300 |   3268 batches | lr 0.0004 | ms/batch 2647.84 | loss  2.56 | avg loss  2.46 | ppl 11.65
| epoch   5 step    24400 |   3368 batches | lr 0.0004 | ms/batch 2844.88 | loss  2.55 | avg loss  2.44 | ppl 11.43
| epoch   5 step    24500 |   3468 batches | lr 0.0004 | ms/batch 2610.37 | loss  2.29 | avg loss  2.44 | ppl 11.50
| epoch   5 step    24600 |   3568 batches | lr 0.0004 | ms/batch 2879.14 | loss  2.49 | avg loss  2.44 | ppl 11.42
| epoch   5 step    24700 |   3668 batches | lr 0.0004 | ms/batch 2863.58 | loss  2.74 | avg loss  2.48 | ppl 11.89
| epoch   5 step    24800 |   3768 batches | lr 0.0004 | ms/batch 2800.21 | loss  2.80 | avg loss  2.43 | ppl 11.38
| epoch   5 step    24900 |   3868 batches | lr 0.0004 | ms/batch 2568.09 | loss  2.28 | avg loss  2.44 | ppl 11.49
| epoch   5 step    25000 |   3968 batches | lr 0.0004 | ms/batch 2778.91 | loss  2.35 | avg loss  2.45 | ppl 11.58
saving checkpoint ./trained_models/GPT2_M/e2e/model.25000.pt
| epoch   5 step    25100 |   4068 batches | lr 0.0004 | ms/batch 2594.12 | loss  2.60 | avg loss  2.43 | ppl 11.34
| epoch   5 step    25200 |   4168 batches | lr 0.0004 | ms/batch 2922.43 | loss  2.29 | avg loss  2.46 | ppl 11.70
| epoch   5 step    25300 |   4268 batches | lr 0.0004 | ms/batch 2989.57 | loss  2.37 | avg loss  2.42 | ppl 11.27
| epoch   5 step    25400 |   4368 batches | lr 0.0004 | ms/batch 2567.80 | loss  2.72 | avg loss  2.42 | ppl 11.21
| epoch   5 step    25500 |   4468 batches | lr 0.0004 | ms/batch 2675.49 | loss  2.46 | avg loss  2.44 | ppl 11.51
| epoch   5 step    25600 |   4568 batches | lr 0.0004 | ms/batch 2808.62 | loss  2.75 | avg loss  2.45 | ppl 11.58
| epoch   5 step    25700 |   4668 batches | lr 0.0004 | ms/batch 2865.07 | loss  2.73 | avg loss  2.50 | ppl 12.16
| epoch   5 step    25800 |   4768 batches | lr 0.0004 | ms/batch 2697.81 | loss  2.46 | avg loss  2.46 | ppl 11.74
| epoch   5 step    25900 |   4868 batches | lr 0.0004 | ms/batch 2976.42 | loss  2.28 | avg loss  2.43 | ppl 11.41
| epoch   5 step    26000 |   4968 batches | lr 0.0004 | ms/batch 2931.13 | loss  2.36 | avg loss  2.46 | ppl 11.70
saving checkpoint ./trained_models/GPT2_M/e2e/model.26000.pt
eval samples: 0 loss: tensor(1.2247, device='cuda:0')
eval samples: 100 loss: tensor(0.8345, device='cuda:0')
eval samples: 200 loss: tensor(1.2999, device='cuda:0')
eval samples: 300 loss: tensor(1.0855, device='cuda:0')
eval samples: 400 loss: tensor(0.8973, device='cuda:0')
eval samples: 500 loss: tensor(0.6081, device='cuda:0')
eval samples: 600 loss: tensor(1.2667, device='cuda:0')
eval samples: 700 loss: tensor(0.6587, device='cuda:0')
eval samples: 800 loss: tensor(1.2184, device='cuda:0')
eval samples: 900 loss: tensor(1.7407, device='cuda:0')
eval samples: 1000 loss: tensor(0.9703, device='cuda:0')
eval samples: 1100 loss: tensor(1.5715, device='cuda:0')
average loss 1.209017511763393
----------------------------------------------------------------------------------------------------
| Eval  13 at step    26000 | time: 356.99s | valid loss  1.21 | valid ppl  3.35 | best ppl  3.32 
----------------------------------------------------------------------------------------------------
| epoch   5 step    26100 |   5068 batches | lr 0.0004 | ms/batch 6191.26 | loss  2.42 | avg loss  2.44 | ppl 11.52
| epoch   5 step    26200 |   5168 batches | lr 0.0004 | ms/batch 2801.45 | loss  2.54 | avg loss  2.43 | ppl 11.34
saving checkpoint ./trained_models/GPT2_M/e2e/model.26290.pt
----------------------------------------------------------------------------------------------------
End of training
cleanup dist ...
[rank0]:[W628 19:31:35.509153197 ProcessGroupNCCL.cpp:1479] Warning: WARNING: destroy_process_group() was not called before program exit, which can leak resources. For more info, please see https://pytorch.org/docs/stable/distributed.html#shutdown (function operator())
