nohup: ignoring input
myrank: 0 local_rank: 0 device_count: 1 world_size: 1
====================================================================================================
        - platform : local
        - local_rank : 0
        - rank : 0
        - device : cuda:0
        - world_size : 1
        - random_seed : 110
        - lr : 0.0005
        - weight_decay : 0.01
        - correct_bias : True
        - adam_epislon : 1e-06
        - no_decay_bias : False
        - adam_beta1 : 0.9
        - adam_beta2 : 0.999
        - scheduler : None
        - max_step : None
        - max_epoch : 5
        - warmup_step : 500
        - i_steps : 0
        - i_lrs : 0.00025
        - galore_rank : 4
        - update_proj_gap : 50
        - galore_scale : 1.0
        - proj_type : std
        - train_data : ./data/e2e/train.jsonl
        - valid_data : ./data/e2e/valid.jsonl
        - train_batch_size : 8
        - valid_batch_size : 4
        - grad_acc : 1
        - clip : 0.0
        - seq_len : 512
        - model_card : gpt2.md
        - init_checkpoint : ./pretrained_checkpoints/gpt2-medium-pytorch_model.bin
        - fp16 : False
        - log_interval : 100
        - eval_interval : 2000
        - save_interval : 1000
        - work_dir : ./trained_models/GPT2_M/e2e
        - lora_dim : 0
        - lora_alpha : 32
        - obj : clm
        - lora_dropout : 0.1
        - label_smooth : 0.1
        - roll_interval : -1
        - roll_lr : 1e-05
        - roll_step : 100
        - eval_epoch : 1
        - dist : <module 'torch.distributed' from '/home/ycyh/miniconda3/envs/LoRA/lib/python3.11/site-packages/torch/distributed/__init__.py'>
====================================================================================================
Experiment dir : ./trained_models/GPT2_M/e2e
loading model pretrained weight.
MoFaSGD 2D parameter count: 354.50M
Skipped 1D parameter count : 0.32M
set max_step: 26290
start to train the model................ 1
| epoch   1 step      100 |    100 batches | lr 0.0005 | ms/batch 1226.35 | loss  3.27 | avg loss  3.01 | ppl 20.38
| epoch   1 step      200 |    200 batches | lr 0.0005 | ms/batch 1227.41 | loss  2.82 | avg loss  2.77 | ppl 15.91
| epoch   1 step      300 |    300 batches | lr 0.0005 | ms/batch 1286.56 | loss  2.74 | avg loss  2.71 | ppl 15.06
| epoch   1 step      400 |    400 batches | lr 0.0005 | ms/batch 1298.40 | loss  2.80 | avg loss  2.70 | ppl 14.84
| epoch   1 step      500 |    500 batches | lr 0.0005 | ms/batch 1242.08 | loss  2.56 | avg loss  2.64 | ppl 14.00
| epoch   1 step      600 |    600 batches | lr 0.0005 | ms/batch 1286.55 | loss  2.51 | avg loss  2.61 | ppl 13.60
| epoch   1 step      700 |    700 batches | lr 0.0005 | ms/batch 1233.47 | loss  2.70 | avg loss  2.60 | ppl 13.44
| epoch   1 step      800 |    800 batches | lr 0.0005 | ms/batch 1216.11 | loss  2.31 | avg loss  2.58 | ppl 13.18
| epoch   1 step      900 |    900 batches | lr 0.0005 | ms/batch 1278.69 | loss  2.34 | avg loss  2.58 | ppl 13.14
| epoch   1 step     1000 |   1000 batches | lr 0.0005 | ms/batch 1148.11 | loss  3.02 | avg loss  2.59 | ppl 13.36
saving checkpoint ./trained_models/GPT2_M/e2e/model.1000.pt
/home/ycyh/miniconda3/envs/LoRA/lib/python3.11/site-packages/torch/distributed/distributed_c10d.py:4631: UserWarning: No device id is provided via `init_process_group` or `barrier `. Using the current device set by the user. 
  warnings.warn(  # warn only once
| epoch   1 step     1100 |   1100 batches | lr 0.0005 | ms/batch 1325.65 | loss  2.67 | avg loss  2.60 | ppl 13.48
| epoch   1 step     1200 |   1200 batches | lr 0.0005 | ms/batch 1159.48 | loss  2.40 | avg loss  2.60 | ppl 13.46
| epoch   1 step     1300 |   1300 batches | lr 0.0005 | ms/batch 1283.07 | loss  2.45 | avg loss  2.57 | ppl 13.06
| epoch   1 step     1400 |   1400 batches | lr 0.0005 | ms/batch 1234.40 | loss  2.49 | avg loss  2.56 | ppl 12.99
| epoch   1 step     1500 |   1500 batches | lr 0.0005 | ms/batch 1248.65 | loss  2.50 | avg loss  2.58 | ppl 13.24
| epoch   1 step     1600 |   1600 batches | lr 0.0005 | ms/batch 1235.47 | loss  2.60 | avg loss  2.55 | ppl 12.75
| epoch   1 step     1700 |   1700 batches | lr 0.0005 | ms/batch 1339.32 | loss  2.41 | avg loss  2.55 | ppl 12.86
| epoch   1 step     1800 |   1800 batches | lr 0.0005 | ms/batch 1318.69 | loss  2.41 | avg loss  2.55 | ppl 12.85
| epoch   1 step     1900 |   1900 batches | lr 0.0005 | ms/batch 1260.51 | loss  2.56 | avg loss  2.56 | ppl 12.89
| epoch   1 step     2000 |   2000 batches | lr 0.0005 | ms/batch 1309.52 | loss  2.44 | avg loss  2.55 | ppl 12.75
saving checkpoint ./trained_models/GPT2_M/e2e/model.2000.pt
/home/ycyh/miniconda3/envs/LoRA/lib/python3.11/site-packages/torch/nn/_reduction.py:51: UserWarning: size_average and reduce args will be deprecated, please use reduction='none' instead.
  warnings.warn(warning.format(ret))
eval samples: 0 loss: tensor(1.2305, device='cuda:0')
eval samples: 100 loss: tensor(0.8988, device='cuda:0')
eval samples: 200 loss: tensor(1.2760, device='cuda:0')
eval samples: 300 loss: tensor(1.1142, device='cuda:0')
eval samples: 400 loss: tensor(0.8778, device='cuda:0')
eval samples: 500 loss: tensor(0.6501, device='cuda:0')
eval samples: 600 loss: tensor(1.3146, device='cuda:0')
eval samples: 700 loss: tensor(0.7549, device='cuda:0')
eval samples: 800 loss: tensor(1.1933, device='cuda:0')
eval samples: 900 loss: tensor(1.7129, device='cuda:0')
eval samples: 1000 loss: tensor(1.0666, device='cuda:0')
eval samples: 1100 loss: tensor(1.4871, device='cuda:0')
average loss 1.2312749358889175
----------------------------------------------------------------------------------------------------
| Eval   1 at step     2000 | time: 166.85s | valid loss  1.23 | valid ppl  3.43 | best ppl  3.43 
----------------------------------------------------------------------------------------------------
| epoch   1 step     2100 |   2100 batches | lr 0.0005 | ms/batch 3047.70 | loss  2.55 | avg loss  2.55 | ppl 12.80
| epoch   1 step     2200 |   2200 batches | lr 0.0005 | ms/batch 1232.94 | loss  2.83 | avg loss  2.54 | ppl 12.68
| epoch   1 step     2300 |   2300 batches | lr 0.0005 | ms/batch 1245.22 | loss  2.52 | avg loss  2.53 | ppl 12.57
| epoch   1 step     2400 |   2400 batches | lr 0.0005 | ms/batch 1143.28 | loss  2.35 | avg loss  2.54 | ppl 12.63
| epoch   1 step     2500 |   2500 batches | lr 0.0005 | ms/batch 1189.65 | loss  2.77 | avg loss  2.56 | ppl 12.97
| epoch   1 step     2600 |   2600 batches | lr 0.0005 | ms/batch 1333.39 | loss  2.74 | avg loss  2.55 | ppl 12.75
| epoch   1 step     2700 |   2700 batches | lr 0.0005 | ms/batch 1233.94 | loss  2.60 | avg loss  2.53 | ppl 12.56
| epoch   1 step     2800 |   2800 batches | lr 0.0005 | ms/batch 1332.02 | loss  2.25 | avg loss  2.57 | ppl 13.03
| epoch   1 step     2900 |   2900 batches | lr 0.0005 | ms/batch 1327.40 | loss  2.75 | avg loss  2.54 | ppl 12.74
| epoch   1 step     3000 |   3000 batches | lr 0.0005 | ms/batch 1239.28 | loss  2.54 | avg loss  2.51 | ppl 12.34
saving checkpoint ./trained_models/GPT2_M/e2e/model.3000.pt
| epoch   1 step     3100 |   3100 batches | lr 0.0005 | ms/batch 1391.68 | loss  2.76 | avg loss  2.52 | ppl 12.40
| epoch   1 step     3200 |   3200 batches | lr 0.0005 | ms/batch 1262.05 | loss  2.59 | avg loss  2.55 | ppl 12.83
| epoch   1 step     3300 |   3300 batches | lr 0.0005 | ms/batch 1220.00 | loss  2.93 | avg loss  2.51 | ppl 12.34
| epoch   1 step     3400 |   3400 batches | lr 0.0005 | ms/batch 1321.13 | loss  2.50 | avg loss  2.52 | ppl 12.41
| epoch   1 step     3500 |   3500 batches | lr 0.0005 | ms/batch 1248.10 | loss  2.24 | avg loss  2.55 | ppl 12.78
| epoch   1 step     3600 |   3600 batches | lr 0.0005 | ms/batch 1302.94 | loss  2.44 | avg loss  2.55 | ppl 12.80
| epoch   1 step     3700 |   3700 batches | lr 0.0005 | ms/batch 1316.93 | loss  2.52 | avg loss  2.51 | ppl 12.36
| epoch   1 step     3800 |   3800 batches | lr 0.0005 | ms/batch 1272.83 | loss  2.50 | avg loss  2.48 | ppl 11.91
| epoch   1 step     3900 |   3900 batches | lr 0.0005 | ms/batch 1245.28 | loss  2.17 | avg loss  2.55 | ppl 12.82
| epoch   1 step     4000 |   4000 batches | lr 0.0005 | ms/batch 1171.86 | loss  2.60 | avg loss  2.55 | ppl 12.86
saving checkpoint ./trained_models/GPT2_M/e2e/model.4000.pt
eval samples: 0 loss: tensor(1.2398, device='cuda:0')
eval samples: 100 loss: tensor(0.8625, device='cuda:0')
eval samples: 200 loss: tensor(1.2650, device='cuda:0')
eval samples: 300 loss: tensor(1.1151, device='cuda:0')
eval samples: 400 loss: tensor(0.8965, device='cuda:0')
eval samples: 500 loss: tensor(0.5976, device='cuda:0')
eval samples: 600 loss: tensor(1.2728, device='cuda:0')
eval samples: 700 loss: tensor(0.6889, device='cuda:0')
eval samples: 800 loss: tensor(1.1644, device='cuda:0')
eval samples: 900 loss: tensor(1.6955, device='cuda:0')
eval samples: 1000 loss: tensor(0.9214, device='cuda:0')
eval samples: 1100 loss: tensor(1.5264, device='cuda:0')
average loss 1.2162070161063376
----------------------------------------------------------------------------------------------------
| Eval   2 at step     4000 | time: 166.64s | valid loss  1.22 | valid ppl  3.37 | best ppl  3.37 
----------------------------------------------------------------------------------------------------
| epoch   1 step     4100 |   4100 batches | lr 0.0005 | ms/batch 3097.85 | loss  2.67 | avg loss  2.51 | ppl 12.34
| epoch   1 step     4200 |   4200 batches | lr 0.0005 | ms/batch 1275.68 | loss  2.57 | avg loss  2.52 | ppl 12.43
| epoch   1 step     4300 |   4300 batches | lr 0.0005 | ms/batch 1316.12 | loss  2.33 | avg loss  2.47 | ppl 11.85
| epoch   1 step     4400 |   4400 batches | lr 0.0005 | ms/batch 1345.15 | loss  2.63 | avg loss  2.50 | ppl 12.18
| epoch   1 step     4500 |   4500 batches | lr 0.0005 | ms/batch 1351.10 | loss  2.70 | avg loss  2.53 | ppl 12.56
| epoch   1 step     4600 |   4600 batches | lr 0.0005 | ms/batch 1139.78 | loss  2.49 | avg loss  2.53 | ppl 12.61
| epoch   1 step     4700 |   4700 batches | lr 0.0005 | ms/batch 1335.95 | loss  2.29 | avg loss  2.52 | ppl 12.47
| epoch   1 step     4800 |   4800 batches | lr 0.0005 | ms/batch 1185.77 | loss  2.67 | avg loss  2.49 | ppl 12.09
| epoch   1 step     4900 |   4900 batches | lr 0.0005 | ms/batch 1347.69 | loss  2.56 | avg loss  2.51 | ppl 12.25
| epoch   1 step     5000 |   5000 batches | lr 0.0005 | ms/batch 1294.01 | loss  2.22 | avg loss  2.48 | ppl 11.98
saving checkpoint ./trained_models/GPT2_M/e2e/model.5000.pt
| epoch   1 step     5100 |   5100 batches | lr 0.0005 | ms/batch 1374.94 | loss  2.60 | avg loss  2.52 | ppl 12.43
| epoch   1 step     5200 |   5200 batches | lr 0.0005 | ms/batch 1339.38 | loss  2.70 | avg loss  2.52 | ppl 12.44
saving checkpoint ./trained_models/GPT2_M/e2e/model.5258.pt
start to train the model................ 2
| epoch   2 step     5300 |     42 batches | lr 0.0005 | ms/batch 339.45 | loss  2.36 | avg loss  2.45 | ppl 11.58
| epoch   2 step     5400 |    142 batches | lr 0.0005 | ms/batch 1298.44 | loss  2.46 | avg loss  2.50 | ppl 12.16
| epoch   2 step     5500 |    242 batches | lr 0.0005 | ms/batch 1257.00 | loss  2.48 | avg loss  2.48 | ppl 11.98
| epoch   2 step     5600 |    342 batches | lr 0.0005 | ms/batch 1264.29 | loss  2.16 | avg loss  2.51 | ppl 12.26
| epoch   2 step     5700 |    442 batches | lr 0.0005 | ms/batch 1236.02 | loss  2.42 | avg loss  2.49 | ppl 12.11
| epoch   2 step     5800 |    542 batches | lr 0.0005 | ms/batch 1373.50 | loss  2.46 | avg loss  2.47 | ppl 11.87
| epoch   2 step     5900 |    642 batches | lr 0.0005 | ms/batch 1221.77 | loss  2.64 | avg loss  2.51 | ppl 12.34
| epoch   2 step     6000 |    742 batches | lr 0.0005 | ms/batch 1258.57 | loss  2.21 | avg loss  2.47 | ppl 11.77
saving checkpoint ./trained_models/GPT2_M/e2e/model.6000.pt
eval samples: 0 loss: tensor(1.2005, device='cuda:0')
eval samples: 100 loss: tensor(0.8767, device='cuda:0')
eval samples: 200 loss: tensor(1.2516, device='cuda:0')
eval samples: 300 loss: tensor(1.1360, device='cuda:0')
eval samples: 400 loss: tensor(0.9136, device='cuda:0')
eval samples: 500 loss: tensor(0.5762, device='cuda:0')
eval samples: 600 loss: tensor(1.3227, device='cuda:0')
eval samples: 700 loss: tensor(0.6791, device='cuda:0')
eval samples: 800 loss: tensor(1.1922, device='cuda:0')
eval samples: 900 loss: tensor(1.8038, device='cuda:0')
eval samples: 1000 loss: tensor(0.9121, device='cuda:0')
eval samples: 1100 loss: tensor(1.5943, device='cuda:0')
average loss 1.208821371172185
----------------------------------------------------------------------------------------------------
| Eval   3 at step     6000 | time: 166.89s | valid loss  1.21 | valid ppl  3.35 | best ppl  3.35 
----------------------------------------------------------------------------------------------------
| epoch   2 step     6100 |    842 batches | lr 0.0005 | ms/batch 2959.02 | loss  2.28 | avg loss  2.49 | ppl 12.09
| epoch   2 step     6200 |    942 batches | lr 0.0005 | ms/batch 1273.07 | loss  2.33 | avg loss  2.49 | ppl 12.12
| epoch   2 step     6300 |   1042 batches | lr 0.0005 | ms/batch 1334.01 | loss  2.72 | avg loss  2.50 | ppl 12.19
| epoch   2 step     6400 |   1142 batches | lr 0.0005 | ms/batch 1235.96 | loss  2.28 | avg loss  2.49 | ppl 12.09
| epoch   2 step     6500 |   1242 batches | lr 0.0005 | ms/batch 2635.89 | loss  2.33 | avg loss  2.52 | ppl 12.39
| epoch   2 step     6600 |   1342 batches | lr 0.0005 | ms/batch 2931.80 | loss  2.78 | avg loss  2.49 | ppl 12.02
| epoch   2 step     6700 |   1442 batches | lr 0.0005 | ms/batch 2589.33 | loss  2.50 | avg loss  2.50 | ppl 12.19
| epoch   2 step     6800 |   1542 batches | lr 0.0005 | ms/batch 2705.83 | loss  2.41 | avg loss  2.51 | ppl 12.34
| epoch   2 step     6900 |   1642 batches | lr 0.0005 | ms/batch 2758.49 | loss  2.40 | avg loss  2.44 | ppl 11.52
| epoch   2 step     7000 |   1742 batches | lr 0.0005 | ms/batch 2617.70 | loss  2.63 | avg loss  2.51 | ppl 12.27
saving checkpoint ./trained_models/GPT2_M/e2e/model.7000.pt
| epoch   2 step     7100 |   1842 batches | lr 0.0005 | ms/batch 2993.41 | loss  2.65 | avg loss  2.49 | ppl 12.02
| epoch   2 step     7200 |   1942 batches | lr 0.0005 | ms/batch 2505.24 | loss  2.55 | avg loss  2.49 | ppl 12.09
| epoch   2 step     7300 |   2042 batches | lr 0.0005 | ms/batch 2729.45 | loss  2.32 | avg loss  2.47 | ppl 11.83
| epoch   2 step     7400 |   2142 batches | lr 0.0005 | ms/batch 2919.83 | loss  2.82 | avg loss  2.46 | ppl 11.74
| epoch   2 step     7500 |   2242 batches | lr 0.0005 | ms/batch 2770.33 | loss  2.66 | avg loss  2.51 | ppl 12.35
| epoch   2 step     7600 |   2342 batches | lr 0.0005 | ms/batch 3014.88 | loss  2.29 | avg loss  2.47 | ppl 11.87
| epoch   2 step     7700 |   2442 batches | lr 0.0005 | ms/batch 2777.91 | loss  2.79 | avg loss  2.48 | ppl 11.92
| epoch   2 step     7800 |   2542 batches | lr 0.0005 | ms/batch 2591.76 | loss  2.55 | avg loss  2.46 | ppl 11.69
| epoch   2 step     7900 |   2642 batches | lr 0.0005 | ms/batch 2774.51 | loss  2.82 | avg loss  2.50 | ppl 12.24
| epoch   2 step     8000 |   2742 batches | lr 0.0005 | ms/batch 2626.04 | loss  2.53 | avg loss  2.52 | ppl 12.48
saving checkpoint ./trained_models/GPT2_M/e2e/model.8000.pt
eval samples: 0 loss: tensor(1.1808, device='cuda:0')
eval samples: 100 loss: tensor(0.9005, device='cuda:0')
eval samples: 200 loss: tensor(1.2460, device='cuda:0')
eval samples: 300 loss: tensor(1.0989, device='cuda:0')
eval samples: 400 loss: tensor(0.8518, device='cuda:0')
eval samples: 500 loss: tensor(0.5824, device='cuda:0')
eval samples: 600 loss: tensor(1.2111, device='cuda:0')
eval samples: 700 loss: tensor(0.6858, device='cuda:0')
eval samples: 800 loss: tensor(1.1687, device='cuda:0')
eval samples: 900 loss: tensor(1.7619, device='cuda:0')
eval samples: 1000 loss: tensor(0.8787, device='cuda:0')
eval samples: 1100 loss: tensor(1.5585, device='cuda:0')
average loss 1.201625726504685
----------------------------------------------------------------------------------------------------
| Eval   4 at step     8000 | time: 365.63s | valid loss  1.20 | valid ppl  3.33 | best ppl  3.33 
----------------------------------------------------------------------------------------------------
| epoch   2 step     8100 |   2842 batches | lr 0.0005 | ms/batch 6722.80 | loss  2.35 | avg loss  2.48 | ppl 11.92
| epoch   2 step     8200 |   2942 batches | lr 0.0005 | ms/batch 2791.53 | loss  2.56 | avg loss  2.53 | ppl 12.59
| epoch   2 step     8300 |   3042 batches | lr 0.0005 | ms/batch 2949.74 | loss  2.36 | avg loss  2.49 | ppl 12.10
| epoch   2 step     8400 |   3142 batches | lr 0.0005 | ms/batch 2609.05 | loss  2.51 | avg loss  2.49 | ppl 12.02
| epoch   2 step     8500 |   3242 batches | lr 0.0005 | ms/batch 2753.73 | loss  2.40 | avg loss  2.49 | ppl 12.11
| epoch   2 step     8600 |   3342 batches | lr 0.0005 | ms/batch 2905.24 | loss  2.42 | avg loss  2.48 | ppl 11.89
| epoch   2 step     8700 |   3442 batches | lr 0.0005 | ms/batch 2868.10 | loss  2.83 | avg loss  2.48 | ppl 11.92
| epoch   2 step     8800 |   3542 batches | lr 0.0005 | ms/batch 2721.53 | loss  2.38 | avg loss  2.48 | ppl 11.90
| epoch   2 step     8900 |   3642 batches | lr 0.0005 | ms/batch 2525.59 | loss  2.55 | avg loss  2.50 | ppl 12.21
| epoch   2 step     9000 |   3742 batches | lr 0.0005 | ms/batch 2752.66 | loss  2.49 | avg loss  2.49 | ppl 12.11
saving checkpoint ./trained_models/GPT2_M/e2e/model.9000.pt
| epoch   2 step     9100 |   3842 batches | lr 0.0005 | ms/batch 2999.50 | loss  2.41 | avg loss  2.49 | ppl 12.08
| epoch   2 step     9200 |   3942 batches | lr 0.0005 | ms/batch 2771.99 | loss  2.58 | avg loss  2.49 | ppl 12.08
| epoch   2 step     9300 |   4042 batches | lr 0.0005 | ms/batch 2803.24 | loss  2.45 | avg loss  2.51 | ppl 12.25
| epoch   2 step     9400 |   4142 batches | lr 0.0005 | ms/batch 2647.53 | loss  2.52 | avg loss  2.49 | ppl 12.11
| epoch   2 step     9500 |   4242 batches | lr 0.0005 | ms/batch 2812.78 | loss  2.49 | avg loss  2.50 | ppl 12.13
| epoch   2 step     9600 |   4342 batches | lr 0.0005 | ms/batch 2625.41 | loss  2.84 | avg loss  2.50 | ppl 12.19
| epoch   2 step     9700 |   4442 batches | lr 0.0005 | ms/batch 2728.24 | loss  2.23 | avg loss  2.48 | ppl 11.99
| epoch   2 step     9800 |   4542 batches | lr 0.0005 | ms/batch 2730.72 | loss  2.46 | avg loss  2.48 | ppl 11.98
| epoch   2 step     9900 |   4642 batches | lr 0.0005 | ms/batch 2716.47 | loss  2.16 | avg loss  2.47 | ppl 11.87
| epoch   2 step    10000 |   4742 batches | lr 0.0005 | ms/batch 2784.87 | loss  2.63 | avg loss  2.51 | ppl 12.28
saving checkpoint ./trained_models/GPT2_M/e2e/model.10000.pt
eval samples: 0 loss: tensor(1.2160, device='cuda:0')
eval samples: 100 loss: tensor(0.9297, device='cuda:0')
eval samples: 200 loss: tensor(1.2433, device='cuda:0')
eval samples: 300 loss: tensor(1.1652, device='cuda:0')
eval samples: 400 loss: tensor(0.9234, device='cuda:0')
eval samples: 500 loss: tensor(0.6595, device='cuda:0')
eval samples: 600 loss: tensor(1.3710, device='cuda:0')
eval samples: 700 loss: tensor(0.6878, device='cuda:0')
eval samples: 800 loss: tensor(1.2676, device='cuda:0')
eval samples: 900 loss: tensor(1.7184, device='cuda:0')
eval samples: 1000 loss: tensor(0.9641, device='cuda:0')
eval samples: 1100 loss: tensor(1.6375, device='cuda:0')
average loss 1.249670550737479
----------------------------------------------------------------------------------------------------
| Eval   5 at step    10000 | time: 365.05s | valid loss  1.25 | valid ppl  3.49 | best ppl  3.33 
----------------------------------------------------------------------------------------------------
| epoch   2 step    10100 |   4842 batches | lr 0.0005 | ms/batch 6421.06 | loss  2.33 | avg loss  2.50 | ppl 12.14
| epoch   2 step    10200 |   4942 batches | lr 0.0005 | ms/batch 2695.62 | loss  2.45 | avg loss  2.50 | ppl 12.17
| epoch   2 step    10300 |   5042 batches | lr 0.0005 | ms/batch 2529.90 | loss  2.80 | avg loss  2.48 | ppl 11.95
| epoch   2 step    10400 |   5142 batches | lr 0.0005 | ms/batch 2585.56 | loss  2.67 | avg loss  2.48 | ppl 11.96
| epoch   2 step    10500 |   5242 batches | lr 0.0005 | ms/batch 2831.49 | loss  2.37 | avg loss  2.46 | ppl 11.74
saving checkpoint ./trained_models/GPT2_M/e2e/model.10516.pt
start to train the model................ 3
| epoch   3 step    10600 |     84 batches | lr 0.0005 | ms/batch 2115.82 | loss  2.16 | avg loss  2.46 | ppl 11.76
| epoch   3 step    10700 |    184 batches | lr 0.0005 | ms/batch 2832.53 | loss  2.50 | avg loss  2.47 | ppl 11.86
| epoch   3 step    10800 |    284 batches | lr 0.0005 | ms/batch 2915.42 | loss  2.66 | avg loss  2.46 | ppl 11.75
| epoch   3 step    10900 |    384 batches | lr 0.0005 | ms/batch 2840.81 | loss  2.81 | avg loss  2.46 | ppl 11.75
| epoch   3 step    11000 |    484 batches | lr 0.0005 | ms/batch 3005.48 | loss  2.63 | avg loss  2.46 | ppl 11.75
saving checkpoint ./trained_models/GPT2_M/e2e/model.11000.pt
| epoch   3 step    11100 |    584 batches | lr 0.0005 | ms/batch 3152.80 | loss  2.59 | avg loss  2.52 | ppl 12.47
| epoch   3 step    11200 |    684 batches | lr 0.0005 | ms/batch 2889.29 | loss  2.48 | avg loss  2.47 | ppl 11.79
| epoch   3 step    11300 |    784 batches | lr 0.0005 | ms/batch 2673.53 | loss  2.49 | avg loss  2.49 | ppl 12.02
| epoch   3 step    11400 |    884 batches | lr 0.0005 | ms/batch 2418.72 | loss  2.33 | avg loss  2.48 | ppl 11.92
| epoch   3 step    11500 |    984 batches | lr 0.0005 | ms/batch 2979.78 | loss  2.21 | avg loss  2.48 | ppl 11.96
| epoch   3 step    11600 |   1084 batches | lr 0.0005 | ms/batch 3044.76 | loss  2.17 | avg loss  2.45 | ppl 11.53
| epoch   3 step    11700 |   1184 batches | lr 0.0005 | ms/batch 2510.90 | loss  2.33 | avg loss  2.46 | ppl 11.71
| epoch   3 step    11800 |   1284 batches | lr 0.0005 | ms/batch 2921.77 | loss  2.46 | avg loss  2.44 | ppl 11.45
| epoch   3 step    11900 |   1384 batches | lr 0.0005 | ms/batch 2677.06 | loss  2.37 | avg loss  2.46 | ppl 11.65
| epoch   3 step    12000 |   1484 batches | lr 0.0005 | ms/batch 2675.72 | loss  2.51 | avg loss  2.47 | ppl 11.82
saving checkpoint ./trained_models/GPT2_M/e2e/model.12000.pt
eval samples: 0 loss: tensor(1.1885, device='cuda:0')
eval samples: 100 loss: tensor(0.8500, device='cuda:0')
eval samples: 200 loss: tensor(1.2813, device='cuda:0')
eval samples: 300 loss: tensor(1.1488, device='cuda:0')
eval samples: 400 loss: tensor(0.9342, device='cuda:0')
eval samples: 500 loss: tensor(0.6365, device='cuda:0')
eval samples: 600 loss: tensor(1.2406, device='cuda:0')
eval samples: 700 loss: tensor(0.6580, device='cuda:0')
eval samples: 800 loss: tensor(1.2266, device='cuda:0')
eval samples: 900 loss: tensor(1.7648, device='cuda:0')
eval samples: 1000 loss: tensor(0.9617, device='cuda:0')
eval samples: 1100 loss: tensor(1.5443, device='cuda:0')
average loss 1.216847203365744
----------------------------------------------------------------------------------------------------
| Eval   6 at step    12000 | time: 366.55s | valid loss  1.22 | valid ppl  3.38 | best ppl  3.38 
----------------------------------------------------------------------------------------------------
| epoch   3 step    12100 |   1584 batches | lr 0.0005 | ms/batch 6806.84 | loss  2.44 | avg loss  2.49 | ppl 12.03
| epoch   3 step    12200 |   1684 batches | lr 0.0005 | ms/batch 2910.08 | loss  2.31 | avg loss  2.50 | ppl 12.17
| epoch   3 step    12300 |   1784 batches | lr 0.0005 | ms/batch 2772.03 | loss  2.50 | avg loss  2.48 | ppl 12.00
| epoch   3 step    12400 |   1884 batches | lr 0.0005 | ms/batch 2825.14 | loss  2.55 | avg loss  2.45 | ppl 11.56
| epoch   3 step    12500 |   1984 batches | lr 0.0005 | ms/batch 2999.54 | loss  2.73 | avg loss  2.48 | ppl 11.89
| epoch   3 step    12600 |   2084 batches | lr 0.0005 | ms/batch 2700.67 | loss  2.70 | avg loss  2.41 | ppl 11.17
| epoch   3 step    12700 |   2184 batches | lr 0.0005 | ms/batch 2814.97 | loss  2.30 | avg loss  2.46 | ppl 11.74
| epoch   3 step    12800 |   2284 batches | lr 0.0005 | ms/batch 2893.88 | loss  2.59 | avg loss  2.48 | ppl 12.00
| epoch   3 step    12900 |   2384 batches | lr 0.0005 | ms/batch 2653.38 | loss  2.34 | avg loss  2.48 | ppl 11.88
| epoch   3 step    13000 |   2484 batches | lr 0.0005 | ms/batch 2689.93 | loss  2.95 | avg loss  2.50 | ppl 12.21
saving checkpoint ./trained_models/GPT2_M/e2e/model.13000.pt
| epoch   3 step    13100 |   2584 batches | lr 0.0005 | ms/batch 2970.38 | loss  2.35 | avg loss  2.45 | ppl 11.61
| epoch   3 step    13200 |   2684 batches | lr 0.0005 | ms/batch 2749.44 | loss  2.33 | avg loss  2.51 | ppl 12.29
| epoch   3 step    13300 |   2784 batches | lr 0.0005 | ms/batch 2677.11 | loss  2.38 | avg loss  2.45 | ppl 11.60
| epoch   3 step    13400 |   2884 batches | lr 0.0005 | ms/batch 2935.70 | loss  2.57 | avg loss  2.46 | ppl 11.65
| epoch   3 step    13500 |   2984 batches | lr 0.0005 | ms/batch 3021.32 | loss  2.87 | avg loss  2.50 | ppl 12.13
| epoch   3 step    13600 |   3084 batches | lr 0.0005 | ms/batch 2615.38 | loss  2.23 | avg loss  2.48 | ppl 11.99
| epoch   3 step    13700 |   3184 batches | lr 0.0005 | ms/batch 2839.52 | loss  2.69 | avg loss  2.52 | ppl 12.49
| epoch   3 step    13800 |   3284 batches | lr 0.0005 | ms/batch 2648.65 | loss  2.21 | avg loss  2.45 | ppl 11.57
| epoch   3 step    13900 |   3384 batches | lr 0.0005 | ms/batch 2989.70 | loss  2.83 | avg loss  2.50 | ppl 12.14
| epoch   3 step    14000 |   3484 batches | lr 0.0005 | ms/batch 2911.91 | loss  2.59 | avg loss  2.51 | ppl 12.32
saving checkpoint ./trained_models/GPT2_M/e2e/model.14000.pt
eval samples: 0 loss: tensor(1.0605, device='cuda:0')
eval samples: 100 loss: tensor(0.8740, device='cuda:0')
eval samples: 200 loss: tensor(1.2872, device='cuda:0')
eval samples: 300 loss: tensor(1.1881, device='cuda:0')
eval samples: 400 loss: tensor(0.9064, device='cuda:0')
eval samples: 500 loss: tensor(0.5687, device='cuda:0')
eval samples: 600 loss: tensor(1.2953, device='cuda:0')
eval samples: 700 loss: tensor(0.7165, device='cuda:0')
eval samples: 800 loss: tensor(1.1426, device='cuda:0')
eval samples: 900 loss: tensor(1.7495, device='cuda:0')
eval samples: 1000 loss: tensor(0.9280, device='cuda:0')
eval samples: 1100 loss: tensor(1.6603, device='cuda:0')
average loss 1.2127129099497649
----------------------------------------------------------------------------------------------------
| Eval   7 at step    14000 | time: 364.63s | valid loss  1.21 | valid ppl  3.36 | best ppl  3.36 
----------------------------------------------------------------------------------------------------
| epoch   3 step    14100 |   3584 batches | lr 0.0005 | ms/batch 6511.92 | loss  2.57 | avg loss  2.43 | ppl 11.41
| epoch   3 step    14200 |   3684 batches | lr 0.0005 | ms/batch 2869.05 | loss  2.44 | avg loss  2.45 | ppl 11.63
| epoch   3 step    14300 |   3784 batches | lr 0.0005 | ms/batch 2900.02 | loss  2.75 | avg loss  2.46 | ppl 11.65
| epoch   3 step    14400 |   3884 batches | lr 0.0005 | ms/batch 2694.27 | loss  2.24 | avg loss  2.47 | ppl 11.83
| epoch   3 step    14500 |   3984 batches | lr 0.0005 | ms/batch 2615.15 | loss  2.31 | avg loss  2.48 | ppl 11.99
| epoch   3 step    14600 |   4084 batches | lr 0.0005 | ms/batch 2719.46 | loss  2.51 | avg loss  2.49 | ppl 12.12
| epoch   3 step    14700 |   4184 batches | lr 0.0005 | ms/batch 2876.31 | loss  2.41 | avg loss  2.46 | ppl 11.69
| epoch   3 step    14800 |   4284 batches | lr 0.0005 | ms/batch 2882.93 | loss  2.48 | avg loss  2.50 | ppl 12.17
| epoch   3 step    14900 |   4384 batches | lr 0.0005 | ms/batch 2996.58 | loss  2.46 | avg loss  2.47 | ppl 11.80
| epoch   3 step    15000 |   4484 batches | lr 0.0005 | ms/batch 2729.74 | loss  2.79 | avg loss  2.50 | ppl 12.18
saving checkpoint ./trained_models/GPT2_M/e2e/model.15000.pt
| epoch   3 step    15100 |   4584 batches | lr 0.0005 | ms/batch 2977.61 | loss  2.26 | avg loss  2.47 | ppl 11.82
| epoch   3 step    15200 |   4684 batches | lr 0.0005 | ms/batch 2737.71 | loss  2.48 | avg loss  2.46 | ppl 11.73
| epoch   3 step    15300 |   4784 batches | lr 0.0005 | ms/batch 2743.31 | loss  2.41 | avg loss  2.51 | ppl 12.26
| epoch   3 step    15400 |   4884 batches | lr 0.0005 | ms/batch 2856.16 | loss  2.32 | avg loss  2.49 | ppl 12.01
| epoch   3 step    15500 |   4984 batches | lr 0.0005 | ms/batch 2663.95 | loss  2.43 | avg loss  2.48 | ppl 11.97
| epoch   3 step    15600 |   5084 batches | lr 0.0005 | ms/batch 2501.74 | loss  2.52 | avg loss  2.47 | ppl 11.87
| epoch   3 step    15700 |   5184 batches | lr 0.0005 | ms/batch 2707.04 | loss  2.46 | avg loss  2.45 | ppl 11.58
saving checkpoint ./trained_models/GPT2_M/e2e/model.15774.pt
start to train the model................ 4
| epoch   4 step    15800 |     26 batches | lr 0.0005 | ms/batch 446.69 | loss  2.30 | avg loss  2.43 | ppl 11.38
| epoch   4 step    15900 |    126 batches | lr 0.0005 | ms/batch 2698.08 | loss  2.33 | avg loss  2.45 | ppl 11.54
| epoch   4 step    16000 |    226 batches | lr 0.0005 | ms/batch 2704.51 | loss  2.50 | avg loss  2.47 | ppl 11.87
saving checkpoint ./trained_models/GPT2_M/e2e/model.16000.pt
eval samples: 0 loss: tensor(1.1855, device='cuda:0')
eval samples: 100 loss: tensor(0.8875, device='cuda:0')
eval samples: 200 loss: tensor(1.2095, device='cuda:0')
eval samples: 300 loss: tensor(1.1320, device='cuda:0')
eval samples: 400 loss: tensor(0.9266, device='cuda:0')
eval samples: 500 loss: tensor(0.5956, device='cuda:0')
eval samples: 600 loss: tensor(1.2665, device='cuda:0')
eval samples: 700 loss: tensor(0.6671, device='cuda:0')
eval samples: 800 loss: tensor(1.2449, device='cuda:0')
eval samples: 900 loss: tensor(1.7783, device='cuda:0')
eval samples: 1000 loss: tensor(0.9457, device='cuda:0')
eval samples: 1100 loss: tensor(1.6056, device='cuda:0')
average loss 1.2244833390904617
----------------------------------------------------------------------------------------------------
| Eval   8 at step    16000 | time: 360.41s | valid loss  1.22 | valid ppl  3.40 | best ppl  3.40 
----------------------------------------------------------------------------------------------------
| epoch   4 step    16100 |    326 batches | lr 0.0005 | ms/batch 6106.71 | loss  2.63 | avg loss  2.44 | ppl 11.49
| epoch   4 step    16200 |    426 batches | lr 0.0005 | ms/batch 2946.95 | loss  2.44 | avg loss  2.46 | ppl 11.66
| epoch   4 step    16300 |    526 batches | lr 0.0005 | ms/batch 2823.57 | loss  2.77 | avg loss  2.44 | ppl 11.48
| epoch   4 step    16400 |    626 batches | lr 0.0005 | ms/batch 2940.68 | loss  2.87 | avg loss  2.45 | ppl 11.64
| epoch   4 step    16500 |    726 batches | lr 0.0005 | ms/batch 2634.11 | loss  2.61 | avg loss  2.48 | ppl 11.92
| epoch   4 step    16600 |    826 batches | lr 0.0005 | ms/batch 2771.53 | loss  2.70 | avg loss  2.45 | ppl 11.62
| epoch   4 step    16700 |    926 batches | lr 0.0005 | ms/batch 2897.56 | loss  2.61 | avg loss  2.46 | ppl 11.75
| epoch   4 step    16800 |   1026 batches | lr 0.0005 | ms/batch 2650.79 | loss  2.46 | avg loss  2.46 | ppl 11.75
| epoch   4 step    16900 |   1126 batches | lr 0.0005 | ms/batch 2784.30 | loss  2.14 | avg loss  2.44 | ppl 11.42
| epoch   4 step    17000 |   1226 batches | lr 0.0005 | ms/batch 2814.86 | loss  2.32 | avg loss  2.44 | ppl 11.46
saving checkpoint ./trained_models/GPT2_M/e2e/model.17000.pt
| epoch   4 step    17100 |   1326 batches | lr 0.0005 | ms/batch 2796.18 | loss  2.65 | avg loss  2.49 | ppl 12.05
| epoch   4 step    17200 |   1426 batches | lr 0.0005 | ms/batch 2865.73 | loss  2.40 | avg loss  2.44 | ppl 11.44
| epoch   4 step    17300 |   1526 batches | lr 0.0005 | ms/batch 2722.05 | loss  2.34 | avg loss  2.47 | ppl 11.87
| epoch   4 step    17400 |   1626 batches | lr 0.0005 | ms/batch 2830.32 | loss  2.25 | avg loss  2.48 | ppl 11.89
| epoch   4 step    17500 |   1726 batches | lr 0.0005 | ms/batch 2873.30 | loss  2.81 | avg loss  2.47 | ppl 11.84
| epoch   4 step    17600 |   1826 batches | lr 0.0005 | ms/batch 2885.46 | loss  2.79 | avg loss  2.48 | ppl 11.98
| epoch   4 step    17700 |   1926 batches | lr 0.0005 | ms/batch 2756.46 | loss  2.36 | avg loss  2.46 | ppl 11.66
| epoch   4 step    17800 |   2026 batches | lr 0.0005 | ms/batch 2736.97 | loss  2.67 | avg loss  2.49 | ppl 12.09
| epoch   4 step    17900 |   2126 batches | lr 0.0005 | ms/batch 2824.77 | loss  2.48 | avg loss  2.46 | ppl 11.66
| epoch   4 step    18000 |   2226 batches | lr 0.0005 | ms/batch 2719.87 | loss  2.95 | avg loss  2.46 | ppl 11.71
saving checkpoint ./trained_models/GPT2_M/e2e/model.18000.pt
eval samples: 0 loss: tensor(1.1604, device='cuda:0')
eval samples: 100 loss: tensor(0.8752, device='cuda:0')
eval samples: 200 loss: tensor(1.2989, device='cuda:0')
eval samples: 300 loss: tensor(1.1058, device='cuda:0')
eval samples: 400 loss: tensor(0.9201, device='cuda:0')
eval samples: 500 loss: tensor(0.6583, device='cuda:0')
eval samples: 600 loss: tensor(1.2793, device='cuda:0')
eval samples: 700 loss: tensor(0.7116, device='cuda:0')
eval samples: 800 loss: tensor(1.1530, device='cuda:0')
eval samples: 900 loss: tensor(1.7715, device='cuda:0')
eval samples: 1000 loss: tensor(0.9388, device='cuda:0')
eval samples: 1100 loss: tensor(1.5816, device='cuda:0')
average loss 1.2334484185717285
----------------------------------------------------------------------------------------------------
| Eval   9 at step    18000 | time: 355.84s | valid loss  1.23 | valid ppl  3.43 | best ppl  3.40 
----------------------------------------------------------------------------------------------------
| epoch   4 step    18100 |   2326 batches | lr 0.0005 | ms/batch 6310.34 | loss  2.62 | avg loss  2.45 | ppl 11.56
| epoch   4 step    18200 |   2426 batches | lr 0.0005 | ms/batch 2962.63 | loss  2.40 | avg loss  2.47 | ppl 11.85
| epoch   4 step    18300 |   2526 batches | lr 0.0005 | ms/batch 2669.71 | loss  2.36 | avg loss  2.47 | ppl 11.87
| epoch   4 step    18400 |   2626 batches | lr 0.0005 | ms/batch 2984.03 | loss  2.61 | avg loss  2.45 | ppl 11.58
| epoch   4 step    18500 |   2726 batches | lr 0.0005 | ms/batch 2677.64 | loss  2.54 | avg loss  2.44 | ppl 11.50
| epoch   4 step    18600 |   2826 batches | lr 0.0005 | ms/batch 2517.27 | loss  2.25 | avg loss  2.48 | ppl 11.94
| epoch   4 step    18700 |   2926 batches | lr 0.0005 | ms/batch 2983.20 | loss  2.23 | avg loss  2.44 | ppl 11.47
| epoch   4 step    18800 |   3026 batches | lr 0.0005 | ms/batch 2905.89 | loss  2.23 | avg loss  2.48 | ppl 11.94
| epoch   4 step    18900 |   3126 batches | lr 0.0005 | ms/batch 2723.00 | loss  2.45 | avg loss  2.47 | ppl 11.80
| epoch   4 step    19000 |   3226 batches | lr 0.0005 | ms/batch 2723.47 | loss  2.85 | avg loss  2.48 | ppl 11.91
saving checkpoint ./trained_models/GPT2_M/e2e/model.19000.pt
| epoch   4 step    19100 |   3326 batches | lr 0.0005 | ms/batch 2986.38 | loss  2.71 | avg loss  2.45 | ppl 11.61
| epoch   4 step    19200 |   3426 batches | lr 0.0005 | ms/batch 2608.22 | loss  2.57 | avg loss  2.44 | ppl 11.49
| epoch   4 step    19300 |   3526 batches | lr 0.0005 | ms/batch 2741.62 | loss  2.51 | avg loss  2.48 | ppl 11.95
| epoch   4 step    19400 |   3626 batches | lr 0.0005 | ms/batch 2872.43 | loss  2.53 | avg loss  2.47 | ppl 11.77
| epoch   4 step    19500 |   3726 batches | lr 0.0005 | ms/batch 2675.14 | loss  2.22 | avg loss  2.46 | ppl 11.71
| epoch   4 step    19600 |   3826 batches | lr 0.0005 | ms/batch 2649.94 | loss  2.66 | avg loss  2.47 | ppl 11.85
| epoch   4 step    19700 |   3926 batches | lr 0.0005 | ms/batch 3049.02 | loss  2.59 | avg loss  2.47 | ppl 11.77
| epoch   4 step    19800 |   4026 batches | lr 0.0005 | ms/batch 2816.95 | loss  2.47 | avg loss  2.48 | ppl 11.91
| epoch   4 step    19900 |   4126 batches | lr 0.0005 | ms/batch 2886.08 | loss  2.30 | avg loss  2.51 | ppl 12.27
| epoch   4 step    20000 |   4226 batches | lr 0.0005 | ms/batch 2802.86 | loss  2.43 | avg loss  2.48 | ppl 11.91
saving checkpoint ./trained_models/GPT2_M/e2e/model.20000.pt
eval samples: 0 loss: tensor(1.2085, device='cuda:0')
eval samples: 100 loss: tensor(0.9107, device='cuda:0')
eval samples: 200 loss: tensor(1.3333, device='cuda:0')
eval samples: 300 loss: tensor(1.0980, device='cuda:0')
eval samples: 400 loss: tensor(0.8893, device='cuda:0')
eval samples: 500 loss: tensor(0.6308, device='cuda:0')
eval samples: 600 loss: tensor(1.2773, device='cuda:0')
eval samples: 700 loss: tensor(0.6593, device='cuda:0')
eval samples: 800 loss: tensor(1.1546, device='cuda:0')
eval samples: 900 loss: tensor(1.8002, device='cuda:0')
eval samples: 1000 loss: tensor(0.9578, device='cuda:0')
eval samples: 1100 loss: tensor(1.4977, device='cuda:0')
average loss 1.2168951599718365
----------------------------------------------------------------------------------------------------
| Eval  10 at step    20000 | time: 353.91s | valid loss  1.22 | valid ppl  3.38 | best ppl  3.38 
----------------------------------------------------------------------------------------------------
| epoch   4 step    20100 |   4326 batches | lr 0.0005 | ms/batch 6141.23 | loss  2.36 | avg loss  2.46 | ppl 11.73
| epoch   4 step    20200 |   4426 batches | lr 0.0005 | ms/batch 2835.70 | loss  2.55 | avg loss  2.47 | ppl 11.85
| epoch   4 step    20300 |   4526 batches | lr 0.0005 | ms/batch 2740.78 | loss  2.46 | avg loss  2.50 | ppl 12.14
| epoch   4 step    20400 |   4626 batches | lr 0.0005 | ms/batch 2886.06 | loss  2.42 | avg loss  2.47 | ppl 11.87
| epoch   4 step    20500 |   4726 batches | lr 0.0005 | ms/batch 2757.82 | loss  2.67 | avg loss  2.45 | ppl 11.62
| epoch   4 step    20600 |   4826 batches | lr 0.0005 | ms/batch 2768.18 | loss  2.62 | avg loss  2.50 | ppl 12.18
| epoch   4 step    20700 |   4926 batches | lr 0.0005 | ms/batch 2644.64 | loss  2.55 | avg loss  2.47 | ppl 11.77
| epoch   4 step    20800 |   5026 batches | lr 0.0005 | ms/batch 2952.61 | loss  2.28 | avg loss  2.48 | ppl 11.99
| epoch   4 step    20900 |   5126 batches | lr 0.0005 | ms/batch 3007.55 | loss  2.40 | avg loss  2.45 | ppl 11.64
| epoch   4 step    21000 |   5226 batches | lr 0.0005 | ms/batch 2802.02 | loss  2.27 | avg loss  2.46 | ppl 11.75
saving checkpoint ./trained_models/GPT2_M/e2e/model.21000.pt
saving checkpoint ./trained_models/GPT2_M/e2e/model.21032.pt
start to train the model................ 5
| epoch   5 step    21100 |     68 batches | lr 0.0005 | ms/batch 1620.17 | loss  2.64 | avg loss  2.47 | ppl 11.85
| epoch   5 step    21200 |    168 batches | lr 0.0005 | ms/batch 2747.42 | loss  2.54 | avg loss  2.41 | ppl 11.12
| epoch   5 step    21300 |    268 batches | lr 0.0005 | ms/batch 2722.20 | loss  2.23 | avg loss  2.46 | ppl 11.75
| epoch   5 step    21400 |    368 batches | lr 0.0005 | ms/batch 2754.25 | loss  2.57 | avg loss  2.45 | ppl 11.64
| epoch   5 step    21500 |    468 batches | lr 0.0005 | ms/batch 2874.56 | loss  2.59 | avg loss  2.47 | ppl 11.78
| epoch   5 step    21600 |    568 batches | lr 0.0005 | ms/batch 2708.47 | loss  2.77 | avg loss  2.42 | ppl 11.25
| epoch   5 step    21700 |    668 batches | lr 0.0005 | ms/batch 2800.09 | loss  2.84 | avg loss  2.47 | ppl 11.78
| epoch   5 step    21800 |    768 batches | lr 0.0005 | ms/batch 2965.87 | loss  2.40 | avg loss  2.48 | ppl 11.91
| epoch   5 step    21900 |    868 batches | lr 0.0005 | ms/batch 2751.27 | loss  2.70 | avg loss  2.46 | ppl 11.69
| epoch   5 step    22000 |    968 batches | lr 0.0005 | ms/batch 2754.37 | loss  2.31 | avg loss  2.40 | ppl 11.06
saving checkpoint ./trained_models/GPT2_M/e2e/model.22000.pt
eval samples: 0 loss: tensor(1.1942, device='cuda:0')
eval samples: 100 loss: tensor(0.8835, device='cuda:0')
eval samples: 200 loss: tensor(1.3447, device='cuda:0')
eval samples: 300 loss: tensor(1.1270, device='cuda:0')
eval samples: 400 loss: tensor(0.8344, device='cuda:0')
eval samples: 500 loss: tensor(0.6116, device='cuda:0')
eval samples: 600 loss: tensor(1.2845, device='cuda:0')
eval samples: 700 loss: tensor(0.6884, device='cuda:0')
eval samples: 800 loss: tensor(1.1840, device='cuda:0')
eval samples: 900 loss: tensor(1.6809, device='cuda:0')
eval samples: 1000 loss: tensor(0.9338, device='cuda:0')
eval samples: 1100 loss: tensor(1.6641, device='cuda:0')
average loss 1.214045404112094
----------------------------------------------------------------------------------------------------
| Eval  11 at step    22000 | time: 364.64s | valid loss  1.21 | valid ppl  3.37 | best ppl  3.37 
----------------------------------------------------------------------------------------------------
| epoch   5 step    22100 |   1068 batches | lr 0.0005 | ms/batch 6501.22 | loss  2.56 | avg loss  2.44 | ppl 11.45
| epoch   5 step    22200 |   1168 batches | lr 0.0005 | ms/batch 2956.12 | loss  2.86 | avg loss  2.46 | ppl 11.68
| epoch   5 step    22300 |   1268 batches | lr 0.0005 | ms/batch 2701.08 | loss  2.32 | avg loss  2.47 | ppl 11.85
| epoch   5 step    22400 |   1368 batches | lr 0.0005 | ms/batch 2834.21 | loss  2.26 | avg loss  2.42 | ppl 11.23
| epoch   5 step    22500 |   1468 batches | lr 0.0005 | ms/batch 2752.52 | loss  2.60 | avg loss  2.46 | ppl 11.74
| epoch   5 step    22600 |   1568 batches | lr 0.0005 | ms/batch 2930.90 | loss  2.70 | avg loss  2.46 | ppl 11.75
| epoch   5 step    22700 |   1668 batches | lr 0.0005 | ms/batch 2629.33 | loss  2.33 | avg loss  2.45 | ppl 11.63
| epoch   5 step    22800 |   1768 batches | lr 0.0005 | ms/batch 2753.36 | loss  2.30 | avg loss  2.47 | ppl 11.83
| epoch   5 step    22900 |   1868 batches | lr 0.0005 | ms/batch 2829.79 | loss  2.76 | avg loss  2.50 | ppl 12.16
| epoch   5 step    23000 |   1968 batches | lr 0.0005 | ms/batch 2562.01 | loss  2.35 | avg loss  2.45 | ppl 11.55
saving checkpoint ./trained_models/GPT2_M/e2e/model.23000.pt
| epoch   5 step    23100 |   2068 batches | lr 0.0005 | ms/batch 3064.15 | loss  2.54 | avg loss  2.49 | ppl 12.00
| epoch   5 step    23200 |   2168 batches | lr 0.0005 | ms/batch 2492.34 | loss  2.59 | avg loss  2.45 | ppl 11.57
| epoch   5 step    23300 |   2268 batches | lr 0.0005 | ms/batch 2687.30 | loss  2.26 | avg loss  2.43 | ppl 11.41
| epoch   5 step    23400 |   2368 batches | lr 0.0005 | ms/batch 2889.86 | loss  2.37 | avg loss  2.46 | ppl 11.71
| epoch   5 step    23500 |   2468 batches | lr 0.0005 | ms/batch 2621.46 | loss  2.27 | avg loss  2.44 | ppl 11.42
| epoch   5 step    23600 |   2568 batches | lr 0.0005 | ms/batch 2845.04 | loss  2.18 | avg loss  2.45 | ppl 11.64
| epoch   5 step    23700 |   2668 batches | lr 0.0005 | ms/batch 2824.54 | loss  2.33 | avg loss  2.43 | ppl 11.32
| epoch   5 step    23800 |   2768 batches | lr 0.0005 | ms/batch 3038.13 | loss  2.50 | avg loss  2.47 | ppl 11.85
| epoch   5 step    23900 |   2868 batches | lr 0.0005 | ms/batch 2690.46 | loss  2.49 | avg loss  2.44 | ppl 11.50
| epoch   5 step    24000 |   2968 batches | lr 0.0005 | ms/batch 2883.23 | loss  2.31 | avg loss  2.47 | ppl 11.77
saving checkpoint ./trained_models/GPT2_M/e2e/model.24000.pt
eval samples: 0 loss: tensor(1.2221, device='cuda:0')
eval samples: 100 loss: tensor(0.9026, device='cuda:0')
eval samples: 200 loss: tensor(1.3145, device='cuda:0')
eval samples: 300 loss: tensor(1.1221, device='cuda:0')
eval samples: 400 loss: tensor(0.9010, device='cuda:0')
eval samples: 500 loss: tensor(0.6225, device='cuda:0')
eval samples: 600 loss: tensor(1.2624, device='cuda:0')
eval samples: 700 loss: tensor(0.6941, device='cuda:0')
eval samples: 800 loss: tensor(1.2282, device='cuda:0')
eval samples: 900 loss: tensor(1.6634, device='cuda:0')
eval samples: 1000 loss: tensor(0.9478, device='cuda:0')
eval samples: 1100 loss: tensor(1.6256, device='cuda:0')
average loss 1.232852276720821
----------------------------------------------------------------------------------------------------
| Eval  12 at step    24000 | time: 364.50s | valid loss  1.23 | valid ppl  3.43 | best ppl  3.37 
----------------------------------------------------------------------------------------------------
| epoch   5 step    24100 |   3068 batches | lr 0.0005 | ms/batch 6484.62 | loss  2.64 | avg loss  2.49 | ppl 12.11
| epoch   5 step    24200 |   3168 batches | lr 0.0005 | ms/batch 2814.51 | loss  2.63 | avg loss  2.42 | ppl 11.24
| epoch   5 step    24300 |   3268 batches | lr 0.0005 | ms/batch 2411.15 | loss  2.61 | avg loss  2.48 | ppl 11.95
| epoch   5 step    24400 |   3368 batches | lr 0.0005 | ms/batch 2784.01 | loss  2.60 | avg loss  2.46 | ppl 11.69
| epoch   5 step    24500 |   3468 batches | lr 0.0005 | ms/batch 2547.49 | loss  2.31 | avg loss  2.46 | ppl 11.72
| epoch   5 step    24600 |   3568 batches | lr 0.0005 | ms/batch 2940.41 | loss  2.54 | avg loss  2.46 | ppl 11.66
| epoch   5 step    24700 |   3668 batches | lr 0.0005 | ms/batch 2818.72 | loss  2.82 | avg loss  2.50 | ppl 12.16
| epoch   5 step    24800 |   3768 batches | lr 0.0005 | ms/batch 2763.26 | loss  2.83 | avg loss  2.46 | ppl 11.69
| epoch   5 step    24900 |   3868 batches | lr 0.0005 | ms/batch 2491.61 | loss  2.27 | avg loss  2.47 | ppl 11.78
| epoch   5 step    25000 |   3968 batches | lr 0.0005 | ms/batch 2786.70 | loss  2.37 | avg loss  2.47 | ppl 11.83
saving checkpoint ./trained_models/GPT2_M/e2e/model.25000.pt
| epoch   5 step    25100 |   4068 batches | lr 0.0005 | ms/batch 2635.46 | loss  2.60 | avg loss  2.45 | ppl 11.57
| epoch   5 step    25200 |   4168 batches | lr 0.0005 | ms/batch 2906.30 | loss  2.29 | avg loss  2.47 | ppl 11.85
| epoch   5 step    25300 |   4268 batches | lr 0.0005 | ms/batch 2995.02 | loss  2.40 | avg loss  2.44 | ppl 11.51
| epoch   5 step    25400 |   4368 batches | lr 0.0005 | ms/batch 2476.10 | loss  2.76 | avg loss  2.43 | ppl 11.42
| epoch   5 step    25500 |   4468 batches | lr 0.0005 | ms/batch 2654.37 | loss  2.51 | avg loss  2.47 | ppl 11.77
| epoch   5 step    25600 |   4568 batches | lr 0.0005 | ms/batch 2834.78 | loss  2.75 | avg loss  2.47 | ppl 11.84
| epoch   5 step    25700 |   4668 batches | lr 0.0005 | ms/batch 2918.53 | loss  2.80 | avg loss  2.52 | ppl 12.48
| epoch   5 step    25800 |   4768 batches | lr 0.0005 | ms/batch 2692.47 | loss  2.51 | avg loss  2.49 | ppl 12.06
| epoch   5 step    25900 |   4868 batches | lr 0.0005 | ms/batch 2870.92 | loss  2.34 | avg loss  2.46 | ppl 11.67
| epoch   5 step    26000 |   4968 batches | lr 0.0005 | ms/batch 2902.72 | loss  2.41 | avg loss  2.48 | ppl 11.95
saving checkpoint ./trained_models/GPT2_M/e2e/model.26000.pt
eval samples: 0 loss: tensor(1.2413, device='cuda:0')
eval samples: 100 loss: tensor(0.8549, device='cuda:0')
eval samples: 200 loss: tensor(1.3477, device='cuda:0')
eval samples: 300 loss: tensor(1.0797, device='cuda:0')
eval samples: 400 loss: tensor(0.9200, device='cuda:0')
eval samples: 500 loss: tensor(0.5796, device='cuda:0')
eval samples: 600 loss: tensor(1.2385, device='cuda:0')
eval samples: 700 loss: tensor(0.6619, device='cuda:0')
eval samples: 800 loss: tensor(1.2131, device='cuda:0')
eval samples: 900 loss: tensor(1.7132, device='cuda:0')
eval samples: 1000 loss: tensor(0.9506, device='cuda:0')
eval samples: 1100 loss: tensor(1.5942, device='cuda:0')
average loss 1.2159114657607797
----------------------------------------------------------------------------------------------------
| Eval  13 at step    26000 | time: 365.41s | valid loss  1.22 | valid ppl  3.37 | best ppl  3.37 
----------------------------------------------------------------------------------------------------
| epoch   5 step    26100 |   5068 batches | lr 0.0005 | ms/batch 6259.63 | loss  2.47 | avg loss  2.47 | ppl 11.80
| epoch   5 step    26200 |   5168 batches | lr 0.0005 | ms/batch 2788.25 | loss  2.54 | avg loss  2.45 | ppl 11.59
saving checkpoint ./trained_models/GPT2_M/e2e/model.26290.pt
----------------------------------------------------------------------------------------------------
End of training
cleanup dist ...
[rank0]:[W628 19:20:31.917951902 ProcessGroupNCCL.cpp:1479] Warning: WARNING: destroy_process_group() was not called before program exit, which can leak resources. For more info, please see https://pytorch.org/docs/stable/distributed.html#shutdown (function operator())
