nohup: ignoring input
myrank: 0 local_rank: 0 device_count: 1 world_size: 1
====================================================================================================
        - platform : local
        - local_rank : 0
        - rank : 0
        - device : cuda:0
        - world_size : 1
        - random_seed : 110
        - lr : 0.0002
        - weight_decay : 0.01
        - correct_bias : True
        - adam_epislon : 1e-06
        - no_decay_bias : False
        - adam_beta1 : 0.9
        - adam_beta2 : 0.999
        - scheduler : None
        - max_step : None
        - max_epoch : 5
        - warmup_step : 500
        - i_steps : 0
        - i_lrs : 0.00025
        - train_data : ./data/e2e/train.jsonl
        - valid_data : ./data/e2e/valid.jsonl
        - train_batch_size : 8
        - valid_batch_size : 4
        - grad_acc : 1
        - clip : 0.0
        - seq_len : 512
        - model_card : gpt2.md
        - init_checkpoint : ./pretrained_checkpoints/gpt2-medium-pytorch_model.bin
        - fp16 : False
        - log_interval : 100
        - eval_interval : 2000
        - save_interval : 1000
        - work_dir : ./trained_models/GPT2_M/e2e
        - lora_dim : 4
        - lora_alpha : 32
        - obj : clm
        - lora_dropout : 0.1
        - label_smooth : 0.1
        - roll_interval : -1
        - roll_lr : 1e-05
        - roll_step : 100
        - eval_epoch : 1
        - dist : <module 'torch.distributed' from '/home/ycyh/miniconda3/envs/LoRA/lib/python3.11/site-packages/torch/distributed/__init__.py'>
====================================================================================================
Experiment dir : ./trained_models/GPT2_M/e2e
loading model pretrained weight.
set max_step: 26290
start to train the model................ 1
| epoch   1 step      100 |    100 batches | lr 0.0002 | ms/batch 792.40 | loss  3.51 | avg loss  3.63 | ppl 37.83
| epoch   1 step      200 |    200 batches | lr 0.0002 | ms/batch 1392.30 | loss  2.84 | avg loss  2.90 | ppl 18.26
| epoch   1 step      300 |    300 batches | lr 0.0002 | ms/batch 1609.04 | loss  2.81 | avg loss  2.82 | ppl 16.82
| epoch   1 step      400 |    400 batches | lr 0.0002 | ms/batch 1613.23 | loss  2.95 | avg loss  2.80 | ppl 16.47
| epoch   1 step      500 |    500 batches | lr 0.0002 | ms/batch 1614.24 | loss  2.67 | avg loss  2.75 | ppl 15.57
| epoch   1 step      600 |    600 batches | lr 0.0002 | ms/batch 1622.92 | loss  2.65 | avg loss  2.71 | ppl 15.03
| epoch   1 step      700 |    700 batches | lr 0.0002 | ms/batch 1621.36 | loss  2.77 | avg loss  2.69 | ppl 14.73
| epoch   1 step      800 |    800 batches | lr 0.0002 | ms/batch 1617.83 | loss  2.39 | avg loss  2.66 | ppl 14.32
| epoch   1 step      900 |    900 batches | lr 0.0002 | ms/batch 1622.60 | loss  2.44 | avg loss  2.66 | ppl 14.25
| epoch   1 step     1000 |   1000 batches | lr 0.0002 | ms/batch 1621.90 | loss  3.18 | avg loss  2.68 | ppl 14.59
saving checkpoint ./trained_models/GPT2_M/e2e/model.1000.pt
/home/ycyh/miniconda3/envs/LoRA/lib/python3.11/site-packages/torch/distributed/distributed_c10d.py:4631: UserWarning: No device id is provided via `init_process_group` or `barrier `. Using the current device set by the user. 
  warnings.warn(  # warn only once
| epoch   1 step     1100 |   1100 batches | lr 0.0002 | ms/batch 1620.39 | loss  2.74 | avg loss  2.68 | ppl 14.62
| epoch   1 step     1200 |   1200 batches | lr 0.0002 | ms/batch 1622.33 | loss  2.50 | avg loss  2.68 | ppl 14.55
| epoch   1 step     1300 |   1300 batches | lr 0.0002 | ms/batch 1621.74 | loss  2.56 | avg loss  2.65 | ppl 14.10
| epoch   1 step     1400 |   1400 batches | lr 0.0002 | ms/batch 1621.76 | loss  2.61 | avg loss  2.65 | ppl 14.13
| epoch   1 step     1500 |   1500 batches | lr 0.0002 | ms/batch 1621.59 | loss  2.59 | avg loss  2.66 | ppl 14.33
| epoch   1 step     1600 |   1600 batches | lr 0.0002 | ms/batch 1622.07 | loss  2.67 | avg loss  2.61 | ppl 13.66
| epoch   1 step     1700 |   1700 batches | lr 0.0002 | ms/batch 1622.32 | loss  2.52 | avg loss  2.63 | ppl 13.85
| epoch   1 step     1800 |   1800 batches | lr 0.0002 | ms/batch 1619.05 | loss  2.56 | avg loss  2.62 | ppl 13.79
| epoch   1 step     1900 |   1900 batches | lr 0.0002 | ms/batch 1621.10 | loss  2.67 | avg loss  2.63 | ppl 13.83
| epoch   1 step     2000 |   2000 batches | lr 0.0002 | ms/batch 1621.06 | loss  2.50 | avg loss  2.61 | ppl 13.61
saving checkpoint ./trained_models/GPT2_M/e2e/model.2000.pt
/home/ycyh/miniconda3/envs/LoRA/lib/python3.11/site-packages/torch/nn/_reduction.py:51: UserWarning: size_average and reduce args will be deprecated, please use reduction='none' instead.
  warnings.warn(warning.format(ret))
eval samples: 0 loss: tensor(1.2312, device='cuda:0')
eval samples: 100 loss: tensor(0.8793, device='cuda:0')
eval samples: 200 loss: tensor(1.3232, device='cuda:0')
eval samples: 300 loss: tensor(1.1591, device='cuda:0')
eval samples: 400 loss: tensor(0.9178, device='cuda:0')
eval samples: 500 loss: tensor(0.6527, device='cuda:0')
eval samples: 600 loss: tensor(1.2828, device='cuda:0')
eval samples: 700 loss: tensor(0.7785, device='cuda:0')
eval samples: 800 loss: tensor(1.1726, device='cuda:0')
eval samples: 900 loss: tensor(1.7595, device='cuda:0')
eval samples: 1000 loss: tensor(1.0893, device='cuda:0')
eval samples: 1100 loss: tensor(1.4705, device='cuda:0')
average loss 1.2584338149897856
----------------------------------------------------------------------------------------------------
| Eval   1 at step     2000 | time: 427.79s | valid loss  1.26 | valid ppl  3.52 | best ppl  3.52 
----------------------------------------------------------------------------------------------------
| epoch   1 step     2100 |   2100 batches | lr 0.0002 | ms/batch 5833.25 | loss  2.64 | avg loss  2.61 | ppl 13.60
| epoch   1 step     2200 |   2200 batches | lr 0.0002 | ms/batch 1599.90 | loss  2.92 | avg loss  2.60 | ppl 13.53
| epoch   1 step     2300 |   2300 batches | lr 0.0002 | ms/batch 1623.62 | loss  2.63 | avg loss  2.60 | ppl 13.46
| epoch   1 step     2400 |   2400 batches | lr 0.0002 | ms/batch 1621.88 | loss  2.39 | avg loss  2.60 | ppl 13.51
| epoch   1 step     2500 |   2500 batches | lr 0.0002 | ms/batch 1623.43 | loss  2.83 | avg loss  2.62 | ppl 13.73
| epoch   1 step     2600 |   2600 batches | lr 0.0002 | ms/batch 1623.17 | loss  2.75 | avg loss  2.61 | ppl 13.56
| epoch   1 step     2700 |   2700 batches | lr 0.0002 | ms/batch 1622.81 | loss  2.65 | avg loss  2.59 | ppl 13.30
| epoch   1 step     2800 |   2800 batches | lr 0.0002 | ms/batch 1622.82 | loss  2.29 | avg loss  2.63 | ppl 13.87
| epoch   1 step     2900 |   2900 batches | lr 0.0002 | ms/batch 1622.67 | loss  2.74 | avg loss  2.61 | ppl 13.63
| epoch   1 step     3000 |   3000 batches | lr 0.0002 | ms/batch 1621.56 | loss  2.64 | avg loss  2.58 | ppl 13.14
saving checkpoint ./trained_models/GPT2_M/e2e/model.3000.pt
| epoch   1 step     3100 |   3100 batches | lr 0.0002 | ms/batch 1621.20 | loss  2.85 | avg loss  2.58 | ppl 13.18
| epoch   1 step     3200 |   3200 batches | lr 0.0002 | ms/batch 1618.60 | loss  2.66 | avg loss  2.62 | ppl 13.74
| epoch   1 step     3300 |   3300 batches | lr 0.0002 | ms/batch 1618.63 | loss  2.96 | avg loss  2.57 | ppl 13.06
| epoch   1 step     3400 |   3400 batches | lr 0.0002 | ms/batch 1619.39 | loss  2.55 | avg loss  2.57 | ppl 13.06
| epoch   1 step     3500 |   3500 batches | lr 0.0002 | ms/batch 1622.30 | loss  2.32 | avg loss  2.61 | ppl 13.54
| epoch   1 step     3600 |   3600 batches | lr 0.0002 | ms/batch 1620.31 | loss  2.50 | avg loss  2.61 | ppl 13.57
| epoch   1 step     3700 |   3700 batches | lr 0.0002 | ms/batch 1619.66 | loss  2.55 | avg loss  2.58 | ppl 13.16
| epoch   1 step     3800 |   3800 batches | lr 0.0002 | ms/batch 1613.78 | loss  2.59 | avg loss  2.53 | ppl 12.59
| epoch   1 step     3900 |   3900 batches | lr 0.0002 | ms/batch 1613.39 | loss  2.25 | avg loss  2.61 | ppl 13.59
| epoch   1 step     4000 |   4000 batches | lr 0.0002 | ms/batch 1614.26 | loss  2.62 | avg loss  2.61 | ppl 13.59
saving checkpoint ./trained_models/GPT2_M/e2e/model.4000.pt
eval samples: 0 loss: tensor(1.2293, device='cuda:0')
eval samples: 100 loss: tensor(0.8921, device='cuda:0')
eval samples: 200 loss: tensor(1.3416, device='cuda:0')
eval samples: 300 loss: tensor(1.1368, device='cuda:0')
eval samples: 400 loss: tensor(0.9390, device='cuda:0')
eval samples: 500 loss: tensor(0.5693, device='cuda:0')
eval samples: 600 loss: tensor(1.2273, device='cuda:0')
eval samples: 700 loss: tensor(0.7083, device='cuda:0')
eval samples: 800 loss: tensor(1.1414, device='cuda:0')
eval samples: 900 loss: tensor(1.7590, device='cuda:0')
eval samples: 1000 loss: tensor(0.9283, device='cuda:0')
eval samples: 1100 loss: tensor(1.4778, device='cuda:0')
average loss 1.2338749636219788
----------------------------------------------------------------------------------------------------
| Eval   2 at step     4000 | time: 429.69s | valid loss  1.23 | valid ppl  3.43 | best ppl  3.43 
----------------------------------------------------------------------------------------------------
| epoch   1 step     4100 |   4100 batches | lr 0.0002 | ms/batch 5850.97 | loss  2.70 | avg loss  2.56 | ppl 12.94
| epoch   1 step     4200 |   4200 batches | lr 0.0002 | ms/batch 1594.18 | loss  2.64 | avg loss  2.57 | ppl 13.08
| epoch   1 step     4300 |   4300 batches | lr 0.0002 | ms/batch 1619.02 | loss  2.37 | avg loss  2.53 | ppl 12.53
| epoch   1 step     4400 |   4400 batches | lr 0.0002 | ms/batch 1612.12 | loss  2.60 | avg loss  2.56 | ppl 12.92
| epoch   1 step     4500 |   4500 batches | lr 0.0002 | ms/batch 1615.98 | loss  2.72 | avg loss  2.59 | ppl 13.26
| epoch   1 step     4600 |   4600 batches | lr 0.0002 | ms/batch 1622.89 | loss  2.58 | avg loss  2.59 | ppl 13.31
| epoch   1 step     4700 |   4700 batches | lr 0.0002 | ms/batch 1623.20 | loss  2.38 | avg loss  2.58 | ppl 13.24
| epoch   1 step     4800 |   4800 batches | lr 0.0002 | ms/batch 1622.28 | loss  2.73 | avg loss  2.55 | ppl 12.80
| epoch   1 step     4900 |   4900 batches | lr 0.0002 | ms/batch 1622.27 | loss  2.59 | avg loss  2.56 | ppl 12.95
| epoch   1 step     5000 |   5000 batches | lr 0.0002 | ms/batch 1618.89 | loss  2.31 | avg loss  2.54 | ppl 12.65
saving checkpoint ./trained_models/GPT2_M/e2e/model.5000.pt
| epoch   1 step     5100 |   5100 batches | lr 0.0002 | ms/batch 1612.74 | loss  2.68 | avg loss  2.57 | ppl 13.10
| epoch   1 step     5200 |   5200 batches | lr 0.0002 | ms/batch 1616.30 | loss  2.74 | avg loss  2.57 | ppl 13.02
saving checkpoint ./trained_models/GPT2_M/e2e/model.5258.pt
start to train the model................ 2
| epoch   2 step     5300 |     42 batches | lr 0.0002 | ms/batch 676.71 | loss  2.42 | avg loss  2.50 | ppl 12.22
| epoch   2 step     5400 |    142 batches | lr 0.0002 | ms/batch 1581.48 | loss  2.50 | avg loss  2.56 | ppl 12.90
| epoch   2 step     5500 |    242 batches | lr 0.0002 | ms/batch 1615.10 | loss  2.56 | avg loss  2.54 | ppl 12.69
| epoch   2 step     5600 |    342 batches | lr 0.0002 | ms/batch 1616.48 | loss  2.21 | avg loss  2.56 | ppl 12.98
| epoch   2 step     5700 |    442 batches | lr 0.0002 | ms/batch 1614.49 | loss  2.48 | avg loss  2.55 | ppl 12.85
| epoch   2 step     5800 |    542 batches | lr 0.0002 | ms/batch 1615.39 | loss  2.51 | avg loss  2.53 | ppl 12.51
| epoch   2 step     5900 |    642 batches | lr 0.0002 | ms/batch 1615.80 | loss  2.69 | avg loss  2.56 | ppl 12.90
| epoch   2 step     6000 |    742 batches | lr 0.0002 | ms/batch 1615.40 | loss  2.28 | avg loss  2.52 | ppl 12.45
saving checkpoint ./trained_models/GPT2_M/e2e/model.6000.pt
eval samples: 0 loss: tensor(1.2023, device='cuda:0')
eval samples: 100 loss: tensor(0.9182, device='cuda:0')
eval samples: 200 loss: tensor(1.2890, device='cuda:0')
eval samples: 300 loss: tensor(1.1628, device='cuda:0')
eval samples: 400 loss: tensor(0.9425, device='cuda:0')
eval samples: 500 loss: tensor(0.5839, device='cuda:0')
eval samples: 600 loss: tensor(1.2868, device='cuda:0')
eval samples: 700 loss: tensor(0.7267, device='cuda:0')
eval samples: 800 loss: tensor(1.1901, device='cuda:0')
eval samples: 900 loss: tensor(1.7550, device='cuda:0')
eval samples: 1000 loss: tensor(0.9504, device='cuda:0')
eval samples: 1100 loss: tensor(1.4727, device='cuda:0')
average loss 1.2181683987481138
----------------------------------------------------------------------------------------------------
| Eval   3 at step     6000 | time: 428.90s | valid loss  1.22 | valid ppl  3.38 | best ppl  3.38 
----------------------------------------------------------------------------------------------------
| epoch   2 step     6100 |    842 batches | lr 0.0002 | ms/batch 5841.74 | loss  2.31 | avg loss  2.54 | ppl 12.69
| epoch   2 step     6200 |    942 batches | lr 0.0002 | ms/batch 1593.10 | loss  2.43 | avg loss  2.55 | ppl 12.76
| epoch   2 step     6300 |   1042 batches | lr 0.0002 | ms/batch 1616.96 | loss  2.72 | avg loss  2.55 | ppl 12.79
| epoch   2 step     6400 |   1142 batches | lr 0.0002 | ms/batch 1623.65 | loss  2.38 | avg loss  2.54 | ppl 12.70
| epoch   2 step     6500 |   1242 batches | lr 0.0002 | ms/batch 1622.93 | loss  2.41 | avg loss  2.56 | ppl 12.96
| epoch   2 step     6600 |   1342 batches | lr 0.0002 | ms/batch 1623.51 | loss  2.79 | avg loss  2.54 | ppl 12.68
| epoch   2 step     6700 |   1442 batches | lr 0.0002 | ms/batch 1623.89 | loss  2.51 | avg loss  2.54 | ppl 12.73
| epoch   2 step     6800 |   1542 batches | lr 0.0002 | ms/batch 1621.11 | loss  2.48 | avg loss  2.56 | ppl 12.91
| epoch   2 step     6900 |   1642 batches | lr 0.0002 | ms/batch 1618.28 | loss  2.51 | avg loss  2.50 | ppl 12.17
| epoch   2 step     7000 |   1742 batches | lr 0.0002 | ms/batch 1618.60 | loss  2.71 | avg loss  2.56 | ppl 12.88
saving checkpoint ./trained_models/GPT2_M/e2e/model.7000.pt
| epoch   2 step     7100 |   1842 batches | lr 0.0002 | ms/batch 1624.16 | loss  2.70 | avg loss  2.54 | ppl 12.66
| epoch   2 step     7200 |   1942 batches | lr 0.0002 | ms/batch 1617.55 | loss  2.60 | avg loss  2.54 | ppl 12.69
| epoch   2 step     7300 |   2042 batches | lr 0.0002 | ms/batch 1617.93 | loss  2.41 | avg loss  2.52 | ppl 12.38
| epoch   2 step     7400 |   2142 batches | lr 0.0002 | ms/batch 1617.09 | loss  2.88 | avg loss  2.51 | ppl 12.34
| epoch   2 step     7500 |   2242 batches | lr 0.0002 | ms/batch 1617.58 | loss  2.67 | avg loss  2.57 | ppl 13.01
| epoch   2 step     7600 |   2342 batches | lr 0.0002 | ms/batch 1617.76 | loss  2.31 | avg loss  2.52 | ppl 12.46
| epoch   2 step     7700 |   2442 batches | lr 0.0002 | ms/batch 1617.89 | loss  2.69 | avg loss  2.52 | ppl 12.47
| epoch   2 step     7800 |   2542 batches | lr 0.0002 | ms/batch 1618.56 | loss  2.59 | avg loss  2.51 | ppl 12.32
| epoch   2 step     7900 |   2642 batches | lr 0.0002 | ms/batch 1617.46 | loss  2.88 | avg loss  2.55 | ppl 12.85
| epoch   2 step     8000 |   2742 batches | lr 0.0002 | ms/batch 1619.05 | loss  2.60 | avg loss  2.56 | ppl 12.98
saving checkpoint ./trained_models/GPT2_M/e2e/model.8000.pt
eval samples: 0 loss: tensor(1.1540, device='cuda:0')
eval samples: 100 loss: tensor(0.8856, device='cuda:0')
eval samples: 200 loss: tensor(1.3044, device='cuda:0')
eval samples: 300 loss: tensor(1.0893, device='cuda:0')
eval samples: 400 loss: tensor(0.9329, device='cuda:0')
eval samples: 500 loss: tensor(0.5952, device='cuda:0')
eval samples: 600 loss: tensor(1.2146, device='cuda:0')
eval samples: 700 loss: tensor(0.6871, device='cuda:0')
eval samples: 800 loss: tensor(1.1301, device='cuda:0')
eval samples: 900 loss: tensor(1.7016, device='cuda:0')
eval samples: 1000 loss: tensor(0.9442, device='cuda:0')
eval samples: 1100 loss: tensor(1.4096, device='cuda:0')
average loss 1.1919613178717354
----------------------------------------------------------------------------------------------------
| Eval   4 at step     8000 | time: 429.43s | valid loss  1.19 | valid ppl  3.29 | best ppl  3.29 
----------------------------------------------------------------------------------------------------
| epoch   2 step     8100 |   2842 batches | lr 0.0002 | ms/batch 5849.98 | loss  2.40 | avg loss  2.53 | ppl 12.51
| epoch   2 step     8200 |   2942 batches | lr 0.0002 | ms/batch 1590.39 | loss  2.60 | avg loss  2.58 | ppl 13.16
| epoch   2 step     8300 |   3042 batches | lr 0.0002 | ms/batch 1620.99 | loss  2.46 | avg loss  2.55 | ppl 12.76
| epoch   2 step     8400 |   3142 batches | lr 0.0002 | ms/batch 1621.96 | loss  2.58 | avg loss  2.53 | ppl 12.61
| epoch   2 step     8500 |   3242 batches | lr 0.0002 | ms/batch 1622.47 | loss  2.50 | avg loss  2.54 | ppl 12.70
| epoch   2 step     8600 |   3342 batches | lr 0.0002 | ms/batch 1621.88 | loss  2.47 | avg loss  2.52 | ppl 12.45
| epoch   2 step     8700 |   3442 batches | lr 0.0002 | ms/batch 1621.82 | loss  2.86 | avg loss  2.53 | ppl 12.56
| epoch   2 step     8800 |   3542 batches | lr 0.0002 | ms/batch 1621.20 | loss  2.42 | avg loss  2.52 | ppl 12.47
| epoch   2 step     8900 |   3642 batches | lr 0.0002 | ms/batch 1620.10 | loss  2.67 | avg loss  2.55 | ppl 12.81
| epoch   2 step     9000 |   3742 batches | lr 0.0002 | ms/batch 1619.99 | loss  2.54 | avg loss  2.54 | ppl 12.66
saving checkpoint ./trained_models/GPT2_M/e2e/model.9000.pt
| epoch   2 step     9100 |   3842 batches | lr 0.0002 | ms/batch 1621.51 | loss  2.52 | avg loss  2.54 | ppl 12.64
| epoch   2 step     9200 |   3942 batches | lr 0.0002 | ms/batch 1621.18 | loss  2.66 | avg loss  2.54 | ppl 12.63
| epoch   2 step     9300 |   4042 batches | lr 0.0002 | ms/batch 1621.79 | loss  2.53 | avg loss  2.55 | ppl 12.78
| epoch   2 step     9400 |   4142 batches | lr 0.0002 | ms/batch 1622.21 | loss  2.53 | avg loss  2.54 | ppl 12.63
| epoch   2 step     9500 |   4242 batches | lr 0.0002 | ms/batch 1621.61 | loss  2.57 | avg loss  2.53 | ppl 12.59
| epoch   2 step     9600 |   4342 batches | lr 0.0002 | ms/batch 1621.66 | loss  2.90 | avg loss  2.54 | ppl 12.70
| epoch   2 step     9700 |   4442 batches | lr 0.0002 | ms/batch 1621.52 | loss  2.30 | avg loss  2.53 | ppl 12.52
| epoch   2 step     9800 |   4542 batches | lr 0.0002 | ms/batch 1621.98 | loss  2.54 | avg loss  2.53 | ppl 12.54
| epoch   2 step     9900 |   4642 batches | lr 0.0002 | ms/batch 1621.88 | loss  2.19 | avg loss  2.51 | ppl 12.33
| epoch   2 step    10000 |   4742 batches | lr 0.0002 | ms/batch 1621.92 | loss  2.59 | avg loss  2.55 | ppl 12.80
saving checkpoint ./trained_models/GPT2_M/e2e/model.10000.pt
eval samples: 0 loss: tensor(1.1907, device='cuda:0')
eval samples: 100 loss: tensor(0.9002, device='cuda:0')
eval samples: 200 loss: tensor(1.3086, device='cuda:0')
eval samples: 300 loss: tensor(1.1234, device='cuda:0')
eval samples: 400 loss: tensor(0.9075, device='cuda:0')
eval samples: 500 loss: tensor(0.5976, device='cuda:0')
eval samples: 600 loss: tensor(1.2412, device='cuda:0')
eval samples: 700 loss: tensor(0.6778, device='cuda:0')
eval samples: 800 loss: tensor(1.2194, device='cuda:0')
eval samples: 900 loss: tensor(1.6990, device='cuda:0')
eval samples: 1000 loss: tensor(0.9736, device='cuda:0')
eval samples: 1100 loss: tensor(1.5252, device='cuda:0')
average loss 1.2101729940623045
----------------------------------------------------------------------------------------------------
| Eval   5 at step    10000 | time: 430.55s | valid loss  1.21 | valid ppl  3.35 | best ppl  3.29 
----------------------------------------------------------------------------------------------------
| epoch   2 step    10100 |   4842 batches | lr 0.0002 | ms/batch 5858.84 | loss  2.30 | avg loss  2.54 | ppl 12.66
| epoch   2 step    10200 |   4942 batches | lr 0.0002 | ms/batch 1588.69 | loss  2.49 | avg loss  2.54 | ppl 12.65
| epoch   2 step    10300 |   5042 batches | lr 0.0002 | ms/batch 1621.13 | loss  2.83 | avg loss  2.53 | ppl 12.54
| epoch   2 step    10400 |   5142 batches | lr 0.0002 | ms/batch 1621.66 | loss  2.68 | avg loss  2.52 | ppl 12.46
| epoch   2 step    10500 |   5242 batches | lr 0.0002 | ms/batch 1622.96 | loss  2.47 | avg loss  2.50 | ppl 12.23
saving checkpoint ./trained_models/GPT2_M/e2e/model.10516.pt
start to train the model................ 3
| epoch   3 step    10600 |     84 batches | lr 0.0002 | ms/batch 1363.27 | loss  2.19 | avg loss  2.51 | ppl 12.25
| epoch   3 step    10700 |    184 batches | lr 0.0002 | ms/batch 1580.55 | loss  2.58 | avg loss  2.52 | ppl 12.42
| epoch   3 step    10800 |    284 batches | lr 0.0002 | ms/batch 1618.64 | loss  2.70 | avg loss  2.51 | ppl 12.30
| epoch   3 step    10900 |    384 batches | lr 0.0002 | ms/batch 1618.92 | loss  2.78 | avg loss  2.51 | ppl 12.28
| epoch   3 step    11000 |    484 batches | lr 0.0002 | ms/batch 1614.92 | loss  2.62 | avg loss  2.51 | ppl 12.32
saving checkpoint ./trained_models/GPT2_M/e2e/model.11000.pt
| epoch   3 step    11100 |    584 batches | lr 0.0002 | ms/batch 1619.94 | loss  2.57 | avg loss  2.56 | ppl 12.99
| epoch   3 step    11200 |    684 batches | lr 0.0002 | ms/batch 1618.88 | loss  2.56 | avg loss  2.52 | ppl 12.37
| epoch   3 step    11300 |    784 batches | lr 0.0002 | ms/batch 1620.68 | loss  2.58 | avg loss  2.53 | ppl 12.61
| epoch   3 step    11400 |    884 batches | lr 0.0002 | ms/batch 1620.14 | loss  2.48 | avg loss  2.52 | ppl 12.44
| epoch   3 step    11500 |    984 batches | lr 0.0002 | ms/batch 1610.11 | loss  2.25 | avg loss  2.53 | ppl 12.55
| epoch   3 step    11600 |   1084 batches | lr 0.0002 | ms/batch 1613.48 | loss  2.17 | avg loss  2.48 | ppl 12.00
| epoch   3 step    11700 |   1184 batches | lr 0.0002 | ms/batch 1623.98 | loss  2.38 | avg loss  2.51 | ppl 12.27
| epoch   3 step    11800 |   1284 batches | lr 0.0002 | ms/batch 1616.87 | loss  2.54 | avg loss  2.49 | ppl 12.07
| epoch   3 step    11900 |   1384 batches | lr 0.0002 | ms/batch 1613.03 | loss  2.43 | avg loss  2.50 | ppl 12.15
| epoch   3 step    12000 |   1484 batches | lr 0.0002 | ms/batch 1614.38 | loss  2.57 | avg loss  2.52 | ppl 12.38
saving checkpoint ./trained_models/GPT2_M/e2e/model.12000.pt
eval samples: 0 loss: tensor(1.1643, device='cuda:0')
eval samples: 100 loss: tensor(0.8670, device='cuda:0')
eval samples: 200 loss: tensor(1.2938, device='cuda:0')
eval samples: 300 loss: tensor(1.1180, device='cuda:0')
eval samples: 400 loss: tensor(0.9784, device='cuda:0')
eval samples: 500 loss: tensor(0.5902, device='cuda:0')
eval samples: 600 loss: tensor(1.2383, device='cuda:0')
eval samples: 700 loss: tensor(0.6711, device='cuda:0')
eval samples: 800 loss: tensor(1.1870, device='cuda:0')
eval samples: 900 loss: tensor(1.7311, device='cuda:0')
eval samples: 1000 loss: tensor(0.9978, device='cuda:0')
eval samples: 1100 loss: tensor(1.5220, device='cuda:0')
average loss 1.1921773539881593
----------------------------------------------------------------------------------------------------
| Eval   6 at step    12000 | time: 430.62s | valid loss  1.19 | valid ppl  3.29 | best ppl  3.29 
----------------------------------------------------------------------------------------------------
| epoch   3 step    12100 |   1584 batches | lr 0.0002 | ms/batch 5861.05 | loss  2.48 | avg loss  2.53 | ppl 12.50
| epoch   3 step    12200 |   1684 batches | lr 0.0002 | ms/batch 1586.48 | loss  2.46 | avg loss  2.54 | ppl 12.64
| epoch   3 step    12300 |   1784 batches | lr 0.0002 | ms/batch 1622.85 | loss  2.44 | avg loss  2.52 | ppl 12.48
| epoch   3 step    12400 |   1884 batches | lr 0.0002 | ms/batch 1618.39 | loss  2.60 | avg loss  2.50 | ppl 12.14
| epoch   3 step    12500 |   1984 batches | lr 0.0002 | ms/batch 1613.45 | loss  2.77 | avg loss  2.52 | ppl 12.40
| epoch   3 step    12600 |   2084 batches | lr 0.0002 | ms/batch 1620.33 | loss  2.80 | avg loss  2.46 | ppl 11.75
| epoch   3 step    12700 |   2184 batches | lr 0.0002 | ms/batch 1623.13 | loss  2.37 | avg loss  2.52 | ppl 12.40
| epoch   3 step    12800 |   2284 batches | lr 0.0002 | ms/batch 1623.53 | loss  2.59 | avg loss  2.52 | ppl 12.44
| epoch   3 step    12900 |   2384 batches | lr 0.0002 | ms/batch 1620.54 | loss  2.44 | avg loss  2.52 | ppl 12.43
| epoch   3 step    13000 |   2484 batches | lr 0.0002 | ms/batch 1622.18 | loss  2.98 | avg loss  2.53 | ppl 12.60
saving checkpoint ./trained_models/GPT2_M/e2e/model.13000.pt
| epoch   3 step    13100 |   2584 batches | lr 0.0002 | ms/batch 1623.83 | loss  2.34 | avg loss  2.49 | ppl 12.10
| epoch   3 step    13200 |   2684 batches | lr 0.0002 | ms/batch 1620.40 | loss  2.47 | avg loss  2.55 | ppl 12.77
| epoch   3 step    13300 |   2784 batches | lr 0.0002 | ms/batch 1619.31 | loss  2.46 | avg loss  2.50 | ppl 12.15
| epoch   3 step    13400 |   2884 batches | lr 0.0002 | ms/batch 1620.48 | loss  2.64 | avg loss  2.50 | ppl 12.12
| epoch   3 step    13500 |   2984 batches | lr 0.0002 | ms/batch 1619.08 | loss  2.90 | avg loss  2.53 | ppl 12.61
| epoch   3 step    13600 |   3084 batches | lr 0.0002 | ms/batch 1618.20 | loss  2.28 | avg loss  2.52 | ppl 12.49
| epoch   3 step    13700 |   3184 batches | lr 0.0002 | ms/batch 1619.12 | loss  2.67 | avg loss  2.55 | ppl 12.85
| epoch   3 step    13800 |   3284 batches | lr 0.0002 | ms/batch 1618.83 | loss  2.29 | avg loss  2.50 | ppl 12.13
| epoch   3 step    13900 |   3384 batches | lr 0.0002 | ms/batch 1619.71 | loss  2.94 | avg loss  2.54 | ppl 12.70
| epoch   3 step    14000 |   3484 batches | lr 0.0002 | ms/batch 1619.66 | loss  2.61 | avg loss  2.54 | ppl 12.69
saving checkpoint ./trained_models/GPT2_M/e2e/model.14000.pt
eval samples: 0 loss: tensor(1.0830, device='cuda:0')
eval samples: 100 loss: tensor(0.8612, device='cuda:0')
eval samples: 200 loss: tensor(1.3760, device='cuda:0')
eval samples: 300 loss: tensor(1.0713, device='cuda:0')
eval samples: 400 loss: tensor(0.9223, device='cuda:0')
eval samples: 500 loss: tensor(0.5332, device='cuda:0')
eval samples: 600 loss: tensor(1.2403, device='cuda:0')
eval samples: 700 loss: tensor(0.6958, device='cuda:0')
eval samples: 800 loss: tensor(1.1300, device='cuda:0')
eval samples: 900 loss: tensor(1.7442, device='cuda:0')
eval samples: 1000 loss: tensor(1.0128, device='cuda:0')
eval samples: 1100 loss: tensor(1.4548, device='cuda:0')
average loss 1.184137847095932
----------------------------------------------------------------------------------------------------
| Eval   7 at step    14000 | time: 428.44s | valid loss  1.18 | valid ppl  3.27 | best ppl  3.27 
----------------------------------------------------------------------------------------------------
| epoch   3 step    14100 |   3584 batches | lr 0.0002 | ms/batch 5846.87 | loss  2.56 | avg loss  2.47 | ppl 11.85
| epoch   3 step    14200 |   3684 batches | lr 0.0002 | ms/batch 1596.08 | loss  2.50 | avg loss  2.50 | ppl 12.13
| epoch   3 step    14300 |   3784 batches | lr 0.0002 | ms/batch 1625.35 | loss  2.75 | avg loss  2.50 | ppl 12.21
| epoch   3 step    14400 |   3884 batches | lr 0.0002 | ms/batch 1612.85 | loss  2.27 | avg loss  2.51 | ppl 12.32
| epoch   3 step    14500 |   3984 batches | lr 0.0002 | ms/batch 1618.25 | loss  2.37 | avg loss  2.52 | ppl 12.49
| epoch   3 step    14600 |   4084 batches | lr 0.0002 | ms/batch 1621.20 | loss  2.48 | avg loss  2.53 | ppl 12.53
| epoch   3 step    14700 |   4184 batches | lr 0.0002 | ms/batch 1621.22 | loss  2.47 | avg loss  2.50 | ppl 12.12
| epoch   3 step    14800 |   4284 batches | lr 0.0002 | ms/batch 1621.92 | loss  2.50 | avg loss  2.54 | ppl 12.63
| epoch   3 step    14900 |   4384 batches | lr 0.0002 | ms/batch 1622.04 | loss  2.46 | avg loss  2.51 | ppl 12.28
| epoch   3 step    15000 |   4484 batches | lr 0.0002 | ms/batch 1621.10 | loss  2.84 | avg loss  2.54 | ppl 12.70
saving checkpoint ./trained_models/GPT2_M/e2e/model.15000.pt
| epoch   3 step    15100 |   4584 batches | lr 0.0002 | ms/batch 1622.76 | loss  2.35 | avg loss  2.51 | ppl 12.30
| epoch   3 step    15200 |   4684 batches | lr 0.0002 | ms/batch 1622.19 | loss  2.52 | avg loss  2.50 | ppl 12.22
| epoch   3 step    15300 |   4784 batches | lr 0.0002 | ms/batch 1622.13 | loss  2.49 | avg loss  2.54 | ppl 12.74
| epoch   3 step    15400 |   4884 batches | lr 0.0002 | ms/batch 1622.43 | loss  2.39 | avg loss  2.52 | ppl 12.45
| epoch   3 step    15500 |   4984 batches | lr 0.0002 | ms/batch 1620.70 | loss  2.44 | avg loss  2.52 | ppl 12.41
| epoch   3 step    15600 |   5084 batches | lr 0.0002 | ms/batch 1622.62 | loss  2.61 | avg loss  2.50 | ppl 12.23
| epoch   3 step    15700 |   5184 batches | lr 0.0002 | ms/batch 1622.09 | loss  2.48 | avg loss  2.49 | ppl 12.02
saving checkpoint ./trained_models/GPT2_M/e2e/model.15774.pt
start to train the model................ 4
| epoch   4 step    15800 |     26 batches | lr 0.0002 | ms/batch 422.35 | loss  2.36 | avg loss  2.48 | ppl 11.96
| epoch   4 step    15900 |    126 batches | lr 0.0002 | ms/batch 1621.18 | loss  2.38 | avg loss  2.49 | ppl 12.10
| epoch   4 step    16000 |    226 batches | lr 0.0002 | ms/batch 1587.04 | loss  2.48 | avg loss  2.51 | ppl 12.35
saving checkpoint ./trained_models/GPT2_M/e2e/model.16000.pt
eval samples: 0 loss: tensor(1.1717, device='cuda:0')
eval samples: 100 loss: tensor(0.8798, device='cuda:0')
eval samples: 200 loss: tensor(1.2998, device='cuda:0')
eval samples: 300 loss: tensor(1.1372, device='cuda:0')
eval samples: 400 loss: tensor(0.8881, device='cuda:0')
eval samples: 500 loss: tensor(0.5526, device='cuda:0')
eval samples: 600 loss: tensor(1.1952, device='cuda:0')
eval samples: 700 loss: tensor(0.6323, device='cuda:0')
eval samples: 800 loss: tensor(1.2482, device='cuda:0')
eval samples: 900 loss: tensor(1.7067, device='cuda:0')
eval samples: 1000 loss: tensor(0.9286, device='cuda:0')
eval samples: 1100 loss: tensor(1.4504, device='cuda:0')
average loss 1.1830485040347463
----------------------------------------------------------------------------------------------------
| Eval   8 at step    16000 | time: 431.00s | valid loss  1.18 | valid ppl  3.26 | best ppl  3.26 
----------------------------------------------------------------------------------------------------
| epoch   4 step    16100 |    326 batches | lr 0.0002 | ms/batch 5866.17 | loss  2.71 | avg loss  2.49 | ppl 12.00
| epoch   4 step    16200 |    426 batches | lr 0.0002 | ms/batch 1582.53 | loss  2.46 | avg loss  2.49 | ppl 12.10
| epoch   4 step    16300 |    526 batches | lr 0.0002 | ms/batch 1621.50 | loss  2.80 | avg loss  2.48 | ppl 11.98
| epoch   4 step    16400 |    626 batches | lr 0.0002 | ms/batch 1620.21 | loss  2.99 | avg loss  2.50 | ppl 12.14
| epoch   4 step    16500 |    726 batches | lr 0.0002 | ms/batch 1620.94 | loss  2.66 | avg loss  2.52 | ppl 12.47
| epoch   4 step    16600 |    826 batches | lr 0.0002 | ms/batch 1620.60 | loss  2.67 | avg loss  2.49 | ppl 12.08
| epoch   4 step    16700 |    926 batches | lr 0.0002 | ms/batch 1620.90 | loss  2.64 | avg loss  2.51 | ppl 12.25
| epoch   4 step    16800 |   1026 batches | lr 0.0002 | ms/batch 1618.62 | loss  2.64 | avg loss  2.51 | ppl 12.26
| epoch   4 step    16900 |   1126 batches | lr 0.0002 | ms/batch 1619.56 | loss  2.21 | avg loss  2.48 | ppl 11.90
| epoch   4 step    17000 |   1226 batches | lr 0.0002 | ms/batch 1621.18 | loss  2.35 | avg loss  2.48 | ppl 11.90
saving checkpoint ./trained_models/GPT2_M/e2e/model.17000.pt
| epoch   4 step    17100 |   1326 batches | lr 0.0002 | ms/batch 1622.31 | loss  2.65 | avg loss  2.53 | ppl 12.54
| epoch   4 step    17200 |   1426 batches | lr 0.0002 | ms/batch 1622.24 | loss  2.42 | avg loss  2.47 | ppl 11.88
| epoch   4 step    17300 |   1526 batches | lr 0.0002 | ms/batch 1622.48 | loss  2.36 | avg loss  2.51 | ppl 12.28
| epoch   4 step    17400 |   1626 batches | lr 0.0002 | ms/batch 1622.33 | loss  2.31 | avg loss  2.51 | ppl 12.27
| epoch   4 step    17500 |   1726 batches | lr 0.0002 | ms/batch 1622.48 | loss  2.77 | avg loss  2.52 | ppl 12.40
| epoch   4 step    17600 |   1826 batches | lr 0.0002 | ms/batch 1621.95 | loss  2.81 | avg loss  2.52 | ppl 12.43
| epoch   4 step    17700 |   1926 batches | lr 0.0002 | ms/batch 1622.88 | loss  2.43 | avg loss  2.50 | ppl 12.13
| epoch   4 step    17800 |   2026 batches | lr 0.0002 | ms/batch 1620.96 | loss  2.77 | avg loss  2.53 | ppl 12.59
| epoch   4 step    17900 |   2126 batches | lr 0.0002 | ms/batch 1621.51 | loss  2.51 | avg loss  2.49 | ppl 12.09
| epoch   4 step    18000 |   2226 batches | lr 0.0002 | ms/batch 1624.49 | loss  3.02 | avg loss  2.50 | ppl 12.19
saving checkpoint ./trained_models/GPT2_M/e2e/model.18000.pt
eval samples: 0 loss: tensor(1.1191, device='cuda:0')
eval samples: 100 loss: tensor(0.8991, device='cuda:0')
eval samples: 200 loss: tensor(1.3442, device='cuda:0')
eval samples: 300 loss: tensor(1.0908, device='cuda:0')
eval samples: 400 loss: tensor(0.9451, device='cuda:0')
eval samples: 500 loss: tensor(0.6244, device='cuda:0')
eval samples: 600 loss: tensor(1.2061, device='cuda:0')
eval samples: 700 loss: tensor(0.6660, device='cuda:0')
eval samples: 800 loss: tensor(1.2248, device='cuda:0')
eval samples: 900 loss: tensor(1.7475, device='cuda:0')
eval samples: 1000 loss: tensor(0.9809, device='cuda:0')
eval samples: 1100 loss: tensor(1.5805, device='cuda:0')
average loss 1.188580664895373
----------------------------------------------------------------------------------------------------
| Eval   9 at step    18000 | time: 433.00s | valid loss  1.19 | valid ppl  3.28 | best ppl  3.26 
----------------------------------------------------------------------------------------------------
| epoch   4 step    18100 |   2326 batches | lr 0.0002 | ms/batch 5889.38 | loss  2.65 | avg loss  2.49 | ppl 12.11
| epoch   4 step    18200 |   2426 batches | lr 0.0002 | ms/batch 1588.33 | loss  2.38 | avg loss  2.50 | ppl 12.22
| epoch   4 step    18300 |   2526 batches | lr 0.0002 | ms/batch 1622.17 | loss  2.41 | avg loss  2.51 | ppl 12.32
| epoch   4 step    18400 |   2626 batches | lr 0.0002 | ms/batch 1622.50 | loss  2.63 | avg loss  2.49 | ppl 12.10
| epoch   4 step    18500 |   2726 batches | lr 0.0002 | ms/batch 1622.28 | loss  2.50 | avg loss  2.48 | ppl 11.97
| epoch   4 step    18600 |   2826 batches | lr 0.0002 | ms/batch 1616.78 | loss  2.31 | avg loss  2.53 | ppl 12.49
| epoch   4 step    18700 |   2926 batches | lr 0.0002 | ms/batch 1617.83 | loss  2.29 | avg loss  2.49 | ppl 12.07
| epoch   4 step    18800 |   3026 batches | lr 0.0002 | ms/batch 1620.83 | loss  2.27 | avg loss  2.52 | ppl 12.41
| epoch   4 step    18900 |   3126 batches | lr 0.0002 | ms/batch 1620.02 | loss  2.48 | avg loss  2.51 | ppl 12.29
| epoch   4 step    19000 |   3226 batches | lr 0.0002 | ms/batch 1620.37 | loss  2.84 | avg loss  2.51 | ppl 12.32
saving checkpoint ./trained_models/GPT2_M/e2e/model.19000.pt
| epoch   4 step    19100 |   3326 batches | lr 0.0002 | ms/batch 1617.28 | loss  2.71 | avg loss  2.49 | ppl 12.08
| epoch   4 step    19200 |   3426 batches | lr 0.0002 | ms/batch 1623.40 | loss  2.62 | avg loss  2.48 | ppl 11.97
| epoch   4 step    19300 |   3526 batches | lr 0.0002 | ms/batch 1622.13 | loss  2.58 | avg loss  2.52 | ppl 12.42
| epoch   4 step    19400 |   3626 batches | lr 0.0002 | ms/batch 1623.32 | loss  2.66 | avg loss  2.50 | ppl 12.18
| epoch   4 step    19500 |   3726 batches | lr 0.0002 | ms/batch 1622.85 | loss  2.25 | avg loss  2.50 | ppl 12.17
| epoch   4 step    19600 |   3826 batches | lr 0.0002 | ms/batch 1619.94 | loss  2.68 | avg loss  2.51 | ppl 12.26
| epoch   4 step    19700 |   3926 batches | lr 0.0002 | ms/batch 1620.19 | loss  2.57 | avg loss  2.50 | ppl 12.19
| epoch   4 step    19800 |   4026 batches | lr 0.0002 | ms/batch 1621.03 | loss  2.49 | avg loss  2.51 | ppl 12.26
| epoch   4 step    19900 |   4126 batches | lr 0.0002 | ms/batch 1617.70 | loss  2.35 | avg loss  2.54 | ppl 12.64
| epoch   4 step    20000 |   4226 batches | lr 0.0002 | ms/batch 1616.52 | loss  2.41 | avg loss  2.50 | ppl 12.21
saving checkpoint ./trained_models/GPT2_M/e2e/model.20000.pt
eval samples: 0 loss: tensor(1.2007, device='cuda:0')
eval samples: 100 loss: tensor(0.9098, device='cuda:0')
eval samples: 200 loss: tensor(1.2827, device='cuda:0')
eval samples: 300 loss: tensor(1.1165, device='cuda:0')
eval samples: 400 loss: tensor(0.9132, device='cuda:0')
eval samples: 500 loss: tensor(0.6404, device='cuda:0')
eval samples: 600 loss: tensor(1.2724, device='cuda:0')
eval samples: 700 loss: tensor(0.7454, device='cuda:0')
eval samples: 800 loss: tensor(1.2130, device='cuda:0')
eval samples: 900 loss: tensor(1.6476, device='cuda:0')
eval samples: 1000 loss: tensor(1.0282, device='cuda:0')
eval samples: 1100 loss: tensor(1.4996, device='cuda:0')
average loss 1.207461371558578
----------------------------------------------------------------------------------------------------
| Eval  10 at step    20000 | time: 430.90s | valid loss  1.21 | valid ppl  3.34 | best ppl  3.26 
----------------------------------------------------------------------------------------------------
| epoch   4 step    20100 |   4326 batches | lr 0.0002 | ms/batch 5862.01 | loss  2.37 | avg loss  2.49 | ppl 12.12
| epoch   4 step    20200 |   4426 batches | lr 0.0002 | ms/batch 1578.83 | loss  2.47 | avg loss  2.51 | ppl 12.31
| epoch   4 step    20300 |   4526 batches | lr 0.0002 | ms/batch 1619.62 | loss  2.57 | avg loss  2.53 | ppl 12.51
| epoch   4 step    20400 |   4626 batches | lr 0.0002 | ms/batch 1620.40 | loss  2.51 | avg loss  2.50 | ppl 12.20
| epoch   4 step    20500 |   4726 batches | lr 0.0002 | ms/batch 1620.57 | loss  2.73 | avg loss  2.49 | ppl 12.06
| epoch   4 step    20600 |   4826 batches | lr 0.0002 | ms/batch 1621.67 | loss  2.67 | avg loss  2.53 | ppl 12.62
| epoch   4 step    20700 |   4926 batches | lr 0.0002 | ms/batch 1624.30 | loss  2.59 | avg loss  2.50 | ppl 12.15
| epoch   4 step    20800 |   5026 batches | lr 0.0002 | ms/batch 1622.22 | loss  2.28 | avg loss  2.52 | ppl 12.47
| epoch   4 step    20900 |   5126 batches | lr 0.0002 | ms/batch 1625.74 | loss  2.47 | avg loss  2.49 | ppl 12.12
| epoch   4 step    21000 |   5226 batches | lr 0.0002 | ms/batch 1624.80 | loss  2.33 | avg loss  2.50 | ppl 12.14
saving checkpoint ./trained_models/GPT2_M/e2e/model.21000.pt
saving checkpoint ./trained_models/GPT2_M/e2e/model.21032.pt
start to train the model................ 5
| epoch   5 step    21100 |     68 batches | lr 0.0002 | ms/batch 1102.63 | loss  2.63 | avg loss  2.51 | ppl 12.33
| epoch   5 step    21200 |    168 batches | lr 0.0002 | ms/batch 1589.27 | loss  2.60 | avg loss  2.45 | ppl 11.60
| epoch   5 step    21300 |    268 batches | lr 0.0002 | ms/batch 1623.94 | loss  2.33 | avg loss  2.51 | ppl 12.27
| epoch   5 step    21400 |    368 batches | lr 0.0002 | ms/batch 1621.35 | loss  2.58 | avg loss  2.49 | ppl 12.10
| epoch   5 step    21500 |    468 batches | lr 0.0002 | ms/batch 1622.50 | loss  2.68 | avg loss  2.51 | ppl 12.28
| epoch   5 step    21600 |    568 batches | lr 0.0002 | ms/batch 1622.88 | loss  2.81 | avg loss  2.46 | ppl 11.74
| epoch   5 step    21700 |    668 batches | lr 0.0002 | ms/batch 1622.74 | loss  2.87 | avg loss  2.50 | ppl 12.19
| epoch   5 step    21800 |    768 batches | lr 0.0002 | ms/batch 1623.76 | loss  2.42 | avg loss  2.52 | ppl 12.42
| epoch   5 step    21900 |    868 batches | lr 0.0002 | ms/batch 1622.98 | loss  2.70 | avg loss  2.50 | ppl 12.15
| epoch   5 step    22000 |    968 batches | lr 0.0002 | ms/batch 1614.50 | loss  2.39 | avg loss  2.45 | ppl 11.54
saving checkpoint ./trained_models/GPT2_M/e2e/model.22000.pt
eval samples: 0 loss: tensor(1.1401, device='cuda:0')
eval samples: 100 loss: tensor(0.9201, device='cuda:0')
eval samples: 200 loss: tensor(1.2742, device='cuda:0')
eval samples: 300 loss: tensor(1.1341, device='cuda:0')
eval samples: 400 loss: tensor(0.8781, device='cuda:0')
eval samples: 500 loss: tensor(0.6043, device='cuda:0')
eval samples: 600 loss: tensor(1.2511, device='cuda:0')
eval samples: 700 loss: tensor(0.6710, device='cuda:0')
eval samples: 800 loss: tensor(1.1960, device='cuda:0')
eval samples: 900 loss: tensor(1.7351, device='cuda:0')
eval samples: 1000 loss: tensor(0.9243, device='cuda:0')
eval samples: 1100 loss: tensor(1.4644, device='cuda:0')
average loss 1.187670753018497
----------------------------------------------------------------------------------------------------
| Eval  11 at step    22000 | time: 430.95s | valid loss  1.19 | valid ppl  3.28 | best ppl  3.28 
----------------------------------------------------------------------------------------------------
| epoch   5 step    22100 |   1068 batches | lr 0.0002 | ms/batch 5860.76 | loss  2.62 | avg loss  2.48 | ppl 11.90
| epoch   5 step    22200 |   1168 batches | lr 0.0002 | ms/batch 1577.88 | loss  2.85 | avg loss  2.50 | ppl 12.21
| epoch   5 step    22300 |   1268 batches | lr 0.0002 | ms/batch 1623.44 | loss  2.34 | avg loss  2.51 | ppl 12.26
| epoch   5 step    22400 |   1368 batches | lr 0.0002 | ms/batch 1623.61 | loss  2.31 | avg loss  2.47 | ppl 11.76
| epoch   5 step    22500 |   1468 batches | lr 0.0002 | ms/batch 1622.77 | loss  2.56 | avg loss  2.50 | ppl 12.15
| epoch   5 step    22600 |   1568 batches | lr 0.0002 | ms/batch 1624.16 | loss  2.72 | avg loss  2.50 | ppl 12.22
| epoch   5 step    22700 |   1668 batches | lr 0.0002 | ms/batch 1613.93 | loss  2.41 | avg loss  2.49 | ppl 12.06
| epoch   5 step    22800 |   1768 batches | lr 0.0002 | ms/batch 1616.35 | loss  2.37 | avg loss  2.50 | ppl 12.20
| epoch   5 step    22900 |   1868 batches | lr 0.0002 | ms/batch 1618.49 | loss  2.83 | avg loss  2.54 | ppl 12.64
| epoch   5 step    23000 |   1968 batches | lr 0.0002 | ms/batch 1623.54 | loss  2.38 | avg loss  2.49 | ppl 12.04
saving checkpoint ./trained_models/GPT2_M/e2e/model.23000.pt
| epoch   5 step    23100 |   2068 batches | lr 0.0002 | ms/batch 1615.73 | loss  2.59 | avg loss  2.52 | ppl 12.48
| epoch   5 step    23200 |   2168 batches | lr 0.0002 | ms/batch 1612.79 | loss  2.65 | avg loss  2.49 | ppl 12.06
| epoch   5 step    23300 |   2268 batches | lr 0.0002 | ms/batch 1620.40 | loss  2.32 | avg loss  2.48 | ppl 11.90
| epoch   5 step    23400 |   2368 batches | lr 0.0002 | ms/batch 1618.77 | loss  2.40 | avg loss  2.50 | ppl 12.21
| epoch   5 step    23500 |   2468 batches | lr 0.0002 | ms/batch 1617.30 | loss  2.32 | avg loss  2.48 | ppl 11.90
| epoch   5 step    23600 |   2568 batches | lr 0.0002 | ms/batch 1625.67 | loss  2.23 | avg loss  2.49 | ppl 12.05
| epoch   5 step    23700 |   2668 batches | lr 0.0002 | ms/batch 1613.45 | loss  2.37 | avg loss  2.46 | ppl 11.75
| epoch   5 step    23800 |   2768 batches | lr 0.0002 | ms/batch 1621.70 | loss  2.58 | avg loss  2.51 | ppl 12.24
| epoch   5 step    23900 |   2868 batches | lr 0.0002 | ms/batch 1616.91 | loss  2.59 | avg loss  2.48 | ppl 11.94
| epoch   5 step    24000 |   2968 batches | lr 0.0002 | ms/batch 1615.96 | loss  2.35 | avg loss  2.50 | ppl 12.20
saving checkpoint ./trained_models/GPT2_M/e2e/model.24000.pt
eval samples: 0 loss: tensor(1.0928, device='cuda:0')
eval samples: 100 loss: tensor(0.8555, device='cuda:0')
eval samples: 200 loss: tensor(1.2404, device='cuda:0')
eval samples: 300 loss: tensor(1.0897, device='cuda:0')
eval samples: 400 loss: tensor(0.8044, device='cuda:0')
eval samples: 500 loss: tensor(0.5775, device='cuda:0')
eval samples: 600 loss: tensor(1.2640, device='cuda:0')
eval samples: 700 loss: tensor(0.6432, device='cuda:0')
eval samples: 800 loss: tensor(1.2340, device='cuda:0')
eval samples: 900 loss: tensor(1.7186, device='cuda:0')
eval samples: 1000 loss: tensor(0.9181, device='cuda:0')
eval samples: 1100 loss: tensor(1.5064, device='cuda:0')
average loss 1.1712610044912115
----------------------------------------------------------------------------------------------------
| Eval  12 at step    24000 | time: 432.23s | valid loss  1.17 | valid ppl  3.23 | best ppl  3.23 
----------------------------------------------------------------------------------------------------
| epoch   5 step    24100 |   3068 batches | lr 0.0002 | ms/batch 5870.54 | loss  2.62 | avg loss  2.52 | ppl 12.46
| epoch   5 step    24200 |   3168 batches | lr 0.0002 | ms/batch 1568.12 | loss  2.65 | avg loss  2.46 | ppl 11.71
| epoch   5 step    24300 |   3268 batches | lr 0.0002 | ms/batch 1615.58 | loss  2.63 | avg loss  2.51 | ppl 12.27
| epoch   5 step    24400 |   3368 batches | lr 0.0002 | ms/batch 1620.49 | loss  2.65 | avg loss  2.49 | ppl 12.08
| epoch   5 step    24500 |   3468 batches | lr 0.0002 | ms/batch 1617.94 | loss  2.35 | avg loss  2.49 | ppl 12.10
| epoch   5 step    24600 |   3568 batches | lr 0.0002 | ms/batch 1613.68 | loss  2.55 | avg loss  2.49 | ppl 12.10
| epoch   5 step    24700 |   3668 batches | lr 0.0002 | ms/batch 1615.46 | loss  2.82 | avg loss  2.53 | ppl 12.57
| epoch   5 step    24800 |   3768 batches | lr 0.0002 | ms/batch 1619.41 | loss  2.84 | avg loss  2.49 | ppl 12.08
| epoch   5 step    24900 |   3868 batches | lr 0.0002 | ms/batch 1615.16 | loss  2.32 | avg loss  2.50 | ppl 12.19
| epoch   5 step    25000 |   3968 batches | lr 0.0002 | ms/batch 1619.47 | loss  2.41 | avg loss  2.50 | ppl 12.20
saving checkpoint ./trained_models/GPT2_M/e2e/model.25000.pt
| epoch   5 step    25100 |   4068 batches | lr 0.0002 | ms/batch 1618.14 | loss  2.67 | avg loss  2.48 | ppl 11.98
| epoch   5 step    25200 |   4168 batches | lr 0.0002 | ms/batch 1614.22 | loss  2.38 | avg loss  2.51 | ppl 12.28
| epoch   5 step    25300 |   4268 batches | lr 0.0002 | ms/batch 1620.12 | loss  2.44 | avg loss  2.48 | ppl 11.95
| epoch   5 step    25400 |   4368 batches | lr 0.0002 | ms/batch 1616.40 | loss  2.70 | avg loss  2.47 | ppl 11.79
| epoch   5 step    25500 |   4468 batches | lr 0.0002 | ms/batch 1615.08 | loss  2.54 | avg loss  2.50 | ppl 12.14
| epoch   5 step    25600 |   4568 batches | lr 0.0002 | ms/batch 1620.67 | loss  2.72 | avg loss  2.50 | ppl 12.23
| epoch   5 step    25700 |   4668 batches | lr 0.0002 | ms/batch 1623.02 | loss  2.79 | avg loss  2.55 | ppl 12.75
| epoch   5 step    25800 |   4768 batches | lr 0.0002 | ms/batch 1622.96 | loss  2.56 | avg loss  2.52 | ppl 12.42
| epoch   5 step    25900 |   4868 batches | lr 0.0002 | ms/batch 1620.83 | loss  2.37 | avg loss  2.50 | ppl 12.12
| epoch   5 step    26000 |   4968 batches | lr 0.0002 | ms/batch 1621.33 | loss  2.47 | avg loss  2.51 | ppl 12.32
saving checkpoint ./trained_models/GPT2_M/e2e/model.26000.pt
eval samples: 0 loss: tensor(1.1275, device='cuda:0')
eval samples: 100 loss: tensor(0.8524, device='cuda:0')
eval samples: 200 loss: tensor(1.3064, device='cuda:0')
eval samples: 300 loss: tensor(1.1058, device='cuda:0')
eval samples: 400 loss: tensor(0.8757, device='cuda:0')
eval samples: 500 loss: tensor(0.5415, device='cuda:0')
eval samples: 600 loss: tensor(1.2008, device='cuda:0')
eval samples: 700 loss: tensor(0.7059, device='cuda:0')
eval samples: 800 loss: tensor(1.1461, device='cuda:0')
eval samples: 900 loss: tensor(1.6539, device='cuda:0')
eval samples: 1000 loss: tensor(0.9107, device='cuda:0')
eval samples: 1100 loss: tensor(1.4838, device='cuda:0')
average loss 1.1669581484508842
----------------------------------------------------------------------------------------------------
| Eval  13 at step    26000 | time: 433.08s | valid loss  1.17 | valid ppl  3.21 | best ppl  3.21 
----------------------------------------------------------------------------------------------------
| epoch   5 step    26100 |   5068 batches | lr 0.0002 | ms/batch 5882.42 | loss  2.49 | avg loss  2.49 | ppl 12.09
| epoch   5 step    26200 |   5168 batches | lr 0.0002 | ms/batch 1566.60 | loss  2.58 | avg loss  2.49 | ppl 12.01
saving checkpoint ./trained_models/GPT2_M/e2e/model.26290.pt
----------------------------------------------------------------------------------------------------
End of training
cleanup dist ...
[rank0]:[W510 15:02:26.184190660 ProcessGroupNCCL.cpp:1479] Warning: WARNING: destroy_process_group() was not called before program exit, which can leak resources. For more info, please see https://pytorch.org/docs/stable/distributed.html#shutdown (function operator())
